----------------------------------------TEACHER----------------------------------------
init_std                                 0.01
embedding_dim                            400
----------------------------------------TEACHER----------------------------------------
----------------------------------------STUDENT----------------------------------------
init_std                                 0.01
embedding_dim                            20
----------------------------------------STUDENT----------------------------------------
----------------------------------------ARGUMENTS----------------------------------------
run_all                                  False
seed                                     0
gpu_id                                   0
no_log                                   False
no_save                                  False
suffix                                   a_only_seed0_es20
verbose                                  False
ablation                                 False
task                                     rec
dataset                                  citeulike
batch_size                               2048
num_ns                                   1
neg_sampling_on_all                      False
T_backbone                               bpr
S_backbone                               bpr
model                                    srcekd
preload                                  False
postsave                                 False
train_teacher                            False
ckpt_interval                            -1
epochs                                   1000
lr                                       0.001
wd                                       1e-05
lmbda                                    500
srce_alpha                               1
srce_s                                   20
srce_eta                                 0
srce_Lu                                  20
eval_period                              1
K_list                                   [10, 20]
early_stop_metric                        NDCG
early_stop_K                             20
early_stop_patience                      30
LOG_DIR                                  logs/
CONFIG_DIR                               configs/
DATA_DIR                                 data/
CKPT_DIR                                 checkpoints/
CRAFT_DIR                                crafts/
mkd_tau                                  1
mkd_K                                    50
mkd_L                                    50
mkd_T                                    10
mkd_mxK                                  200
----------------------------------------ARGUMENTS----------------------------------------
----------------------------------------Teacher----------------------------------------
09/04/2026,18:29:54: ------------------------------
09/04/2026,18:29:54: valid Recall@10: 0.06778 Recall@20: 0.10315 NDCG@10: 0.04052 NDCG@20: 0.05027
09/04/2026,18:29:54: test Recall@10: 0.02747 Recall@20: 0.04385 NDCG@10: 0.01551 NDCG@20: 0.02003
----------------------------------------------------------------------------------------
09/04/2026,18:29:54: Epoch [1/1000]
09/04/2026,18:29:54: Negative sampling...
09/04/2026,18:29:56: Model's personal time...
09/04/2026,18:29:56: Training...
09/04/2026,18:29:57: Evaluating...
09/04/2026,18:29:57: 	Train Loss: 5073417.5000 (base: 1390.5220, kd: 10144.0537), Elapsed: train 2.76 test 0.42 *
09/04/2026,18:29:57: 	Recall@10: 0.02089 Recall@20: 0.03294 NDCG@10: 0.01282 NDCG@20: 0.01603 
09/04/2026,18:29:57: 	Recall@10: 0.01024 Recall@20: 0.01476 NDCG@10: 0.00605 NDCG@20: 0.00732 
09/04/2026,18:29:57: Epoch [2/1000]
09/04/2026,18:29:57: Negative sampling...
09/04/2026,18:29:59: Model's personal time...
09/04/2026,18:29:59: Training...
09/04/2026,18:30:00: Evaluating...
09/04/2026,18:30:01: 	Train Loss: 4904146.0000 (base: 1376.6974, kd: 9805.5391), Elapsed: train 2.85 test 0.52 *
09/04/2026,18:30:01: 	Recall@10: 0.04051 Recall@20: 0.05987 NDCG@10: 0.02572 NDCG@20: 0.03099 
09/04/2026,18:30:01: 	Recall@10: 0.01586 Recall@20: 0.02523 NDCG@10: 0.00864 NDCG@20: 0.01115 
09/04/2026,18:30:01: Epoch [3/1000]
09/04/2026,18:30:01: Negative sampling...
09/04/2026,18:30:02: Model's personal time...
09/04/2026,18:30:02: Training...
09/04/2026,18:30:03: Evaluating...
09/04/2026,18:30:04: 	Train Loss: 4816798.5000 (base: 1347.8574, kd: 9630.9023), Elapsed: train 2.71 test 0.52
09/04/2026,18:30:04: 	Recall@10: 0.04109 Recall@20: 0.05731 NDCG@10: 0.02529 NDCG@20: 0.02967 
09/04/2026,18:30:04: 	Recall@10: 0.01544 Recall@20: 0.02617 NDCG@10: 0.00872 NDCG@20: 0.01171 
09/04/2026,18:30:04: Epoch [4/1000]
09/04/2026,18:30:04: Negative sampling...
09/04/2026,18:30:05: Model's personal time...
09/04/2026,18:30:06: Training...
09/04/2026,18:30:07: Evaluating...
09/04/2026,18:30:07: 	Train Loss: 4762831.0000 (base: 1310.4465, kd: 9523.0410), Elapsed: train 2.89 test 0.52 *
09/04/2026,18:30:07: 	Recall@10: 0.03934 Recall@20: 0.06195 NDCG@10: 0.02544 NDCG@20: 0.03157 
09/04/2026,18:30:07: 	Recall@10: 0.01457 Recall@20: 0.02535 NDCG@10: 0.00935 NDCG@20: 0.01226 
09/04/2026,18:30:07: Epoch [5/1000]
09/04/2026,18:30:07: Negative sampling...
09/04/2026,18:30:09: Model's personal time...
09/04/2026,18:30:09: Training...
09/04/2026,18:30:10: Evaluating...
09/04/2026,18:30:11: 	Train Loss: 4676951.0000 (base: 1263.1104, kd: 9351.3750), Elapsed: train 3.02 test 0.41 *
09/04/2026,18:30:11: 	Recall@10: 0.04347 Recall@20: 0.06381 NDCG@10: 0.02722 NDCG@20: 0.03281 
09/04/2026,18:30:11: 	Recall@10: 0.01691 Recall@20: 0.02624 NDCG@10: 0.00934 NDCG@20: 0.01193 
09/04/2026,18:30:11: Epoch [6/1000]
09/04/2026,18:30:11: Negative sampling...
09/04/2026,18:30:12: Model's personal time...
09/04/2026,18:30:12: Training...
09/04/2026,18:30:13: Evaluating...
09/04/2026,18:30:14: 	Train Loss: 4595166.0000 (base: 1211.1416, kd: 9187.9082), Elapsed: train 2.60 test 0.51 *
09/04/2026,18:30:14: 	Recall@10: 0.04529 Recall@20: 0.06750 NDCG@10: 0.02755 NDCG@20: 0.03365 
09/04/2026,18:30:14: 	Recall@10: 0.01697 Recall@20: 0.02722 NDCG@10: 0.00909 NDCG@20: 0.01195 
09/04/2026,18:30:14: Epoch [7/1000]
09/04/2026,18:30:14: Negative sampling...
09/04/2026,18:30:15: Model's personal time...
09/04/2026,18:30:15: Training...
09/04/2026,18:30:17: Evaluating...
09/04/2026,18:30:17: 	Train Loss: 4512927.5000 (base: 1153.7891, kd: 9023.5479), Elapsed: train 2.63 test 0.45 *
09/04/2026,18:30:17: 	Recall@10: 0.04758 Recall@20: 0.06724 NDCG@10: 0.02852 NDCG@20: 0.03397 
09/04/2026,18:30:17: 	Recall@10: 0.01780 Recall@20: 0.02780 NDCG@10: 0.00983 NDCG@20: 0.01256 
09/04/2026,18:30:17: Epoch [8/1000]
09/04/2026,18:30:17: Negative sampling...
09/04/2026,18:30:19: Model's personal time...
09/04/2026,18:30:19: Training...
09/04/2026,18:30:20: Evaluating...
09/04/2026,18:30:21: 	Train Loss: 4445436.0000 (base: 1094.0479, kd: 8888.6836), Elapsed: train 2.98 test 0.52 *
09/04/2026,18:30:21: 	Recall@10: 0.04790 Recall@20: 0.07239 NDCG@10: 0.02859 NDCG@20: 0.03525 
09/04/2026,18:30:21: 	Recall@10: 0.01798 Recall@20: 0.02775 NDCG@10: 0.00972 NDCG@20: 0.01242 
09/04/2026,18:30:21: Epoch [9/1000]
09/04/2026,18:30:21: Negative sampling...
09/04/2026,18:30:22: Model's personal time...
09/04/2026,18:30:22: Training...
09/04/2026,18:30:23: Evaluating...
09/04/2026,18:30:23: 	Train Loss: 4386554.5000 (base: 1036.1373, kd: 8771.0371), Elapsed: train 2.46 test 0.43 *
09/04/2026,18:30:23: 	Recall@10: 0.04910 Recall@20: 0.07234 NDCG@10: 0.02953 NDCG@20: 0.03588 
09/04/2026,18:30:23: 	Recall@10: 0.01934 Recall@20: 0.02988 NDCG@10: 0.01039 NDCG@20: 0.01325 
09/04/2026,18:30:23: Epoch [10/1000]
09/04/2026,18:30:23: Negative sampling...
09/04/2026,18:30:25: Model's personal time...
09/04/2026,18:30:25: Training...
09/04/2026,18:30:26: Evaluating...
09/04/2026,18:30:27: 	Train Loss: 4338123.5000 (base: 977.4769, kd: 8674.2920), Elapsed: train 2.84 test 0.44 *
09/04/2026,18:30:27: 	Recall@10: 0.05087 Recall@20: 0.07538 NDCG@10: 0.03027 NDCG@20: 0.03697 
09/04/2026,18:30:27: 	Recall@10: 0.01832 Recall@20: 0.02933 NDCG@10: 0.00989 NDCG@20: 0.01297 
09/04/2026,18:30:27: Epoch [11/1000]
09/04/2026,18:30:27: Negative sampling...
09/04/2026,18:30:28: Model's personal time...
09/04/2026,18:30:28: Training...
09/04/2026,18:30:29: Evaluating...
09/04/2026,18:30:30: 	Train Loss: 4291780.5000 (base: 924.2690, kd: 8581.7129), Elapsed: train 2.64 test 0.48 *
09/04/2026,18:30:30: 	Recall@10: 0.05081 Recall@20: 0.07659 NDCG@10: 0.03079 NDCG@20: 0.03780 
09/04/2026,18:30:30: 	Recall@10: 0.01888 Recall@20: 0.03093 NDCG@10: 0.01038 NDCG@20: 0.01364 
09/04/2026,18:30:30: Epoch [12/1000]
09/04/2026,18:30:30: Negative sampling...
09/04/2026,18:30:31: Model's personal time...
09/04/2026,18:30:31: Training...
09/04/2026,18:30:33: Evaluating...
09/04/2026,18:30:33: 	Train Loss: 4255448.0000 (base: 873.4542, kd: 8509.1494), Elapsed: train 2.74 test 0.42 *
09/04/2026,18:30:33: 	Recall@10: 0.05314 Recall@20: 0.07925 NDCG@10: 0.03184 NDCG@20: 0.03902 
09/04/2026,18:30:33: 	Recall@10: 0.01961 Recall@20: 0.03171 NDCG@10: 0.01072 NDCG@20: 0.01400 
09/04/2026,18:30:33: Epoch [13/1000]
09/04/2026,18:30:33: Negative sampling...
09/04/2026,18:30:34: Model's personal time...
09/04/2026,18:30:34: Training...
09/04/2026,18:30:35: Evaluating...
09/04/2026,18:30:36: 	Train Loss: 4223314.5000 (base: 827.8568, kd: 8444.9736), Elapsed: train 2.51 test 0.47 *
09/04/2026,18:30:36: 	Recall@10: 0.05296 Recall@20: 0.07992 NDCG@10: 0.03225 NDCG@20: 0.03958 
09/04/2026,18:30:36: 	Recall@10: 0.01986 Recall@20: 0.03355 NDCG@10: 0.01098 NDCG@20: 0.01467 
09/04/2026,18:30:36: Epoch [14/1000]
09/04/2026,18:30:36: Negative sampling...
09/04/2026,18:30:37: Model's personal time...
09/04/2026,18:30:37: Training...
09/04/2026,18:30:39: Evaluating...
09/04/2026,18:30:39: 	Train Loss: 4195312.5000 (base: 783.7263, kd: 8389.0576), Elapsed: train 2.61 test 0.49 *
09/04/2026,18:30:39: 	Recall@10: 0.05415 Recall@20: 0.08055 NDCG@10: 0.03297 NDCG@20: 0.04017 
09/04/2026,18:30:39: 	Recall@10: 0.02128 Recall@20: 0.03347 NDCG@10: 0.01155 NDCG@20: 0.01484 
09/04/2026,18:30:39: Epoch [15/1000]
09/04/2026,18:30:39: Negative sampling...
09/04/2026,18:30:40: Model's personal time...
09/04/2026,18:30:41: Training...
09/04/2026,18:30:42: Evaluating...
09/04/2026,18:30:42: 	Train Loss: 4169539.7500 (base: 743.3222, kd: 8337.5928), Elapsed: train 2.81 test 0.43 *
09/04/2026,18:30:42: 	Recall@10: 0.05412 Recall@20: 0.08237 NDCG@10: 0.03314 NDCG@20: 0.04088 
09/04/2026,18:30:42: 	Recall@10: 0.02127 Recall@20: 0.03349 NDCG@10: 0.01161 NDCG@20: 0.01496 
09/04/2026,18:30:42: Epoch [16/1000]
09/04/2026,18:30:42: Negative sampling...
09/04/2026,18:30:44: Model's personal time...
09/04/2026,18:30:44: Training...
09/04/2026,18:30:45: Evaluating...
09/04/2026,18:30:45: 	Train Loss: 4146472.5000 (base: 708.2339, kd: 8291.5283), Elapsed: train 2.48 test 0.42 *
09/04/2026,18:30:45: 	Recall@10: 0.05559 Recall@20: 0.08365 NDCG@10: 0.03413 NDCG@20: 0.04177 
09/04/2026,18:30:45: 	Recall@10: 0.02224 Recall@20: 0.03447 NDCG@10: 0.01186 NDCG@20: 0.01522 
09/04/2026,18:30:45: Epoch [17/1000]
09/04/2026,18:30:45: Negative sampling...
09/04/2026,18:30:47: Model's personal time...
09/04/2026,18:30:47: Training...
09/04/2026,18:30:48: Evaluating...
09/04/2026,18:30:48: 	Train Loss: 4126490.7500 (base: 675.7800, kd: 8251.6309), Elapsed: train 2.60 test 0.42 *
09/04/2026,18:30:48: 	Recall@10: 0.05701 Recall@20: 0.08444 NDCG@10: 0.03471 NDCG@20: 0.04218 
09/04/2026,18:30:48: 	Recall@10: 0.02280 Recall@20: 0.03543 NDCG@10: 0.01210 NDCG@20: 0.01550 
09/04/2026,18:30:48: Epoch [18/1000]
09/04/2026,18:30:48: Negative sampling...
09/04/2026,18:30:50: Model's personal time...
09/04/2026,18:30:50: Training...
09/04/2026,18:30:51: Evaluating...
09/04/2026,18:30:52: 	Train Loss: 4107496.5000 (base: 647.3884, kd: 8213.6992), Elapsed: train 2.93 test 0.44
09/04/2026,18:30:52: 	Recall@10: 0.05743 Recall@20: 0.08455 NDCG@10: 0.03464 NDCG@20: 0.04203 
09/04/2026,18:30:52: 	Recall@10: 0.02344 Recall@20: 0.03547 NDCG@10: 0.01237 NDCG@20: 0.01566 
09/04/2026,18:30:52: Epoch [19/1000]
09/04/2026,18:30:52: Negative sampling...
09/04/2026,18:30:53: Model's personal time...
09/04/2026,18:30:53: Training...
09/04/2026,18:30:54: Evaluating...
09/04/2026,18:30:55: 	Train Loss: 4092892.0000 (base: 618.8378, kd: 8184.5459), Elapsed: train 2.45 test 0.47 *
09/04/2026,18:30:55: 	Recall@10: 0.05831 Recall@20: 0.08547 NDCG@10: 0.03506 NDCG@20: 0.04243 
09/04/2026,18:30:55: 	Recall@10: 0.02339 Recall@20: 0.03604 NDCG@10: 0.01237 NDCG@20: 0.01582 
09/04/2026,18:30:55: Epoch [20/1000]
09/04/2026,18:30:55: Negative sampling...
09/04/2026,18:30:56: Model's personal time...
09/04/2026,18:30:56: Training...
09/04/2026,18:30:57: Evaluating...
09/04/2026,18:30:58: 	Train Loss: 4077194.2500 (base: 594.5076, kd: 8153.2002), Elapsed: train 2.83 test 0.42 *
09/04/2026,18:30:58: 	Recall@10: 0.05880 Recall@20: 0.08653 NDCG@10: 0.03537 NDCG@20: 0.04299 
09/04/2026,18:30:58: 	Recall@10: 0.02434 Recall@20: 0.03618 NDCG@10: 0.01291 NDCG@20: 0.01613 
09/04/2026,18:30:58: Epoch [21/1000]
09/04/2026,18:30:58: Negative sampling...
09/04/2026,18:30:59: Model's personal time...
09/04/2026,18:30:59: Training...
09/04/2026,18:31:00: Evaluating...
09/04/2026,18:31:01: 	Train Loss: 4062184.5000 (base: 570.7898, kd: 8123.2271), Elapsed: train 2.65 test 0.49 *
09/04/2026,18:31:01: 	Recall@10: 0.05982 Recall@20: 0.08764 NDCG@10: 0.03560 NDCG@20: 0.04319 
09/04/2026,18:31:01: 	Recall@10: 0.02441 Recall@20: 0.03726 NDCG@10: 0.01285 NDCG@20: 0.01636 
09/04/2026,18:31:01: Epoch [22/1000]
09/04/2026,18:31:01: Negative sampling...
09/04/2026,18:31:02: Model's personal time...
09/04/2026,18:31:02: Training...
09/04/2026,18:31:04: Evaluating...
09/04/2026,18:31:04: 	Train Loss: 4050667.7500 (base: 550.9362, kd: 8100.2334), Elapsed: train 2.70 test 0.51
09/04/2026,18:31:04: 	Recall@10: 0.05972 Recall@20: 0.08662 NDCG@10: 0.03559 NDCG@20: 0.04306 
09/04/2026,18:31:04: 	Recall@10: 0.02438 Recall@20: 0.03832 NDCG@10: 0.01296 NDCG@20: 0.01676 
09/04/2026,18:31:04: Epoch [23/1000]
09/04/2026,18:31:04: Negative sampling...
09/04/2026,18:31:06: Model's personal time...
09/04/2026,18:31:06: Training...
09/04/2026,18:31:07: Evaluating...
09/04/2026,18:31:08: 	Train Loss: 4038083.5000 (base: 531.9722, kd: 8075.1030), Elapsed: train 3.07 test 0.51 *
09/04/2026,18:31:08: 	Recall@10: 0.06045 Recall@20: 0.08789 NDCG@10: 0.03591 NDCG@20: 0.04349 
09/04/2026,18:31:08: 	Recall@10: 0.02435 Recall@20: 0.03778 NDCG@10: 0.01296 NDCG@20: 0.01663 
09/04/2026,18:31:08: Epoch [24/1000]
09/04/2026,18:31:08: Negative sampling...
09/04/2026,18:31:09: Model's personal time...
09/04/2026,18:31:10: Training...
09/04/2026,18:31:11: Evaluating...
09/04/2026,18:31:11: 	Train Loss: 4026884.2500 (base: 514.3293, kd: 8052.7397), Elapsed: train 2.87 test 0.41 *
09/04/2026,18:31:11: 	Recall@10: 0.06067 Recall@20: 0.08872 NDCG@10: 0.03597 NDCG@20: 0.04376 
09/04/2026,18:31:11: 	Recall@10: 0.02367 Recall@20: 0.03879 NDCG@10: 0.01298 NDCG@20: 0.01710 
09/04/2026,18:31:11: Epoch [25/1000]
09/04/2026,18:31:11: Negative sampling...
09/04/2026,18:31:12: Model's personal time...
09/04/2026,18:31:12: Training...
09/04/2026,18:31:13: Evaluating...
09/04/2026,18:31:14: 	Train Loss: 4017332.7500 (base: 497.6739, kd: 8033.6709), Elapsed: train 2.48 test 0.45 *
09/04/2026,18:31:14: 	Recall@10: 0.06184 Recall@20: 0.08911 NDCG@10: 0.03657 NDCG@20: 0.04409 
09/04/2026,18:31:14: 	Recall@10: 0.02335 Recall@20: 0.03826 NDCG@10: 0.01279 NDCG@20: 0.01685 
09/04/2026,18:31:14: Epoch [26/1000]
09/04/2026,18:31:14: Negative sampling...
09/04/2026,18:31:15: Model's personal time...
09/04/2026,18:31:16: Training...
09/04/2026,18:31:17: Evaluating...
09/04/2026,18:31:17: 	Train Loss: 4008322.0000 (base: 484.8963, kd: 8015.6738), Elapsed: train 2.66 test 0.41
09/04/2026,18:31:17: 	Recall@10: 0.06095 Recall@20: 0.08944 NDCG@10: 0.03590 NDCG@20: 0.04375 
09/04/2026,18:31:17: 	Recall@10: 0.02414 Recall@20: 0.03823 NDCG@10: 0.01317 NDCG@20: 0.01702 
09/04/2026,18:31:17: Epoch [27/1000]
09/04/2026,18:31:17: Negative sampling...
09/04/2026,18:31:19: Model's personal time...
09/04/2026,18:31:19: Training...
09/04/2026,18:31:20: Evaluating...
09/04/2026,18:31:21: 	Train Loss: 3999921.2500 (base: 470.5435, kd: 7998.9019), Elapsed: train 3.19 test 0.42 *
09/04/2026,18:31:21: 	Recall@10: 0.06271 Recall@20: 0.08869 NDCG@10: 0.03717 NDCG@20: 0.04434 
09/04/2026,18:31:21: 	Recall@10: 0.02392 Recall@20: 0.03933 NDCG@10: 0.01296 NDCG@20: 0.01711 
09/04/2026,18:31:21: Epoch [28/1000]
09/04/2026,18:31:21: Negative sampling...
09/04/2026,18:31:22: Model's personal time...
09/04/2026,18:31:22: Training...
09/04/2026,18:31:23: Evaluating...
09/04/2026,18:31:24: 	Train Loss: 3992893.2500 (base: 456.5914, kd: 7984.8735), Elapsed: train 2.64 test 0.49 *
09/04/2026,18:31:24: 	Recall@10: 0.06239 Recall@20: 0.08978 NDCG@10: 0.03697 NDCG@20: 0.04455 
09/04/2026,18:31:24: 	Recall@10: 0.02443 Recall@20: 0.03847 NDCG@10: 0.01324 NDCG@20: 0.01709 
09/04/2026,18:31:24: Epoch [29/1000]
09/04/2026,18:31:24: Negative sampling...
09/04/2026,18:31:25: Model's personal time...
09/04/2026,18:31:25: Training...
09/04/2026,18:31:27: Evaluating...
09/04/2026,18:31:27: 	Train Loss: 3984970.2500 (base: 446.5229, kd: 7969.0479), Elapsed: train 2.97 test 0.52 *
09/04/2026,18:31:27: 	Recall@10: 0.06283 Recall@20: 0.09020 NDCG@10: 0.03758 NDCG@20: 0.04504 
09/04/2026,18:31:27: 	Recall@10: 0.02328 Recall@20: 0.03968 NDCG@10: 0.01298 NDCG@20: 0.01741 
09/04/2026,18:31:27: Epoch [30/1000]
09/04/2026,18:31:27: Negative sampling...
09/04/2026,18:31:29: Model's personal time...
09/04/2026,18:31:29: Training...
09/04/2026,18:31:30: Evaluating...
09/04/2026,18:31:31: 	Train Loss: 3977949.2500 (base: 434.9893, kd: 7955.0283), Elapsed: train 2.85 test 0.44
09/04/2026,18:31:31: 	Recall@10: 0.06384 Recall@20: 0.08861 NDCG@10: 0.03753 NDCG@20: 0.04443 
09/04/2026,18:31:31: 	Recall@10: 0.02381 Recall@20: 0.03892 NDCG@10: 0.01334 NDCG@20: 0.01747 
09/04/2026,18:31:31: Epoch [31/1000]
09/04/2026,18:31:31: Negative sampling...
09/04/2026,18:31:32: Model's personal time...
09/04/2026,18:31:32: Training...
09/04/2026,18:31:33: Evaluating...
09/04/2026,18:31:34: 	Train Loss: 3969910.0000 (base: 425.3489, kd: 7938.9697), Elapsed: train 2.61 test 0.44 *
09/04/2026,18:31:34: 	Recall@10: 0.06332 Recall@20: 0.09000 NDCG@10: 0.03790 NDCG@20: 0.04529 
09/04/2026,18:31:34: 	Recall@10: 0.02373 Recall@20: 0.03850 NDCG@10: 0.01334 NDCG@20: 0.01735 
09/04/2026,18:31:34: Epoch [32/1000]
09/04/2026,18:31:34: Negative sampling...
09/04/2026,18:31:35: Model's personal time...
09/04/2026,18:31:35: Training...
09/04/2026,18:31:36: Evaluating...
09/04/2026,18:31:37: 	Train Loss: 3965170.0000 (base: 416.6303, kd: 7929.5063), Elapsed: train 2.67 test 0.44 *
09/04/2026,18:31:37: 	Recall@10: 0.06480 Recall@20: 0.08993 NDCG@10: 0.03830 NDCG@20: 0.04532 
09/04/2026,18:31:37: 	Recall@10: 0.02374 Recall@20: 0.03872 NDCG@10: 0.01344 NDCG@20: 0.01758 
09/04/2026,18:31:37: Epoch [33/1000]
09/04/2026,18:31:37: Negative sampling...
09/04/2026,18:31:38: Model's personal time...
09/04/2026,18:31:38: Training...
09/04/2026,18:31:40: Evaluating...
09/04/2026,18:31:40: 	Train Loss: 3958566.5000 (base: 405.8614, kd: 7916.3213), Elapsed: train 2.80 test 0.46
09/04/2026,18:31:40: 	Recall@10: 0.06588 Recall@20: 0.08988 NDCG@10: 0.03854 NDCG@20: 0.04521 
09/04/2026,18:31:40: 	Recall@10: 0.02374 Recall@20: 0.03899 NDCG@10: 0.01340 NDCG@20: 0.01756 
09/04/2026,18:31:40: Epoch [34/1000]
09/04/2026,18:31:40: Negative sampling...
09/04/2026,18:31:41: Model's personal time...
09/04/2026,18:31:42: Training...
09/04/2026,18:31:43: Evaluating...
09/04/2026,18:31:43: 	Train Loss: 3952825.0000 (base: 400.2210, kd: 7904.8491), Elapsed: train 2.70 test 0.46 *
09/04/2026,18:31:43: 	Recall@10: 0.06455 Recall@20: 0.09136 NDCG@10: 0.03827 NDCG@20: 0.04565 
09/04/2026,18:31:43: 	Recall@10: 0.02446 Recall@20: 0.03896 NDCG@10: 0.01360 NDCG@20: 0.01757 
09/04/2026,18:31:43: Epoch [35/1000]
09/04/2026,18:31:43: Negative sampling...
09/04/2026,18:31:45: Model's personal time...
09/04/2026,18:31:45: Training...
09/04/2026,18:31:46: Evaluating...
09/04/2026,18:31:46: 	Train Loss: 3948264.5000 (base: 391.4978, kd: 7895.7456), Elapsed: train 2.82 test 0.44
09/04/2026,18:31:46: 	Recall@10: 0.06558 Recall@20: 0.09125 NDCG@10: 0.03854 NDCG@20: 0.04560 
09/04/2026,18:31:46: 	Recall@10: 0.02435 Recall@20: 0.03851 NDCG@10: 0.01362 NDCG@20: 0.01753 
09/04/2026,18:31:46: Epoch [36/1000]
09/04/2026,18:31:46: Negative sampling...
09/04/2026,18:31:48: Model's personal time...
09/04/2026,18:31:48: Training...
09/04/2026,18:31:49: Evaluating...
09/04/2026,18:31:49: 	Train Loss: 3942758.5000 (base: 382.5960, kd: 7884.7510), Elapsed: train 2.55 test 0.43
09/04/2026,18:31:49: 	Recall@10: 0.06634 Recall@20: 0.09053 NDCG@10: 0.03892 NDCG@20: 0.04561 
09/04/2026,18:31:49: 	Recall@10: 0.02400 Recall@20: 0.03943 NDCG@10: 0.01354 NDCG@20: 0.01776 
09/04/2026,18:31:49: Epoch [37/1000]
09/04/2026,18:31:49: Negative sampling...
09/04/2026,18:31:51: Model's personal time...
09/04/2026,18:31:51: Training...
09/04/2026,18:31:52: Evaluating...
09/04/2026,18:31:53: 	Train Loss: 3938119.7500 (base: 375.9954, kd: 7875.4873), Elapsed: train 2.79 test 0.48 *
09/04/2026,18:31:53: 	Recall@10: 0.06673 Recall@20: 0.09205 NDCG@10: 0.03917 NDCG@20: 0.04607 
09/04/2026,18:31:53: 	Recall@10: 0.02518 Recall@20: 0.04014 NDCG@10: 0.01401 NDCG@20: 0.01810 
09/04/2026,18:31:53: Epoch [38/1000]
09/04/2026,18:31:53: Negative sampling...
09/04/2026,18:31:54: Model's personal time...
09/04/2026,18:31:54: Training...
09/04/2026,18:31:55: Evaluating...
09/04/2026,18:31:56: 	Train Loss: 3933629.2500 (base: 368.5613, kd: 7866.5210), Elapsed: train 2.74 test 0.50
09/04/2026,18:31:56: 	Recall@10: 0.06667 Recall@20: 0.09151 NDCG@10: 0.03921 NDCG@20: 0.04604 
09/04/2026,18:31:56: 	Recall@10: 0.02481 Recall@20: 0.03937 NDCG@10: 0.01395 NDCG@20: 0.01792 
09/04/2026,18:31:56: Epoch [39/1000]
09/04/2026,18:31:56: Negative sampling...
09/04/2026,18:31:57: Model's personal time...
09/04/2026,18:31:57: Training...
09/04/2026,18:31:59: Evaluating...
09/04/2026,18:31:59: 	Train Loss: 3929777.5000 (base: 363.6793, kd: 7858.8281), Elapsed: train 2.69 test 0.44 *
09/04/2026,18:31:59: 	Recall@10: 0.06601 Recall@20: 0.09207 NDCG@10: 0.03902 NDCG@20: 0.04623 
09/04/2026,18:31:59: 	Recall@10: 0.02494 Recall@20: 0.03916 NDCG@10: 0.01397 NDCG@20: 0.01786 
09/04/2026,18:31:59: Epoch [40/1000]
09/04/2026,18:31:59: Negative sampling...
09/04/2026,18:32:00: Model's personal time...
09/04/2026,18:32:01: Training...
09/04/2026,18:32:02: Evaluating...
09/04/2026,18:32:02: 	Train Loss: 3925988.7500 (base: 359.9209, kd: 7851.2573), Elapsed: train 2.80 test 0.43 *
09/04/2026,18:32:02: 	Recall@10: 0.06687 Recall@20: 0.09229 NDCG@10: 0.03930 NDCG@20: 0.04624 
09/04/2026,18:32:02: 	Recall@10: 0.02510 Recall@20: 0.03990 NDCG@10: 0.01423 NDCG@20: 0.01823 
09/04/2026,18:32:02: Epoch [41/1000]
09/04/2026,18:32:02: Negative sampling...
09/04/2026,18:32:04: Model's personal time...
09/04/2026,18:32:04: Training...
09/04/2026,18:32:05: Evaluating...
09/04/2026,18:32:05: 	Train Loss: 3920606.0000 (base: 354.1833, kd: 7840.5039), Elapsed: train 2.78 test 0.44
09/04/2026,18:32:05: 	Recall@10: 0.06556 Recall@20: 0.09184 NDCG@10: 0.03889 NDCG@20: 0.04612 
09/04/2026,18:32:05: 	Recall@10: 0.02472 Recall@20: 0.03916 NDCG@10: 0.01408 NDCG@20: 0.01805 
09/04/2026,18:32:05: Epoch [42/1000]
09/04/2026,18:32:05: Negative sampling...
09/04/2026,18:32:07: Model's personal time...
09/04/2026,18:32:07: Training...
09/04/2026,18:32:08: Evaluating...
09/04/2026,18:32:09: 	Train Loss: 3917607.0000 (base: 345.9589, kd: 7834.5220), Elapsed: train 2.64 test 0.45 *
09/04/2026,18:32:09: 	Recall@10: 0.06614 Recall@20: 0.09365 NDCG@10: 0.03891 NDCG@20: 0.04643 
09/04/2026,18:32:09: 	Recall@10: 0.02472 Recall@20: 0.03959 NDCG@10: 0.01405 NDCG@20: 0.01807 
09/04/2026,18:32:09: Epoch [43/1000]
09/04/2026,18:32:09: Negative sampling...
09/04/2026,18:32:10: Model's personal time...
09/04/2026,18:32:10: Training...
09/04/2026,18:32:11: Evaluating...
09/04/2026,18:32:12: 	Train Loss: 3914161.5000 (base: 343.7283, kd: 7827.6357), Elapsed: train 2.74 test 0.43 *
09/04/2026,18:32:12: 	Recall@10: 0.06676 Recall@20: 0.09235 NDCG@10: 0.03935 NDCG@20: 0.04651 
09/04/2026,18:32:12: 	Recall@10: 0.02504 Recall@20: 0.03978 NDCG@10: 0.01416 NDCG@20: 0.01820 
09/04/2026,18:32:12: Epoch [44/1000]
09/04/2026,18:32:12: Negative sampling...
09/04/2026,18:32:13: Model's personal time...
09/04/2026,18:32:13: Training...
09/04/2026,18:32:14: Evaluating...
09/04/2026,18:32:15: 	Train Loss: 3911116.0000 (base: 336.3754, kd: 7821.5591), Elapsed: train 2.63 test 0.46
09/04/2026,18:32:15: 	Recall@10: 0.06638 Recall@20: 0.09171 NDCG@10: 0.03889 NDCG@20: 0.04588 
09/04/2026,18:32:15: 	Recall@10: 0.02448 Recall@20: 0.04014 NDCG@10: 0.01388 NDCG@20: 0.01815 
09/04/2026,18:32:15: Epoch [45/1000]
09/04/2026,18:32:15: Negative sampling...
09/04/2026,18:32:16: Model's personal time...
09/04/2026,18:32:16: Training...
09/04/2026,18:32:18: Evaluating...
09/04/2026,18:32:18: 	Train Loss: 3905936.2500 (base: 331.4735, kd: 7811.2095), Elapsed: train 2.96 test 0.42
09/04/2026,18:32:18: 	Recall@10: 0.06695 Recall@20: 0.09219 NDCG@10: 0.03935 NDCG@20: 0.04634 
09/04/2026,18:32:18: 	Recall@10: 0.02459 Recall@20: 0.04005 NDCG@10: 0.01396 NDCG@20: 0.01820 
09/04/2026,18:32:18: Epoch [46/1000]
09/04/2026,18:32:18: Negative sampling...
09/04/2026,18:32:20: Model's personal time...
09/04/2026,18:32:20: Training...
09/04/2026,18:32:21: Evaluating...
09/04/2026,18:32:21: 	Train Loss: 3904856.0000 (base: 328.5594, kd: 7809.0552), Elapsed: train 2.71 test 0.43
09/04/2026,18:32:21: 	Recall@10: 0.06612 Recall@20: 0.09286 NDCG@10: 0.03907 NDCG@20: 0.04643 
09/04/2026,18:32:21: 	Recall@10: 0.02483 Recall@20: 0.03936 NDCG@10: 0.01397 NDCG@20: 0.01796 
09/04/2026,18:32:21: Epoch [47/1000]
09/04/2026,18:32:21: Negative sampling...
09/04/2026,18:32:23: Model's personal time...
09/04/2026,18:32:23: Training...
09/04/2026,18:32:24: Evaluating...
09/04/2026,18:32:24: 	Train Loss: 3900758.5000 (base: 320.5872, kd: 7800.8760), Elapsed: train 2.64 test 0.43 *
09/04/2026,18:32:24: 	Recall@10: 0.06706 Recall@20: 0.09396 NDCG@10: 0.03932 NDCG@20: 0.04667 
09/04/2026,18:32:24: 	Recall@10: 0.02527 Recall@20: 0.04047 NDCG@10: 0.01418 NDCG@20: 0.01831 
09/04/2026,18:32:24: Epoch [48/1000]
09/04/2026,18:32:24: Negative sampling...
09/04/2026,18:32:26: Model's personal time...
09/04/2026,18:32:26: Training...
09/04/2026,18:32:27: Evaluating...
09/04/2026,18:32:28: 	Train Loss: 3898430.0000 (base: 319.6710, kd: 7796.2207), Elapsed: train 2.70 test 0.51
09/04/2026,18:32:28: 	Recall@10: 0.06690 Recall@20: 0.09294 NDCG@10: 0.03912 NDCG@20: 0.04630 
09/04/2026,18:32:28: 	Recall@10: 0.02502 Recall@20: 0.03970 NDCG@10: 0.01412 NDCG@20: 0.01814 
09/04/2026,18:32:28: Epoch [49/1000]
09/04/2026,18:32:28: Negative sampling...
09/04/2026,18:32:29: Model's personal time...
09/04/2026,18:32:29: Training...
09/04/2026,18:32:30: Evaluating...
09/04/2026,18:32:31: 	Train Loss: 3894697.0000 (base: 315.2721, kd: 7788.7637), Elapsed: train 2.83 test 0.49
09/04/2026,18:32:31: 	Recall@10: 0.06672 Recall@20: 0.09346 NDCG@10: 0.03917 NDCG@20: 0.04657 
09/04/2026,18:32:31: 	Recall@10: 0.02503 Recall@20: 0.03989 NDCG@10: 0.01408 NDCG@20: 0.01818 
09/04/2026,18:32:31: Epoch [50/1000]
09/04/2026,18:32:31: Negative sampling...
09/04/2026,18:32:32: Model's personal time...
09/04/2026,18:32:33: Training...
09/04/2026,18:32:34: Evaluating...
09/04/2026,18:32:34: 	Train Loss: 3893200.2500 (base: 312.0830, kd: 7785.7769), Elapsed: train 2.89 test 0.55
09/04/2026,18:32:34: 	Recall@10: 0.06808 Recall@20: 0.09299 NDCG@10: 0.03968 NDCG@20: 0.04651 
09/04/2026,18:32:34: 	Recall@10: 0.02524 Recall@20: 0.03988 NDCG@10: 0.01421 NDCG@20: 0.01820 
09/04/2026,18:32:34: Epoch [51/1000]
09/04/2026,18:32:34: Negative sampling...
09/04/2026,18:32:36: Model's personal time...
09/04/2026,18:32:36: Training...
09/04/2026,18:32:37: Evaluating...
09/04/2026,18:32:38: 	Train Loss: 3890674.5000 (base: 308.6414, kd: 7780.7319), Elapsed: train 2.74 test 0.53 *
09/04/2026,18:32:38: 	Recall@10: 0.06668 Recall@20: 0.09379 NDCG@10: 0.03942 NDCG@20: 0.04690 
09/04/2026,18:32:38: 	Recall@10: 0.02467 Recall@20: 0.03986 NDCG@10: 0.01405 NDCG@20: 0.01824 
09/04/2026,18:32:38: Epoch [52/1000]
09/04/2026,18:32:38: Negative sampling...
09/04/2026,18:32:39: Model's personal time...
09/04/2026,18:32:39: Training...
09/04/2026,18:32:40: Evaluating...
09/04/2026,18:32:41: 	Train Loss: 3889328.2500 (base: 307.6242, kd: 7778.0415), Elapsed: train 2.64 test 0.42
09/04/2026,18:32:41: 	Recall@10: 0.06678 Recall@20: 0.09398 NDCG@10: 0.03933 NDCG@20: 0.04674 
09/04/2026,18:32:41: 	Recall@10: 0.02524 Recall@20: 0.03997 NDCG@10: 0.01422 NDCG@20: 0.01826 
09/04/2026,18:32:41: Epoch [53/1000]
09/04/2026,18:32:41: Negative sampling...
09/04/2026,18:32:42: Model's personal time...
09/04/2026,18:32:42: Training...
09/04/2026,18:32:43: Evaluating...
09/04/2026,18:32:44: 	Train Loss: 3886374.5000 (base: 301.5086, kd: 7772.1450), Elapsed: train 2.58 test 0.44 *
09/04/2026,18:32:44: 	Recall@10: 0.06696 Recall@20: 0.09388 NDCG@10: 0.03961 NDCG@20: 0.04701 
09/04/2026,18:32:44: 	Recall@10: 0.02451 Recall@20: 0.04023 NDCG@10: 0.01413 NDCG@20: 0.01847 
09/04/2026,18:32:44: Epoch [54/1000]
09/04/2026,18:32:44: Negative sampling...
09/04/2026,18:32:45: Model's personal time...
09/04/2026,18:32:45: Training...
09/04/2026,18:32:46: Evaluating...
09/04/2026,18:32:47: 	Train Loss: 3882142.0000 (base: 297.7383, kd: 7763.6885), Elapsed: train 2.72 test 0.43
09/04/2026,18:32:47: 	Recall@10: 0.06607 Recall@20: 0.09329 NDCG@10: 0.03927 NDCG@20: 0.04677 
09/04/2026,18:32:47: 	Recall@10: 0.02492 Recall@20: 0.03946 NDCG@10: 0.01418 NDCG@20: 0.01818 
09/04/2026,18:32:47: Epoch [55/1000]
09/04/2026,18:32:47: Negative sampling...
09/04/2026,18:32:48: Model's personal time...
09/04/2026,18:32:48: Training...
09/04/2026,18:32:50: Evaluating...
09/04/2026,18:32:50: 	Train Loss: 3881248.0000 (base: 294.3580, kd: 7761.9072), Elapsed: train 2.63 test 0.44
09/04/2026,18:32:50: 	Recall@10: 0.06612 Recall@20: 0.09346 NDCG@10: 0.03933 NDCG@20: 0.04688 
09/04/2026,18:32:50: 	Recall@10: 0.02543 Recall@20: 0.03995 NDCG@10: 0.01438 NDCG@20: 0.01838 
09/04/2026,18:32:50: Epoch [56/1000]
09/04/2026,18:32:50: Negative sampling...
09/04/2026,18:32:51: Model's personal time...
09/04/2026,18:32:51: Training...
09/04/2026,18:32:52: Evaluating...
09/04/2026,18:32:53: 	Train Loss: 3879100.0000 (base: 291.8521, kd: 7757.6157), Elapsed: train 2.52 test 0.42 *
09/04/2026,18:32:53: 	Recall@10: 0.06690 Recall@20: 0.09418 NDCG@10: 0.03953 NDCG@20: 0.04702 
09/04/2026,18:32:53: 	Recall@10: 0.02540 Recall@20: 0.04104 NDCG@10: 0.01429 NDCG@20: 0.01856 
09/04/2026,18:32:53: Epoch [57/1000]
09/04/2026,18:32:53: Negative sampling...
09/04/2026,18:32:54: Model's personal time...
09/04/2026,18:32:54: Training...
09/04/2026,18:32:56: Evaluating...
09/04/2026,18:32:56: 	Train Loss: 3878399.0000 (base: 289.6883, kd: 7756.2188), Elapsed: train 2.61 test 0.45
09/04/2026,18:32:56: 	Recall@10: 0.06619 Recall@20: 0.09361 NDCG@10: 0.03903 NDCG@20: 0.04663 
09/04/2026,18:32:56: 	Recall@10: 0.02511 Recall@20: 0.04003 NDCG@10: 0.01433 NDCG@20: 0.01844 
09/04/2026,18:32:56: Epoch [58/1000]
09/04/2026,18:32:56: Negative sampling...
09/04/2026,18:32:57: Model's personal time...
09/04/2026,18:32:57: Training...
09/04/2026,18:32:58: Evaluating...
09/04/2026,18:32:59: 	Train Loss: 3876037.2500 (base: 288.1162, kd: 7751.4980), Elapsed: train 2.52 test 0.44
09/04/2026,18:32:59: 	Recall@10: 0.06697 Recall@20: 0.09408 NDCG@10: 0.03946 NDCG@20: 0.04696 
09/04/2026,18:32:59: 	Recall@10: 0.02565 Recall@20: 0.04050 NDCG@10: 0.01445 NDCG@20: 0.01853 
09/04/2026,18:32:59: Epoch [59/1000]
09/04/2026,18:32:59: Negative sampling...
09/04/2026,18:33:00: Model's personal time...
09/04/2026,18:33:00: Training...
09/04/2026,18:33:02: Evaluating...
09/04/2026,18:33:02: 	Train Loss: 3873757.7500 (base: 281.8271, kd: 7746.9512), Elapsed: train 2.66 test 0.43
09/04/2026,18:33:02: 	Recall@10: 0.06718 Recall@20: 0.09295 NDCG@10: 0.03943 NDCG@20: 0.04663 
09/04/2026,18:33:02: 	Recall@10: 0.02500 Recall@20: 0.04024 NDCG@10: 0.01413 NDCG@20: 0.01833 
09/04/2026,18:33:02: Epoch [60/1000]
09/04/2026,18:33:02: Negative sampling...
09/04/2026,18:33:03: Model's personal time...
09/04/2026,18:33:04: Training...
09/04/2026,18:33:05: Evaluating...
09/04/2026,18:33:05: 	Train Loss: 3871872.0000 (base: 282.1840, kd: 7743.1797), Elapsed: train 2.70 test 0.43
09/04/2026,18:33:05: 	Recall@10: 0.06670 Recall@20: 0.09387 NDCG@10: 0.03931 NDCG@20: 0.04688 
09/04/2026,18:33:05: 	Recall@10: 0.02550 Recall@20: 0.04115 NDCG@10: 0.01444 NDCG@20: 0.01873 
09/04/2026,18:33:05: Epoch [61/1000]
09/04/2026,18:33:05: Negative sampling...
09/04/2026,18:33:07: Model's personal time...
09/04/2026,18:33:07: Training...
09/04/2026,18:33:08: Evaluating...
09/04/2026,18:33:08: 	Train Loss: 3870339.2500 (base: 272.5213, kd: 7740.1323), Elapsed: train 2.65 test 0.44
09/04/2026,18:33:08: 	Recall@10: 0.06716 Recall@20: 0.09388 NDCG@10: 0.03934 NDCG@20: 0.04671 
09/04/2026,18:33:08: 	Recall@10: 0.02527 Recall@20: 0.04069 NDCG@10: 0.01448 NDCG@20: 0.01868 
09/04/2026,18:33:08: Epoch [62/1000]
09/04/2026,18:33:08: Negative sampling...
09/04/2026,18:33:10: Model's personal time...
09/04/2026,18:33:10: Training...
09/04/2026,18:33:11: Evaluating...
09/04/2026,18:33:11: 	Train Loss: 3867804.0000 (base: 274.3271, kd: 7735.0596), Elapsed: train 2.68 test 0.42
09/04/2026,18:33:11: 	Recall@10: 0.06759 Recall@20: 0.09428 NDCG@10: 0.03938 NDCG@20: 0.04677 
09/04/2026,18:33:11: 	Recall@10: 0.02540 Recall@20: 0.04110 NDCG@10: 0.01440 NDCG@20: 0.01870 
09/04/2026,18:33:11: Epoch [63/1000]
09/04/2026,18:33:11: Negative sampling...
09/04/2026,18:33:13: Model's personal time...
09/04/2026,18:33:13: Training...
09/04/2026,18:33:14: Evaluating...
09/04/2026,18:33:14: 	Train Loss: 3866759.7500 (base: 272.0994, kd: 7732.9756), Elapsed: train 2.61 test 0.47 *
09/04/2026,18:33:14: 	Recall@10: 0.06756 Recall@20: 0.09443 NDCG@10: 0.03983 NDCG@20: 0.04726 
09/04/2026,18:33:14: 	Recall@10: 0.02550 Recall@20: 0.04145 NDCG@10: 0.01435 NDCG@20: 0.01872 
09/04/2026,18:33:14: Epoch [64/1000]
09/04/2026,18:33:14: Negative sampling...
09/04/2026,18:33:16: Model's personal time...
09/04/2026,18:33:16: Training...
09/04/2026,18:33:17: Evaluating...
09/04/2026,18:33:17: 	Train Loss: 3864679.7500 (base: 265.2803, kd: 7728.8291), Elapsed: train 2.60 test 0.43
09/04/2026,18:33:17: 	Recall@10: 0.06753 Recall@20: 0.09433 NDCG@10: 0.03953 NDCG@20: 0.04692 
09/04/2026,18:33:17: 	Recall@10: 0.02610 Recall@20: 0.04132 NDCG@10: 0.01462 NDCG@20: 0.01876 
09/04/2026,18:33:17: Epoch [65/1000]
09/04/2026,18:33:17: Negative sampling...
09/04/2026,18:33:19: Model's personal time...
09/04/2026,18:33:19: Training...
09/04/2026,18:33:20: Evaluating...
09/04/2026,18:33:20: 	Train Loss: 3863863.0000 (base: 264.8841, kd: 7727.1963), Elapsed: train 2.58 test 0.43
09/04/2026,18:33:20: 	Recall@10: 0.06726 Recall@20: 0.09342 NDCG@10: 0.03931 NDCG@20: 0.04659 
09/04/2026,18:33:20: 	Recall@10: 0.02607 Recall@20: 0.04248 NDCG@10: 0.01469 NDCG@20: 0.01913 
09/04/2026,18:33:20: Epoch [66/1000]
09/04/2026,18:33:20: Negative sampling...
09/04/2026,18:33:22: Model's personal time...
09/04/2026,18:33:22: Training...
09/04/2026,18:33:23: Evaluating...
09/04/2026,18:33:23: 	Train Loss: 3862362.7500 (base: 263.6266, kd: 7724.1987), Elapsed: train 2.54 test 0.45
09/04/2026,18:33:23: 	Recall@10: 0.06598 Recall@20: 0.09312 NDCG@10: 0.03929 NDCG@20: 0.04685 
09/04/2026,18:33:23: 	Recall@10: 0.02607 Recall@20: 0.04166 NDCG@10: 0.01459 NDCG@20: 0.01886 
09/04/2026,18:33:23: Epoch [67/1000]
09/04/2026,18:33:23: Negative sampling...
09/04/2026,18:33:25: Model's personal time...
09/04/2026,18:33:25: Training...
09/04/2026,18:33:26: Evaluating...
09/04/2026,18:33:26: 	Train Loss: 3861381.7500 (base: 260.5661, kd: 7722.2422), Elapsed: train 2.52 test 0.43
09/04/2026,18:33:26: 	Recall@10: 0.06671 Recall@20: 0.09438 NDCG@10: 0.03915 NDCG@20: 0.04681 
09/04/2026,18:33:26: 	Recall@10: 0.02585 Recall@20: 0.04050 NDCG@10: 0.01478 NDCG@20: 0.01882 
09/04/2026,18:33:26: Epoch [68/1000]
09/04/2026,18:33:26: Negative sampling...
09/04/2026,18:33:28: Model's personal time...
09/04/2026,18:33:28: Training...
09/04/2026,18:33:29: Evaluating...
09/04/2026,18:33:29: 	Train Loss: 3858925.0000 (base: 257.3971, kd: 7717.3354), Elapsed: train 2.60 test 0.43
09/04/2026,18:33:29: 	Recall@10: 0.06695 Recall@20: 0.09346 NDCG@10: 0.03968 NDCG@20: 0.04706 
09/04/2026,18:33:29: 	Recall@10: 0.02568 Recall@20: 0.04163 NDCG@10: 0.01441 NDCG@20: 0.01879 
09/04/2026,18:33:29: Epoch [69/1000]
09/04/2026,18:33:29: Negative sampling...
09/04/2026,18:33:31: Model's personal time...
09/04/2026,18:33:31: Training...
09/04/2026,18:33:32: Evaluating...
09/04/2026,18:33:32: 	Train Loss: 3857772.0000 (base: 253.5444, kd: 7715.0366), Elapsed: train 2.60 test 0.41
09/04/2026,18:33:32: 	Recall@10: 0.06804 Recall@20: 0.09503 NDCG@10: 0.03980 NDCG@20: 0.04724 
09/04/2026,18:33:32: 	Recall@10: 0.02628 Recall@20: 0.04240 NDCG@10: 0.01473 NDCG@20: 0.01912 
09/04/2026,18:33:32: Epoch [70/1000]
09/04/2026,18:33:32: Negative sampling...
09/04/2026,18:33:34: Model's personal time...
09/04/2026,18:33:34: Training...
09/04/2026,18:33:35: Evaluating...
09/04/2026,18:33:35: 	Train Loss: 3857336.7500 (base: 251.4807, kd: 7714.1709), Elapsed: train 2.63 test 0.42
09/04/2026,18:33:35: 	Recall@10: 0.06732 Recall@20: 0.09424 NDCG@10: 0.03963 NDCG@20: 0.04708 
09/04/2026,18:33:35: 	Recall@10: 0.02550 Recall@20: 0.04212 NDCG@10: 0.01465 NDCG@20: 0.01917 
09/04/2026,18:33:35: Epoch [71/1000]
09/04/2026,18:33:35: Negative sampling...
09/04/2026,18:33:37: Model's personal time...
09/04/2026,18:33:37: Training...
09/04/2026,18:33:38: Evaluating...
09/04/2026,18:33:38: 	Train Loss: 3854746.7500 (base: 248.1456, kd: 7708.9971), Elapsed: train 2.58 test 0.41 *
09/04/2026,18:33:38: 	Recall@10: 0.06668 Recall@20: 0.09599 NDCG@10: 0.03930 NDCG@20: 0.04734 
09/04/2026,18:33:38: 	Recall@10: 0.02607 Recall@20: 0.04228 NDCG@10: 0.01480 NDCG@20: 0.01923 
09/04/2026,18:33:38: Epoch [72/1000]
09/04/2026,18:33:38: Negative sampling...
09/04/2026,18:33:40: Model's personal time...
09/04/2026,18:33:40: Training...
09/04/2026,18:33:41: Evaluating...
09/04/2026,18:33:41: 	Train Loss: 3853343.2500 (base: 250.3752, kd: 7706.1860), Elapsed: train 2.52 test 0.41
09/04/2026,18:33:41: 	Recall@10: 0.06753 Recall@20: 0.09380 NDCG@10: 0.03926 NDCG@20: 0.04654 
09/04/2026,18:33:41: 	Recall@10: 0.02630 Recall@20: 0.04219 NDCG@10: 0.01473 NDCG@20: 0.01904 
09/04/2026,18:33:41: Epoch [73/1000]
09/04/2026,18:33:41: Negative sampling...
09/04/2026,18:33:43: Model's personal time...
09/04/2026,18:33:43: Training...
09/04/2026,18:33:44: Evaluating...
09/04/2026,18:33:44: 	Train Loss: 3852485.5000 (base: 245.2023, kd: 7704.4800), Elapsed: train 2.63 test 0.42
09/04/2026,18:33:44: 	Recall@10: 0.06670 Recall@20: 0.09407 NDCG@10: 0.03932 NDCG@20: 0.04688 
09/04/2026,18:33:44: 	Recall@10: 0.02598 Recall@20: 0.04273 NDCG@10: 0.01471 NDCG@20: 0.01925 
09/04/2026,18:33:44: Epoch [74/1000]
09/04/2026,18:33:44: Negative sampling...
09/04/2026,18:33:46: Model's personal time...
09/04/2026,18:33:46: Training...
09/04/2026,18:33:47: Evaluating...
09/04/2026,18:33:47: 	Train Loss: 3851960.5000 (base: 245.2018, kd: 7703.4312), Elapsed: train 2.52 test 0.43
09/04/2026,18:33:47: 	Recall@10: 0.06655 Recall@20: 0.09410 NDCG@10: 0.03926 NDCG@20: 0.04682 
09/04/2026,18:33:47: 	Recall@10: 0.02581 Recall@20: 0.04250 NDCG@10: 0.01455 NDCG@20: 0.01909 
09/04/2026,18:33:47: Epoch [75/1000]
09/04/2026,18:33:47: Negative sampling...
09/04/2026,18:33:49: Model's personal time...
09/04/2026,18:33:49: Training...
09/04/2026,18:33:50: Evaluating...
09/04/2026,18:33:51: 	Train Loss: 3850268.7500 (base: 242.2328, kd: 7700.0527), Elapsed: train 2.80 test 0.45 *
09/04/2026,18:33:51: 	Recall@10: 0.06751 Recall@20: 0.09588 NDCG@10: 0.03953 NDCG@20: 0.04735 
09/04/2026,18:33:51: 	Recall@10: 0.02581 Recall@20: 0.04279 NDCG@10: 0.01466 NDCG@20: 0.01928 
09/04/2026,18:33:51: Epoch [76/1000]
09/04/2026,18:33:51: Negative sampling...
09/04/2026,18:33:52: Model's personal time...
09/04/2026,18:33:52: Training...
09/04/2026,18:33:53: Evaluating...
09/04/2026,18:33:54: 	Train Loss: 3849386.0000 (base: 237.4688, kd: 7698.2969), Elapsed: train 2.59 test 0.44
09/04/2026,18:33:54: 	Recall@10: 0.06759 Recall@20: 0.09496 NDCG@10: 0.03971 NDCG@20: 0.04728 
09/04/2026,18:33:54: 	Recall@10: 0.02635 Recall@20: 0.04265 NDCG@10: 0.01482 NDCG@20: 0.01925 
09/04/2026,18:33:54: Epoch [77/1000]
09/04/2026,18:33:54: Negative sampling...
09/04/2026,18:33:55: Model's personal time...
09/04/2026,18:33:55: Training...
09/04/2026,18:33:56: Evaluating...
09/04/2026,18:33:57: 	Train Loss: 3847259.2500 (base: 238.5105, kd: 7694.0420), Elapsed: train 2.63 test 0.44
09/04/2026,18:33:57: 	Recall@10: 0.06787 Recall@20: 0.09551 NDCG@10: 0.03959 NDCG@20: 0.04718 
09/04/2026,18:33:57: 	Recall@10: 0.02578 Recall@20: 0.04302 NDCG@10: 0.01471 NDCG@20: 0.01938 
09/04/2026,18:33:57: Epoch [78/1000]
09/04/2026,18:33:57: Negative sampling...
09/04/2026,18:33:58: Model's personal time...
09/04/2026,18:33:58: Training...
09/04/2026,18:33:59: Evaluating...
09/04/2026,18:34:00: 	Train Loss: 3847103.2500 (base: 237.3143, kd: 7693.7319), Elapsed: train 2.65 test 0.45
09/04/2026,18:34:00: 	Recall@10: 0.06724 Recall@20: 0.09381 NDCG@10: 0.03935 NDCG@20: 0.04671 
09/04/2026,18:34:00: 	Recall@10: 0.02623 Recall@20: 0.04216 NDCG@10: 0.01484 NDCG@20: 0.01917 
09/04/2026,18:34:00: Epoch [79/1000]
09/04/2026,18:34:00: Negative sampling...
09/04/2026,18:34:01: Model's personal time...
09/04/2026,18:34:01: Training...
09/04/2026,18:34:02: Evaluating...
09/04/2026,18:34:03: 	Train Loss: 3844770.0000 (base: 234.9905, kd: 7689.0698), Elapsed: train 2.53 test 0.45
09/04/2026,18:34:03: 	Recall@10: 0.06701 Recall@20: 0.09447 NDCG@10: 0.03952 NDCG@20: 0.04709 
09/04/2026,18:34:03: 	Recall@10: 0.02712 Recall@20: 0.04273 NDCG@10: 0.01512 NDCG@20: 0.01936 
09/04/2026,18:34:03: Epoch [80/1000]
09/04/2026,18:34:03: Negative sampling...
09/04/2026,18:34:04: Model's personal time...
09/04/2026,18:34:04: Training...
09/04/2026,18:34:05: Evaluating...
09/04/2026,18:34:06: 	Train Loss: 3845726.0000 (base: 230.3782, kd: 7690.9917), Elapsed: train 2.50 test 0.42
09/04/2026,18:34:06: 	Recall@10: 0.06700 Recall@20: 0.09490 NDCG@10: 0.03919 NDCG@20: 0.04689 
09/04/2026,18:34:06: 	Recall@10: 0.02658 Recall@20: 0.04338 NDCG@10: 0.01497 NDCG@20: 0.01951 
09/04/2026,18:34:06: Epoch [81/1000]
09/04/2026,18:34:06: Negative sampling...
09/04/2026,18:34:07: Model's personal time...
09/04/2026,18:34:07: Training...
09/04/2026,18:34:08: Evaluating...
09/04/2026,18:34:09: 	Train Loss: 3843630.2500 (base: 230.9559, kd: 7686.7983), Elapsed: train 2.56 test 0.41
09/04/2026,18:34:09: 	Recall@10: 0.06759 Recall@20: 0.09503 NDCG@10: 0.03942 NDCG@20: 0.04698 
09/04/2026,18:34:09: 	Recall@10: 0.02562 Recall@20: 0.04262 NDCG@10: 0.01464 NDCG@20: 0.01926 
09/04/2026,18:34:09: Epoch [82/1000]
09/04/2026,18:34:09: Negative sampling...
09/04/2026,18:34:10: Model's personal time...
09/04/2026,18:34:10: Training...
09/04/2026,18:34:11: Evaluating...
09/04/2026,18:34:12: 	Train Loss: 3842127.0000 (base: 228.2326, kd: 7683.7979), Elapsed: train 2.60 test 0.47
09/04/2026,18:34:12: 	Recall@10: 0.06751 Recall@20: 0.09411 NDCG@10: 0.03955 NDCG@20: 0.04701 
09/04/2026,18:34:12: 	Recall@10: 0.02651 Recall@20: 0.04296 NDCG@10: 0.01494 NDCG@20: 0.01939 
09/04/2026,18:34:12: Epoch [83/1000]
09/04/2026,18:34:12: Negative sampling...
09/04/2026,18:34:13: Model's personal time...
09/04/2026,18:34:13: Training...
09/04/2026,18:34:14: Evaluating...
09/04/2026,18:34:15: 	Train Loss: 3840972.0000 (base: 224.6979, kd: 7681.4946), Elapsed: train 2.55 test 0.48
09/04/2026,18:34:15: 	Recall@10: 0.06816 Recall@20: 0.09425 NDCG@10: 0.03953 NDCG@20: 0.04668 
09/04/2026,18:34:15: 	Recall@10: 0.02629 Recall@20: 0.04280 NDCG@10: 0.01483 NDCG@20: 0.01931 
09/04/2026,18:34:15: Epoch [84/1000]
09/04/2026,18:34:15: Negative sampling...
09/04/2026,18:34:16: Model's personal time...
09/04/2026,18:34:16: Training...
09/04/2026,18:34:17: Evaluating...
09/04/2026,18:34:18: 	Train Loss: 3841294.2500 (base: 219.9667, kd: 7682.1484), Elapsed: train 2.62 test 0.49
09/04/2026,18:34:18: 	Recall@10: 0.06810 Recall@20: 0.09427 NDCG@10: 0.03983 NDCG@20: 0.04703 
09/04/2026,18:34:18: 	Recall@10: 0.02656 Recall@20: 0.04260 NDCG@10: 0.01487 NDCG@20: 0.01922 
09/04/2026,18:34:18: Epoch [85/1000]
09/04/2026,18:34:18: Negative sampling...
09/04/2026,18:34:19: Model's personal time...
09/04/2026,18:34:20: Training...
09/04/2026,18:34:21: Evaluating...
09/04/2026,18:34:21: 	Train Loss: 3841002.2500 (base: 220.0062, kd: 7681.5649), Elapsed: train 2.95 test 0.44
09/04/2026,18:34:21: 	Recall@10: 0.06720 Recall@20: 0.09314 NDCG@10: 0.03915 NDCG@20: 0.04626 
09/04/2026,18:34:21: 	Recall@10: 0.02660 Recall@20: 0.04321 NDCG@10: 0.01485 NDCG@20: 0.01934 
09/04/2026,18:34:21: Epoch [86/1000]
09/04/2026,18:34:21: Negative sampling...
09/04/2026,18:34:23: Model's personal time...
09/04/2026,18:34:23: Training...
09/04/2026,18:34:24: Evaluating...
09/04/2026,18:34:25: 	Train Loss: 3839307.0000 (base: 221.5328, kd: 7678.1709), Elapsed: train 2.73 test 0.48
09/04/2026,18:34:25: 	Recall@10: 0.06663 Recall@20: 0.09558 NDCG@10: 0.03935 NDCG@20: 0.04725 
09/04/2026,18:34:25: 	Recall@10: 0.02722 Recall@20: 0.04350 NDCG@10: 0.01511 NDCG@20: 0.01950 
09/04/2026,18:34:25: Epoch [87/1000]
09/04/2026,18:34:25: Negative sampling...
09/04/2026,18:34:26: Model's personal time...
09/04/2026,18:34:26: Training...
09/04/2026,18:34:27: Evaluating...
09/04/2026,18:34:28: 	Train Loss: 3837127.5000 (base: 218.7816, kd: 7673.8174), Elapsed: train 2.72 test 0.42
09/04/2026,18:34:28: 	Recall@10: 0.06793 Recall@20: 0.09398 NDCG@10: 0.03956 NDCG@20: 0.04667 
09/04/2026,18:34:28: 	Recall@10: 0.02786 Recall@20: 0.04484 NDCG@10: 0.01515 NDCG@20: 0.01970 
09/04/2026,18:34:28: Epoch [88/1000]
09/04/2026,18:34:28: Negative sampling...
09/04/2026,18:34:29: Model's personal time...
09/04/2026,18:34:29: Training...
09/04/2026,18:34:30: Evaluating...
09/04/2026,18:34:31: 	Train Loss: 3838545.0000 (base: 218.4778, kd: 7676.6528), Elapsed: train 2.73 test 0.47
09/04/2026,18:34:31: 	Recall@10: 0.06691 Recall@20: 0.09481 NDCG@10: 0.03933 NDCG@20: 0.04698 
09/04/2026,18:34:31: 	Recall@10: 0.02683 Recall@20: 0.04308 NDCG@10: 0.01496 NDCG@20: 0.01937 
09/04/2026,18:34:31: Epoch [89/1000]
09/04/2026,18:34:31: Negative sampling...
09/04/2026,18:34:32: Model's personal time...
09/04/2026,18:34:32: Training...
09/04/2026,18:34:34: Evaluating...
09/04/2026,18:34:34: 	Train Loss: 3835789.7500 (base: 216.4279, kd: 7671.1465), Elapsed: train 2.59 test 0.46
09/04/2026,18:34:34: 	Recall@10: 0.06784 Recall@20: 0.09434 NDCG@10: 0.03923 NDCG@20: 0.04649 
09/04/2026,18:34:34: 	Recall@10: 0.02683 Recall@20: 0.04382 NDCG@10: 0.01511 NDCG@20: 0.01971 
09/04/2026,18:34:34: Epoch [90/1000]
09/04/2026,18:34:34: Negative sampling...
09/04/2026,18:34:36: Model's personal time...
09/04/2026,18:34:36: Training...
09/04/2026,18:34:37: Evaluating...
09/04/2026,18:34:38: 	Train Loss: 3835996.0000 (base: 214.4368, kd: 7671.5625), Elapsed: train 3.05 test 0.52
09/04/2026,18:34:38: 	Recall@10: 0.06771 Recall@20: 0.09305 NDCG@10: 0.03946 NDCG@20: 0.04649 
09/04/2026,18:34:38: 	Recall@10: 0.02632 Recall@20: 0.04393 NDCG@10: 0.01485 NDCG@20: 0.01958 
09/04/2026,18:34:38: Epoch [91/1000]
09/04/2026,18:34:38: Negative sampling...
09/04/2026,18:34:39: Model's personal time...
09/04/2026,18:34:39: Training...
09/04/2026,18:34:40: Evaluating...
09/04/2026,18:34:41: 	Train Loss: 3834217.0000 (base: 211.8895, kd: 7668.0103), Elapsed: train 2.58 test 0.44
09/04/2026,18:34:41: 	Recall@10: 0.06679 Recall@20: 0.09336 NDCG@10: 0.03898 NDCG@20: 0.04635 
09/04/2026,18:34:41: 	Recall@10: 0.02694 Recall@20: 0.04405 NDCG@10: 0.01497 NDCG@20: 0.01957 
09/04/2026,18:34:41: Epoch [92/1000]
09/04/2026,18:34:41: Negative sampling...
09/04/2026,18:34:42: Model's personal time...
09/04/2026,18:34:42: Training...
09/04/2026,18:34:43: Evaluating...
09/04/2026,18:34:44: 	Train Loss: 3834276.2500 (base: 213.6873, kd: 7668.1250), Elapsed: train 2.84 test 0.45
09/04/2026,18:34:44: 	Recall@10: 0.06734 Recall@20: 0.09525 NDCG@10: 0.03963 NDCG@20: 0.04727 
09/04/2026,18:34:44: 	Recall@10: 0.02700 Recall@20: 0.04355 NDCG@10: 0.01503 NDCG@20: 0.01951 
09/04/2026,18:34:44: Epoch [93/1000]
09/04/2026,18:34:44: Negative sampling...
09/04/2026,18:34:45: Model's personal time...
09/04/2026,18:34:45: Training...
09/04/2026,18:34:47: Evaluating...
09/04/2026,18:34:47: 	Train Loss: 3832346.0000 (base: 206.6911, kd: 7664.2783), Elapsed: train 2.71 test 0.45
09/04/2026,18:34:47: 	Recall@10: 0.06749 Recall@20: 0.09338 NDCG@10: 0.03931 NDCG@20: 0.04642 
09/04/2026,18:34:47: 	Recall@10: 0.02716 Recall@20: 0.04366 NDCG@10: 0.01505 NDCG@20: 0.01954 
09/04/2026,18:34:47: Epoch [94/1000]
09/04/2026,18:34:47: Negative sampling...
09/04/2026,18:34:48: Model's personal time...
09/04/2026,18:34:49: Training...
09/04/2026,18:34:50: Evaluating...
09/04/2026,18:34:50: 	Train Loss: 3832288.5000 (base: 207.0740, kd: 7664.1631), Elapsed: train 2.61 test 0.49
09/04/2026,18:34:50: 	Recall@10: 0.06685 Recall@20: 0.09454 NDCG@10: 0.03918 NDCG@20: 0.04681 
09/04/2026,18:34:50: 	Recall@10: 0.02692 Recall@20: 0.04355 NDCG@10: 0.01506 NDCG@20: 0.01955 
09/04/2026,18:34:50: Epoch [95/1000]
09/04/2026,18:34:50: Negative sampling...
09/04/2026,18:34:52: Model's personal time...
09/04/2026,18:34:52: Training...
09/04/2026,18:34:53: Evaluating...
09/04/2026,18:34:53: 	Train Loss: 3831581.2500 (base: 204.3761, kd: 7662.7539), Elapsed: train 2.61 test 0.42
09/04/2026,18:34:53: 	Recall@10: 0.06749 Recall@20: 0.09321 NDCG@10: 0.03953 NDCG@20: 0.04670 
09/04/2026,18:34:53: 	Recall@10: 0.02700 Recall@20: 0.04394 NDCG@10: 0.01492 NDCG@20: 0.01952 
09/04/2026,18:34:53: Epoch [96/1000]
09/04/2026,18:34:53: Negative sampling...
09/04/2026,18:34:55: Model's personal time...
09/04/2026,18:34:55: Training...
09/04/2026,18:34:56: Evaluating...
09/04/2026,18:34:56: 	Train Loss: 3830915.5000 (base: 202.8654, kd: 7661.4258), Elapsed: train 2.54 test 0.43
09/04/2026,18:34:56: 	Recall@10: 0.06710 Recall@20: 0.09367 NDCG@10: 0.03931 NDCG@20: 0.04659 
09/04/2026,18:34:56: 	Recall@10: 0.02672 Recall@20: 0.04352 NDCG@10: 0.01493 NDCG@20: 0.01947 
09/04/2026,18:34:56: Epoch [97/1000]
09/04/2026,18:34:56: Negative sampling...
09/04/2026,18:34:58: Model's personal time...
09/04/2026,18:34:58: Training...
09/04/2026,18:34:59: Evaluating...
09/04/2026,18:34:59: 	Train Loss: 3830379.7500 (base: 205.3121, kd: 7660.3486), Elapsed: train 2.55 test 0.48
09/04/2026,18:34:59: 	Recall@10: 0.06784 Recall@20: 0.09467 NDCG@10: 0.03949 NDCG@20: 0.04682 
09/04/2026,18:34:59: 	Recall@10: 0.02716 Recall@20: 0.04327 NDCG@10: 0.01488 NDCG@20: 0.01929 
09/04/2026,18:34:59: Epoch [98/1000]
09/04/2026,18:34:59: Negative sampling...
09/04/2026,18:35:01: Model's personal time...
09/04/2026,18:35:01: Training...
09/04/2026,18:35:02: Evaluating...
09/04/2026,18:35:02: 	Train Loss: 3828746.7500 (base: 202.6530, kd: 7657.0879), Elapsed: train 2.69 test 0.44
09/04/2026,18:35:02: 	Recall@10: 0.06668 Recall@20: 0.09386 NDCG@10: 0.03900 NDCG@20: 0.04652 
09/04/2026,18:35:02: 	Recall@10: 0.02681 Recall@20: 0.04363 NDCG@10: 0.01500 NDCG@20: 0.01953 
09/04/2026,18:35:02: Epoch [99/1000]
09/04/2026,18:35:02: Negative sampling...
09/04/2026,18:35:04: Model's personal time...
09/04/2026,18:35:04: Training...
09/04/2026,18:35:05: Evaluating...
09/04/2026,18:35:05: 	Train Loss: 3828605.0000 (base: 197.7268, kd: 7656.8135), Elapsed: train 2.65 test 0.44
09/04/2026,18:35:05: 	Recall@10: 0.06823 Recall@20: 0.09421 NDCG@10: 0.03980 NDCG@20: 0.04693 
09/04/2026,18:35:05: 	Recall@10: 0.02694 Recall@20: 0.04332 NDCG@10: 0.01486 NDCG@20: 0.01929 
09/04/2026,18:35:05: Epoch [100/1000]
09/04/2026,18:35:05: Negative sampling...
09/04/2026,18:35:07: Model's personal time...
09/04/2026,18:35:07: Training...
09/04/2026,18:35:08: Evaluating...
09/04/2026,18:35:09: 	Train Loss: 3828266.2500 (base: 199.6771, kd: 7656.1323), Elapsed: train 2.72 test 0.42
09/04/2026,18:35:09: 	Recall@10: 0.06714 Recall@20: 0.09403 NDCG@10: 0.03936 NDCG@20: 0.04681 
09/04/2026,18:35:09: 	Recall@10: 0.02755 Recall@20: 0.04371 NDCG@10: 0.01521 NDCG@20: 0.01960 
09/04/2026,18:35:09: Epoch [101/1000]
09/04/2026,18:35:09: Negative sampling...
09/04/2026,18:35:10: Model's personal time...
09/04/2026,18:35:10: Training...
09/04/2026,18:35:11: Evaluating...
09/04/2026,18:35:12: 	Train Loss: 3827227.2500 (base: 198.7887, kd: 7654.0571), Elapsed: train 2.57 test 0.42
09/04/2026,18:35:12: 	Recall@10: 0.06706 Recall@20: 0.09429 NDCG@10: 0.03937 NDCG@20: 0.04687 
09/04/2026,18:35:12: 	Recall@10: 0.02783 Recall@20: 0.04325 NDCG@10: 0.01530 NDCG@20: 0.01946 
09/04/2026,18:35:12: Epoch [102/1000]
09/04/2026,18:35:12: Negative sampling...
09/04/2026,18:35:13: Model's personal time...
09/04/2026,18:35:13: Training...
09/04/2026,18:35:14: Evaluating...
09/04/2026,18:35:15: 	Train Loss: 3827832.7500 (base: 198.4982, kd: 7655.2686), Elapsed: train 2.63 test 0.41
09/04/2026,18:35:15: 	Recall@10: 0.06663 Recall@20: 0.09415 NDCG@10: 0.03903 NDCG@20: 0.04663 
09/04/2026,18:35:15: 	Recall@10: 0.02758 Recall@20: 0.04344 NDCG@10: 0.01512 NDCG@20: 0.01940 
09/04/2026,18:35:15: Epoch [103/1000]
09/04/2026,18:35:15: Negative sampling...
09/04/2026,18:35:16: Model's personal time...
09/04/2026,18:35:16: Training...
09/04/2026,18:35:17: Evaluating...
09/04/2026,18:35:17: 	Train Loss: 3826754.0000 (base: 197.2133, kd: 7653.1133), Elapsed: train 2.46 test 0.42
09/04/2026,18:35:17: 	Recall@10: 0.06670 Recall@20: 0.09404 NDCG@10: 0.03925 NDCG@20: 0.04673 
09/04/2026,18:35:17: 	Recall@10: 0.02697 Recall@20: 0.04326 NDCG@10: 0.01493 NDCG@20: 0.01936 
09/04/2026,18:35:17: Epoch [104/1000]
09/04/2026,18:35:17: Negative sampling...
09/04/2026,18:35:19: Model's personal time...
09/04/2026,18:35:19: Training...
09/04/2026,18:35:20: Evaluating...
09/04/2026,18:35:20: 	Train Loss: 3826079.5000 (base: 194.4392, kd: 7651.7700), Elapsed: train 2.60 test 0.43
09/04/2026,18:35:20: 	Recall@10: 0.06581 Recall@20: 0.09450 NDCG@10: 0.03904 NDCG@20: 0.04692 
09/04/2026,18:35:20: 	Recall@10: 0.02729 Recall@20: 0.04270 NDCG@10: 0.01528 NDCG@20: 0.01946 
09/04/2026,18:35:20: Epoch [105/1000]
09/04/2026,18:35:20: Negative sampling...
09/04/2026,18:35:22: Model's personal time...
09/04/2026,18:35:22: Training...
09/04/2026,18:35:23: Evaluating...
09/04/2026,18:35:23: 	Train Loss: 3825188.7500 (base: 189.6783, kd: 7649.9985), Elapsed: train 2.52 test 0.43
09/04/2026,18:35:23: 	Recall@10: 0.06589 Recall@20: 0.09430 NDCG@10: 0.03873 NDCG@20: 0.04653 
09/04/2026,18:35:23: 	Recall@10: 0.02729 Recall@20: 0.04412 NDCG@10: 0.01519 NDCG@20: 0.01971 
09/04/2026,18:35:23: ------------------------------
09/04/2026,18:35:23: valid Recall@10: 0.06751 Recall@20: 0.09588 NDCG@10: 0.03953 NDCG@20: 0.04735
09/04/2026,18:35:23: test Recall@10: 0.02581 Recall@20: 0.04279 NDCG@10: 0.01466 NDCG@20: 0.01928
