----------------------------------------TEACHER----------------------------------------
init_std                                 0.01
embedding_dim                            400
----------------------------------------TEACHER----------------------------------------
----------------------------------------STUDENT----------------------------------------
init_std                                 0.01
embedding_dim                            20
----------------------------------------STUDENT----------------------------------------
----------------------------------------ARGUMENTS----------------------------------------
run_all                                  False
seed                                     0
gpu_id                                   0
no_log                                   False
no_save                                  False
suffix                                   no_soft_seed0_es20
verbose                                  False
ablation                                 False
task                                     rec
dataset                                  citeulike
batch_size                               2048
num_ns                                   1
neg_sampling_on_all                      False
T_backbone                               bpr
S_backbone                               bpr
model                                    srcekd
preload                                  False
postsave                                 False
train_teacher                            False
ckpt_interval                            -1
epochs                                   1000
lr                                       0.001
wd                                       1e-05
lmbda                                    500
srce_alpha                               0
srce_s                                   20
srce_eta                                 0
srce_Lu                                  20
eval_period                              1
K_list                                   [10, 20]
early_stop_metric                        NDCG
early_stop_K                             20
early_stop_patience                      30
LOG_DIR                                  logs/
CONFIG_DIR                               configs/
DATA_DIR                                 data/
CKPT_DIR                                 checkpoints/
CRAFT_DIR                                crafts/
mkd_tau                                  1
mkd_K                                    50
mkd_L                                    50
mkd_T                                    10
mkd_mxK                                  200
----------------------------------------ARGUMENTS----------------------------------------
----------------------------------------Teacher----------------------------------------
09/04/2026,19:04:36: ------------------------------
09/04/2026,19:04:36: valid Recall@10: 0.06778 Recall@20: 0.10315 NDCG@10: 0.04052 NDCG@20: 0.05027
09/04/2026,19:04:36: test Recall@10: 0.02747 Recall@20: 0.04385 NDCG@10: 0.01551 NDCG@20: 0.02003
----------------------------------------------------------------------------------------
09/04/2026,19:04:36: Epoch [1/1000]
09/04/2026,19:04:36: Negative sampling...
09/04/2026,19:04:37: Model's personal time...
09/04/2026,19:04:38: Training...
09/04/2026,19:04:39: Evaluating...
09/04/2026,19:04:39: 	Train Loss: 5073421.5000 (base: 1390.5159, kd: 10144.0605), Elapsed: train 2.75 test 0.43 *
09/04/2026,19:04:39: 	Recall@10: 0.02095 Recall@20: 0.03207 NDCG@10: 0.01282 NDCG@20: 0.01580 
09/04/2026,19:04:39: 	Recall@10: 0.01005 Recall@20: 0.01418 NDCG@10: 0.00578 NDCG@20: 0.00695 
09/04/2026,19:04:39: Epoch [2/1000]
09/04/2026,19:04:39: Negative sampling...
09/04/2026,19:04:41: Model's personal time...
09/04/2026,19:04:41: Training...
09/04/2026,19:04:42: Evaluating...
09/04/2026,19:04:42: 	Train Loss: 4900128.5000 (base: 1376.7625, kd: 9797.5039), Elapsed: train 2.75 test 0.43 *
09/04/2026,19:04:42: 	Recall@10: 0.03722 Recall@20: 0.05456 NDCG@10: 0.02356 NDCG@20: 0.02829 
09/04/2026,19:04:42: 	Recall@10: 0.01647 Recall@20: 0.02517 NDCG@10: 0.00921 NDCG@20: 0.01161 
09/04/2026,19:04:42: Epoch [3/1000]
09/04/2026,19:04:42: Negative sampling...
09/04/2026,19:04:44: Model's personal time...
09/04/2026,19:04:44: Training...
09/04/2026,19:04:45: Evaluating...
09/04/2026,19:04:45: 	Train Loss: 4824538.5000 (base: 1347.7496, kd: 9646.3809), Elapsed: train 2.41 test 0.44 *
09/04/2026,19:04:45: 	Recall@10: 0.03551 Recall@20: 0.05610 NDCG@10: 0.02334 NDCG@20: 0.02883 
09/04/2026,19:04:45: 	Recall@10: 0.01497 Recall@20: 0.02378 NDCG@10: 0.00868 NDCG@20: 0.01113 
09/04/2026,19:04:45: Epoch [4/1000]
09/04/2026,19:04:45: Negative sampling...
09/04/2026,19:04:47: Model's personal time...
09/04/2026,19:04:47: Training...
09/04/2026,19:04:48: Evaluating...
09/04/2026,19:04:48: 	Train Loss: 4749386.5000 (base: 1307.9788, kd: 9496.1562), Elapsed: train 2.56 test 0.50 *
09/04/2026,19:04:48: 	Recall@10: 0.04094 Recall@20: 0.06068 NDCG@10: 0.02574 NDCG@20: 0.03126 
09/04/2026,19:04:48: 	Recall@10: 0.01652 Recall@20: 0.02540 NDCG@10: 0.00960 NDCG@20: 0.01200 
09/04/2026,19:04:48: Epoch [5/1000]
09/04/2026,19:04:48: Negative sampling...
09/04/2026,19:04:50: Model's personal time...
09/04/2026,19:04:50: Training...
09/04/2026,19:04:51: Evaluating...
09/04/2026,19:04:51: 	Train Loss: 4649836.5000 (base: 1256.8696, kd: 9297.1582), Elapsed: train 2.57 test 0.44 *
09/04/2026,19:04:51: 	Recall@10: 0.04107 Recall@20: 0.06283 NDCG@10: 0.02562 NDCG@20: 0.03157 
09/04/2026,19:04:51: 	Recall@10: 0.01574 Recall@20: 0.02709 NDCG@10: 0.00918 NDCG@20: 0.01227 
09/04/2026,19:04:51: Epoch [6/1000]
09/04/2026,19:04:51: Negative sampling...
09/04/2026,19:04:53: Model's personal time...
09/04/2026,19:04:53: Training...
09/04/2026,19:04:54: Evaluating...
09/04/2026,19:04:55: 	Train Loss: 4552519.5000 (base: 1200.4176, kd: 9102.6396), Elapsed: train 2.88 test 0.41 *
09/04/2026,19:04:55: 	Recall@10: 0.04311 Recall@20: 0.06421 NDCG@10: 0.02691 NDCG@20: 0.03270 
09/04/2026,19:04:55: 	Recall@10: 0.01653 Recall@20: 0.02647 NDCG@10: 0.00962 NDCG@20: 0.01231 
09/04/2026,19:04:55: Epoch [7/1000]
09/04/2026,19:04:55: Negative sampling...
09/04/2026,19:04:56: Model's personal time...
09/04/2026,19:04:56: Training...
09/04/2026,19:04:57: Evaluating...
09/04/2026,19:04:58: 	Train Loss: 4461865.0000 (base: 1139.6423, kd: 8921.4502), Elapsed: train 2.67 test 0.41
09/04/2026,19:04:58: 	Recall@10: 0.04373 Recall@20: 0.06293 NDCG@10: 0.02735 NDCG@20: 0.03261 
09/04/2026,19:04:58: 	Recall@10: 0.01680 Recall@20: 0.02688 NDCG@10: 0.00931 NDCG@20: 0.01209 
09/04/2026,19:04:58: Epoch [8/1000]
09/04/2026,19:04:58: Negative sampling...
09/04/2026,19:04:59: Model's personal time...
09/04/2026,19:04:59: Training...
09/04/2026,19:05:00: Evaluating...
09/04/2026,19:05:01: 	Train Loss: 4380096.0000 (base: 1078.1859, kd: 8758.0342), Elapsed: train 2.53 test 0.41 *
09/04/2026,19:05:01: 	Recall@10: 0.04619 Recall@20: 0.06610 NDCG@10: 0.02836 NDCG@20: 0.03375 
09/04/2026,19:05:01: 	Recall@10: 0.01753 Recall@20: 0.02816 NDCG@10: 0.00958 NDCG@20: 0.01249 
09/04/2026,19:05:01: Epoch [9/1000]
09/04/2026,19:05:01: Negative sampling...
09/04/2026,19:05:02: Model's personal time...
09/04/2026,19:05:02: Training...
09/04/2026,19:05:03: Evaluating...
09/04/2026,19:05:04: 	Train Loss: 4317086.5000 (base: 1018.8243, kd: 8632.1348), Elapsed: train 2.67 test 0.52 *
09/04/2026,19:05:04: 	Recall@10: 0.04730 Recall@20: 0.06781 NDCG@10: 0.02899 NDCG@20: 0.03457 
09/04/2026,19:05:04: 	Recall@10: 0.01802 Recall@20: 0.02853 NDCG@10: 0.00996 NDCG@20: 0.01290 
09/04/2026,19:05:04: Epoch [10/1000]
09/04/2026,19:05:04: Negative sampling...
09/04/2026,19:05:05: Model's personal time...
09/04/2026,19:05:05: Training...
09/04/2026,19:05:06: Evaluating...
09/04/2026,19:05:07: 	Train Loss: 4261498.5000 (base: 959.6667, kd: 8521.0781), Elapsed: train 2.65 test 0.41 *
09/04/2026,19:05:07: 	Recall@10: 0.04906 Recall@20: 0.06930 NDCG@10: 0.02986 NDCG@20: 0.03543 
09/04/2026,19:05:07: 	Recall@10: 0.01879 Recall@20: 0.02966 NDCG@10: 0.01010 NDCG@20: 0.01311 
09/04/2026,19:05:07: Epoch [11/1000]
09/04/2026,19:05:07: Negative sampling...
09/04/2026,19:05:08: Model's personal time...
09/04/2026,19:05:08: Training...
09/04/2026,19:05:09: Evaluating...
09/04/2026,19:05:10: 	Train Loss: 4215415.0000 (base: 906.8514, kd: 8429.0166), Elapsed: train 2.49 test 0.42 *
09/04/2026,19:05:10: 	Recall@10: 0.05099 Recall@20: 0.07276 NDCG@10: 0.03093 NDCG@20: 0.03685 
09/04/2026,19:05:10: 	Recall@10: 0.01947 Recall@20: 0.03087 NDCG@10: 0.01045 NDCG@20: 0.01359 
09/04/2026,19:05:10: Epoch [12/1000]
09/04/2026,19:05:10: Negative sampling...
09/04/2026,19:05:11: Model's personal time...
09/04/2026,19:05:11: Training...
09/04/2026,19:05:12: Evaluating...
09/04/2026,19:05:13: 	Train Loss: 4178793.7500 (base: 856.2652, kd: 8355.8750), Elapsed: train 2.51 test 0.41 *
09/04/2026,19:05:13: 	Recall@10: 0.05214 Recall@20: 0.07475 NDCG@10: 0.03176 NDCG@20: 0.03796 
09/04/2026,19:05:13: 	Recall@10: 0.02012 Recall@20: 0.03169 NDCG@10: 0.01116 NDCG@20: 0.01438 
09/04/2026,19:05:13: Epoch [13/1000]
09/04/2026,19:05:13: Negative sampling...
09/04/2026,19:05:14: Model's personal time...
09/04/2026,19:05:14: Training...
09/04/2026,19:05:15: Evaluating...
09/04/2026,19:05:16: 	Train Loss: 4145178.2500 (base: 811.7690, kd: 8288.7334), Elapsed: train 2.36 test 0.42 *
09/04/2026,19:05:16: 	Recall@10: 0.05199 Recall@20: 0.07610 NDCG@10: 0.03161 NDCG@20: 0.03823 
09/04/2026,19:05:16: 	Recall@10: 0.02045 Recall@20: 0.03225 NDCG@10: 0.01124 NDCG@20: 0.01448 
09/04/2026,19:05:16: Epoch [14/1000]
09/04/2026,19:05:16: Negative sampling...
09/04/2026,19:05:17: Model's personal time...
09/04/2026,19:05:17: Training...
09/04/2026,19:05:18: Evaluating...
09/04/2026,19:05:18: 	Train Loss: 4117235.5000 (base: 768.4385, kd: 8232.9346), Elapsed: train 2.55 test 0.42 *
09/04/2026,19:05:18: 	Recall@10: 0.05280 Recall@20: 0.07763 NDCG@10: 0.03216 NDCG@20: 0.03897 
09/04/2026,19:05:18: 	Recall@10: 0.02147 Recall@20: 0.03313 NDCG@10: 0.01179 NDCG@20: 0.01496 
09/04/2026,19:05:18: Epoch [15/1000]
09/04/2026,19:05:18: Negative sampling...
09/04/2026,19:05:20: Model's personal time...
09/04/2026,19:05:20: Training...
09/04/2026,19:05:21: Evaluating...
09/04/2026,19:05:21: 	Train Loss: 4091306.2500 (base: 728.8318, kd: 8181.1553), Elapsed: train 2.59 test 0.42 *
09/04/2026,19:05:21: 	Recall@10: 0.05254 Recall@20: 0.07963 NDCG@10: 0.03261 NDCG@20: 0.03998 
09/04/2026,19:05:21: 	Recall@10: 0.02156 Recall@20: 0.03428 NDCG@10: 0.01195 NDCG@20: 0.01539 
09/04/2026,19:05:21: Epoch [16/1000]
09/04/2026,19:05:21: Negative sampling...
09/04/2026,19:05:23: Model's personal time...
09/04/2026,19:05:23: Training...
09/04/2026,19:05:24: Evaluating...
09/04/2026,19:05:24: 	Train Loss: 4067390.2500 (base: 694.2589, kd: 8133.3921), Elapsed: train 2.39 test 0.43 *
09/04/2026,19:05:24: 	Recall@10: 0.05364 Recall@20: 0.07982 NDCG@10: 0.03308 NDCG@20: 0.04014 
09/04/2026,19:05:24: 	Recall@10: 0.02239 Recall@20: 0.03545 NDCG@10: 0.01225 NDCG@20: 0.01577 
09/04/2026,19:05:24: Epoch [17/1000]
09/04/2026,19:05:24: Negative sampling...
09/04/2026,19:05:26: Model's personal time...
09/04/2026,19:05:26: Training...
09/04/2026,19:05:27: Evaluating...
09/04/2026,19:05:27: 	Train Loss: 4048626.7500 (base: 663.7020, kd: 8095.9263), Elapsed: train 2.52 test 0.42 *
09/04/2026,19:05:27: 	Recall@10: 0.05508 Recall@20: 0.08158 NDCG@10: 0.03340 NDCG@20: 0.04060 
09/04/2026,19:05:27: 	Recall@10: 0.02230 Recall@20: 0.03537 NDCG@10: 0.01240 NDCG@20: 0.01593 
09/04/2026,19:05:27: Epoch [18/1000]
09/04/2026,19:05:27: Negative sampling...
09/04/2026,19:05:29: Model's personal time...
09/04/2026,19:05:29: Training...
09/04/2026,19:05:30: Evaluating...
09/04/2026,19:05:30: 	Train Loss: 4029159.0000 (base: 635.0380, kd: 8057.0483), Elapsed: train 2.53 test 0.42 *
09/04/2026,19:05:30: 	Recall@10: 0.05512 Recall@20: 0.08156 NDCG@10: 0.03375 NDCG@20: 0.04094 
09/04/2026,19:05:30: 	Recall@10: 0.02345 Recall@20: 0.03529 NDCG@10: 0.01276 NDCG@20: 0.01598 
09/04/2026,19:05:30: Epoch [19/1000]
09/04/2026,19:05:30: Negative sampling...
09/04/2026,19:05:32: Model's personal time...
09/04/2026,19:05:32: Training...
09/04/2026,19:05:33: Evaluating...
09/04/2026,19:05:33: 	Train Loss: 4015105.0000 (base: 608.4971, kd: 8028.9927), Elapsed: train 2.44 test 0.43 *
09/04/2026,19:05:33: 	Recall@10: 0.05595 Recall@20: 0.08303 NDCG@10: 0.03414 NDCG@20: 0.04148 
09/04/2026,19:05:33: 	Recall@10: 0.02338 Recall@20: 0.03635 NDCG@10: 0.01287 NDCG@20: 0.01638 
09/04/2026,19:05:33: Epoch [20/1000]
09/04/2026,19:05:33: Negative sampling...
09/04/2026,19:05:35: Model's personal time...
09/04/2026,19:05:35: Training...
09/04/2026,19:05:36: Evaluating...
09/04/2026,19:05:36: 	Train Loss: 3998916.5000 (base: 584.7647, kd: 7996.6636), Elapsed: train 2.72 test 0.43 *
09/04/2026,19:05:36: 	Recall@10: 0.05645 Recall@20: 0.08396 NDCG@10: 0.03443 NDCG@20: 0.04187 
09/04/2026,19:05:36: 	Recall@10: 0.02350 Recall@20: 0.03653 NDCG@10: 0.01300 NDCG@20: 0.01651 
09/04/2026,19:05:36: Epoch [21/1000]
09/04/2026,19:05:36: Negative sampling...
09/04/2026,19:05:38: Model's personal time...
09/04/2026,19:05:38: Training...
09/04/2026,19:05:39: Evaluating...
09/04/2026,19:05:39: 	Train Loss: 3985035.0000 (base: 561.2012, kd: 7968.9482), Elapsed: train 2.59 test 0.42 *
09/04/2026,19:05:39: 	Recall@10: 0.05626 Recall@20: 0.08521 NDCG@10: 0.03422 NDCG@20: 0.04208 
09/04/2026,19:05:39: 	Recall@10: 0.02328 Recall@20: 0.03616 NDCG@10: 0.01294 NDCG@20: 0.01645 
09/04/2026,19:05:39: Epoch [22/1000]
09/04/2026,19:05:39: Negative sampling...
09/04/2026,19:05:41: Model's personal time...
09/04/2026,19:05:41: Training...
09/04/2026,19:05:42: Evaluating...
09/04/2026,19:05:42: 	Train Loss: 3973353.0000 (base: 542.6902, kd: 7945.6211), Elapsed: train 2.40 test 0.44 *
09/04/2026,19:05:42: 	Recall@10: 0.05699 Recall@20: 0.08667 NDCG@10: 0.03456 NDCG@20: 0.04259 
09/04/2026,19:05:42: 	Recall@10: 0.02458 Recall@20: 0.03547 NDCG@10: 0.01341 NDCG@20: 0.01636 
09/04/2026,19:05:42: Epoch [23/1000]
09/04/2026,19:05:42: Negative sampling...
09/04/2026,19:05:43: Model's personal time...
09/04/2026,19:05:44: Training...
09/04/2026,19:05:45: Evaluating...
09/04/2026,19:05:45: 	Train Loss: 3961507.7500 (base: 523.7805, kd: 7921.9678), Elapsed: train 2.62 test 0.46 *
09/04/2026,19:05:45: 	Recall@10: 0.05840 Recall@20: 0.08687 NDCG@10: 0.03499 NDCG@20: 0.04279 
09/04/2026,19:05:45: 	Recall@10: 0.02401 Recall@20: 0.03648 NDCG@10: 0.01332 NDCG@20: 0.01670 
09/04/2026,19:05:45: Epoch [24/1000]
09/04/2026,19:05:45: Negative sampling...
09/04/2026,19:05:47: Model's personal time...
09/04/2026,19:05:47: Training...
09/04/2026,19:05:48: Evaluating...
09/04/2026,19:05:48: 	Train Loss: 3949596.2500 (base: 506.7025, kd: 7898.1797), Elapsed: train 2.62 test 0.43 *
09/04/2026,19:05:48: 	Recall@10: 0.05909 Recall@20: 0.08770 NDCG@10: 0.03533 NDCG@20: 0.04309 
09/04/2026,19:05:48: 	Recall@10: 0.02446 Recall@20: 0.03785 NDCG@10: 0.01348 NDCG@20: 0.01709 
09/04/2026,19:05:48: Epoch [25/1000]
09/04/2026,19:05:48: Negative sampling...
09/04/2026,19:05:50: Model's personal time...
09/04/2026,19:05:50: Training...
09/04/2026,19:05:51: Evaluating...
09/04/2026,19:05:52: 	Train Loss: 3940652.2500 (base: 490.3744, kd: 7880.3237), Elapsed: train 2.93 test 0.41 *
09/04/2026,19:05:52: 	Recall@10: 0.06004 Recall@20: 0.08861 NDCG@10: 0.03578 NDCG@20: 0.04361 
09/04/2026,19:05:52: 	Recall@10: 0.02430 Recall@20: 0.03809 NDCG@10: 0.01349 NDCG@20: 0.01723 
09/04/2026,19:05:52: Epoch [26/1000]
09/04/2026,19:05:52: Negative sampling...
09/04/2026,19:05:53: Model's personal time...
09/04/2026,19:05:53: Training...
09/04/2026,19:05:54: Evaluating...
09/04/2026,19:05:55: 	Train Loss: 3932522.2500 (base: 477.5268, kd: 7864.0903), Elapsed: train 2.59 test 0.42 *
09/04/2026,19:05:55: 	Recall@10: 0.06063 Recall@20: 0.08839 NDCG@10: 0.03626 NDCG@20: 0.04389 
09/04/2026,19:05:55: 	Recall@10: 0.02402 Recall@20: 0.03866 NDCG@10: 0.01342 NDCG@20: 0.01741 
09/04/2026,19:05:55: Epoch [27/1000]
09/04/2026,19:05:55: Negative sampling...
09/04/2026,19:05:56: Model's personal time...
09/04/2026,19:05:56: Training...
09/04/2026,19:05:57: Evaluating...
09/04/2026,19:05:57: 	Train Loss: 3923233.2500 (base: 463.1242, kd: 7845.5405), Elapsed: train 2.51 test 0.42 *
09/04/2026,19:05:57: 	Recall@10: 0.06103 Recall@20: 0.08903 NDCG@10: 0.03632 NDCG@20: 0.04403 
09/04/2026,19:05:57: 	Recall@10: 0.02430 Recall@20: 0.03824 NDCG@10: 0.01349 NDCG@20: 0.01730 
09/04/2026,19:05:57: Epoch [28/1000]
09/04/2026,19:05:57: Negative sampling...
09/04/2026,19:05:59: Model's personal time...
09/04/2026,19:05:59: Training...
09/04/2026,19:06:00: Evaluating...
09/04/2026,19:06:01: 	Train Loss: 3915047.5000 (base: 449.1267, kd: 7829.1963), Elapsed: train 2.73 test 0.47
09/04/2026,19:06:01: 	Recall@10: 0.06245 Recall@20: 0.08793 NDCG@10: 0.03680 NDCG@20: 0.04384 
09/04/2026,19:06:01: 	Recall@10: 0.02538 Recall@20: 0.03905 NDCG@10: 0.01368 NDCG@20: 0.01736 
09/04/2026,19:06:01: Epoch [29/1000]
09/04/2026,19:06:01: Negative sampling...
09/04/2026,19:06:02: Model's personal time...
09/04/2026,19:06:02: Training...
09/04/2026,19:06:03: Evaluating...
09/04/2026,19:06:04: 	Train Loss: 3907956.7500 (base: 439.8868, kd: 7815.0337), Elapsed: train 2.59 test 0.44
09/04/2026,19:06:04: 	Recall@10: 0.06325 Recall@20: 0.08722 NDCG@10: 0.03715 NDCG@20: 0.04375 
09/04/2026,19:06:04: 	Recall@10: 0.02486 Recall@20: 0.04018 NDCG@10: 0.01367 NDCG@20: 0.01783 
09/04/2026,19:06:04: Epoch [30/1000]
09/04/2026,19:06:04: Negative sampling...
09/04/2026,19:06:05: Model's personal time...
09/04/2026,19:06:05: Training...
09/04/2026,19:06:06: Evaluating...
09/04/2026,19:06:07: 	Train Loss: 3901108.7500 (base: 428.9514, kd: 7801.3594), Elapsed: train 2.49 test 0.48 *
09/04/2026,19:06:07: 	Recall@10: 0.06346 Recall@20: 0.08853 NDCG@10: 0.03736 NDCG@20: 0.04431 
09/04/2026,19:06:07: 	Recall@10: 0.02510 Recall@20: 0.04001 NDCG@10: 0.01382 NDCG@20: 0.01785 
09/04/2026,19:06:07: Epoch [31/1000]
09/04/2026,19:06:07: Negative sampling...
09/04/2026,19:06:08: Model's personal time...
09/04/2026,19:06:08: Training...
09/04/2026,19:06:09: Evaluating...
09/04/2026,19:06:10: 	Train Loss: 3894089.7500 (base: 417.1136, kd: 7787.3457), Elapsed: train 2.55 test 0.42 *
09/04/2026,19:06:10: 	Recall@10: 0.06334 Recall@20: 0.09008 NDCG@10: 0.03779 NDCG@20: 0.04508 
09/04/2026,19:06:10: 	Recall@10: 0.02490 Recall@20: 0.04026 NDCG@10: 0.01366 NDCG@20: 0.01786 
09/04/2026,19:06:10: Epoch [32/1000]
09/04/2026,19:06:10: Negative sampling...
09/04/2026,19:06:11: Model's personal time...
09/04/2026,19:06:11: Training...
09/04/2026,19:06:12: Evaluating...
09/04/2026,19:06:13: 	Train Loss: 3888690.7500 (base: 409.1958, kd: 7776.5635), Elapsed: train 2.53 test 0.44 *
09/04/2026,19:06:13: 	Recall@10: 0.06399 Recall@20: 0.08990 NDCG@10: 0.03802 NDCG@20: 0.04513 
09/04/2026,19:06:13: 	Recall@10: 0.02556 Recall@20: 0.04079 NDCG@10: 0.01391 NDCG@20: 0.01805 
09/04/2026,19:06:13: Epoch [33/1000]
09/04/2026,19:06:13: Negative sampling...
09/04/2026,19:06:14: Model's personal time...
09/04/2026,19:06:14: Training...
09/04/2026,19:06:15: Evaluating...
09/04/2026,19:06:16: 	Train Loss: 3883203.2500 (base: 399.4921, kd: 7765.6069), Elapsed: train 2.60 test 0.41 *
09/04/2026,19:06:16: 	Recall@10: 0.06513 Recall@20: 0.09007 NDCG@10: 0.03862 NDCG@20: 0.04546 
09/04/2026,19:06:16: 	Recall@10: 0.02607 Recall@20: 0.04110 NDCG@10: 0.01410 NDCG@20: 0.01817 
09/04/2026,19:06:16: Epoch [34/1000]
09/04/2026,19:06:16: Negative sampling...
09/04/2026,19:06:17: Model's personal time...
09/04/2026,19:06:17: Training...
09/04/2026,19:06:18: Evaluating...
09/04/2026,19:06:19: 	Train Loss: 3876816.0000 (base: 393.6816, kd: 7752.8447), Elapsed: train 2.67 test 0.42
09/04/2026,19:06:19: 	Recall@10: 0.06486 Recall@20: 0.08967 NDCG@10: 0.03851 NDCG@20: 0.04537 
09/04/2026,19:06:19: 	Recall@10: 0.02588 Recall@20: 0.04088 NDCG@10: 0.01399 NDCG@20: 0.01808 
09/04/2026,19:06:19: Epoch [35/1000]
09/04/2026,19:06:19: Negative sampling...
09/04/2026,19:06:20: Model's personal time...
09/04/2026,19:06:20: Training...
09/04/2026,19:06:21: Evaluating...
09/04/2026,19:06:22: 	Train Loss: 3872725.2500 (base: 384.7349, kd: 7744.6812), Elapsed: train 2.62 test 0.43 *
09/04/2026,19:06:22: 	Recall@10: 0.06438 Recall@20: 0.09094 NDCG@10: 0.03872 NDCG@20: 0.04602 
09/04/2026,19:06:22: 	Recall@10: 0.02636 Recall@20: 0.04123 NDCG@10: 0.01425 NDCG@20: 0.01829 
09/04/2026,19:06:22: Epoch [36/1000]
09/04/2026,19:06:22: Negative sampling...
09/04/2026,19:06:23: Model's personal time...
09/04/2026,19:06:23: Training...
09/04/2026,19:06:24: Evaluating...
09/04/2026,19:06:25: 	Train Loss: 3868516.7500 (base: 376.0818, kd: 7736.2812), Elapsed: train 2.54 test 0.47 *
09/04/2026,19:06:25: 	Recall@10: 0.06483 Recall@20: 0.09079 NDCG@10: 0.03890 NDCG@20: 0.04607 
09/04/2026,19:06:25: 	Recall@10: 0.02634 Recall@20: 0.04081 NDCG@10: 0.01432 NDCG@20: 0.01827 
09/04/2026,19:06:25: Epoch [37/1000]
09/04/2026,19:06:25: Negative sampling...
09/04/2026,19:06:26: Model's personal time...
09/04/2026,19:06:26: Training...
09/04/2026,19:06:28: Evaluating...
09/04/2026,19:06:28: 	Train Loss: 3862386.2500 (base: 369.3870, kd: 7724.0337), Elapsed: train 2.77 test 0.42
09/04/2026,19:06:28: 	Recall@10: 0.06541 Recall@20: 0.09038 NDCG@10: 0.03900 NDCG@20: 0.04590 
09/04/2026,19:06:28: 	Recall@10: 0.02659 Recall@20: 0.04171 NDCG@10: 0.01451 NDCG@20: 0.01861 
09/04/2026,19:06:28: Epoch [38/1000]
09/04/2026,19:06:28: Negative sampling...
09/04/2026,19:06:29: Model's personal time...
09/04/2026,19:06:29: Training...
09/04/2026,19:06:31: Evaluating...
09/04/2026,19:06:31: 	Train Loss: 3859233.2500 (base: 362.3205, kd: 7717.7422), Elapsed: train 2.59 test 0.44
09/04/2026,19:06:31: 	Recall@10: 0.06532 Recall@20: 0.09132 NDCG@10: 0.03883 NDCG@20: 0.04599 
09/04/2026,19:06:31: 	Recall@10: 0.02663 Recall@20: 0.04157 NDCG@10: 0.01438 NDCG@20: 0.01847 
09/04/2026,19:06:31: Epoch [39/1000]
09/04/2026,19:06:31: Negative sampling...
09/04/2026,19:06:32: Model's personal time...
09/04/2026,19:06:33: Training...
09/04/2026,19:06:34: Evaluating...
09/04/2026,19:06:34: 	Train Loss: 3854640.2500 (base: 356.8231, kd: 7708.5664), Elapsed: train 2.60 test 0.45 *
09/04/2026,19:06:34: 	Recall@10: 0.06568 Recall@20: 0.09224 NDCG@10: 0.03921 NDCG@20: 0.04651 
09/04/2026,19:06:34: 	Recall@10: 0.02624 Recall@20: 0.04185 NDCG@10: 0.01441 NDCG@20: 0.01865 
09/04/2026,19:06:34: Epoch [40/1000]
09/04/2026,19:06:34: Negative sampling...
09/04/2026,19:06:35: Model's personal time...
09/04/2026,19:06:36: Training...
09/04/2026,19:06:37: Evaluating...
09/04/2026,19:06:37: 	Train Loss: 3851965.2500 (base: 353.6454, kd: 7703.2231), Elapsed: train 2.55 test 0.45 *
09/04/2026,19:06:37: 	Recall@10: 0.06524 Recall@20: 0.09277 NDCG@10: 0.03902 NDCG@20: 0.04661 
09/04/2026,19:06:37: 	Recall@10: 0.02616 Recall@20: 0.04154 NDCG@10: 0.01439 NDCG@20: 0.01858 
09/04/2026,19:06:37: Epoch [41/1000]
09/04/2026,19:06:37: Negative sampling...
09/04/2026,19:06:38: Model's personal time...
09/04/2026,19:06:39: Training...
09/04/2026,19:06:40: Evaluating...
09/04/2026,19:06:40: 	Train Loss: 3848043.0000 (base: 347.3806, kd: 7695.3916), Elapsed: train 2.49 test 0.45 *
09/04/2026,19:06:40: 	Recall@10: 0.06558 Recall@20: 0.09282 NDCG@10: 0.03933 NDCG@20: 0.04683 
09/04/2026,19:06:40: 	Recall@10: 0.02654 Recall@20: 0.04070 NDCG@10: 0.01445 NDCG@20: 0.01833 
09/04/2026,19:06:40: Epoch [42/1000]
09/04/2026,19:06:40: Negative sampling...
09/04/2026,19:06:41: Model's personal time...
09/04/2026,19:06:42: Training...
09/04/2026,19:06:43: Evaluating...
09/04/2026,19:06:43: 	Train Loss: 3845399.7500 (base: 340.8561, kd: 7690.1177), Elapsed: train 2.67 test 0.43 *
09/04/2026,19:06:43: 	Recall@10: 0.06600 Recall@20: 0.09352 NDCG@10: 0.03950 NDCG@20: 0.04703 
09/04/2026,19:06:43: 	Recall@10: 0.02674 Recall@20: 0.04206 NDCG@10: 0.01456 NDCG@20: 0.01870 
09/04/2026,19:06:43: Epoch [43/1000]
09/04/2026,19:06:43: Negative sampling...
09/04/2026,19:06:44: Model's personal time...
09/04/2026,19:06:45: Training...
09/04/2026,19:06:46: Evaluating...
09/04/2026,19:06:46: 	Train Loss: 3841725.7500 (base: 338.2449, kd: 7682.7754), Elapsed: train 2.59 test 0.43
09/04/2026,19:06:46: 	Recall@10: 0.06580 Recall@20: 0.09341 NDCG@10: 0.03931 NDCG@20: 0.04688 
09/04/2026,19:06:46: 	Recall@10: 0.02648 Recall@20: 0.04185 NDCG@10: 0.01461 NDCG@20: 0.01881 
09/04/2026,19:06:46: Epoch [44/1000]
09/04/2026,19:06:46: Negative sampling...
09/04/2026,19:06:48: Model's personal time...
09/04/2026,19:06:48: Training...
09/04/2026,19:06:49: Evaluating...
09/04/2026,19:06:49: 	Train Loss: 3837136.5000 (base: 331.9845, kd: 7673.6094), Elapsed: train 2.75 test 0.48 *
09/04/2026,19:06:49: 	Recall@10: 0.06679 Recall@20: 0.09380 NDCG@10: 0.03970 NDCG@20: 0.04709 
09/04/2026,19:06:49: 	Recall@10: 0.02725 Recall@20: 0.04167 NDCG@10: 0.01482 NDCG@20: 0.01876 
09/04/2026,19:06:49: Epoch [45/1000]
09/04/2026,19:06:49: Negative sampling...
09/04/2026,19:06:51: Model's personal time...
09/04/2026,19:06:51: Training...
09/04/2026,19:06:52: Evaluating...
09/04/2026,19:06:53: 	Train Loss: 3833215.5000 (base: 324.0529, kd: 7665.7832), Elapsed: train 2.70 test 0.53
09/04/2026,19:06:53: 	Recall@10: 0.06649 Recall@20: 0.09344 NDCG@10: 0.03952 NDCG@20: 0.04695 
09/04/2026,19:06:53: 	Recall@10: 0.02626 Recall@20: 0.04235 NDCG@10: 0.01436 NDCG@20: 0.01875 
09/04/2026,19:06:53: Epoch [46/1000]
09/04/2026,19:06:53: Negative sampling...
09/04/2026,19:06:54: Model's personal time...
09/04/2026,19:06:54: Training...
09/04/2026,19:06:55: Evaluating...
09/04/2026,19:06:56: 	Train Loss: 3831783.0000 (base: 324.0839, kd: 7662.9180), Elapsed: train 2.66 test 0.51
09/04/2026,19:06:56: 	Recall@10: 0.06548 Recall@20: 0.09344 NDCG@10: 0.03904 NDCG@20: 0.04668 
09/04/2026,19:06:56: 	Recall@10: 0.02620 Recall@20: 0.04150 NDCG@10: 0.01443 NDCG@20: 0.01861 
09/04/2026,19:06:56: Epoch [47/1000]
09/04/2026,19:06:56: Negative sampling...
09/04/2026,19:06:57: Model's personal time...
09/04/2026,19:06:57: Training...
09/04/2026,19:06:58: Evaluating...
09/04/2026,19:06:59: 	Train Loss: 3827854.2500 (base: 314.5379, kd: 7655.0796), Elapsed: train 2.64 test 0.42 *
09/04/2026,19:06:59: 	Recall@10: 0.06602 Recall@20: 0.09443 NDCG@10: 0.03934 NDCG@20: 0.04712 
09/04/2026,19:06:59: 	Recall@10: 0.02608 Recall@20: 0.04195 NDCG@10: 0.01441 NDCG@20: 0.01873 
09/04/2026,19:06:59: Epoch [48/1000]
09/04/2026,19:06:59: Negative sampling...
09/04/2026,19:07:00: Model's personal time...
09/04/2026,19:07:00: Training...
09/04/2026,19:07:02: Evaluating...
09/04/2026,19:07:02: 	Train Loss: 3826294.7500 (base: 313.9113, kd: 7651.9614), Elapsed: train 2.68 test 0.42
09/04/2026,19:07:02: 	Recall@10: 0.06605 Recall@20: 0.09386 NDCG@10: 0.03931 NDCG@20: 0.04703 
09/04/2026,19:07:02: 	Recall@10: 0.02626 Recall@20: 0.04239 NDCG@10: 0.01454 NDCG@20: 0.01894 
09/04/2026,19:07:02: Epoch [49/1000]
09/04/2026,19:07:02: Negative sampling...
09/04/2026,19:07:03: Model's personal time...
09/04/2026,19:07:03: Training...
09/04/2026,19:07:05: Evaluating...
09/04/2026,19:07:05: 	Train Loss: 3822955.0000 (base: 309.1951, kd: 7645.2920), Elapsed: train 2.65 test 0.46
09/04/2026,19:07:05: 	Recall@10: 0.06630 Recall@20: 0.09279 NDCG@10: 0.03931 NDCG@20: 0.04662 
09/04/2026,19:07:05: 	Recall@10: 0.02638 Recall@20: 0.04188 NDCG@10: 0.01454 NDCG@20: 0.01875 
09/04/2026,19:07:05: Epoch [50/1000]
09/04/2026,19:07:05: Negative sampling...
09/04/2026,19:07:06: Model's personal time...
09/04/2026,19:07:07: Training...
09/04/2026,19:07:08: Evaluating...
09/04/2026,19:07:08: 	Train Loss: 3820909.0000 (base: 306.0861, kd: 7641.2061), Elapsed: train 2.63 test 0.42
09/04/2026,19:07:08: 	Recall@10: 0.06616 Recall@20: 0.09466 NDCG@10: 0.03918 NDCG@20: 0.04706 
09/04/2026,19:07:08: 	Recall@10: 0.02751 Recall@20: 0.04178 NDCG@10: 0.01495 NDCG@20: 0.01883 
09/04/2026,19:07:08: Epoch [51/1000]
09/04/2026,19:07:08: Negative sampling...
09/04/2026,19:07:09: Model's personal time...
09/04/2026,19:07:10: Training...
09/04/2026,19:07:11: Evaluating...
09/04/2026,19:07:11: 	Train Loss: 3818502.2500 (base: 302.5186, kd: 7636.3989), Elapsed: train 2.60 test 0.43
09/04/2026,19:07:11: 	Recall@10: 0.06611 Recall@20: 0.09429 NDCG@10: 0.03903 NDCG@20: 0.04676 
09/04/2026,19:07:11: 	Recall@10: 0.02670 Recall@20: 0.04233 NDCG@10: 0.01463 NDCG@20: 0.01885 
09/04/2026,19:07:11: Epoch [52/1000]
09/04/2026,19:07:11: Negative sampling...
09/04/2026,19:07:13: Model's personal time...
09/04/2026,19:07:13: Training...
09/04/2026,19:07:14: Evaluating...
09/04/2026,19:07:14: 	Train Loss: 3816168.7500 (base: 300.4158, kd: 7631.7363), Elapsed: train 2.58 test 0.52
09/04/2026,19:07:14: 	Recall@10: 0.06615 Recall@20: 0.09384 NDCG@10: 0.03927 NDCG@20: 0.04692 
09/04/2026,19:07:14: 	Recall@10: 0.02650 Recall@20: 0.04202 NDCG@10: 0.01452 NDCG@20: 0.01874 
09/04/2026,19:07:14: Epoch [53/1000]
09/04/2026,19:07:14: Negative sampling...
09/04/2026,19:07:16: Model's personal time...
09/04/2026,19:07:16: Training...
09/04/2026,19:07:17: Evaluating...
09/04/2026,19:07:18: 	Train Loss: 3815010.0000 (base: 296.1707, kd: 7629.4272), Elapsed: train 2.78 test 0.49
09/04/2026,19:07:18: 	Recall@10: 0.06617 Recall@20: 0.09385 NDCG@10: 0.03917 NDCG@20: 0.04677 
09/04/2026,19:07:18: 	Recall@10: 0.02612 Recall@20: 0.04151 NDCG@10: 0.01443 NDCG@20: 0.01864 
09/04/2026,19:07:18: Epoch [54/1000]
09/04/2026,19:07:18: Negative sampling...
09/04/2026,19:07:19: Model's personal time...
09/04/2026,19:07:19: Training...
09/04/2026,19:07:20: Evaluating...
09/04/2026,19:07:21: 	Train Loss: 3812094.5000 (base: 290.8791, kd: 7623.6069), Elapsed: train 2.68 test 0.44
09/04/2026,19:07:21: 	Recall@10: 0.06663 Recall@20: 0.09434 NDCG@10: 0.03947 NDCG@20: 0.04708 
09/04/2026,19:07:21: 	Recall@10: 0.02670 Recall@20: 0.04160 NDCG@10: 0.01471 NDCG@20: 0.01880 
09/04/2026,19:07:21: Epoch [55/1000]
09/04/2026,19:07:21: Negative sampling...
09/04/2026,19:07:22: Model's personal time...
09/04/2026,19:07:22: Training...
09/04/2026,19:07:23: Evaluating...
09/04/2026,19:07:24: 	Train Loss: 3809973.2500 (base: 286.9736, kd: 7619.3721), Elapsed: train 2.57 test 0.45
09/04/2026,19:07:24: 	Recall@10: 0.06593 Recall@20: 0.09372 NDCG@10: 0.03875 NDCG@20: 0.04643 
09/04/2026,19:07:24: 	Recall@10: 0.02634 Recall@20: 0.04154 NDCG@10: 0.01461 NDCG@20: 0.01876 
09/04/2026,19:07:24: Epoch [56/1000]
09/04/2026,19:07:24: Negative sampling...
09/04/2026,19:07:25: Model's personal time...
09/04/2026,19:07:25: Training...
09/04/2026,19:07:26: Evaluating...
09/04/2026,19:07:27: 	Train Loss: 3808699.0000 (base: 284.0571, kd: 7616.8301), Elapsed: train 2.50 test 0.41
09/04/2026,19:07:27: 	Recall@10: 0.06635 Recall@20: 0.09482 NDCG@10: 0.03914 NDCG@20: 0.04701 
09/04/2026,19:07:27: 	Recall@10: 0.02665 Recall@20: 0.04178 NDCG@10: 0.01473 NDCG@20: 0.01885 
09/04/2026,19:07:27: Epoch [57/1000]
09/04/2026,19:07:27: Negative sampling...
09/04/2026,19:07:28: Model's personal time...
09/04/2026,19:07:28: Training...
09/04/2026,19:07:29: Evaluating...
09/04/2026,19:07:29: 	Train Loss: 3807562.2500 (base: 283.5891, kd: 7614.5571), Elapsed: train 2.46 test 0.42
09/04/2026,19:07:29: 	Recall@10: 0.06603 Recall@20: 0.09428 NDCG@10: 0.03897 NDCG@20: 0.04678 
09/04/2026,19:07:29: 	Recall@10: 0.02692 Recall@20: 0.04184 NDCG@10: 0.01484 NDCG@20: 0.01891 
09/04/2026,19:07:29: Epoch [58/1000]
09/04/2026,19:07:29: Negative sampling...
09/04/2026,19:07:31: Model's personal time...
09/04/2026,19:07:31: Training...
09/04/2026,19:07:32: Evaluating...
09/04/2026,19:07:32: 	Train Loss: 3804775.0000 (base: 280.2203, kd: 7608.9897), Elapsed: train 2.55 test 0.41
09/04/2026,19:07:32: 	Recall@10: 0.06589 Recall@20: 0.09441 NDCG@10: 0.03922 NDCG@20: 0.04707 
09/04/2026,19:07:32: 	Recall@10: 0.02701 Recall@20: 0.04161 NDCG@10: 0.01478 NDCG@20: 0.01878 
09/04/2026,19:07:32: Epoch [59/1000]
09/04/2026,19:07:32: Negative sampling...
09/04/2026,19:07:34: Model's personal time...
09/04/2026,19:07:34: Training...
09/04/2026,19:07:35: Evaluating...
09/04/2026,19:07:35: 	Train Loss: 3803522.7500 (base: 273.4533, kd: 7606.4985), Elapsed: train 2.56 test 0.43
09/04/2026,19:07:35: 	Recall@10: 0.06538 Recall@20: 0.09440 NDCG@10: 0.03886 NDCG@20: 0.04688 
09/04/2026,19:07:35: 	Recall@10: 0.02681 Recall@20: 0.04154 NDCG@10: 0.01468 NDCG@20: 0.01870 
09/04/2026,19:07:35: Epoch [60/1000]
09/04/2026,19:07:35: Negative sampling...
09/04/2026,19:07:37: Model's personal time...
09/04/2026,19:07:37: Training...
09/04/2026,19:07:38: Evaluating...
09/04/2026,19:07:38: 	Train Loss: 3800501.5000 (base: 275.1611, kd: 7600.4526), Elapsed: train 2.60 test 0.41 *
09/04/2026,19:07:38: 	Recall@10: 0.06621 Recall@20: 0.09495 NDCG@10: 0.03943 NDCG@20: 0.04729 
09/04/2026,19:07:38: 	Recall@10: 0.02660 Recall@20: 0.04233 NDCG@10: 0.01470 NDCG@20: 0.01900 
09/04/2026,19:07:38: Epoch [61/1000]
09/04/2026,19:07:38: Negative sampling...
09/04/2026,19:07:40: Model's personal time...
09/04/2026,19:07:40: Training...
09/04/2026,19:07:41: Evaluating...
09/04/2026,19:07:41: 	Train Loss: 3798507.2500 (base: 266.0053, kd: 7596.4824), Elapsed: train 2.58 test 0.42
09/04/2026,19:07:41: 	Recall@10: 0.06619 Recall@20: 0.09401 NDCG@10: 0.03913 NDCG@20: 0.04680 
09/04/2026,19:07:41: 	Recall@10: 0.02705 Recall@20: 0.04170 NDCG@10: 0.01477 NDCG@20: 0.01877 
09/04/2026,19:07:41: Epoch [62/1000]
09/04/2026,19:07:41: Negative sampling...
09/04/2026,19:07:43: Model's personal time...
09/04/2026,19:07:43: Training...
09/04/2026,19:07:44: Evaluating...
09/04/2026,19:07:44: 	Train Loss: 3798317.0000 (base: 267.4545, kd: 7596.0991), Elapsed: train 2.52 test 0.41
09/04/2026,19:07:44: 	Recall@10: 0.06567 Recall@20: 0.09509 NDCG@10: 0.03920 NDCG@20: 0.04727 
09/04/2026,19:07:44: 	Recall@10: 0.02706 Recall@20: 0.04164 NDCG@10: 0.01497 NDCG@20: 0.01896 
09/04/2026,19:07:44: Epoch [63/1000]
09/04/2026,19:07:44: Negative sampling...
09/04/2026,19:07:46: Model's personal time...
09/04/2026,19:07:46: Training...
09/04/2026,19:07:47: Evaluating...
09/04/2026,19:07:47: 	Train Loss: 3797170.7500 (base: 264.2319, kd: 7593.8130), Elapsed: train 2.54 test 0.47
09/04/2026,19:07:47: 	Recall@10: 0.06562 Recall@20: 0.09472 NDCG@10: 0.03893 NDCG@20: 0.04700 
09/04/2026,19:07:47: 	Recall@10: 0.02695 Recall@20: 0.04163 NDCG@10: 0.01465 NDCG@20: 0.01866 
09/04/2026,19:07:47: Epoch [64/1000]
09/04/2026,19:07:47: Negative sampling...
09/04/2026,19:07:49: Model's personal time...
09/04/2026,19:07:49: Training...
09/04/2026,19:07:50: Evaluating...
09/04/2026,19:07:50: 	Train Loss: 3794573.7500 (base: 258.1346, kd: 7588.6313), Elapsed: train 2.66 test 0.42
09/04/2026,19:07:50: 	Recall@10: 0.06604 Recall@20: 0.09415 NDCG@10: 0.03930 NDCG@20: 0.04704 
09/04/2026,19:07:50: 	Recall@10: 0.02745 Recall@20: 0.04208 NDCG@10: 0.01501 NDCG@20: 0.01898 
09/04/2026,19:07:50: Epoch [65/1000]
09/04/2026,19:07:50: Negative sampling...
09/04/2026,19:07:52: Model's personal time...
09/04/2026,19:07:52: Training...
09/04/2026,19:07:53: Evaluating...
09/04/2026,19:07:53: 	Train Loss: 3793469.7500 (base: 258.6411, kd: 7586.4219), Elapsed: train 2.54 test 0.42
09/04/2026,19:07:53: 	Recall@10: 0.06600 Recall@20: 0.09479 NDCG@10: 0.03919 NDCG@20: 0.04709 
09/04/2026,19:07:53: 	Recall@10: 0.02753 Recall@20: 0.04173 NDCG@10: 0.01492 NDCG@20: 0.01880 
09/04/2026,19:07:53: Epoch [66/1000]
09/04/2026,19:07:53: Negative sampling...
09/04/2026,19:07:55: Model's personal time...
09/04/2026,19:07:55: Training...
09/04/2026,19:07:56: Evaluating...
09/04/2026,19:07:57: 	Train Loss: 3791869.2500 (base: 256.0760, kd: 7583.2271), Elapsed: train 2.81 test 0.42
09/04/2026,19:07:57: 	Recall@10: 0.06596 Recall@20: 0.09506 NDCG@10: 0.03897 NDCG@20: 0.04697 
09/04/2026,19:07:57: 	Recall@10: 0.02797 Recall@20: 0.04211 NDCG@10: 0.01510 NDCG@20: 0.01893 
09/04/2026,19:07:57: Epoch [67/1000]
09/04/2026,19:07:57: Negative sampling...
09/04/2026,19:07:58: Model's personal time...
09/04/2026,19:07:58: Training...
09/04/2026,19:07:59: Evaluating...
09/04/2026,19:08:00: 	Train Loss: 3790704.0000 (base: 253.3531, kd: 7580.9019), Elapsed: train 2.57 test 0.41
09/04/2026,19:08:00: 	Recall@10: 0.06624 Recall@20: 0.09391 NDCG@10: 0.03947 NDCG@20: 0.04714 
09/04/2026,19:08:00: 	Recall@10: 0.02724 Recall@20: 0.04196 NDCG@10: 0.01501 NDCG@20: 0.01904 
09/04/2026,19:08:00: Epoch [68/1000]
09/04/2026,19:08:00: Negative sampling...
09/04/2026,19:08:01: Model's personal time...
09/04/2026,19:08:01: Training...
09/04/2026,19:08:02: Evaluating...
09/04/2026,19:08:03: 	Train Loss: 3787969.0000 (base: 248.6583, kd: 7575.4399), Elapsed: train 2.81 test 0.41
09/04/2026,19:08:03: 	Recall@10: 0.06709 Recall@20: 0.09491 NDCG@10: 0.03952 NDCG@20: 0.04720 
09/04/2026,19:08:03: 	Recall@10: 0.02733 Recall@20: 0.04233 NDCG@10: 0.01495 NDCG@20: 0.01906 
09/04/2026,19:08:03: Epoch [69/1000]
09/04/2026,19:08:03: Negative sampling...
09/04/2026,19:08:04: Model's personal time...
09/04/2026,19:08:04: Training...
09/04/2026,19:08:05: Evaluating...
09/04/2026,19:08:06: 	Train Loss: 3788126.5000 (base: 246.7657, kd: 7575.7603), Elapsed: train 2.55 test 0.41
09/04/2026,19:08:06: 	Recall@10: 0.06720 Recall@20: 0.09442 NDCG@10: 0.03957 NDCG@20: 0.04709 
09/04/2026,19:08:06: 	Recall@10: 0.02743 Recall@20: 0.04211 NDCG@10: 0.01492 NDCG@20: 0.01893 
09/04/2026,19:08:06: Epoch [70/1000]
09/04/2026,19:08:06: Negative sampling...
09/04/2026,19:08:07: Model's personal time...
09/04/2026,19:08:07: Training...
09/04/2026,19:08:08: Evaluating...
09/04/2026,19:08:09: 	Train Loss: 3787042.5000 (base: 244.1886, kd: 7573.5967), Elapsed: train 2.50 test 0.42
09/04/2026,19:08:09: 	Recall@10: 0.06702 Recall@20: 0.09544 NDCG@10: 0.03937 NDCG@20: 0.04722 
09/04/2026,19:08:09: 	Recall@10: 0.02724 Recall@20: 0.04157 NDCG@10: 0.01500 NDCG@20: 0.01894 
09/04/2026,19:08:09: Epoch [71/1000]
09/04/2026,19:08:09: Negative sampling...
09/04/2026,19:08:10: Model's personal time...
09/04/2026,19:08:10: Training...
09/04/2026,19:08:11: Evaluating...
09/04/2026,19:08:12: 	Train Loss: 3785244.7500 (base: 243.1998, kd: 7570.0039), Elapsed: train 2.62 test 0.46 *
09/04/2026,19:08:12: 	Recall@10: 0.06682 Recall@20: 0.09473 NDCG@10: 0.03959 NDCG@20: 0.04736 
09/04/2026,19:08:12: 	Recall@10: 0.02788 Recall@20: 0.04209 NDCG@10: 0.01519 NDCG@20: 0.01907 
09/04/2026,19:08:12: Epoch [72/1000]
09/04/2026,19:08:12: Negative sampling...
09/04/2026,19:08:13: Model's personal time...
09/04/2026,19:08:13: Training...
09/04/2026,19:08:14: Evaluating...
09/04/2026,19:08:15: 	Train Loss: 3785101.7500 (base: 243.8616, kd: 7569.7153), Elapsed: train 2.61 test 0.43
09/04/2026,19:08:15: 	Recall@10: 0.06597 Recall@20: 0.09523 NDCG@10: 0.03904 NDCG@20: 0.04711 
09/04/2026,19:08:15: 	Recall@10: 0.02681 Recall@20: 0.04267 NDCG@10: 0.01491 NDCG@20: 0.01925 
09/04/2026,19:08:15: Epoch [73/1000]
09/04/2026,19:08:15: Negative sampling...
09/04/2026,19:08:16: Model's personal time...
09/04/2026,19:08:16: Training...
09/04/2026,19:08:18: Evaluating...
09/04/2026,19:08:18: 	Train Loss: 3783731.2500 (base: 240.1893, kd: 7566.9819), Elapsed: train 2.70 test 0.42
09/04/2026,19:08:18: 	Recall@10: 0.06529 Recall@20: 0.09489 NDCG@10: 0.03916 NDCG@20: 0.04730 
09/04/2026,19:08:18: 	Recall@10: 0.02729 Recall@20: 0.04224 NDCG@10: 0.01495 NDCG@20: 0.01902 
09/04/2026,19:08:18: Epoch [74/1000]
09/04/2026,19:08:18: Negative sampling...
09/04/2026,19:08:19: Model's personal time...
09/04/2026,19:08:19: Training...
09/04/2026,19:08:21: Evaluating...
09/04/2026,19:08:21: 	Train Loss: 3783768.7500 (base: 238.2843, kd: 7567.0610), Elapsed: train 2.60 test 0.42 *
09/04/2026,19:08:21: 	Recall@10: 0.06638 Recall@20: 0.09585 NDCG@10: 0.03948 NDCG@20: 0.04762 
09/04/2026,19:08:21: 	Recall@10: 0.02733 Recall@20: 0.04236 NDCG@10: 0.01500 NDCG@20: 0.01912 
09/04/2026,19:08:21: Epoch [75/1000]
09/04/2026,19:08:21: Negative sampling...
09/04/2026,19:08:22: Model's personal time...
09/04/2026,19:08:22: Training...
09/04/2026,19:08:23: Evaluating...
09/04/2026,19:08:24: 	Train Loss: 3782031.0000 (base: 234.0939, kd: 7563.5942), Elapsed: train 2.47 test 0.41
09/04/2026,19:08:24: 	Recall@10: 0.06613 Recall@20: 0.09533 NDCG@10: 0.03929 NDCG@20: 0.04731 
09/04/2026,19:08:24: 	Recall@10: 0.02743 Recall@20: 0.04243 NDCG@10: 0.01503 NDCG@20: 0.01913 
09/04/2026,19:08:24: Epoch [76/1000]
09/04/2026,19:08:24: Negative sampling...
09/04/2026,19:08:25: Model's personal time...
09/04/2026,19:08:25: Training...
09/04/2026,19:08:26: Evaluating...
09/04/2026,19:08:27: 	Train Loss: 3779517.7500 (base: 231.7289, kd: 7558.5713), Elapsed: train 2.46 test 0.41 *
09/04/2026,19:08:27: 	Recall@10: 0.06697 Recall@20: 0.09589 NDCG@10: 0.03966 NDCG@20: 0.04765 
09/04/2026,19:08:27: 	Recall@10: 0.02781 Recall@20: 0.04202 NDCG@10: 0.01504 NDCG@20: 0.01895 
09/04/2026,19:08:27: Epoch [77/1000]
09/04/2026,19:08:27: Negative sampling...
09/04/2026,19:08:28: Model's personal time...
09/04/2026,19:08:28: Training...
09/04/2026,19:08:29: Evaluating...
09/04/2026,19:08:30: 	Train Loss: 3778304.5000 (base: 232.6104, kd: 7556.1440), Elapsed: train 2.48 test 0.42 *
09/04/2026,19:08:30: 	Recall@10: 0.06589 Recall@20: 0.09591 NDCG@10: 0.03941 NDCG@20: 0.04768 
09/04/2026,19:08:30: 	Recall@10: 0.02712 Recall@20: 0.04262 NDCG@10: 0.01496 NDCG@20: 0.01921 
09/04/2026,19:08:30: Epoch [78/1000]
09/04/2026,19:08:30: Negative sampling...
09/04/2026,19:08:31: Model's personal time...
09/04/2026,19:08:31: Training...
09/04/2026,19:08:32: Evaluating...
09/04/2026,19:08:33: 	Train Loss: 3778661.7500 (base: 229.9243, kd: 7556.8638), Elapsed: train 2.57 test 0.43
09/04/2026,19:08:33: 	Recall@10: 0.06673 Recall@20: 0.09591 NDCG@10: 0.03941 NDCG@20: 0.04736 
09/04/2026,19:08:33: 	Recall@10: 0.02734 Recall@20: 0.04330 NDCG@10: 0.01505 NDCG@20: 0.01939 
09/04/2026,19:08:33: Epoch [79/1000]
09/04/2026,19:08:33: Negative sampling...
09/04/2026,19:08:34: Model's personal time...
09/04/2026,19:08:34: Training...
09/04/2026,19:08:35: Evaluating...
09/04/2026,19:08:36: 	Train Loss: 3776304.2500 (base: 229.7334, kd: 7552.1489), Elapsed: train 2.64 test 0.42
09/04/2026,19:08:36: 	Recall@10: 0.06574 Recall@20: 0.09639 NDCG@10: 0.03904 NDCG@20: 0.04744 
09/04/2026,19:08:36: 	Recall@10: 0.02791 Recall@20: 0.04263 NDCG@10: 0.01532 NDCG@20: 0.01935 
09/04/2026,19:08:36: Epoch [80/1000]
09/04/2026,19:08:36: Negative sampling...
09/04/2026,19:08:37: Model's personal time...
09/04/2026,19:08:37: Training...
09/04/2026,19:08:38: Evaluating...
09/04/2026,19:08:39: 	Train Loss: 3777525.7500 (base: 223.7576, kd: 7554.6045), Elapsed: train 2.61 test 0.42
09/04/2026,19:08:39: 	Recall@10: 0.06665 Recall@20: 0.09557 NDCG@10: 0.03949 NDCG@20: 0.04737 
09/04/2026,19:08:39: 	Recall@10: 0.02786 Recall@20: 0.04304 NDCG@10: 0.01511 NDCG@20: 0.01922 
09/04/2026,19:08:39: Epoch [81/1000]
09/04/2026,19:08:39: Negative sampling...
09/04/2026,19:08:40: Model's personal time...
09/04/2026,19:08:40: Training...
09/04/2026,19:08:41: Evaluating...
09/04/2026,19:08:42: 	Train Loss: 3776281.5000 (base: 225.7637, kd: 7552.1108), Elapsed: train 2.66 test 0.46
09/04/2026,19:08:42: 	Recall@10: 0.06679 Recall@20: 0.09595 NDCG@10: 0.03929 NDCG@20: 0.04728 
09/04/2026,19:08:42: 	Recall@10: 0.02795 Recall@20: 0.04271 NDCG@10: 0.01526 NDCG@20: 0.01927 
09/04/2026,19:08:42: Epoch [82/1000]
09/04/2026,19:08:42: Negative sampling...
09/04/2026,19:08:43: Model's personal time...
09/04/2026,19:08:43: Training...
09/04/2026,19:08:44: Evaluating...
09/04/2026,19:08:45: 	Train Loss: 3774161.2500 (base: 221.7180, kd: 7547.8794), Elapsed: train 2.65 test 0.44
09/04/2026,19:08:45: 	Recall@10: 0.06709 Recall@20: 0.09572 NDCG@10: 0.03954 NDCG@20: 0.04739 
09/04/2026,19:08:45: 	Recall@10: 0.02733 Recall@20: 0.04274 NDCG@10: 0.01501 NDCG@20: 0.01923 
09/04/2026,19:08:45: Epoch [83/1000]
09/04/2026,19:08:45: Negative sampling...
09/04/2026,19:08:46: Model's personal time...
09/04/2026,19:08:46: Training...
09/04/2026,19:08:47: Evaluating...
09/04/2026,19:08:48: 	Train Loss: 3772669.2500 (base: 216.7573, kd: 7544.9053), Elapsed: train 2.53 test 0.44
09/04/2026,19:08:48: 	Recall@10: 0.06627 Recall@20: 0.09570 NDCG@10: 0.03936 NDCG@20: 0.04743 
09/04/2026,19:08:48: 	Recall@10: 0.02772 Recall@20: 0.04312 NDCG@10: 0.01515 NDCG@20: 0.01933 
09/04/2026,19:08:48: Epoch [84/1000]
09/04/2026,19:08:48: Negative sampling...
09/04/2026,19:08:49: Model's personal time...
09/04/2026,19:08:49: Training...
09/04/2026,19:08:51: Evaluating...
09/04/2026,19:08:51: 	Train Loss: 3772756.7500 (base: 213.5381, kd: 7545.0864), Elapsed: train 2.63 test 0.45 *
09/04/2026,19:08:51: 	Recall@10: 0.06608 Recall@20: 0.09638 NDCG@10: 0.03955 NDCG@20: 0.04778 
09/04/2026,19:08:51: 	Recall@10: 0.02726 Recall@20: 0.04250 NDCG@10: 0.01504 NDCG@20: 0.01920 
09/04/2026,19:08:51: Epoch [85/1000]
09/04/2026,19:08:51: Negative sampling...
09/04/2026,19:08:52: Model's personal time...
09/04/2026,19:08:53: Training...
09/04/2026,19:08:54: Evaluating...
09/04/2026,19:08:54: 	Train Loss: 3772873.7500 (base: 214.7326, kd: 7545.3179), Elapsed: train 2.74 test 0.42
09/04/2026,19:08:54: 	Recall@10: 0.06590 Recall@20: 0.09621 NDCG@10: 0.03929 NDCG@20: 0.04757 
09/04/2026,19:08:54: 	Recall@10: 0.02740 Recall@20: 0.04284 NDCG@10: 0.01515 NDCG@20: 0.01933 
09/04/2026,19:08:54: Epoch [86/1000]
09/04/2026,19:08:54: Negative sampling...
09/04/2026,19:08:56: Model's personal time...
09/04/2026,19:08:56: Training...
09/04/2026,19:08:57: Evaluating...
09/04/2026,19:08:57: 	Train Loss: 3770325.5000 (base: 213.4986, kd: 7540.2236), Elapsed: train 2.79 test 0.43
09/04/2026,19:08:57: 	Recall@10: 0.06620 Recall@20: 0.09567 NDCG@10: 0.03944 NDCG@20: 0.04755 
09/04/2026,19:08:57: 	Recall@10: 0.02788 Recall@20: 0.04333 NDCG@10: 0.01522 NDCG@20: 0.01942 
09/04/2026,19:08:57: Epoch [87/1000]
09/04/2026,19:08:57: Negative sampling...
09/04/2026,19:08:59: Model's personal time...
09/04/2026,19:08:59: Training...
09/04/2026,19:09:00: Evaluating...
09/04/2026,19:09:01: 	Train Loss: 3769917.0000 (base: 212.1116, kd: 7539.4106), Elapsed: train 2.74 test 0.51
09/04/2026,19:09:01: 	Recall@10: 0.06591 Recall@20: 0.09570 NDCG@10: 0.03918 NDCG@20: 0.04737 
09/04/2026,19:09:01: 	Recall@10: 0.02740 Recall@20: 0.04394 NDCG@10: 0.01502 NDCG@20: 0.01947 
09/04/2026,19:09:01: Epoch [88/1000]
09/04/2026,19:09:01: Negative sampling...
09/04/2026,19:09:02: Model's personal time...
09/04/2026,19:09:02: Training...
09/04/2026,19:09:03: Evaluating...
09/04/2026,19:09:04: 	Train Loss: 3769860.2500 (base: 214.2393, kd: 7539.2920), Elapsed: train 2.86 test 0.45
09/04/2026,19:09:04: 	Recall@10: 0.06716 Recall@20: 0.09511 NDCG@10: 0.03969 NDCG@20: 0.04733 
09/04/2026,19:09:04: 	Recall@10: 0.02701 Recall@20: 0.04269 NDCG@10: 0.01498 NDCG@20: 0.01923 
09/04/2026,19:09:04: Epoch [89/1000]
09/04/2026,19:09:04: Negative sampling...
09/04/2026,19:09:05: Model's personal time...
09/04/2026,19:09:05: Training...
09/04/2026,19:09:07: Evaluating...
09/04/2026,19:09:07: 	Train Loss: 3768387.7500 (base: 210.4767, kd: 7536.3545), Elapsed: train 2.65 test 0.43 *
09/04/2026,19:09:07: 	Recall@10: 0.06732 Recall@20: 0.09635 NDCG@10: 0.03991 NDCG@20: 0.04787 
09/04/2026,19:09:07: 	Recall@10: 0.02740 Recall@20: 0.04320 NDCG@10: 0.01507 NDCG@20: 0.01938 
09/04/2026,19:09:07: Epoch [90/1000]
09/04/2026,19:09:07: Negative sampling...
09/04/2026,19:09:08: Model's personal time...
09/04/2026,19:09:09: Training...
09/04/2026,19:09:10: Evaluating...
09/04/2026,19:09:10: 	Train Loss: 3769550.0000 (base: 208.3671, kd: 7538.6836), Elapsed: train 2.67 test 0.45
09/04/2026,19:09:10: 	Recall@10: 0.06689 Recall@20: 0.09565 NDCG@10: 0.03960 NDCG@20: 0.04746 
09/04/2026,19:09:10: 	Recall@10: 0.02753 Recall@20: 0.04269 NDCG@10: 0.01507 NDCG@20: 0.01921 
09/04/2026,19:09:10: Epoch [91/1000]
09/04/2026,19:09:10: Negative sampling...
09/04/2026,19:09:12: Model's personal time...
09/04/2026,19:09:12: Training...
09/04/2026,19:09:13: Evaluating...
09/04/2026,19:09:13: 	Train Loss: 3767458.0000 (base: 206.5276, kd: 7534.5024), Elapsed: train 2.67 test 0.42
09/04/2026,19:09:13: 	Recall@10: 0.06725 Recall@20: 0.09607 NDCG@10: 0.03970 NDCG@20: 0.04764 
09/04/2026,19:09:13: 	Recall@10: 0.02702 Recall@20: 0.04288 NDCG@10: 0.01494 NDCG@20: 0.01925 
09/04/2026,19:09:13: Epoch [92/1000]
09/04/2026,19:09:13: Negative sampling...
09/04/2026,19:09:15: Model's personal time...
09/04/2026,19:09:15: Training...
09/04/2026,19:09:16: Evaluating...
09/04/2026,19:09:16: 	Train Loss: 3767272.0000 (base: 206.4268, kd: 7534.1313), Elapsed: train 2.57 test 0.43
09/04/2026,19:09:16: 	Recall@10: 0.06654 Recall@20: 0.09619 NDCG@10: 0.03944 NDCG@20: 0.04758 
09/04/2026,19:09:16: 	Recall@10: 0.02702 Recall@20: 0.04282 NDCG@10: 0.01496 NDCG@20: 0.01927 
09/04/2026,19:09:16: Epoch [93/1000]
09/04/2026,19:09:16: Negative sampling...
09/04/2026,19:09:18: Model's personal time...
09/04/2026,19:09:18: Training...
09/04/2026,19:09:19: Evaluating...
09/04/2026,19:09:19: 	Train Loss: 3765181.7500 (base: 201.0156, kd: 7529.9614), Elapsed: train 2.49 test 0.41
09/04/2026,19:09:19: 	Recall@10: 0.06751 Recall@20: 0.09476 NDCG@10: 0.03972 NDCG@20: 0.04719 
09/04/2026,19:09:19: 	Recall@10: 0.02716 Recall@20: 0.04317 NDCG@10: 0.01518 NDCG@20: 0.01956 
09/04/2026,19:09:19: Epoch [94/1000]
09/04/2026,19:09:19: Negative sampling...
09/04/2026,19:09:20: Model's personal time...
09/04/2026,19:09:21: Training...
09/04/2026,19:09:22: Evaluating...
09/04/2026,19:09:22: 	Train Loss: 3765551.5000 (base: 200.4288, kd: 7530.7026), Elapsed: train 2.51 test 0.41
09/04/2026,19:09:22: 	Recall@10: 0.06668 Recall@20: 0.09569 NDCG@10: 0.03930 NDCG@20: 0.04726 
09/04/2026,19:09:22: 	Recall@10: 0.02797 Recall@20: 0.04368 NDCG@10: 0.01534 NDCG@20: 0.01960 
09/04/2026,19:09:22: Epoch [95/1000]
09/04/2026,19:09:22: Negative sampling...
09/04/2026,19:09:23: Model's personal time...
09/04/2026,19:09:24: Training...
09/04/2026,19:09:25: Evaluating...
09/04/2026,19:09:25: 	Train Loss: 3764046.2500 (base: 199.3274, kd: 7527.6938), Elapsed: train 2.49 test 0.53
09/04/2026,19:09:25: 	Recall@10: 0.06582 Recall@20: 0.09437 NDCG@10: 0.03924 NDCG@20: 0.04712 
09/04/2026,19:09:25: 	Recall@10: 0.02778 Recall@20: 0.04330 NDCG@10: 0.01527 NDCG@20: 0.01948 
09/04/2026,19:09:25: Epoch [96/1000]
09/04/2026,19:09:25: Negative sampling...
09/04/2026,19:09:27: Model's personal time...
09/04/2026,19:09:27: Training...
09/04/2026,19:09:28: Evaluating...
09/04/2026,19:09:28: 	Train Loss: 3764418.0000 (base: 197.1557, kd: 7528.4414), Elapsed: train 2.66 test 0.46
09/04/2026,19:09:28: 	Recall@10: 0.06641 Recall@20: 0.09556 NDCG@10: 0.03941 NDCG@20: 0.04745 
09/04/2026,19:09:28: 	Recall@10: 0.02816 Recall@20: 0.04314 NDCG@10: 0.01538 NDCG@20: 0.01946 
09/04/2026,19:09:28: Epoch [97/1000]
09/04/2026,19:09:28: Negative sampling...
09/04/2026,19:09:30: Model's personal time...
09/04/2026,19:09:30: Training...
09/04/2026,19:09:31: Evaluating...
09/04/2026,19:09:31: 	Train Loss: 3763725.7500 (base: 197.7443, kd: 7527.0562), Elapsed: train 2.66 test 0.50
09/04/2026,19:09:31: 	Recall@10: 0.06692 Recall@20: 0.09531 NDCG@10: 0.03950 NDCG@20: 0.04730 
09/04/2026,19:09:31: 	Recall@10: 0.02807 Recall@20: 0.04352 NDCG@10: 0.01543 NDCG@20: 0.01960 
09/04/2026,19:09:31: Epoch [98/1000]
09/04/2026,19:09:31: Negative sampling...
09/04/2026,19:09:33: Model's personal time...
09/04/2026,19:09:33: Training...
09/04/2026,19:09:34: Evaluating...
09/04/2026,19:09:35: 	Train Loss: 3762513.5000 (base: 196.9688, kd: 7524.6338), Elapsed: train 2.75 test 0.48
09/04/2026,19:09:35: 	Recall@10: 0.06633 Recall@20: 0.09496 NDCG@10: 0.03935 NDCG@20: 0.04719 
09/04/2026,19:09:35: 	Recall@10: 0.02740 Recall@20: 0.04348 NDCG@10: 0.01509 NDCG@20: 0.01945 
09/04/2026,19:09:35: Epoch [99/1000]
09/04/2026,19:09:35: Negative sampling...
09/04/2026,19:09:36: Model's personal time...
09/04/2026,19:09:36: Training...
09/04/2026,19:09:37: Evaluating...
09/04/2026,19:09:38: 	Train Loss: 3762476.7500 (base: 192.3723, kd: 7524.5688), Elapsed: train 2.65 test 0.46
09/04/2026,19:09:38: 	Recall@10: 0.06688 Recall@20: 0.09554 NDCG@10: 0.03968 NDCG@20: 0.04757 
09/04/2026,19:09:38: 	Recall@10: 0.02769 Recall@20: 0.04349 NDCG@10: 0.01515 NDCG@20: 0.01942 
09/04/2026,19:09:38: Epoch [100/1000]
09/04/2026,19:09:38: Negative sampling...
09/04/2026,19:09:39: Model's personal time...
09/04/2026,19:09:39: Training...
09/04/2026,19:09:40: Evaluating...
09/04/2026,19:09:41: 	Train Loss: 3761143.5000 (base: 195.6755, kd: 7521.8960), Elapsed: train 2.77 test 0.43 *
09/04/2026,19:09:41: 	Recall@10: 0.06638 Recall@20: 0.09723 NDCG@10: 0.03960 NDCG@20: 0.04803 
09/04/2026,19:09:41: 	Recall@10: 0.02721 Recall@20: 0.04379 NDCG@10: 0.01511 NDCG@20: 0.01962 
09/04/2026,19:09:41: Epoch [101/1000]
09/04/2026,19:09:41: Negative sampling...
09/04/2026,19:09:42: Model's personal time...
09/04/2026,19:09:42: Training...
09/04/2026,19:09:43: Evaluating...
09/04/2026,19:09:44: 	Train Loss: 3760754.2500 (base: 192.1032, kd: 7521.1235), Elapsed: train 2.58 test 0.42
09/04/2026,19:09:44: 	Recall@10: 0.06606 Recall@20: 0.09665 NDCG@10: 0.03939 NDCG@20: 0.04770 
09/04/2026,19:09:44: 	Recall@10: 0.02728 Recall@20: 0.04340 NDCG@10: 0.01503 NDCG@20: 0.01941 
09/04/2026,19:09:44: Epoch [102/1000]
09/04/2026,19:09:44: Negative sampling...
09/04/2026,19:09:45: Model's personal time...
09/04/2026,19:09:45: Training...
09/04/2026,19:09:47: Evaluating...
09/04/2026,19:09:47: 	Train Loss: 3761033.7500 (base: 193.0645, kd: 7521.6812), Elapsed: train 2.62 test 0.42
09/04/2026,19:09:47: 	Recall@10: 0.06704 Recall@20: 0.09569 NDCG@10: 0.03968 NDCG@20: 0.04759 
09/04/2026,19:09:47: 	Recall@10: 0.02772 Recall@20: 0.04375 NDCG@10: 0.01527 NDCG@20: 0.01961 
09/04/2026,19:09:47: Epoch [103/1000]
09/04/2026,19:09:47: Negative sampling...
09/04/2026,19:09:48: Model's personal time...
09/04/2026,19:09:48: Training...
09/04/2026,19:09:49: Evaluating...
09/04/2026,19:09:50: 	Train Loss: 3760802.5000 (base: 191.7871, kd: 7521.2217), Elapsed: train 2.53 test 0.44
09/04/2026,19:09:50: 	Recall@10: 0.06661 Recall@20: 0.09655 NDCG@10: 0.03986 NDCG@20: 0.04802 
09/04/2026,19:09:50: 	Recall@10: 0.02759 Recall@20: 0.04381 NDCG@10: 0.01525 NDCG@20: 0.01962 
09/04/2026,19:09:50: Epoch [104/1000]
09/04/2026,19:09:50: Negative sampling...
09/04/2026,19:09:51: Model's personal time...
09/04/2026,19:09:51: Training...
09/04/2026,19:09:52: Evaluating...
09/04/2026,19:09:53: 	Train Loss: 3760546.5000 (base: 189.7237, kd: 7520.7134), Elapsed: train 2.48 test 0.41
09/04/2026,19:09:53: 	Recall@10: 0.06692 Recall@20: 0.09584 NDCG@10: 0.03980 NDCG@20: 0.04767 
09/04/2026,19:09:53: 	Recall@10: 0.02820 Recall@20: 0.04382 NDCG@10: 0.01550 NDCG@20: 0.01972 
09/04/2026,19:09:53: Epoch [105/1000]
09/04/2026,19:09:53: Negative sampling...
09/04/2026,19:09:54: Model's personal time...
09/04/2026,19:09:54: Training...
09/04/2026,19:09:55: Evaluating...
09/04/2026,19:09:56: 	Train Loss: 3759313.2500 (base: 184.7738, kd: 7518.2573), Elapsed: train 2.45 test 0.43
09/04/2026,19:09:56: 	Recall@10: 0.06738 Recall@20: 0.09497 NDCG@10: 0.03986 NDCG@20: 0.04742 
09/04/2026,19:09:56: 	Recall@10: 0.02733 Recall@20: 0.04367 NDCG@10: 0.01523 NDCG@20: 0.01970 
09/04/2026,19:09:56: Epoch [106/1000]
09/04/2026,19:09:56: Negative sampling...
09/04/2026,19:09:57: Model's personal time...
09/04/2026,19:09:57: Training...
09/04/2026,19:09:58: Evaluating...
09/04/2026,19:09:59: 	Train Loss: 3760156.0000 (base: 186.7125, kd: 7519.9385), Elapsed: train 2.46 test 0.42
09/04/2026,19:09:59: 	Recall@10: 0.06616 Recall@20: 0.09620 NDCG@10: 0.03908 NDCG@20: 0.04724 
09/04/2026,19:09:59: 	Recall@10: 0.02813 Recall@20: 0.04375 NDCG@10: 0.01547 NDCG@20: 0.01970 
09/04/2026,19:09:59: Epoch [107/1000]
09/04/2026,19:09:59: Negative sampling...
09/04/2026,19:10:00: Model's personal time...
09/04/2026,19:10:00: Training...
09/04/2026,19:10:01: Evaluating...
09/04/2026,19:10:02: 	Train Loss: 3758074.0000 (base: 184.8591, kd: 7515.7783), Elapsed: train 2.57 test 0.44
09/04/2026,19:10:02: 	Recall@10: 0.06649 Recall@20: 0.09541 NDCG@10: 0.03964 NDCG@20: 0.04761 
09/04/2026,19:10:02: 	Recall@10: 0.02829 Recall@20: 0.04331 NDCG@10: 0.01553 NDCG@20: 0.01963 
09/04/2026,19:10:02: Epoch [108/1000]
09/04/2026,19:10:02: Negative sampling...
09/04/2026,19:10:03: Model's personal time...
09/04/2026,19:10:03: Training...
09/04/2026,19:10:04: Evaluating...
09/04/2026,19:10:05: 	Train Loss: 3757956.5000 (base: 185.4273, kd: 7515.5420), Elapsed: train 2.67 test 0.44
09/04/2026,19:10:05: 	Recall@10: 0.06642 Recall@20: 0.09582 NDCG@10: 0.03945 NDCG@20: 0.04752 
09/04/2026,19:10:05: 	Recall@10: 0.02733 Recall@20: 0.04379 NDCG@10: 0.01524 NDCG@20: 0.01968 
09/04/2026,19:10:05: Epoch [109/1000]
09/04/2026,19:10:05: Negative sampling...
09/04/2026,19:10:06: Model's personal time...
09/04/2026,19:10:06: Training...
09/04/2026,19:10:07: Evaluating...
09/04/2026,19:10:08: 	Train Loss: 3757337.7500 (base: 184.4864, kd: 7514.3066), Elapsed: train 2.60 test 0.43
09/04/2026,19:10:08: 	Recall@10: 0.06602 Recall@20: 0.09587 NDCG@10: 0.03945 NDCG@20: 0.04762 
09/04/2026,19:10:08: 	Recall@10: 0.02727 Recall@20: 0.04329 NDCG@10: 0.01522 NDCG@20: 0.01959 
09/04/2026,19:10:08: Epoch [110/1000]
09/04/2026,19:10:08: Negative sampling...
09/04/2026,19:10:09: Model's personal time...
09/04/2026,19:10:09: Training...
09/04/2026,19:10:10: Evaluating...
09/04/2026,19:10:11: 	Train Loss: 3756498.7500 (base: 182.6737, kd: 7512.6323), Elapsed: train 2.55 test 0.44
09/04/2026,19:10:11: 	Recall@10: 0.06706 Recall@20: 0.09585 NDCG@10: 0.03980 NDCG@20: 0.04772 
09/04/2026,19:10:11: 	Recall@10: 0.02785 Recall@20: 0.04308 NDCG@10: 0.01534 NDCG@20: 0.01946 
09/04/2026,19:10:11: Epoch [111/1000]
09/04/2026,19:10:11: Negative sampling...
09/04/2026,19:10:12: Model's personal time...
09/04/2026,19:10:12: Training...
09/04/2026,19:10:13: Evaluating...
09/04/2026,19:10:14: 	Train Loss: 3755378.7500 (base: 183.8535, kd: 7510.3901), Elapsed: train 2.47 test 0.49
09/04/2026,19:10:14: 	Recall@10: 0.06795 Recall@20: 0.09642 NDCG@10: 0.04005 NDCG@20: 0.04782 
09/04/2026,19:10:14: 	Recall@10: 0.02785 Recall@20: 0.04342 NDCG@10: 0.01547 NDCG@20: 0.01969 
09/04/2026,19:10:14: Epoch [112/1000]
09/04/2026,19:10:14: Negative sampling...
09/04/2026,19:10:15: Model's personal time...
09/04/2026,19:10:15: Training...
09/04/2026,19:10:16: Evaluating...
09/04/2026,19:10:17: 	Train Loss: 3755894.7500 (base: 184.6580, kd: 7511.4199), Elapsed: train 2.66 test 0.42
09/04/2026,19:10:17: 	Recall@10: 0.06673 Recall@20: 0.09574 NDCG@10: 0.03976 NDCG@20: 0.04772 
09/04/2026,19:10:17: 	Recall@10: 0.02801 Recall@20: 0.04286 NDCG@10: 0.01545 NDCG@20: 0.01952 
09/04/2026,19:10:17: Epoch [113/1000]
09/04/2026,19:10:17: Negative sampling...
09/04/2026,19:10:18: Model's personal time...
09/04/2026,19:10:18: Training...
09/04/2026,19:10:19: Evaluating...
09/04/2026,19:10:20: 	Train Loss: 3754176.5000 (base: 179.2226, kd: 7507.9946), Elapsed: train 2.50 test 0.50
09/04/2026,19:10:20: 	Recall@10: 0.06690 Recall@20: 0.09652 NDCG@10: 0.03982 NDCG@20: 0.04798 
09/04/2026,19:10:20: 	Recall@10: 0.02769 Recall@20: 0.04391 NDCG@10: 0.01538 NDCG@20: 0.01976 
09/04/2026,19:10:20: Epoch [114/1000]
09/04/2026,19:10:20: Negative sampling...
09/04/2026,19:10:21: Model's personal time...
09/04/2026,19:10:21: Training...
09/04/2026,19:10:22: Evaluating...
09/04/2026,19:10:23: 	Train Loss: 3754906.0000 (base: 183.2240, kd: 7509.4448), Elapsed: train 2.54 test 0.51
09/04/2026,19:10:23: 	Recall@10: 0.06678 Recall@20: 0.09599 NDCG@10: 0.03986 NDCG@20: 0.04777 
09/04/2026,19:10:23: 	Recall@10: 0.02788 Recall@20: 0.04319 NDCG@10: 0.01522 NDCG@20: 0.01938 
09/04/2026,19:10:23: Epoch [115/1000]
09/04/2026,19:10:23: Negative sampling...
09/04/2026,19:10:24: Model's personal time...
09/04/2026,19:10:24: Training...
09/04/2026,19:10:25: Evaluating...
09/04/2026,19:10:26: 	Train Loss: 3754159.5000 (base: 179.6145, kd: 7507.9595), Elapsed: train 2.59 test 0.48
09/04/2026,19:10:26: 	Recall@10: 0.06733 Recall@20: 0.09642 NDCG@10: 0.03970 NDCG@20: 0.04763 
09/04/2026,19:10:26: 	Recall@10: 0.02753 Recall@20: 0.04319 NDCG@10: 0.01527 NDCG@20: 0.01952 
09/04/2026,19:10:26: Epoch [116/1000]
09/04/2026,19:10:26: Negative sampling...
09/04/2026,19:10:27: Model's personal time...
09/04/2026,19:10:27: Training...
09/04/2026,19:10:28: Evaluating...
09/04/2026,19:10:29: 	Train Loss: 3754109.2500 (base: 172.5802, kd: 7507.8730), Elapsed: train 2.48 test 0.42
09/04/2026,19:10:29: 	Recall@10: 0.06687 Recall@20: 0.09631 NDCG@10: 0.03967 NDCG@20: 0.04773 
09/04/2026,19:10:29: 	Recall@10: 0.02807 Recall@20: 0.04356 NDCG@10: 0.01534 NDCG@20: 0.01956 
09/04/2026,19:10:29: Epoch [117/1000]
09/04/2026,19:10:29: Negative sampling...
09/04/2026,19:10:30: Model's personal time...
09/04/2026,19:10:30: Training...
09/04/2026,19:10:31: Evaluating...
09/04/2026,19:10:32: 	Train Loss: 3754432.5000 (base: 176.0587, kd: 7508.5127), Elapsed: train 2.64 test 0.41
09/04/2026,19:10:32: 	Recall@10: 0.06708 Recall@20: 0.09645 NDCG@10: 0.03980 NDCG@20: 0.04784 
09/04/2026,19:10:32: 	Recall@10: 0.02791 Recall@20: 0.04286 NDCG@10: 0.01532 NDCG@20: 0.01936 
09/04/2026,19:10:32: Epoch [118/1000]
09/04/2026,19:10:32: Negative sampling...
09/04/2026,19:10:33: Model's personal time...
09/04/2026,19:10:33: Training...
09/04/2026,19:10:35: Evaluating...
09/04/2026,19:10:35: 	Train Loss: 3753198.5000 (base: 173.8638, kd: 7506.0498), Elapsed: train 2.77 test 0.52
09/04/2026,19:10:35: 	Recall@10: 0.06738 Recall@20: 0.09664 NDCG@10: 0.03973 NDCG@20: 0.04773 
09/04/2026,19:10:35: 	Recall@10: 0.02810 Recall@20: 0.04329 NDCG@10: 0.01534 NDCG@20: 0.01945 
09/04/2026,19:10:35: Epoch [119/1000]
09/04/2026,19:10:35: Negative sampling...
09/04/2026,19:10:36: Model's personal time...
09/04/2026,19:10:37: Training...
09/04/2026,19:10:38: Evaluating...
09/04/2026,19:10:38: 	Train Loss: 3753212.0000 (base: 171.9851, kd: 7506.0801), Elapsed: train 2.60 test 0.43
09/04/2026,19:10:38: 	Recall@10: 0.06727 Recall@20: 0.09584 NDCG@10: 0.03958 NDCG@20: 0.04736 
09/04/2026,19:10:38: 	Recall@10: 0.02784 Recall@20: 0.04286 NDCG@10: 0.01527 NDCG@20: 0.01934 
09/04/2026,19:10:38: Epoch [120/1000]
09/04/2026,19:10:38: Negative sampling...
09/04/2026,19:10:40: Model's personal time...
09/04/2026,19:10:40: Training...
09/04/2026,19:10:41: Evaluating...
09/04/2026,19:10:41: 	Train Loss: 3753378.2500 (base: 169.9637, kd: 7506.4170), Elapsed: train 2.56 test 0.46
09/04/2026,19:10:41: 	Recall@10: 0.06765 Recall@20: 0.09730 NDCG@10: 0.03986 NDCG@20: 0.04791 
09/04/2026,19:10:41: 	Recall@10: 0.02842 Recall@20: 0.04291 NDCG@10: 0.01555 NDCG@20: 0.01944 
09/04/2026,19:10:41: Epoch [121/1000]
09/04/2026,19:10:41: Negative sampling...
09/04/2026,19:10:43: Model's personal time...
09/04/2026,19:10:43: Training...
09/04/2026,19:10:44: Evaluating...
09/04/2026,19:10:44: 	Train Loss: 3751197.0000 (base: 170.9794, kd: 7502.0522), Elapsed: train 2.63 test 0.42
09/04/2026,19:10:44: 	Recall@10: 0.06806 Recall@20: 0.09658 NDCG@10: 0.03993 NDCG@20: 0.04772 
09/04/2026,19:10:44: 	Recall@10: 0.02794 Recall@20: 0.04295 NDCG@10: 0.01536 NDCG@20: 0.01941 
09/04/2026,19:10:44: Epoch [122/1000]
09/04/2026,19:10:44: Negative sampling...
09/04/2026,19:10:46: Model's personal time...
09/04/2026,19:10:46: Training...
09/04/2026,19:10:47: Evaluating...
09/04/2026,19:10:47: 	Train Loss: 3752048.2500 (base: 172.2729, kd: 7503.7524), Elapsed: train 2.56 test 0.42
09/04/2026,19:10:47: 	Recall@10: 0.06752 Recall@20: 0.09597 NDCG@10: 0.03994 NDCG@20: 0.04769 
09/04/2026,19:10:47: 	Recall@10: 0.02816 Recall@20: 0.04391 NDCG@10: 0.01555 NDCG@20: 0.01980 
09/04/2026,19:10:47: Epoch [123/1000]
09/04/2026,19:10:47: Negative sampling...
09/04/2026,19:10:49: Model's personal time...
09/04/2026,19:10:49: Training...
09/04/2026,19:10:50: Evaluating...
09/04/2026,19:10:50: 	Train Loss: 3752003.5000 (base: 169.3450, kd: 7503.6685), Elapsed: train 2.47 test 0.41
09/04/2026,19:10:50: 	Recall@10: 0.06728 Recall@20: 0.09697 NDCG@10: 0.03987 NDCG@20: 0.04796 
09/04/2026,19:10:50: 	Recall@10: 0.02810 Recall@20: 0.04318 NDCG@10: 0.01550 NDCG@20: 0.01956 
09/04/2026,19:10:50: Epoch [124/1000]
09/04/2026,19:10:50: Negative sampling...
09/04/2026,19:10:51: Model's personal time...
09/04/2026,19:10:52: Training...
09/04/2026,19:10:53: Evaluating...
09/04/2026,19:10:53: 	Train Loss: 3751735.5000 (base: 168.4096, kd: 7503.1338), Elapsed: train 2.59 test 0.43
09/04/2026,19:10:53: 	Recall@10: 0.06744 Recall@20: 0.09621 NDCG@10: 0.03956 NDCG@20: 0.04745 
09/04/2026,19:10:53: 	Recall@10: 0.02746 Recall@20: 0.04318 NDCG@10: 0.01530 NDCG@20: 0.01953 
09/04/2026,19:10:53: Epoch [125/1000]
09/04/2026,19:10:53: Negative sampling...
09/04/2026,19:10:54: Model's personal time...
09/04/2026,19:10:55: Training...
09/04/2026,19:10:56: Evaluating...
09/04/2026,19:10:56: 	Train Loss: 3750627.7500 (base: 167.9507, kd: 7500.9199), Elapsed: train 2.67 test 0.45
09/04/2026,19:10:56: 	Recall@10: 0.06773 Recall@20: 0.09635 NDCG@10: 0.03973 NDCG@20: 0.04757 
09/04/2026,19:10:56: 	Recall@10: 0.02816 Recall@20: 0.04319 NDCG@10: 0.01548 NDCG@20: 0.01954 
09/04/2026,19:10:56: Epoch [126/1000]
09/04/2026,19:10:56: Negative sampling...
09/04/2026,19:10:58: Model's personal time...
09/04/2026,19:10:58: Training...
09/04/2026,19:10:59: Evaluating...
09/04/2026,19:10:59: 	Train Loss: 3751241.5000 (base: 171.8614, kd: 7502.1387), Elapsed: train 2.54 test 0.44
09/04/2026,19:10:59: 	Recall@10: 0.06718 Recall@20: 0.09642 NDCG@10: 0.03980 NDCG@20: 0.04777 
09/04/2026,19:10:59: 	Recall@10: 0.02781 Recall@20: 0.04300 NDCG@10: 0.01549 NDCG@20: 0.01963 
09/04/2026,19:10:59: Epoch [127/1000]
09/04/2026,19:10:59: Negative sampling...
09/04/2026,19:11:01: Model's personal time...
09/04/2026,19:11:01: Training...
09/04/2026,19:11:02: Evaluating...
09/04/2026,19:11:02: 	Train Loss: 3750831.0000 (base: 169.7026, kd: 7501.3228), Elapsed: train 2.52 test 0.44
09/04/2026,19:11:02: 	Recall@10: 0.06757 Recall@20: 0.09717 NDCG@10: 0.03958 NDCG@20: 0.04768 
09/04/2026,19:11:02: 	Recall@10: 0.02844 Recall@20: 0.04361 NDCG@10: 0.01568 NDCG@20: 0.01978 
09/04/2026,19:11:02: Epoch [128/1000]
09/04/2026,19:11:02: Negative sampling...
09/04/2026,19:11:04: Model's personal time...
09/04/2026,19:11:04: Training...
09/04/2026,19:11:05: Evaluating...
09/04/2026,19:11:05: 	Train Loss: 3749744.0000 (base: 164.5712, kd: 7499.1587), Elapsed: train 2.56 test 0.45
09/04/2026,19:11:05: 	Recall@10: 0.06653 Recall@20: 0.09640 NDCG@10: 0.03943 NDCG@20: 0.04751 
09/04/2026,19:11:05: 	Recall@10: 0.02835 Recall@20: 0.04289 NDCG@10: 0.01567 NDCG@20: 0.01960 
09/04/2026,19:11:05: Epoch [129/1000]
09/04/2026,19:11:05: Negative sampling...
09/04/2026,19:11:07: Model's personal time...
09/04/2026,19:11:07: Training...
09/04/2026,19:11:08: Evaluating...
09/04/2026,19:11:08: 	Train Loss: 3748162.5000 (base: 168.8066, kd: 7495.9873), Elapsed: train 2.60 test 0.43
09/04/2026,19:11:08: 	Recall@10: 0.06764 Recall@20: 0.09679 NDCG@10: 0.03956 NDCG@20: 0.04750 
09/04/2026,19:11:08: 	Recall@10: 0.02857 Recall@20: 0.04342 NDCG@10: 0.01563 NDCG@20: 0.01964 
09/04/2026,19:11:08: Epoch [130/1000]
09/04/2026,19:11:08: Negative sampling...
09/04/2026,19:11:10: Model's personal time...
09/04/2026,19:11:10: Training...
09/04/2026,19:11:11: Evaluating...
09/04/2026,19:11:11: 	Train Loss: 3749134.5000 (base: 164.7687, kd: 7497.9399), Elapsed: train 2.55 test 0.52
09/04/2026,19:11:11: 	Recall@10: 0.06733 Recall@20: 0.09792 NDCG@10: 0.03961 NDCG@20: 0.04793 
09/04/2026,19:11:11: 	Recall@10: 0.02857 Recall@20: 0.04316 NDCG@10: 0.01553 NDCG@20: 0.01948 
09/04/2026,19:11:11: ------------------------------
09/04/2026,19:11:11: valid Recall@10: 0.06638 Recall@20: 0.09723 NDCG@10: 0.03960 NDCG@20: 0.04803
09/04/2026,19:11:11: test Recall@10: 0.02721 Recall@20: 0.04379 NDCG@10: 0.01511 NDCG@20: 0.01962
