----------------------------------------TEACHER----------------------------------------
init_std                                 0.01
embedding_dim                            400
----------------------------------------TEACHER----------------------------------------
----------------------------------------STUDENT----------------------------------------
init_std                                 0.01
embedding_dim                            20
----------------------------------------STUDENT----------------------------------------
----------------------------------------ARGUMENTS----------------------------------------
run_all                                  False
seed                                     0
gpu_id                                   0
no_log                                   False
no_save                                  False
suffix                                   
verbose                                  False
ablation                                 False
task                                     rec
dataset                                  citeulike
batch_size                               2048
num_ns                                   1
neg_sampling_on_all                      False
T_backbone                               bpr
S_backbone                               bpr
model                                    srcekd
preload                                  False
postsave                                 False
train_teacher                            False
ckpt_interval                            -1
epochs                                   1000
lr                                       0.001
wd                                       1e-05
lmbda                                    500
srce_alpha                               1
srce_s                                   20
srce_eta                                 1
srce_Lu                                  20
eval_period                              1
K_list                                   [10, 20]
early_stop_metric                        NDCG
early_stop_K                             10
early_stop_patience                      30
LOG_DIR                                  logs/
CONFIG_DIR                               configs/
DATA_DIR                                 data/
CKPT_DIR                                 checkpoints/
CRAFT_DIR                                crafts/
mkd_tau                                  1
mkd_K                                    50
mkd_L                                    50
mkd_T                                    10
mkd_mxK                                  200
----------------------------------------ARGUMENTS----------------------------------------
----------------------------------------Teacher----------------------------------------
09/04/2026,17:59:49: ------------------------------
09/04/2026,17:59:49: valid Recall@10: 0.06778 Recall@20: 0.10315 NDCG@10: 0.04052 NDCG@20: 0.05027
09/04/2026,17:59:49: test Recall@10: 0.02747 Recall@20: 0.04385 NDCG@10: 0.01551 NDCG@20: 0.02003
----------------------------------------------------------------------------------------
09/04/2026,17:59:49: Epoch [1/1000]
09/04/2026,17:59:49: Negative sampling...
09/04/2026,17:59:50: Model's personal time...
09/04/2026,17:59:51: Training...
09/04/2026,17:59:52: Evaluating...
09/04/2026,17:59:52: 	Train Loss: 5073499.5000 (base: 1390.5825, kd: 10144.2178), Elapsed: train 2.94 test 0.47 *
09/04/2026,17:59:52: 	Recall@10: 0.01304 Recall@20: 0.02073 NDCG@10: 0.00810 NDCG@20: 0.01018 
09/04/2026,17:59:52: 	Recall@10: 0.00550 Recall@20: 0.00917 NDCG@10: 0.00359 NDCG@20: 0.00465 
09/04/2026,17:59:52: Epoch [2/1000]
09/04/2026,17:59:52: Negative sampling...
09/04/2026,17:59:53: Model's personal time...
09/04/2026,17:59:54: Training...
09/04/2026,17:59:55: Evaluating...
09/04/2026,17:59:55: 	Train Loss: 4930824.5000 (base: 1377.8818, kd: 9858.8936), Elapsed: train 2.80 test 0.44 *
09/04/2026,17:59:55: 	Recall@10: 0.03343 Recall@20: 0.05196 NDCG@10: 0.02125 NDCG@20: 0.02619 
09/04/2026,17:59:55: 	Recall@10: 0.01326 Recall@20: 0.02440 NDCG@10: 0.00786 NDCG@20: 0.01086 
09/04/2026,17:59:55: Epoch [3/1000]
09/04/2026,17:59:55: Negative sampling...
09/04/2026,17:59:57: Model's personal time...
09/04/2026,17:59:57: Training...
09/04/2026,17:59:58: Evaluating...
09/04/2026,17:59:58: 	Train Loss: 4842375.0000 (base: 1351.9854, kd: 9682.0459), Elapsed: train 2.45 test 0.56 *
09/04/2026,17:59:58: 	Recall@10: 0.03476 Recall@20: 0.05225 NDCG@10: 0.02234 NDCG@20: 0.02702 
09/04/2026,17:59:58: 	Recall@10: 0.01388 Recall@20: 0.02257 NDCG@10: 0.00787 NDCG@20: 0.01029 
09/04/2026,17:59:58: Epoch [4/1000]
09/04/2026,17:59:58: Negative sampling...
09/04/2026,18:00:00: Model's personal time...
09/04/2026,18:00:00: Training...
09/04/2026,18:00:01: Evaluating...
09/04/2026,18:00:02: 	Train Loss: 4803044.5000 (base: 1320.2058, kd: 9603.4492), Elapsed: train 2.88 test 0.51 *
09/04/2026,18:00:02: 	Recall@10: 0.03983 Recall@20: 0.06466 NDCG@10: 0.02510 NDCG@20: 0.03173 
09/04/2026,18:00:02: 	Recall@10: 0.01574 Recall@20: 0.02714 NDCG@10: 0.00905 NDCG@20: 0.01212 
09/04/2026,18:00:02: Epoch [5/1000]
09/04/2026,18:00:02: Negative sampling...
09/04/2026,18:00:03: Model's personal time...
09/04/2026,18:00:03: Training...
09/04/2026,18:00:04: Evaluating...
09/04/2026,18:00:05: 	Train Loss: 4719491.5000 (base: 1279.4033, kd: 9436.4248), Elapsed: train 2.65 test 0.53 *
09/04/2026,18:00:05: 	Recall@10: 0.04283 Recall@20: 0.06278 NDCG@10: 0.02571 NDCG@20: 0.03122 
09/04/2026,18:00:05: 	Recall@10: 0.01655 Recall@20: 0.02678 NDCG@10: 0.00888 NDCG@20: 0.01169 
09/04/2026,18:00:05: Epoch [6/1000]
09/04/2026,18:00:05: Negative sampling...
09/04/2026,18:00:06: Model's personal time...
09/04/2026,18:00:06: Training...
09/04/2026,18:00:07: Evaluating...
09/04/2026,18:00:08: 	Train Loss: 4648620.5000 (base: 1234.0770, kd: 9294.7725), Elapsed: train 2.57 test 0.57 *
09/04/2026,18:00:08: 	Recall@10: 0.04349 Recall@20: 0.06724 NDCG@10: 0.02616 NDCG@20: 0.03268 
09/04/2026,18:00:08: 	Recall@10: 0.01673 Recall@20: 0.02667 NDCG@10: 0.00907 NDCG@20: 0.01181 
09/04/2026,18:00:08: Epoch [7/1000]
09/04/2026,18:00:08: Negative sampling...
09/04/2026,18:00:09: Model's personal time...
09/04/2026,18:00:10: Training...
09/04/2026,18:00:11: Evaluating...
09/04/2026,18:00:11: 	Train Loss: 4578306.5000 (base: 1183.3265, kd: 9154.2471), Elapsed: train 2.95 test 0.45 *
09/04/2026,18:00:11: 	Recall@10: 0.04599 Recall@20: 0.06464 NDCG@10: 0.02706 NDCG@20: 0.03227 
09/04/2026,18:00:11: 	Recall@10: 0.01697 Recall@20: 0.02808 NDCG@10: 0.00901 NDCG@20: 0.01200 
09/04/2026,18:00:11: Epoch [8/1000]
09/04/2026,18:00:11: Negative sampling...
09/04/2026,18:00:13: Model's personal time...
09/04/2026,18:00:13: Training...
09/04/2026,18:00:14: Evaluating...
09/04/2026,18:00:15: 	Train Loss: 4515737.0000 (base: 1130.1779, kd: 9029.2139), Elapsed: train 2.83 test 0.41 *
09/04/2026,18:00:15: 	Recall@10: 0.04591 Recall@20: 0.07222 NDCG@10: 0.02723 NDCG@20: 0.03443 
09/04/2026,18:00:15: 	Recall@10: 0.01697 Recall@20: 0.02737 NDCG@10: 0.00908 NDCG@20: 0.01189 
09/04/2026,18:00:15: Epoch [9/1000]
09/04/2026,18:00:15: Negative sampling...
09/04/2026,18:00:16: Model's personal time...
09/04/2026,18:00:16: Training...
09/04/2026,18:00:17: Evaluating...
09/04/2026,18:00:18: 	Train Loss: 4465781.5000 (base: 1077.2687, kd: 8929.4082), Elapsed: train 2.72 test 0.42 *
09/04/2026,18:00:18: 	Recall@10: 0.04883 Recall@20: 0.06927 NDCG@10: 0.02863 NDCG@20: 0.03432 
09/04/2026,18:00:18: 	Recall@10: 0.01782 Recall@20: 0.02912 NDCG@10: 0.00939 NDCG@20: 0.01242 
09/04/2026,18:00:18: Epoch [10/1000]
09/04/2026,18:00:18: Negative sampling...
09/04/2026,18:00:19: Model's personal time...
09/04/2026,18:00:19: Training...
09/04/2026,18:00:20: Evaluating...
09/04/2026,18:00:21: 	Train Loss: 4415955.0000 (base: 1022.1334, kd: 8829.8662), Elapsed: train 2.62 test 0.52 *
09/04/2026,18:00:21: 	Recall@10: 0.04917 Recall@20: 0.07250 NDCG@10: 0.02882 NDCG@20: 0.03527 
09/04/2026,18:00:21: 	Recall@10: 0.01772 Recall@20: 0.02880 NDCG@10: 0.00964 NDCG@20: 0.01276 
09/04/2026,18:00:21: Epoch [11/1000]
09/04/2026,18:00:21: Negative sampling...
09/04/2026,18:00:22: Model's personal time...
09/04/2026,18:00:23: Training...
09/04/2026,18:00:24: Evaluating...
09/04/2026,18:00:24: 	Train Loss: 4375314.0000 (base: 971.5880, kd: 8748.6846), Elapsed: train 2.71 test 0.50 *
09/04/2026,18:00:24: 	Recall@10: 0.05005 Recall@20: 0.07476 NDCG@10: 0.02952 NDCG@20: 0.03626 
09/04/2026,18:00:24: 	Recall@10: 0.01835 Recall@20: 0.02914 NDCG@10: 0.00985 NDCG@20: 0.01275 
09/04/2026,18:00:24: Epoch [12/1000]
09/04/2026,18:00:24: Negative sampling...
09/04/2026,18:00:26: Model's personal time...
09/04/2026,18:00:26: Training...
09/04/2026,18:00:27: Evaluating...
09/04/2026,18:00:28: 	Train Loss: 4336988.5000 (base: 921.9597, kd: 8672.1338), Elapsed: train 2.97 test 0.54 *
09/04/2026,18:00:28: 	Recall@10: 0.05198 Recall@20: 0.07778 NDCG@10: 0.03030 NDCG@20: 0.03741 
09/04/2026,18:00:28: 	Recall@10: 0.01900 Recall@20: 0.03093 NDCG@10: 0.01031 NDCG@20: 0.01360 
09/04/2026,18:00:28: Epoch [13/1000]
09/04/2026,18:00:28: Negative sampling...
09/04/2026,18:00:29: Model's personal time...
09/04/2026,18:00:30: Training...
09/04/2026,18:00:31: Evaluating...
09/04/2026,18:00:31: 	Train Loss: 4304505.0000 (base: 877.0222, kd: 8607.2559), Elapsed: train 3.05 test 0.41 *
09/04/2026,18:00:31: 	Recall@10: 0.05234 Recall@20: 0.07849 NDCG@10: 0.03144 NDCG@20: 0.03851 
09/04/2026,18:00:31: 	Recall@10: 0.01966 Recall@20: 0.03223 NDCG@10: 0.01061 NDCG@20: 0.01406 
09/04/2026,18:00:31: Epoch [14/1000]
09/04/2026,18:00:31: Negative sampling...
09/04/2026,18:00:33: Model's personal time...
09/04/2026,18:00:33: Training...
09/04/2026,18:00:34: Evaluating...
09/04/2026,18:00:34: 	Train Loss: 4275684.0000 (base: 833.6592, kd: 8549.7012), Elapsed: train 2.57 test 0.42 *
09/04/2026,18:00:34: 	Recall@10: 0.05400 Recall@20: 0.08127 NDCG@10: 0.03209 NDCG@20: 0.03956 
09/04/2026,18:00:34: 	Recall@10: 0.01994 Recall@20: 0.03155 NDCG@10: 0.01084 NDCG@20: 0.01404 
09/04/2026,18:00:34: Epoch [15/1000]
09/04/2026,18:00:34: Negative sampling...
09/04/2026,18:00:36: Model's personal time...
09/04/2026,18:00:36: Training...
09/04/2026,18:00:37: Evaluating...
09/04/2026,18:00:37: 	Train Loss: 4248542.0000 (base: 791.6251, kd: 8495.5000), Elapsed: train 2.64 test 0.42 *
09/04/2026,18:00:37: 	Recall@10: 0.05475 Recall@20: 0.08198 NDCG@10: 0.03296 NDCG@20: 0.04044 
09/04/2026,18:00:37: 	Recall@10: 0.02023 Recall@20: 0.03270 NDCG@10: 0.01100 NDCG@20: 0.01443 
09/04/2026,18:00:37: Epoch [16/1000]
09/04/2026,18:00:37: Negative sampling...
09/04/2026,18:00:39: Model's personal time...
09/04/2026,18:00:39: Training...
09/04/2026,18:00:40: Evaluating...
09/04/2026,18:00:40: 	Train Loss: 4225252.5000 (base: 755.1957, kd: 8448.9941), Elapsed: train 2.69 test 0.45 *
09/04/2026,18:00:40: 	Recall@10: 0.05517 Recall@20: 0.08455 NDCG@10: 0.03312 NDCG@20: 0.04118 
09/04/2026,18:00:40: 	Recall@10: 0.02053 Recall@20: 0.03382 NDCG@10: 0.01139 NDCG@20: 0.01501 
09/04/2026,18:00:40: Epoch [17/1000]
09/04/2026,18:00:40: Negative sampling...
09/04/2026,18:00:42: Model's personal time...
09/04/2026,18:00:42: Training...
09/04/2026,18:00:43: Evaluating...
09/04/2026,18:00:43: 	Train Loss: 4203833.0000 (base: 720.6761, kd: 8406.2246), Elapsed: train 2.56 test 0.50 *
09/04/2026,18:00:43: 	Recall@10: 0.05673 Recall@20: 0.08508 NDCG@10: 0.03422 NDCG@20: 0.04202 
09/04/2026,18:00:43: 	Recall@10: 0.02186 Recall@20: 0.03459 NDCG@10: 0.01182 NDCG@20: 0.01526 
09/04/2026,18:00:43: Epoch [18/1000]
09/04/2026,18:00:43: Negative sampling...
09/04/2026,18:00:45: Model's personal time...
09/04/2026,18:00:45: Training...
09/04/2026,18:00:46: Evaluating...
09/04/2026,18:00:47: 	Train Loss: 4182988.2500 (base: 691.7206, kd: 8364.5928), Elapsed: train 2.83 test 0.40
09/04/2026,18:00:47: 	Recall@10: 0.05690 Recall@20: 0.08691 NDCG@10: 0.03419 NDCG@20: 0.04231 
09/04/2026,18:00:47: 	Recall@10: 0.02140 Recall@20: 0.03396 NDCG@10: 0.01165 NDCG@20: 0.01508 
09/04/2026,18:00:47: Epoch [19/1000]
09/04/2026,18:00:47: Negative sampling...
09/04/2026,18:00:48: Model's personal time...
09/04/2026,18:00:48: Training...
09/04/2026,18:00:49: Evaluating...
09/04/2026,18:00:49: 	Train Loss: 4165894.5000 (base: 661.9171, kd: 8330.4658), Elapsed: train 2.44 test 0.40 *
09/04/2026,18:00:49: 	Recall@10: 0.05987 Recall@20: 0.08591 NDCG@10: 0.03547 NDCG@20: 0.04261 
09/04/2026,18:00:49: 	Recall@10: 0.02250 Recall@20: 0.03655 NDCG@10: 0.01210 NDCG@20: 0.01585 
09/04/2026,18:00:49: Epoch [20/1000]
09/04/2026,18:00:49: Negative sampling...
09/04/2026,18:00:51: Model's personal time...
09/04/2026,18:00:51: Training...
09/04/2026,18:00:52: Evaluating...
09/04/2026,18:00:53: 	Train Loss: 4148833.0000 (base: 636.2074, kd: 8296.3926), Elapsed: train 2.82 test 0.44
09/04/2026,18:00:53: 	Recall@10: 0.05771 Recall@20: 0.08605 NDCG@10: 0.03475 NDCG@20: 0.04254 
09/04/2026,18:00:53: 	Recall@10: 0.02252 Recall@20: 0.03532 NDCG@10: 0.01232 NDCG@20: 0.01576 
09/04/2026,18:00:53: Epoch [21/1000]
09/04/2026,18:00:53: Negative sampling...
09/04/2026,18:00:54: Model's personal time...
09/04/2026,18:00:54: Training...
09/04/2026,18:00:55: Evaluating...
09/04/2026,18:00:56: 	Train Loss: 4134354.7500 (base: 611.0598, kd: 8267.4873), Elapsed: train 2.57 test 0.40 *
09/04/2026,18:00:56: 	Recall@10: 0.06011 Recall@20: 0.08720 NDCG@10: 0.03579 NDCG@20: 0.04331 
09/04/2026,18:00:56: 	Recall@10: 0.02244 Recall@20: 0.03656 NDCG@10: 0.01235 NDCG@20: 0.01617 
09/04/2026,18:00:56: Epoch [22/1000]
09/04/2026,18:00:56: Negative sampling...
09/04/2026,18:00:57: Model's personal time...
09/04/2026,18:00:57: Training...
09/04/2026,18:00:58: Evaluating...
09/04/2026,18:00:59: 	Train Loss: 4120215.5000 (base: 590.0684, kd: 8239.2500), Elapsed: train 2.48 test 0.41
09/04/2026,18:00:59: 	Recall@10: 0.06071 Recall@20: 0.08784 NDCG@10: 0.03568 NDCG@20: 0.04305 
09/04/2026,18:00:59: 	Recall@10: 0.02292 Recall@20: 0.03579 NDCG@10: 0.01263 NDCG@20: 0.01610 
09/04/2026,18:00:59: Epoch [23/1000]
09/04/2026,18:00:59: Negative sampling...
09/04/2026,18:01:00: Model's personal time...
09/04/2026,18:01:00: Training...
09/04/2026,18:01:01: Evaluating...
09/04/2026,18:01:02: 	Train Loss: 4107015.0000 (base: 569.3899, kd: 8212.8916), Elapsed: train 2.49 test 0.42 *
09/04/2026,18:01:02: 	Recall@10: 0.06073 Recall@20: 0.08895 NDCG@10: 0.03607 NDCG@20: 0.04389 
09/04/2026,18:01:02: 	Recall@10: 0.02243 Recall@20: 0.03681 NDCG@10: 0.01240 NDCG@20: 0.01635 
09/04/2026,18:01:02: Epoch [24/1000]
09/04/2026,18:01:02: Negative sampling...
09/04/2026,18:01:03: Model's personal time...
09/04/2026,18:01:03: Training...
09/04/2026,18:01:04: Evaluating...
09/04/2026,18:01:05: 	Train Loss: 4095151.2500 (base: 550.1636, kd: 8189.2026), Elapsed: train 2.57 test 0.41
09/04/2026,18:01:05: 	Recall@10: 0.06112 Recall@20: 0.08824 NDCG@10: 0.03588 NDCG@20: 0.04337 
09/04/2026,18:01:05: 	Recall@10: 0.02270 Recall@20: 0.03562 NDCG@10: 0.01266 NDCG@20: 0.01621 
09/04/2026,18:01:05: Epoch [25/1000]
09/04/2026,18:01:05: Negative sampling...
09/04/2026,18:01:06: Model's personal time...
09/04/2026,18:01:06: Training...
09/04/2026,18:01:07: Evaluating...
09/04/2026,18:01:07: 	Train Loss: 4083785.0000 (base: 532.9475, kd: 8166.5049), Elapsed: train 2.54 test 0.40 *
09/04/2026,18:01:07: 	Recall@10: 0.06157 Recall@20: 0.08920 NDCG@10: 0.03671 NDCG@20: 0.04436 
09/04/2026,18:01:07: 	Recall@10: 0.02364 Recall@20: 0.03673 NDCG@10: 0.01312 NDCG@20: 0.01674 
09/04/2026,18:01:07: Epoch [26/1000]
09/04/2026,18:01:07: Negative sampling...
09/04/2026,18:01:09: Model's personal time...
09/04/2026,18:01:09: Training...
09/04/2026,18:01:10: Evaluating...
09/04/2026,18:01:11: 	Train Loss: 4074240.5000 (base: 518.4872, kd: 8147.4438), Elapsed: train 2.64 test 0.47
09/04/2026,18:01:11: 	Recall@10: 0.06184 Recall@20: 0.08825 NDCG@10: 0.03627 NDCG@20: 0.04348 
09/04/2026,18:01:11: 	Recall@10: 0.02240 Recall@20: 0.03691 NDCG@10: 0.01265 NDCG@20: 0.01659 
09/04/2026,18:01:11: Epoch [27/1000]
09/04/2026,18:01:11: Negative sampling...
09/04/2026,18:01:12: Model's personal time...
09/04/2026,18:01:12: Training...
09/04/2026,18:01:13: Evaluating...
09/04/2026,18:01:14: 	Train Loss: 4064981.5000 (base: 501.7962, kd: 8128.9590), Elapsed: train 2.56 test 0.40
09/04/2026,18:01:14: 	Recall@10: 0.06160 Recall@20: 0.09121 NDCG@10: 0.03645 NDCG@20: 0.04458 
09/04/2026,18:01:14: 	Recall@10: 0.02320 Recall@20: 0.03632 NDCG@10: 0.01332 NDCG@20: 0.01695 
09/04/2026,18:01:14: Epoch [28/1000]
09/04/2026,18:01:14: Negative sampling...
09/04/2026,18:01:15: Model's personal time...
09/04/2026,18:01:15: Training...
09/04/2026,18:01:16: Evaluating...
09/04/2026,18:01:17: 	Train Loss: 4055813.2500 (base: 487.8445, kd: 8110.6504), Elapsed: train 2.58 test 0.41
09/04/2026,18:01:17: 	Recall@10: 0.06048 Recall@20: 0.09024 NDCG@10: 0.03588 NDCG@20: 0.04400 
09/04/2026,18:01:17: 	Recall@10: 0.02256 Recall@20: 0.03668 NDCG@10: 0.01283 NDCG@20: 0.01667 
09/04/2026,18:01:17: Epoch [29/1000]
09/04/2026,18:01:17: Negative sampling...
09/04/2026,18:01:18: Model's personal time...
09/04/2026,18:01:18: Training...
09/04/2026,18:01:19: Evaluating...
09/04/2026,18:01:20: 	Train Loss: 4045566.2500 (base: 476.5641, kd: 8090.1797), Elapsed: train 2.62 test 0.51 *
09/04/2026,18:01:20: 	Recall@10: 0.06313 Recall@20: 0.09193 NDCG@10: 0.03719 NDCG@20: 0.04512 
09/04/2026,18:01:20: 	Recall@10: 0.02369 Recall@20: 0.03753 NDCG@10: 0.01338 NDCG@20: 0.01714 
09/04/2026,18:01:20: Epoch [30/1000]
09/04/2026,18:01:20: Negative sampling...
09/04/2026,18:01:21: Model's personal time...
09/04/2026,18:01:21: Training...
09/04/2026,18:01:23: Evaluating...
09/04/2026,18:01:23: 	Train Loss: 4037708.2500 (base: 465.4006, kd: 8074.4858), Elapsed: train 2.89 test 0.52
09/04/2026,18:01:23: 	Recall@10: 0.06150 Recall@20: 0.09037 NDCG@10: 0.03604 NDCG@20: 0.04407 
09/04/2026,18:01:23: 	Recall@10: 0.02326 Recall@20: 0.03656 NDCG@10: 0.01308 NDCG@20: 0.01676 
09/04/2026,18:01:23: Epoch [31/1000]
09/04/2026,18:01:23: Negative sampling...
09/04/2026,18:01:25: Model's personal time...
09/04/2026,18:01:25: Training...
09/04/2026,18:01:26: Evaluating...
09/04/2026,18:01:26: 	Train Loss: 4029830.0000 (base: 452.1168, kd: 8058.7554), Elapsed: train 2.67 test 0.50
09/04/2026,18:01:26: 	Recall@10: 0.06222 Recall@20: 0.09014 NDCG@10: 0.03675 NDCG@20: 0.04451 
09/04/2026,18:01:26: 	Recall@10: 0.02338 Recall@20: 0.03789 NDCG@10: 0.01347 NDCG@20: 0.01744 
09/04/2026,18:01:26: Epoch [32/1000]
09/04/2026,18:01:26: Negative sampling...
09/04/2026,18:01:28: Model's personal time...
09/04/2026,18:01:28: Training...
09/04/2026,18:01:29: Evaluating...
09/04/2026,18:01:29: 	Train Loss: 4024712.5000 (base: 442.7965, kd: 8048.5396), Elapsed: train 2.62 test 0.49
09/04/2026,18:01:29: 	Recall@10: 0.06127 Recall@20: 0.09091 NDCG@10: 0.03621 NDCG@20: 0.04441 
09/04/2026,18:01:29: 	Recall@10: 0.02424 Recall@20: 0.03833 NDCG@10: 0.01354 NDCG@20: 0.01741 
09/04/2026,18:01:29: Epoch [33/1000]
09/04/2026,18:01:29: Negative sampling...
09/04/2026,18:01:31: Model's personal time...
09/04/2026,18:01:31: Training...
09/04/2026,18:01:32: Evaluating...
09/04/2026,18:01:32: 	Train Loss: 4017835.7500 (base: 432.4097, kd: 8034.8062), Elapsed: train 2.55 test 0.46
09/04/2026,18:01:32: 	Recall@10: 0.06197 Recall@20: 0.09101 NDCG@10: 0.03718 NDCG@20: 0.04519 
09/04/2026,18:01:32: 	Recall@10: 0.02313 Recall@20: 0.03880 NDCG@10: 0.01342 NDCG@20: 0.01776 
09/04/2026,18:01:32: Epoch [34/1000]
09/04/2026,18:01:32: Negative sampling...
09/04/2026,18:01:34: Model's personal time...
09/04/2026,18:01:34: Training...
09/04/2026,18:01:35: Evaluating...
09/04/2026,18:01:36: 	Train Loss: 4010513.0000 (base: 426.9893, kd: 8020.1714), Elapsed: train 2.68 test 0.53
09/04/2026,18:01:36: 	Recall@10: 0.06314 Recall@20: 0.08978 NDCG@10: 0.03695 NDCG@20: 0.04440 
09/04/2026,18:01:36: 	Recall@10: 0.02438 Recall@20: 0.03805 NDCG@10: 0.01365 NDCG@20: 0.01743 
09/04/2026,18:01:36: Epoch [35/1000]
09/04/2026,18:01:36: Negative sampling...
09/04/2026,18:01:37: Model's personal time...
09/04/2026,18:01:37: Training...
09/04/2026,18:01:38: Evaluating...
09/04/2026,18:01:39: 	Train Loss: 4004558.2500 (base: 417.5518, kd: 8008.2812), Elapsed: train 2.62 test 0.40 *
09/04/2026,18:01:39: 	Recall@10: 0.06325 Recall@20: 0.09139 NDCG@10: 0.03725 NDCG@20: 0.04500 
09/04/2026,18:01:39: 	Recall@10: 0.02321 Recall@20: 0.03802 NDCG@10: 0.01337 NDCG@20: 0.01747 
09/04/2026,18:01:39: Epoch [36/1000]
09/04/2026,18:01:39: Negative sampling...
09/04/2026,18:01:40: Model's personal time...
09/04/2026,18:01:40: Training...
09/04/2026,18:01:41: Evaluating...
09/04/2026,18:01:42: 	Train Loss: 3998838.7500 (base: 408.7859, kd: 7996.8604), Elapsed: train 2.60 test 0.52
09/04/2026,18:01:42: 	Recall@10: 0.06248 Recall@20: 0.09055 NDCG@10: 0.03707 NDCG@20: 0.04491 
09/04/2026,18:01:42: 	Recall@10: 0.02417 Recall@20: 0.03987 NDCG@10: 0.01370 NDCG@20: 0.01800 
09/04/2026,18:01:42: Epoch [37/1000]
09/04/2026,18:01:42: Negative sampling...
09/04/2026,18:01:43: Model's personal time...
09/04/2026,18:01:43: Training...
09/04/2026,18:01:44: Evaluating...
09/04/2026,18:01:45: 	Train Loss: 3992175.5000 (base: 399.9343, kd: 7983.5508), Elapsed: train 2.76 test 0.41
09/04/2026,18:01:45: 	Recall@10: 0.06194 Recall@20: 0.08961 NDCG@10: 0.03713 NDCG@20: 0.04482 
09/04/2026,18:01:45: 	Recall@10: 0.02410 Recall@20: 0.03801 NDCG@10: 0.01370 NDCG@20: 0.01753 
09/04/2026,18:01:45: Epoch [38/1000]
09/04/2026,18:01:45: Negative sampling...
09/04/2026,18:01:46: Model's personal time...
09/04/2026,18:01:46: Training...
09/04/2026,18:01:47: Evaluating...
09/04/2026,18:01:48: 	Train Loss: 3987790.2500 (base: 393.3333, kd: 7974.7939), Elapsed: train 2.50 test 0.42
09/04/2026,18:01:48: 	Recall@10: 0.06339 Recall@20: 0.09163 NDCG@10: 0.03718 NDCG@20: 0.04505 
09/04/2026,18:01:48: 	Recall@10: 0.02445 Recall@20: 0.03931 NDCG@10: 0.01361 NDCG@20: 0.01774 
09/04/2026,18:01:48: Epoch [39/1000]
09/04/2026,18:01:48: Negative sampling...
09/04/2026,18:01:49: Model's personal time...
09/04/2026,18:01:49: Training...
09/04/2026,18:01:50: Evaluating...
09/04/2026,18:01:51: 	Train Loss: 3984573.2500 (base: 387.7323, kd: 7968.3711), Elapsed: train 2.66 test 0.46 *
09/04/2026,18:01:51: 	Recall@10: 0.06269 Recall@20: 0.09051 NDCG@10: 0.03727 NDCG@20: 0.04509 
09/04/2026,18:01:51: 	Recall@10: 0.02355 Recall@20: 0.03836 NDCG@10: 0.01362 NDCG@20: 0.01772 
09/04/2026,18:01:51: Epoch [40/1000]
09/04/2026,18:01:51: Negative sampling...
09/04/2026,18:01:52: Model's personal time...
09/04/2026,18:01:53: Training...
09/04/2026,18:01:54: Evaluating...
09/04/2026,18:01:54: 	Train Loss: 3979656.5000 (base: 382.9819, kd: 7958.5469), Elapsed: train 2.84 test 0.45
09/04/2026,18:01:54: 	Recall@10: 0.06307 Recall@20: 0.09134 NDCG@10: 0.03721 NDCG@20: 0.04515 
09/04/2026,18:01:54: 	Recall@10: 0.02429 Recall@20: 0.03937 NDCG@10: 0.01359 NDCG@20: 0.01777 
09/04/2026,18:01:54: Epoch [41/1000]
09/04/2026,18:01:54: Negative sampling...
09/04/2026,18:01:56: Model's personal time...
09/04/2026,18:01:56: Training...
09/04/2026,18:01:57: Evaluating...
09/04/2026,18:01:57: 	Train Loss: 3974365.2500 (base: 375.9941, kd: 7947.9780), Elapsed: train 2.79 test 0.44 *
09/04/2026,18:01:57: 	Recall@10: 0.06473 Recall@20: 0.09014 NDCG@10: 0.03784 NDCG@20: 0.04493 
09/04/2026,18:01:57: 	Recall@10: 0.02398 Recall@20: 0.03872 NDCG@10: 0.01372 NDCG@20: 0.01779 
09/04/2026,18:01:57: Epoch [42/1000]
09/04/2026,18:01:57: Negative sampling...
09/04/2026,18:01:59: Model's personal time...
09/04/2026,18:01:59: Training...
09/04/2026,18:02:00: Evaluating...
09/04/2026,18:02:01: 	Train Loss: 3970814.0000 (base: 369.4486, kd: 7940.8887), Elapsed: train 2.70 test 0.48
09/04/2026,18:02:01: 	Recall@10: 0.06411 Recall@20: 0.09199 NDCG@10: 0.03748 NDCG@20: 0.04527 
09/04/2026,18:02:01: 	Recall@10: 0.02406 Recall@20: 0.03830 NDCG@10: 0.01373 NDCG@20: 0.01774 
09/04/2026,18:02:01: Epoch [43/1000]
09/04/2026,18:02:01: Negative sampling...
09/04/2026,18:02:02: Model's personal time...
09/04/2026,18:02:02: Training...
09/04/2026,18:02:03: Evaluating...
09/04/2026,18:02:04: 	Train Loss: 3967511.0000 (base: 365.0904, kd: 7934.2920), Elapsed: train 2.65 test 0.43 *
09/04/2026,18:02:04: 	Recall@10: 0.06511 Recall@20: 0.09063 NDCG@10: 0.03835 NDCG@20: 0.04547 
09/04/2026,18:02:04: 	Recall@10: 0.02565 Recall@20: 0.03973 NDCG@10: 0.01428 NDCG@20: 0.01815 
09/04/2026,18:02:04: Epoch [44/1000]
09/04/2026,18:02:04: Negative sampling...
09/04/2026,18:02:05: Model's personal time...
09/04/2026,18:02:05: Training...
09/04/2026,18:02:06: Evaluating...
09/04/2026,18:02:07: 	Train Loss: 3960514.0000 (base: 361.4607, kd: 7920.3047), Elapsed: train 2.64 test 0.46
09/04/2026,18:02:07: 	Recall@10: 0.06490 Recall@20: 0.09168 NDCG@10: 0.03773 NDCG@20: 0.04526 
09/04/2026,18:02:07: 	Recall@10: 0.02427 Recall@20: 0.03876 NDCG@10: 0.01387 NDCG@20: 0.01791 
09/04/2026,18:02:07: Epoch [45/1000]
09/04/2026,18:02:07: Negative sampling...
09/04/2026,18:02:08: Model's personal time...
09/04/2026,18:02:08: Training...
09/04/2026,18:02:09: Evaluating...
09/04/2026,18:02:10: 	Train Loss: 3958073.5000 (base: 355.4680, kd: 7915.4360), Elapsed: train 2.59 test 0.49
09/04/2026,18:02:10: 	Recall@10: 0.06568 Recall@20: 0.09177 NDCG@10: 0.03832 NDCG@20: 0.04556 
09/04/2026,18:02:10: 	Recall@10: 0.02531 Recall@20: 0.03929 NDCG@10: 0.01414 NDCG@20: 0.01797 
09/04/2026,18:02:10: Epoch [46/1000]
09/04/2026,18:02:10: Negative sampling...
09/04/2026,18:02:11: Model's personal time...
09/04/2026,18:02:11: Training...
09/04/2026,18:02:13: Evaluating...
09/04/2026,18:02:13: 	Train Loss: 3954944.5000 (base: 350.1929, kd: 7909.1885), Elapsed: train 2.60 test 0.45
09/04/2026,18:02:13: 	Recall@10: 0.06389 Recall@20: 0.09184 NDCG@10: 0.03777 NDCG@20: 0.04554 
09/04/2026,18:02:13: 	Recall@10: 0.02505 Recall@20: 0.03882 NDCG@10: 0.01416 NDCG@20: 0.01798 
09/04/2026,18:02:13: Epoch [47/1000]
09/04/2026,18:02:13: Negative sampling...
09/04/2026,18:02:14: Model's personal time...
09/04/2026,18:02:14: Training...
09/04/2026,18:02:16: Evaluating...
09/04/2026,18:02:16: 	Train Loss: 3951256.7500 (base: 342.2309, kd: 7901.8291), Elapsed: train 2.64 test 0.44
09/04/2026,18:02:16: 	Recall@10: 0.06446 Recall@20: 0.09182 NDCG@10: 0.03801 NDCG@20: 0.04555 
09/04/2026,18:02:16: 	Recall@10: 0.02517 Recall@20: 0.03901 NDCG@10: 0.01418 NDCG@20: 0.01799 
09/04/2026,18:02:16: Epoch [48/1000]
09/04/2026,18:02:16: Negative sampling...
09/04/2026,18:02:17: Model's personal time...
09/04/2026,18:02:18: Training...
09/04/2026,18:02:19: Evaluating...
09/04/2026,18:02:19: 	Train Loss: 3946776.7500 (base: 341.9607, kd: 7892.8691), Elapsed: train 2.59 test 0.43
09/04/2026,18:02:19: 	Recall@10: 0.06420 Recall@20: 0.09210 NDCG@10: 0.03827 NDCG@20: 0.04600 
09/04/2026,18:02:19: 	Recall@10: 0.02549 Recall@20: 0.03974 NDCG@10: 0.01436 NDCG@20: 0.01827 
09/04/2026,18:02:19: Epoch [49/1000]
09/04/2026,18:02:19: Negative sampling...
09/04/2026,18:02:20: Model's personal time...
09/04/2026,18:02:21: Training...
09/04/2026,18:02:22: Evaluating...
09/04/2026,18:02:22: 	Train Loss: 3945087.2500 (base: 336.4813, kd: 7889.5010), Elapsed: train 2.72 test 0.43 *
09/04/2026,18:02:22: 	Recall@10: 0.06481 Recall@20: 0.09147 NDCG@10: 0.03844 NDCG@20: 0.04576 
09/04/2026,18:02:22: 	Recall@10: 0.02536 Recall@20: 0.03892 NDCG@10: 0.01427 NDCG@20: 0.01800 
09/04/2026,18:02:22: Epoch [50/1000]
09/04/2026,18:02:22: Negative sampling...
09/04/2026,18:02:24: Model's personal time...
09/04/2026,18:02:24: Training...
09/04/2026,18:02:25: Evaluating...
09/04/2026,18:02:25: 	Train Loss: 3942509.0000 (base: 333.3293, kd: 7884.3511), Elapsed: train 2.68 test 0.45
09/04/2026,18:02:25: 	Recall@10: 0.06381 Recall@20: 0.09222 NDCG@10: 0.03790 NDCG@20: 0.04579 
09/04/2026,18:02:25: 	Recall@10: 0.02443 Recall@20: 0.03833 NDCG@10: 0.01401 NDCG@20: 0.01790 
09/04/2026,18:02:25: Epoch [51/1000]
09/04/2026,18:02:25: Negative sampling...
09/04/2026,18:02:27: Model's personal time...
09/04/2026,18:02:27: Training...
09/04/2026,18:02:28: Evaluating...
09/04/2026,18:02:28: 	Train Loss: 3941054.5000 (base: 329.3135, kd: 7881.4502), Elapsed: train 2.60 test 0.43
09/04/2026,18:02:28: 	Recall@10: 0.06471 Recall@20: 0.09116 NDCG@10: 0.03839 NDCG@20: 0.04566 
09/04/2026,18:02:28: 	Recall@10: 0.02550 Recall@20: 0.03885 NDCG@10: 0.01429 NDCG@20: 0.01799 
09/04/2026,18:02:28: Epoch [52/1000]
09/04/2026,18:02:28: Negative sampling...
09/04/2026,18:02:30: Model's personal time...
09/04/2026,18:02:30: Training...
09/04/2026,18:02:31: Evaluating...
09/04/2026,18:02:32: 	Train Loss: 3936732.0000 (base: 326.9408, kd: 7872.8105), Elapsed: train 2.65 test 0.50
09/04/2026,18:02:32: 	Recall@10: 0.06404 Recall@20: 0.09255 NDCG@10: 0.03774 NDCG@20: 0.04558 
09/04/2026,18:02:32: 	Recall@10: 0.02478 Recall@20: 0.03974 NDCG@10: 0.01416 NDCG@20: 0.01834 
09/04/2026,18:02:32: Epoch [53/1000]
09/04/2026,18:02:32: Negative sampling...
09/04/2026,18:02:33: Model's personal time...
09/04/2026,18:02:33: Training...
09/04/2026,18:02:34: Evaluating...
09/04/2026,18:02:35: 	Train Loss: 3934463.5000 (base: 321.2981, kd: 7868.2842), Elapsed: train 2.59 test 0.45 *
09/04/2026,18:02:35: 	Recall@10: 0.06576 Recall@20: 0.09133 NDCG@10: 0.03877 NDCG@20: 0.04582 
09/04/2026,18:02:35: 	Recall@10: 0.02518 Recall@20: 0.03929 NDCG@10: 0.01417 NDCG@20: 0.01808 
09/04/2026,18:02:35: Epoch [54/1000]
09/04/2026,18:02:35: Negative sampling...
09/04/2026,18:02:36: Model's personal time...
09/04/2026,18:02:36: Training...
09/04/2026,18:02:37: Evaluating...
09/04/2026,18:02:38: 	Train Loss: 3929660.7500 (base: 318.8713, kd: 7858.6836), Elapsed: train 2.76 test 0.51
09/04/2026,18:02:38: 	Recall@10: 0.06414 Recall@20: 0.09251 NDCG@10: 0.03766 NDCG@20: 0.04552 
09/04/2026,18:02:38: 	Recall@10: 0.02427 Recall@20: 0.03887 NDCG@10: 0.01399 NDCG@20: 0.01805 
09/04/2026,18:02:38: Epoch [55/1000]
09/04/2026,18:02:38: Negative sampling...
09/04/2026,18:02:40: Model's personal time...
09/04/2026,18:02:40: Training...
09/04/2026,18:02:41: Evaluating...
09/04/2026,18:02:41: 	Train Loss: 3928707.7500 (base: 314.1381, kd: 7856.7876), Elapsed: train 2.90 test 0.46
09/04/2026,18:02:41: 	Recall@10: 0.06436 Recall@20: 0.09266 NDCG@10: 0.03817 NDCG@20: 0.04594 
09/04/2026,18:02:41: 	Recall@10: 0.02510 Recall@20: 0.03934 NDCG@10: 0.01434 NDCG@20: 0.01826 
09/04/2026,18:02:41: Epoch [56/1000]
09/04/2026,18:02:41: Negative sampling...
09/04/2026,18:02:43: Model's personal time...
09/04/2026,18:02:43: Training...
09/04/2026,18:02:44: Evaluating...
09/04/2026,18:02:44: 	Train Loss: 3925623.0000 (base: 312.2330, kd: 7850.6221), Elapsed: train 2.69 test 0.44
09/04/2026,18:02:44: 	Recall@10: 0.06426 Recall@20: 0.09323 NDCG@10: 0.03776 NDCG@20: 0.04575 
09/04/2026,18:02:44: 	Recall@10: 0.02456 Recall@20: 0.03917 NDCG@10: 0.01404 NDCG@20: 0.01807 
09/04/2026,18:02:44: Epoch [57/1000]
09/04/2026,18:02:44: Negative sampling...
09/04/2026,18:02:46: Model's personal time...
09/04/2026,18:02:46: Training...
09/04/2026,18:02:47: Evaluating...
09/04/2026,18:02:48: 	Train Loss: 3925242.7500 (base: 308.4574, kd: 7849.8691), Elapsed: train 2.90 test 0.45
09/04/2026,18:02:48: 	Recall@10: 0.06580 Recall@20: 0.09265 NDCG@10: 0.03868 NDCG@20: 0.04606 
09/04/2026,18:02:48: 	Recall@10: 0.02633 Recall@20: 0.03902 NDCG@10: 0.01477 NDCG@20: 0.01830 
09/04/2026,18:02:48: Epoch [58/1000]
09/04/2026,18:02:48: Negative sampling...
09/04/2026,18:02:49: Model's personal time...
09/04/2026,18:02:49: Training...
09/04/2026,18:02:51: Evaluating...
09/04/2026,18:02:51: 	Train Loss: 3922102.7500 (base: 308.5153, kd: 7843.5879), Elapsed: train 2.82 test 0.53
09/04/2026,18:02:51: 	Recall@10: 0.06478 Recall@20: 0.09306 NDCG@10: 0.03829 NDCG@20: 0.04603 
09/04/2026,18:02:51: 	Recall@10: 0.02517 Recall@20: 0.03906 NDCG@10: 0.01430 NDCG@20: 0.01817 
09/04/2026,18:02:51: Epoch [59/1000]
09/04/2026,18:02:51: Negative sampling...
09/04/2026,18:02:52: Model's personal time...
09/04/2026,18:02:53: Training...
09/04/2026,18:02:54: Evaluating...
09/04/2026,18:02:54: 	Train Loss: 3920242.5000 (base: 303.0824, kd: 7839.8794), Elapsed: train 2.65 test 0.45 *
09/04/2026,18:02:54: 	Recall@10: 0.06594 Recall@20: 0.09169 NDCG@10: 0.03897 NDCG@20: 0.04611 
09/04/2026,18:02:54: 	Recall@10: 0.02554 Recall@20: 0.03857 NDCG@10: 0.01441 NDCG@20: 0.01802 
09/04/2026,18:02:54: Epoch [60/1000]
09/04/2026,18:02:54: Negative sampling...
09/04/2026,18:02:56: Model's personal time...
09/04/2026,18:02:56: Training...
09/04/2026,18:02:57: Evaluating...
09/04/2026,18:02:57: 	Train Loss: 3917248.0000 (base: 300.5443, kd: 7833.8950), Elapsed: train 2.67 test 0.46
09/04/2026,18:02:57: 	Recall@10: 0.06487 Recall@20: 0.09356 NDCG@10: 0.03828 NDCG@20: 0.04611 
09/04/2026,18:02:57: 	Recall@10: 0.02533 Recall@20: 0.03955 NDCG@10: 0.01440 NDCG@20: 0.01835 
09/04/2026,18:02:57: Epoch [61/1000]
09/04/2026,18:02:57: Negative sampling...
09/04/2026,18:02:59: Model's personal time...
09/04/2026,18:02:59: Training...
09/04/2026,18:03:00: Evaluating...
09/04/2026,18:03:00: 	Train Loss: 3915395.7500 (base: 292.3084, kd: 7830.2075), Elapsed: train 2.61 test 0.44
09/04/2026,18:03:00: 	Recall@10: 0.06510 Recall@20: 0.09150 NDCG@10: 0.03874 NDCG@20: 0.04602 
09/04/2026,18:03:00: 	Recall@10: 0.02584 Recall@20: 0.03885 NDCG@10: 0.01461 NDCG@20: 0.01817 
09/04/2026,18:03:00: Epoch [62/1000]
09/04/2026,18:03:00: Negative sampling...
09/04/2026,18:03:02: Model's personal time...
09/04/2026,18:03:02: Training...
09/04/2026,18:03:03: Evaluating...
09/04/2026,18:03:03: 	Train Loss: 3913163.7500 (base: 293.3923, kd: 7825.7407), Elapsed: train 2.59 test 0.46
09/04/2026,18:03:03: 	Recall@10: 0.06543 Recall@20: 0.09231 NDCG@10: 0.03873 NDCG@20: 0.04614 
09/04/2026,18:03:03: 	Recall@10: 0.02587 Recall@20: 0.03984 NDCG@10: 0.01479 NDCG@20: 0.01863 
09/04/2026,18:03:03: Epoch [63/1000]
09/04/2026,18:03:03: Negative sampling...
09/04/2026,18:03:05: Model's personal time...
09/04/2026,18:03:05: Training...
09/04/2026,18:03:06: Evaluating...
09/04/2026,18:03:06: 	Train Loss: 3911292.0000 (base: 290.7359, kd: 7822.0024), Elapsed: train 2.61 test 0.45
09/04/2026,18:03:06: 	Recall@10: 0.06466 Recall@20: 0.09243 NDCG@10: 0.03832 NDCG@20: 0.04598 
09/04/2026,18:03:06: 	Recall@10: 0.02513 Recall@20: 0.03986 NDCG@10: 0.01438 NDCG@20: 0.01841 
09/04/2026,18:03:06: Epoch [64/1000]
09/04/2026,18:03:06: Negative sampling...
09/04/2026,18:03:08: Model's personal time...
09/04/2026,18:03:08: Training...
09/04/2026,18:03:09: Evaluating...
09/04/2026,18:03:10: 	Train Loss: 3909648.0000 (base: 286.7446, kd: 7818.7227), Elapsed: train 2.65 test 0.43
09/04/2026,18:03:10: 	Recall@10: 0.06471 Recall@20: 0.09402 NDCG@10: 0.03811 NDCG@20: 0.04618 
09/04/2026,18:03:10: 	Recall@10: 0.02587 Recall@20: 0.03965 NDCG@10: 0.01485 NDCG@20: 0.01867 
09/04/2026,18:03:10: Epoch [65/1000]
09/04/2026,18:03:10: Negative sampling...
09/04/2026,18:03:11: Model's personal time...
09/04/2026,18:03:11: Training...
09/04/2026,18:03:12: Evaluating...
09/04/2026,18:03:12: 	Train Loss: 3907958.7500 (base: 282.8977, kd: 7815.3511), Elapsed: train 2.52 test 0.43
09/04/2026,18:03:12: 	Recall@10: 0.06522 Recall@20: 0.09262 NDCG@10: 0.03868 NDCG@20: 0.04629 
09/04/2026,18:03:12: 	Recall@10: 0.02570 Recall@20: 0.03998 NDCG@10: 0.01456 NDCG@20: 0.01845 
09/04/2026,18:03:12: Epoch [66/1000]
09/04/2026,18:03:12: Negative sampling...
09/04/2026,18:03:14: Model's personal time...
09/04/2026,18:03:14: Training...
09/04/2026,18:03:15: Evaluating...
09/04/2026,18:03:16: 	Train Loss: 3905352.5000 (base: 282.4341, kd: 7810.1401), Elapsed: train 2.64 test 0.47
09/04/2026,18:03:16: 	Recall@10: 0.06473 Recall@20: 0.09362 NDCG@10: 0.03841 NDCG@20: 0.04629 
09/04/2026,18:03:16: 	Recall@10: 0.02529 Recall@20: 0.04000 NDCG@10: 0.01445 NDCG@20: 0.01848 
09/04/2026,18:03:16: Epoch [67/1000]
09/04/2026,18:03:16: Negative sampling...
09/04/2026,18:03:17: Model's personal time...
09/04/2026,18:03:17: Training...
09/04/2026,18:03:18: Evaluating...
09/04/2026,18:03:19: 	Train Loss: 3905086.5000 (base: 277.8618, kd: 7809.6177), Elapsed: train 2.64 test 0.47
09/04/2026,18:03:19: 	Recall@10: 0.06455 Recall@20: 0.09377 NDCG@10: 0.03845 NDCG@20: 0.04649 
09/04/2026,18:03:19: 	Recall@10: 0.02647 Recall@20: 0.04004 NDCG@10: 0.01490 NDCG@20: 0.01863 
09/04/2026,18:03:19: Epoch [68/1000]
09/04/2026,18:03:19: Negative sampling...
09/04/2026,18:03:20: Model's personal time...
09/04/2026,18:03:20: Training...
09/04/2026,18:03:21: Evaluating...
09/04/2026,18:03:22: 	Train Loss: 3901253.2500 (base: 273.6914, kd: 7801.9590), Elapsed: train 2.61 test 0.45
09/04/2026,18:03:22: 	Recall@10: 0.06473 Recall@20: 0.09278 NDCG@10: 0.03821 NDCG@20: 0.04595 
09/04/2026,18:03:22: 	Recall@10: 0.02567 Recall@20: 0.03956 NDCG@10: 0.01466 NDCG@20: 0.01845 
09/04/2026,18:03:22: Epoch [69/1000]
09/04/2026,18:03:22: Negative sampling...
09/04/2026,18:03:23: Model's personal time...
09/04/2026,18:03:23: Training...
09/04/2026,18:03:24: Evaluating...
09/04/2026,18:03:25: 	Train Loss: 3901070.2500 (base: 271.9062, kd: 7801.5967), Elapsed: train 2.54 test 0.49
09/04/2026,18:03:25: 	Recall@10: 0.06335 Recall@20: 0.09437 NDCG@10: 0.03798 NDCG@20: 0.04644 
09/04/2026,18:03:25: 	Recall@10: 0.02554 Recall@20: 0.04010 NDCG@10: 0.01436 NDCG@20: 0.01838 
09/04/2026,18:03:25: Epoch [70/1000]
09/04/2026,18:03:25: Negative sampling...
09/04/2026,18:03:26: Model's personal time...
09/04/2026,18:03:26: Training...
09/04/2026,18:03:27: Evaluating...
09/04/2026,18:03:28: 	Train Loss: 3899459.2500 (base: 271.4337, kd: 7798.3750), Elapsed: train 2.70 test 0.44
09/04/2026,18:03:28: 	Recall@10: 0.06463 Recall@20: 0.09326 NDCG@10: 0.03839 NDCG@20: 0.04627 
09/04/2026,18:03:28: 	Recall@10: 0.02480 Recall@20: 0.04030 NDCG@10: 0.01423 NDCG@20: 0.01852 
09/04/2026,18:03:28: Epoch [71/1000]
09/04/2026,18:03:28: Negative sampling...
09/04/2026,18:03:29: Model's personal time...
09/04/2026,18:03:29: Training...
09/04/2026,18:03:31: Evaluating...
09/04/2026,18:03:31: 	Train Loss: 3897067.2500 (base: 267.0737, kd: 7793.6006), Elapsed: train 2.69 test 0.42
09/04/2026,18:03:31: 	Recall@10: 0.06466 Recall@20: 0.09304 NDCG@10: 0.03837 NDCG@20: 0.04608 
09/04/2026,18:03:31: 	Recall@10: 0.02583 Recall@20: 0.04008 NDCG@10: 0.01460 NDCG@20: 0.01853 
09/04/2026,18:03:31: Epoch [72/1000]
09/04/2026,18:03:31: Negative sampling...
09/04/2026,18:03:32: Model's personal time...
09/04/2026,18:03:33: Training...
09/04/2026,18:03:34: Evaluating...
09/04/2026,18:03:34: 	Train Loss: 3896853.2500 (base: 267.1230, kd: 7793.1719), Elapsed: train 2.58 test 0.48
09/04/2026,18:03:34: 	Recall@10: 0.06512 Recall@20: 0.09428 NDCG@10: 0.03846 NDCG@20: 0.04646 
09/04/2026,18:03:34: 	Recall@10: 0.02576 Recall@20: 0.04038 NDCG@10: 0.01477 NDCG@20: 0.01882 
09/04/2026,18:03:34: Epoch [73/1000]
09/04/2026,18:03:34: Negative sampling...
09/04/2026,18:03:35: Model's personal time...
09/04/2026,18:03:36: Training...
09/04/2026,18:03:37: Evaluating...
09/04/2026,18:03:37: 	Train Loss: 3895768.7500 (base: 262.6128, kd: 7791.0127), Elapsed: train 2.52 test 0.42
09/04/2026,18:03:37: 	Recall@10: 0.06444 Recall@20: 0.09428 NDCG@10: 0.03826 NDCG@20: 0.04639 
09/04/2026,18:03:37: 	Recall@10: 0.02605 Recall@20: 0.03964 NDCG@10: 0.01455 NDCG@20: 0.01830 
09/04/2026,18:03:37: Epoch [74/1000]
09/04/2026,18:03:37: Negative sampling...
09/04/2026,18:03:38: Model's personal time...
09/04/2026,18:03:39: Training...
09/04/2026,18:03:40: Evaluating...
09/04/2026,18:03:40: 	Train Loss: 3892855.7500 (base: 263.1085, kd: 7785.1855), Elapsed: train 2.56 test 0.42
09/04/2026,18:03:40: 	Recall@10: 0.06424 Recall@20: 0.09490 NDCG@10: 0.03846 NDCG@20: 0.04683 
09/04/2026,18:03:40: 	Recall@10: 0.02591 Recall@20: 0.04068 NDCG@10: 0.01466 NDCG@20: 0.01876 
09/04/2026,18:03:40: Epoch [75/1000]
09/04/2026,18:03:40: Negative sampling...
09/04/2026,18:03:41: Model's personal time...
09/04/2026,18:03:42: Training...
09/04/2026,18:03:43: Evaluating...
09/04/2026,18:03:43: 	Train Loss: 3892189.2500 (base: 259.1515, kd: 7783.8604), Elapsed: train 2.58 test 0.43
09/04/2026,18:03:43: 	Recall@10: 0.06399 Recall@20: 0.09288 NDCG@10: 0.03812 NDCG@20: 0.04602 
09/04/2026,18:03:43: 	Recall@10: 0.02627 Recall@20: 0.03984 NDCG@10: 0.01469 NDCG@20: 0.01842 
09/04/2026,18:03:43: Epoch [76/1000]
09/04/2026,18:03:43: Negative sampling...
09/04/2026,18:03:44: Model's personal time...
09/04/2026,18:03:45: Training...
09/04/2026,18:03:46: Evaluating...
09/04/2026,18:03:46: 	Train Loss: 3889654.7500 (base: 254.6161, kd: 7778.7998), Elapsed: train 2.68 test 0.51
09/04/2026,18:03:46: 	Recall@10: 0.06370 Recall@20: 0.09432 NDCG@10: 0.03820 NDCG@20: 0.04662 
09/04/2026,18:03:46: 	Recall@10: 0.02596 Recall@20: 0.04058 NDCG@10: 0.01467 NDCG@20: 0.01867 
09/04/2026,18:03:46: Epoch [77/1000]
09/04/2026,18:03:46: Negative sampling...
09/04/2026,18:03:48: Model's personal time...
09/04/2026,18:03:48: Training...
09/04/2026,18:03:49: Evaluating...
09/04/2026,18:03:49: 	Train Loss: 3889147.0000 (base: 256.3901, kd: 7777.7817), Elapsed: train 2.58 test 0.43
09/04/2026,18:03:49: 	Recall@10: 0.06445 Recall@20: 0.09393 NDCG@10: 0.03854 NDCG@20: 0.04654 
09/04/2026,18:03:49: 	Recall@10: 0.02631 Recall@20: 0.04029 NDCG@10: 0.01482 NDCG@20: 0.01863 
09/04/2026,18:03:49: Epoch [78/1000]
09/04/2026,18:03:49: Negative sampling...
09/04/2026,18:03:51: Model's personal time...
09/04/2026,18:03:51: Training...
09/04/2026,18:03:52: Evaluating...
09/04/2026,18:03:52: 	Train Loss: 3887749.2500 (base: 253.3554, kd: 7774.9917), Elapsed: train 2.56 test 0.46
09/04/2026,18:03:52: 	Recall@10: 0.06479 Recall@20: 0.09453 NDCG@10: 0.03838 NDCG@20: 0.04653 
09/04/2026,18:03:52: 	Recall@10: 0.02634 Recall@20: 0.03971 NDCG@10: 0.01489 NDCG@20: 0.01856 
09/04/2026,18:03:52: Epoch [79/1000]
09/04/2026,18:03:52: Negative sampling...
09/04/2026,18:03:54: Model's personal time...
09/04/2026,18:03:54: Training...
09/04/2026,18:03:55: Evaluating...
09/04/2026,18:03:55: 	Train Loss: 3886454.5000 (base: 250.1947, kd: 7772.4087), Elapsed: train 2.51 test 0.48
09/04/2026,18:03:55: 	Recall@10: 0.06363 Recall@20: 0.09363 NDCG@10: 0.03852 NDCG@20: 0.04675 
09/04/2026,18:03:55: 	Recall@10: 0.02605 Recall@20: 0.04067 NDCG@10: 0.01472 NDCG@20: 0.01875 
09/04/2026,18:03:55: Epoch [80/1000]
09/04/2026,18:03:55: Negative sampling...
09/04/2026,18:03:57: Model's personal time...
09/04/2026,18:03:57: Training...
09/04/2026,18:03:58: Evaluating...
09/04/2026,18:03:58: 	Train Loss: 3886713.5000 (base: 249.7025, kd: 7772.9272), Elapsed: train 2.56 test 0.47
09/04/2026,18:03:58: 	Recall@10: 0.06486 Recall@20: 0.09461 NDCG@10: 0.03853 NDCG@20: 0.04673 
09/04/2026,18:03:58: 	Recall@10: 0.02605 Recall@20: 0.04035 NDCG@10: 0.01468 NDCG@20: 0.01862 
09/04/2026,18:03:58: Epoch [81/1000]
09/04/2026,18:03:58: Negative sampling...
09/04/2026,18:04:00: Model's personal time...
09/04/2026,18:04:00: Training...
09/04/2026,18:04:01: Evaluating...
09/04/2026,18:04:02: 	Train Loss: 3884339.5000 (base: 245.9039, kd: 7768.1880), Elapsed: train 2.83 test 0.43
09/04/2026,18:04:02: 	Recall@10: 0.06441 Recall@20: 0.09353 NDCG@10: 0.03848 NDCG@20: 0.04643 
09/04/2026,18:04:02: 	Recall@10: 0.02656 Recall@20: 0.04118 NDCG@10: 0.01481 NDCG@20: 0.01883 
09/04/2026,18:04:02: Epoch [82/1000]
09/04/2026,18:04:02: Negative sampling...
09/04/2026,18:04:03: Model's personal time...
09/04/2026,18:04:03: Training...
09/04/2026,18:04:04: Evaluating...
09/04/2026,18:04:05: 	Train Loss: 3882396.7500 (base: 242.8568, kd: 7764.3081), Elapsed: train 2.56 test 0.44
09/04/2026,18:04:05: 	Recall@10: 0.06424 Recall@20: 0.09439 NDCG@10: 0.03835 NDCG@20: 0.04669 
09/04/2026,18:04:05: 	Recall@10: 0.02597 Recall@20: 0.03991 NDCG@10: 0.01458 NDCG@20: 0.01842 
09/04/2026,18:04:05: Epoch [83/1000]
09/04/2026,18:04:05: Negative sampling...
09/04/2026,18:04:06: Model's personal time...
09/04/2026,18:04:06: Training...
09/04/2026,18:04:07: Evaluating...
09/04/2026,18:04:08: 	Train Loss: 3880758.7500 (base: 242.8868, kd: 7761.0317), Elapsed: train 2.53 test 0.45
09/04/2026,18:04:08: 	Recall@10: 0.06428 Recall@20: 0.09358 NDCG@10: 0.03848 NDCG@20: 0.04653 
09/04/2026,18:04:08: 	Recall@10: 0.02688 Recall@20: 0.04128 NDCG@10: 0.01491 NDCG@20: 0.01887 
09/04/2026,18:04:08: Epoch [84/1000]
09/04/2026,18:04:08: Negative sampling...
09/04/2026,18:04:09: Model's personal time...
09/04/2026,18:04:09: Training...
09/04/2026,18:04:10: Evaluating...
09/04/2026,18:04:11: 	Train Loss: 3881084.7500 (base: 238.1329, kd: 7761.6924), Elapsed: train 2.55 test 0.45
09/04/2026,18:04:11: 	Recall@10: 0.06377 Recall@20: 0.09485 NDCG@10: 0.03830 NDCG@20: 0.04674 
09/04/2026,18:04:11: 	Recall@10: 0.02588 Recall@20: 0.04080 NDCG@10: 0.01468 NDCG@20: 0.01876 
09/04/2026,18:04:11: Epoch [85/1000]
09/04/2026,18:04:11: Negative sampling...
09/04/2026,18:04:12: Model's personal time...
09/04/2026,18:04:12: Training...
09/04/2026,18:04:13: Evaluating...
09/04/2026,18:04:13: 	Train Loss: 3880583.0000 (base: 235.0533, kd: 7760.6958), Elapsed: train 2.53 test 0.43
09/04/2026,18:04:13: 	Recall@10: 0.06476 Recall@20: 0.09412 NDCG@10: 0.03850 NDCG@20: 0.04651 
09/04/2026,18:04:13: 	Recall@10: 0.02611 Recall@20: 0.04073 NDCG@10: 0.01478 NDCG@20: 0.01879 
09/04/2026,18:04:13: Epoch [86/1000]
09/04/2026,18:04:13: Negative sampling...
09/04/2026,18:04:15: Model's personal time...
09/04/2026,18:04:15: Training...
09/04/2026,18:04:16: Evaluating...
09/04/2026,18:04:17: 	Train Loss: 3877821.2500 (base: 235.1921, kd: 7755.1719), Elapsed: train 2.61 test 0.44
09/04/2026,18:04:17: 	Recall@10: 0.06478 Recall@20: 0.09372 NDCG@10: 0.03866 NDCG@20: 0.04667 
09/04/2026,18:04:17: 	Recall@10: 0.02639 Recall@20: 0.04027 NDCG@10: 0.01476 NDCG@20: 0.01857 
09/04/2026,18:04:17: Epoch [87/1000]
09/04/2026,18:04:17: Negative sampling...
09/04/2026,18:04:18: Model's personal time...
09/04/2026,18:04:18: Training...
09/04/2026,18:04:19: Evaluating...
09/04/2026,18:04:20: 	Train Loss: 3878113.5000 (base: 233.6069, kd: 7755.7603), Elapsed: train 2.55 test 0.43
09/04/2026,18:04:20: 	Recall@10: 0.06406 Recall@20: 0.09327 NDCG@10: 0.03830 NDCG@20: 0.04635 
09/04/2026,18:04:20: 	Recall@10: 0.02653 Recall@20: 0.04110 NDCG@10: 0.01483 NDCG@20: 0.01881 
09/04/2026,18:04:20: Epoch [88/1000]
09/04/2026,18:04:20: Negative sampling...
09/04/2026,18:04:21: Model's personal time...
09/04/2026,18:04:21: Training...
09/04/2026,18:04:22: Evaluating...
09/04/2026,18:04:23: 	Train Loss: 3877174.5000 (base: 234.0692, kd: 7753.8813), Elapsed: train 2.60 test 0.45
09/04/2026,18:04:23: 	Recall@10: 0.06520 Recall@20: 0.09291 NDCG@10: 0.03853 NDCG@20: 0.04623 
09/04/2026,18:04:23: 	Recall@10: 0.02576 Recall@20: 0.04154 NDCG@10: 0.01452 NDCG@20: 0.01882 
09/04/2026,18:04:23: Epoch [89/1000]
09/04/2026,18:04:23: Negative sampling...
09/04/2026,18:04:24: Model's personal time...
09/04/2026,18:04:24: Training...
09/04/2026,18:04:25: Evaluating...
09/04/2026,18:04:26: 	Train Loss: 3875644.0000 (base: 231.7473, kd: 7750.8242), Elapsed: train 2.51 test 0.43
09/04/2026,18:04:26: 	Recall@10: 0.06419 Recall@20: 0.09349 NDCG@10: 0.03832 NDCG@20: 0.04634 
09/04/2026,18:04:26: 	Recall@10: 0.02541 Recall@20: 0.04132 NDCG@10: 0.01450 NDCG@20: 0.01884 
09/04/2026,18:04:26: ------------------------------
09/04/2026,18:04:26: valid Recall@10: 0.06594 Recall@20: 0.09169 NDCG@10: 0.03897 NDCG@20: 0.04611
09/04/2026,18:04:26: test Recall@10: 0.02554 Recall@20: 0.03857 NDCG@10: 0.01441 NDCG@20: 0.01802
