----------------------------------------TEACHER----------------------------------------
init_std                                 0.1
keep_prob                                0.6
A_split                                  False
dropout                                  False
embedding_dim                            2000
num_layers                               3
----------------------------------------TEACHER----------------------------------------
----------------------------------------ARGUMENTS----------------------------------------
run_all                                  False
seed                                     0
gpu_id                                   0
no_log                                   False
no_save                                  False
suffix                                   teacher
verbose                                  False
ablation                                 False
task                                     rec
dataset                                  citeulike
batch_size                               2048
num_ns                                   1
neg_sampling_on_all                      False
T_backbone                               lightgcn
S_backbone                               lightgcn
model                                    scratch
preload                                  False
postsave                                 True
train_teacher                            True
ckpt_interval                            -1
epochs                                   1000
lr                                       0.001
wd                                       1e-07
lmbda                                    1.0
srce_alpha                               1.0
srce_s                                   20.0
srce_eta                                 1.0
srce_Lu                                  20
eval_period                              1
K_list                                   [10, 20]
early_stop_metric                        NDCG
early_stop_K                             10
early_stop_patience                      30
LOG_DIR                                  logs/
CONFIG_DIR                               configs/
DATA_DIR                                 data/
CKPT_DIR                                 checkpoints/
CRAFT_DIR                                crafts/
----------------------------------------ARGUMENTS----------------------------------------
09/04/2026,22:28:13: Epoch [1/1000]
09/04/2026,22:28:13: Negative sampling...
09/04/2026,22:28:14: Model's personal time...
09/04/2026,22:28:14: Training...
09/04/2026,22:28:17: Evaluating...
09/04/2026,22:28:18: 	Train Loss: 919.9707 (base: 919.9707, kd: 0.0000), Elapsed: train 4.48 test 0.52 *
09/04/2026,22:28:18: 	Recall@10: 0.04604 Recall@20: 0.06527 NDCG@10: 0.02548 NDCG@20: 0.03083 
09/04/2026,22:28:18: 	Recall@10: 0.02207 Recall@20: 0.03094 NDCG@10: 0.01154 NDCG@20: 0.01405 
09/04/2026,22:28:18: Epoch [2/1000]
09/04/2026,22:28:18: Negative sampling...
09/04/2026,22:28:19: Model's personal time...
09/04/2026,22:28:19: Training...
09/04/2026,22:28:22: Evaluating...
09/04/2026,22:28:23: 	Train Loss: 451.7799 (base: 451.7799, kd: 0.0000), Elapsed: train 4.24 test 0.49
09/04/2026,22:28:23: 	Recall@10: 0.04041 Recall@20: 0.06350 NDCG@10: 0.02243 NDCG@20: 0.02882 
09/04/2026,22:28:23: 	Recall@10: 0.01729 Recall@20: 0.03046 NDCG@10: 0.00949 NDCG@20: 0.01314 
09/04/2026,22:28:23: Epoch [3/1000]
09/04/2026,22:28:23: Negative sampling...
09/04/2026,22:28:24: Model's personal time...
09/04/2026,22:28:24: Training...
09/04/2026,22:28:27: Evaluating...
09/04/2026,22:28:28: 	Train Loss: 262.4926 (base: 262.4926, kd: 0.0000), Elapsed: train 4.31 test 0.49
09/04/2026,22:28:28: 	Recall@10: 0.03890 Recall@20: 0.06655 NDCG@10: 0.02175 NDCG@20: 0.02934 
09/04/2026,22:28:28: 	Recall@10: 0.01717 Recall@20: 0.02983 NDCG@10: 0.00972 NDCG@20: 0.01324 
09/04/2026,22:28:28: Epoch [4/1000]
09/04/2026,22:28:28: Negative sampling...
09/04/2026,22:28:29: Model's personal time...
09/04/2026,22:28:29: Training...
09/04/2026,22:28:32: Evaluating...
09/04/2026,22:28:32: 	Train Loss: 190.9536 (base: 190.9536, kd: 0.0000), Elapsed: train 4.06 test 0.50
09/04/2026,22:28:32: 	Recall@10: 0.04015 Recall@20: 0.06678 NDCG@10: 0.02244 NDCG@20: 0.02968 
09/04/2026,22:28:32: 	Recall@10: 0.01649 Recall@20: 0.02716 NDCG@10: 0.00981 NDCG@20: 0.01277 
09/04/2026,22:28:32: Epoch [5/1000]
09/04/2026,22:28:32: Negative sampling...
09/04/2026,22:28:33: Model's personal time...
09/04/2026,22:28:33: Training...
09/04/2026,22:28:36: Evaluating...
09/04/2026,22:28:37: 	Train Loss: 152.8955 (base: 152.8955, kd: 0.0000), Elapsed: train 4.31 test 0.52
09/04/2026,22:28:37: 	Recall@10: 0.04240 Recall@20: 0.06521 NDCG@10: 0.02368 NDCG@20: 0.02985 
09/04/2026,22:28:37: 	Recall@10: 0.01716 Recall@20: 0.02616 NDCG@10: 0.01031 NDCG@20: 0.01277 
09/04/2026,22:28:37: Epoch [6/1000]
09/04/2026,22:28:37: Negative sampling...
09/04/2026,22:28:38: Model's personal time...
09/04/2026,22:28:38: Training...
09/04/2026,22:28:41: Evaluating...
09/04/2026,22:28:42: 	Train Loss: 124.8397 (base: 124.8397, kd: 0.0000), Elapsed: train 4.37 test 0.48
09/04/2026,22:28:42: 	Recall@10: 0.04373 Recall@20: 0.06849 NDCG@10: 0.02450 NDCG@20: 0.03121 
09/04/2026,22:28:42: 	Recall@10: 0.01790 Recall@20: 0.02807 NDCG@10: 0.01054 NDCG@20: 0.01332 
09/04/2026,22:28:42: Epoch [7/1000]
09/04/2026,22:28:42: Negative sampling...
09/04/2026,22:28:43: Model's personal time...
09/04/2026,22:28:43: Training...
09/04/2026,22:28:46: Evaluating...
09/04/2026,22:28:47: 	Train Loss: 105.6801 (base: 105.6801, kd: 0.0000), Elapsed: train 4.42 test 0.49
09/04/2026,22:28:47: 	Recall@10: 0.04510 Recall@20: 0.07247 NDCG@10: 0.02543 NDCG@20: 0.03287 
09/04/2026,22:28:47: 	Recall@10: 0.01922 Recall@20: 0.03037 NDCG@10: 0.01092 NDCG@20: 0.01396 
09/04/2026,22:28:47: Epoch [8/1000]
09/04/2026,22:28:47: Negative sampling...
09/04/2026,22:28:48: Model's personal time...
09/04/2026,22:28:48: Training...
09/04/2026,22:28:51: Evaluating...
09/04/2026,22:28:52: 	Train Loss: 87.7591 (base: 87.7591, kd: 0.0000), Elapsed: train 4.42 test 0.49 *
09/04/2026,22:28:52: 	Recall@10: 0.04816 Recall@20: 0.07489 NDCG@10: 0.02694 NDCG@20: 0.03423 
09/04/2026,22:28:52: 	Recall@10: 0.02006 Recall@20: 0.03121 NDCG@10: 0.01123 NDCG@20: 0.01430 
09/04/2026,22:28:52: Epoch [9/1000]
09/04/2026,22:28:52: Negative sampling...
09/04/2026,22:28:54: Model's personal time...
09/04/2026,22:28:54: Training...
09/04/2026,22:28:57: Evaluating...
09/04/2026,22:28:57: 	Train Loss: 78.5536 (base: 78.5536, kd: 0.0000), Elapsed: train 4.32 test 0.52 *
09/04/2026,22:28:57: 	Recall@10: 0.05111 Recall@20: 0.07775 NDCG@10: 0.02843 NDCG@20: 0.03576 
09/04/2026,22:28:57: 	Recall@10: 0.02084 Recall@20: 0.03297 NDCG@10: 0.01168 NDCG@20: 0.01504 
09/04/2026,22:28:58: Epoch [10/1000]
09/04/2026,22:28:58: Negative sampling...
09/04/2026,22:28:59: Model's personal time...
09/04/2026,22:28:59: Training...
09/04/2026,22:29:02: Evaluating...
09/04/2026,22:29:02: 	Train Loss: 67.6567 (base: 67.6567, kd: 0.0000), Elapsed: train 4.29 test 0.50
09/04/2026,22:29:02: 	Recall@10: 0.04947 Recall@20: 0.07819 NDCG@10: 0.02801 NDCG@20: 0.03585 
09/04/2026,22:29:02: 	Recall@10: 0.02003 Recall@20: 0.03289 NDCG@10: 0.01139 NDCG@20: 0.01487 
09/04/2026,22:29:02: Epoch [11/1000]
09/04/2026,22:29:02: Negative sampling...
09/04/2026,22:29:04: Model's personal time...
09/04/2026,22:29:04: Training...
09/04/2026,22:29:07: Evaluating...
09/04/2026,22:29:07: 	Train Loss: 61.3042 (base: 61.3042, kd: 0.0000), Elapsed: train 4.20 test 0.49 *
09/04/2026,22:29:07: 	Recall@10: 0.05063 Recall@20: 0.07894 NDCG@10: 0.02874 NDCG@20: 0.03650 
09/04/2026,22:29:07: 	Recall@10: 0.02099 Recall@20: 0.03335 NDCG@10: 0.01185 NDCG@20: 0.01521 
09/04/2026,22:29:08: Epoch [12/1000]
09/04/2026,22:29:08: Negative sampling...
09/04/2026,22:29:09: Model's personal time...
09/04/2026,22:29:09: Training...
09/04/2026,22:29:12: Evaluating...
09/04/2026,22:29:12: 	Train Loss: 53.6152 (base: 53.6152, kd: 0.0000), Elapsed: train 4.28 test 0.48 *
09/04/2026,22:29:12: 	Recall@10: 0.05088 Recall@20: 0.08064 NDCG@10: 0.02904 NDCG@20: 0.03717 
09/04/2026,22:29:12: 	Recall@10: 0.02142 Recall@20: 0.03324 NDCG@10: 0.01196 NDCG@20: 0.01515 
09/04/2026,22:29:13: Epoch [13/1000]
09/04/2026,22:29:13: Negative sampling...
09/04/2026,22:29:14: Model's personal time...
09/04/2026,22:29:14: Training...
09/04/2026,22:29:17: Evaluating...
09/04/2026,22:29:18: 	Train Loss: 48.6052 (base: 48.6052, kd: 0.0000), Elapsed: train 4.31 test 0.51 *
09/04/2026,22:29:18: 	Recall@10: 0.05308 Recall@20: 0.08158 NDCG@10: 0.03018 NDCG@20: 0.03790 
09/04/2026,22:29:18: 	Recall@10: 0.02204 Recall@20: 0.03343 NDCG@10: 0.01227 NDCG@20: 0.01535 
09/04/2026,22:29:18: Epoch [14/1000]
09/04/2026,22:29:18: Negative sampling...
09/04/2026,22:29:20: Model's personal time...
09/04/2026,22:29:20: Training...
09/04/2026,22:29:23: Evaluating...
09/04/2026,22:29:23: 	Train Loss: 45.6979 (base: 45.6979, kd: 0.0000), Elapsed: train 4.20 test 0.49
09/04/2026,22:29:23: 	Recall@10: 0.05228 Recall@20: 0.08419 NDCG@10: 0.02970 NDCG@20: 0.03835 
09/04/2026,22:29:23: 	Recall@10: 0.02209 Recall@20: 0.03443 NDCG@10: 0.01234 NDCG@20: 0.01569 
09/04/2026,22:29:23: Epoch [15/1000]
09/04/2026,22:29:23: Negative sampling...
09/04/2026,22:29:24: Model's personal time...
09/04/2026,22:29:24: Training...
09/04/2026,22:29:27: Evaluating...
09/04/2026,22:29:28: 	Train Loss: 41.5120 (base: 41.5120, kd: 0.0000), Elapsed: train 4.28 test 0.49 *
09/04/2026,22:29:28: 	Recall@10: 0.05368 Recall@20: 0.08448 NDCG@10: 0.03026 NDCG@20: 0.03867 
09/04/2026,22:29:28: 	Recall@10: 0.02287 Recall@20: 0.03481 NDCG@10: 0.01259 NDCG@20: 0.01588 
09/04/2026,22:29:28: Epoch [16/1000]
09/04/2026,22:29:28: Negative sampling...
09/04/2026,22:29:30: Model's personal time...
09/04/2026,22:29:30: Training...
09/04/2026,22:29:32: Evaluating...
09/04/2026,22:29:33: 	Train Loss: 39.2721 (base: 39.2721, kd: 0.0000), Elapsed: train 4.13 test 0.50
09/04/2026,22:29:33: 	Recall@10: 0.05319 Recall@20: 0.08441 NDCG@10: 0.03002 NDCG@20: 0.03857 
09/04/2026,22:29:33: 	Recall@10: 0.02240 Recall@20: 0.03454 NDCG@10: 0.01235 NDCG@20: 0.01570 
09/04/2026,22:29:33: Epoch [17/1000]
09/04/2026,22:29:33: Negative sampling...
09/04/2026,22:29:34: Model's personal time...
09/04/2026,22:29:34: Training...
09/04/2026,22:29:37: Evaluating...
09/04/2026,22:29:38: 	Train Loss: 36.5749 (base: 36.5749, kd: 0.0000), Elapsed: train 4.42 test 0.51 *
09/04/2026,22:29:38: 	Recall@10: 0.05470 Recall@20: 0.08434 NDCG@10: 0.03081 NDCG@20: 0.03891 
09/04/2026,22:29:38: 	Recall@10: 0.02264 Recall@20: 0.03409 NDCG@10: 0.01256 NDCG@20: 0.01572 
09/04/2026,22:29:38: Epoch [18/1000]
09/04/2026,22:29:38: Negative sampling...
09/04/2026,22:29:40: Model's personal time...
09/04/2026,22:29:40: Training...
09/04/2026,22:29:43: Evaluating...
09/04/2026,22:29:44: 	Train Loss: 32.5762 (base: 32.5762, kd: 0.0000), Elapsed: train 4.59 test 0.49 *
09/04/2026,22:29:44: 	Recall@10: 0.05487 Recall@20: 0.08462 NDCG@10: 0.03122 NDCG@20: 0.03937 
09/04/2026,22:29:44: 	Recall@10: 0.02317 Recall@20: 0.03514 NDCG@10: 0.01282 NDCG@20: 0.01613 
09/04/2026,22:29:44: Epoch [19/1000]
09/04/2026,22:29:44: Negative sampling...
09/04/2026,22:29:45: Model's personal time...
09/04/2026,22:29:45: Training...
09/04/2026,22:29:48: Evaluating...
09/04/2026,22:29:49: 	Train Loss: 30.3197 (base: 30.3197, kd: 0.0000), Elapsed: train 4.20 test 0.50
09/04/2026,22:29:49: 	Recall@10: 0.05566 Recall@20: 0.08654 NDCG@10: 0.03116 NDCG@20: 0.03948 
09/04/2026,22:29:49: 	Recall@10: 0.02303 Recall@20: 0.03543 NDCG@10: 0.01268 NDCG@20: 0.01608 
09/04/2026,22:29:49: Epoch [20/1000]
09/04/2026,22:29:49: Negative sampling...
09/04/2026,22:29:50: Model's personal time...
09/04/2026,22:29:50: Training...
09/04/2026,22:29:53: Evaluating...
09/04/2026,22:29:54: 	Train Loss: 29.8019 (base: 29.8019, kd: 0.0000), Elapsed: train 4.29 test 0.48 *
09/04/2026,22:29:54: 	Recall@10: 0.05671 Recall@20: 0.08733 NDCG@10: 0.03172 NDCG@20: 0.04003 
09/04/2026,22:29:54: 	Recall@10: 0.02322 Recall@20: 0.03600 NDCG@10: 0.01313 NDCG@20: 0.01664 
09/04/2026,22:29:54: Epoch [21/1000]
09/04/2026,22:29:54: Negative sampling...
09/04/2026,22:29:55: Model's personal time...
09/04/2026,22:29:55: Training...
09/04/2026,22:29:58: Evaluating...
09/04/2026,22:29:59: 	Train Loss: 27.4249 (base: 27.4249, kd: 0.0000), Elapsed: train 4.26 test 0.53 *
09/04/2026,22:29:59: 	Recall@10: 0.05843 Recall@20: 0.08869 NDCG@10: 0.03298 NDCG@20: 0.04111 
09/04/2026,22:29:59: 	Recall@10: 0.02350 Recall@20: 0.03615 NDCG@10: 0.01323 NDCG@20: 0.01674 
09/04/2026,22:29:59: Epoch [22/1000]
09/04/2026,22:29:59: Negative sampling...
09/04/2026,22:30:01: Model's personal time...
09/04/2026,22:30:01: Training...
09/04/2026,22:30:04: Evaluating...
09/04/2026,22:30:04: 	Train Loss: 25.0720 (base: 25.0720, kd: 0.0000), Elapsed: train 4.44 test 0.50 *
09/04/2026,22:30:04: 	Recall@10: 0.05892 Recall@20: 0.08907 NDCG@10: 0.03323 NDCG@20: 0.04133 
09/04/2026,22:30:04: 	Recall@10: 0.02422 Recall@20: 0.03711 NDCG@10: 0.01331 NDCG@20: 0.01687 
09/04/2026,22:30:05: Epoch [23/1000]
09/04/2026,22:30:05: Negative sampling...
09/04/2026,22:30:06: Model's personal time...
09/04/2026,22:30:06: Training...
09/04/2026,22:30:09: Evaluating...
09/04/2026,22:30:10: 	Train Loss: 23.7871 (base: 23.7871, kd: 0.0000), Elapsed: train 4.38 test 0.50 *
09/04/2026,22:30:10: 	Recall@10: 0.05974 Recall@20: 0.09010 NDCG@10: 0.03385 NDCG@20: 0.04201 
09/04/2026,22:30:10: 	Recall@10: 0.02471 Recall@20: 0.03754 NDCG@10: 0.01374 NDCG@20: 0.01726 
09/04/2026,22:30:10: Epoch [24/1000]
09/04/2026,22:30:10: Negative sampling...
09/04/2026,22:30:12: Model's personal time...
09/04/2026,22:30:12: Training...
09/04/2026,22:30:15: Evaluating...
09/04/2026,22:30:15: 	Train Loss: 22.3884 (base: 22.3884, kd: 0.0000), Elapsed: train 4.14 test 0.51
09/04/2026,22:30:15: 	Recall@10: 0.05973 Recall@20: 0.09166 NDCG@10: 0.03347 NDCG@20: 0.04195 
09/04/2026,22:30:15: 	Recall@10: 0.02507 Recall@20: 0.03745 NDCG@10: 0.01364 NDCG@20: 0.01703 
09/04/2026,22:30:15: Epoch [25/1000]
09/04/2026,22:30:15: Negative sampling...
09/04/2026,22:30:16: Model's personal time...
09/04/2026,22:30:16: Training...
09/04/2026,22:30:19: Evaluating...
09/04/2026,22:30:20: 	Train Loss: 21.3615 (base: 21.3615, kd: 0.0000), Elapsed: train 4.40 test 0.52 *
09/04/2026,22:30:20: 	Recall@10: 0.06016 Recall@20: 0.09190 NDCG@10: 0.03415 NDCG@20: 0.04275 
09/04/2026,22:30:20: 	Recall@10: 0.02526 Recall@20: 0.03799 NDCG@10: 0.01393 NDCG@20: 0.01739 
09/04/2026,22:30:21: Epoch [26/1000]
09/04/2026,22:30:21: Negative sampling...
09/04/2026,22:30:22: Model's personal time...
09/04/2026,22:30:22: Training...
09/04/2026,22:30:25: Evaluating...
09/04/2026,22:30:25: 	Train Loss: 20.2915 (base: 20.2915, kd: 0.0000), Elapsed: train 4.23 test 0.51 *
09/04/2026,22:30:25: 	Recall@10: 0.06059 Recall@20: 0.09227 NDCG@10: 0.03426 NDCG@20: 0.04283 
09/04/2026,22:30:25: 	Recall@10: 0.02569 Recall@20: 0.03848 NDCG@10: 0.01427 NDCG@20: 0.01774 
09/04/2026,22:30:26: Epoch [27/1000]
09/04/2026,22:30:26: Negative sampling...
09/04/2026,22:30:27: Model's personal time...
09/04/2026,22:30:27: Training...
09/04/2026,22:30:30: Evaluating...
09/04/2026,22:30:31: 	Train Loss: 18.4045 (base: 18.4045, kd: 0.0000), Elapsed: train 4.31 test 0.55 *
09/04/2026,22:30:31: 	Recall@10: 0.05926 Recall@20: 0.09141 NDCG@10: 0.03429 NDCG@20: 0.04292 
09/04/2026,22:30:31: 	Recall@10: 0.02381 Recall@20: 0.03699 NDCG@10: 0.01350 NDCG@20: 0.01712 
09/04/2026,22:30:31: Epoch [28/1000]
09/04/2026,22:30:31: Negative sampling...
09/04/2026,22:30:33: Model's personal time...
09/04/2026,22:30:33: Training...
09/04/2026,22:30:36: Evaluating...
09/04/2026,22:30:36: 	Train Loss: 18.5467 (base: 18.5467, kd: 0.0000), Elapsed: train 4.39 test 0.48
09/04/2026,22:30:36: 	Recall@10: 0.05927 Recall@20: 0.09170 NDCG@10: 0.03422 NDCG@20: 0.04297 
09/04/2026,22:30:36: 	Recall@10: 0.02381 Recall@20: 0.03697 NDCG@10: 0.01361 NDCG@20: 0.01724 
09/04/2026,22:30:36: Epoch [29/1000]
09/04/2026,22:30:36: Negative sampling...
09/04/2026,22:30:38: Model's personal time...
09/04/2026,22:30:38: Training...
09/04/2026,22:30:41: Evaluating...
09/04/2026,22:30:41: 	Train Loss: 17.4974 (base: 17.4974, kd: 0.0000), Elapsed: train 4.33 test 0.52 *
09/04/2026,22:30:41: 	Recall@10: 0.06100 Recall@20: 0.09333 NDCG@10: 0.03502 NDCG@20: 0.04365 
09/04/2026,22:30:41: 	Recall@10: 0.02458 Recall@20: 0.03757 NDCG@10: 0.01386 NDCG@20: 0.01742 
09/04/2026,22:30:42: Epoch [30/1000]
09/04/2026,22:30:42: Negative sampling...
09/04/2026,22:30:43: Model's personal time...
09/04/2026,22:30:43: Training...
09/04/2026,22:30:46: Evaluating...
09/04/2026,22:30:47: 	Train Loss: 16.4239 (base: 16.4239, kd: 0.0000), Elapsed: train 4.30 test 0.58 *
09/04/2026,22:30:47: 	Recall@10: 0.06190 Recall@20: 0.09438 NDCG@10: 0.03550 NDCG@20: 0.04412 
09/04/2026,22:30:47: 	Recall@10: 0.02460 Recall@20: 0.03814 NDCG@10: 0.01409 NDCG@20: 0.01779 
09/04/2026,22:30:47: Epoch [31/1000]
09/04/2026,22:30:47: Negative sampling...
09/04/2026,22:30:48: Model's personal time...
09/04/2026,22:30:48: Training...
09/04/2026,22:30:51: Evaluating...
09/04/2026,22:30:52: 	Train Loss: 15.9641 (base: 15.9641, kd: 0.0000), Elapsed: train 4.16 test 0.49 *
09/04/2026,22:30:52: 	Recall@10: 0.06209 Recall@20: 0.09431 NDCG@10: 0.03573 NDCG@20: 0.04431 
09/04/2026,22:30:52: 	Recall@10: 0.02551 Recall@20: 0.03848 NDCG@10: 0.01434 NDCG@20: 0.01790 
09/04/2026,22:30:52: Epoch [32/1000]
09/04/2026,22:30:52: Negative sampling...
09/04/2026,22:30:54: Model's personal time...
09/04/2026,22:30:54: Training...
09/04/2026,22:30:57: Evaluating...
09/04/2026,22:30:57: 	Train Loss: 14.9155 (base: 14.9155, kd: 0.0000), Elapsed: train 4.25 test 0.49 *
09/04/2026,22:30:57: 	Recall@10: 0.06184 Recall@20: 0.09515 NDCG@10: 0.03577 NDCG@20: 0.04475 
09/04/2026,22:30:57: 	Recall@10: 0.02496 Recall@20: 0.03832 NDCG@10: 0.01443 NDCG@20: 0.01814 
09/04/2026,22:30:58: Epoch [33/1000]
09/04/2026,22:30:58: Negative sampling...
09/04/2026,22:30:59: Model's personal time...
09/04/2026,22:30:59: Training...
09/04/2026,22:31:02: Evaluating...
09/04/2026,22:31:03: 	Train Loss: 13.4331 (base: 13.4331, kd: 0.0000), Elapsed: train 4.29 test 0.49 *
09/04/2026,22:31:03: 	Recall@10: 0.06298 Recall@20: 0.09608 NDCG@10: 0.03635 NDCG@20: 0.04527 
09/04/2026,22:31:03: 	Recall@10: 0.02540 Recall@20: 0.03931 NDCG@10: 0.01458 NDCG@20: 0.01842 
09/04/2026,22:31:03: Epoch [34/1000]
09/04/2026,22:31:03: Negative sampling...
09/04/2026,22:31:05: Model's personal time...
09/04/2026,22:31:05: Training...
09/04/2026,22:31:07: Evaluating...
09/04/2026,22:31:08: 	Train Loss: 14.3675 (base: 14.3675, kd: 0.0000), Elapsed: train 4.16 test 0.52 *
09/04/2026,22:31:08: 	Recall@10: 0.06399 Recall@20: 0.09574 NDCG@10: 0.03653 NDCG@20: 0.04513 
09/04/2026,22:31:08: 	Recall@10: 0.02639 Recall@20: 0.03890 NDCG@10: 0.01497 NDCG@20: 0.01844 
09/04/2026,22:31:08: Epoch [35/1000]
09/04/2026,22:31:08: Negative sampling...
09/04/2026,22:31:10: Model's personal time...
09/04/2026,22:31:10: Training...
09/04/2026,22:31:13: Evaluating...
09/04/2026,22:31:13: 	Train Loss: 12.8024 (base: 12.8024, kd: 0.0000), Elapsed: train 4.29 test 0.49 *
09/04/2026,22:31:13: 	Recall@10: 0.06451 Recall@20: 0.09578 NDCG@10: 0.03663 NDCG@20: 0.04516 
09/04/2026,22:31:13: 	Recall@10: 0.02670 Recall@20: 0.03961 NDCG@10: 0.01512 NDCG@20: 0.01867 
09/04/2026,22:31:14: Epoch [36/1000]
09/04/2026,22:31:14: Negative sampling...
09/04/2026,22:31:15: Model's personal time...
09/04/2026,22:31:15: Training...
09/04/2026,22:31:18: Evaluating...
09/04/2026,22:31:19: 	Train Loss: 12.9644 (base: 12.9644, kd: 0.0000), Elapsed: train 4.16 test 0.48
09/04/2026,22:31:19: 	Recall@10: 0.06505 Recall@20: 0.09723 NDCG@10: 0.03656 NDCG@20: 0.04530 
09/04/2026,22:31:19: 	Recall@10: 0.02699 Recall@20: 0.03979 NDCG@10: 0.01508 NDCG@20: 0.01860 
09/04/2026,22:31:19: Epoch [37/1000]
09/04/2026,22:31:19: Negative sampling...
09/04/2026,22:31:20: Model's personal time...
09/04/2026,22:31:20: Training...
09/04/2026,22:31:23: Evaluating...
09/04/2026,22:31:23: 	Train Loss: 12.0248 (base: 12.0248, kd: 0.0000), Elapsed: train 4.21 test 0.49 *
09/04/2026,22:31:23: 	Recall@10: 0.06601 Recall@20: 0.09777 NDCG@10: 0.03721 NDCG@20: 0.04583 
09/04/2026,22:31:23: 	Recall@10: 0.02749 Recall@20: 0.04046 NDCG@10: 0.01528 NDCG@20: 0.01884 
09/04/2026,22:31:24: Epoch [38/1000]
09/04/2026,22:31:24: Negative sampling...
09/04/2026,22:31:25: Model's personal time...
09/04/2026,22:31:25: Training...
09/04/2026,22:31:28: Evaluating...
09/04/2026,22:31:29: 	Train Loss: 10.8994 (base: 10.8994, kd: 0.0000), Elapsed: train 4.25 test 0.50
09/04/2026,22:31:29: 	Recall@10: 0.06489 Recall@20: 0.09715 NDCG@10: 0.03704 NDCG@20: 0.04580 
09/04/2026,22:31:29: 	Recall@10: 0.02700 Recall@20: 0.04126 NDCG@10: 0.01509 NDCG@20: 0.01899 
09/04/2026,22:31:29: Epoch [39/1000]
09/04/2026,22:31:29: Negative sampling...
09/04/2026,22:31:30: Model's personal time...
09/04/2026,22:31:30: Training...
09/04/2026,22:31:33: Evaluating...
09/04/2026,22:31:33: 	Train Loss: 10.9209 (base: 10.9209, kd: 0.0000), Elapsed: train 4.21 test 0.49 *
09/04/2026,22:31:33: 	Recall@10: 0.06595 Recall@20: 0.09778 NDCG@10: 0.03754 NDCG@20: 0.04621 
09/04/2026,22:31:33: 	Recall@10: 0.02748 Recall@20: 0.04116 NDCG@10: 0.01531 NDCG@20: 0.01908 
09/04/2026,22:31:34: Epoch [40/1000]
09/04/2026,22:31:34: Negative sampling...
09/04/2026,22:31:35: Model's personal time...
09/04/2026,22:31:35: Training...
09/04/2026,22:31:38: Evaluating...
09/04/2026,22:31:39: 	Train Loss: 10.3990 (base: 10.3990, kd: 0.0000), Elapsed: train 4.55 test 0.50
09/04/2026,22:31:39: 	Recall@10: 0.06448 Recall@20: 0.09723 NDCG@10: 0.03706 NDCG@20: 0.04600 
09/04/2026,22:31:39: 	Recall@10: 0.02815 Recall@20: 0.04068 NDCG@10: 0.01538 NDCG@20: 0.01886 
09/04/2026,22:31:39: Epoch [41/1000]
09/04/2026,22:31:39: Negative sampling...
09/04/2026,22:31:40: Model's personal time...
09/04/2026,22:31:40: Training...
09/04/2026,22:31:43: Evaluating...
09/04/2026,22:31:44: 	Train Loss: 10.0438 (base: 10.0438, kd: 0.0000), Elapsed: train 4.26 test 0.51
09/04/2026,22:31:44: 	Recall@10: 0.06507 Recall@20: 0.09811 NDCG@10: 0.03743 NDCG@20: 0.04643 
09/04/2026,22:31:44: 	Recall@10: 0.02782 Recall@20: 0.04142 NDCG@10: 0.01536 NDCG@20: 0.01911 
09/04/2026,22:31:44: Epoch [42/1000]
09/04/2026,22:31:44: Negative sampling...
09/04/2026,22:31:45: Model's personal time...
09/04/2026,22:31:45: Training...
09/04/2026,22:31:48: Evaluating...
09/04/2026,22:31:49: 	Train Loss: 9.8885 (base: 9.8885, kd: 0.0000), Elapsed: train 4.40 test 0.52
09/04/2026,22:31:49: 	Recall@10: 0.06517 Recall@20: 0.09806 NDCG@10: 0.03738 NDCG@20: 0.04634 
09/04/2026,22:31:49: 	Recall@10: 0.02756 Recall@20: 0.04179 NDCG@10: 0.01532 NDCG@20: 0.01925 
09/04/2026,22:31:49: Epoch [43/1000]
09/04/2026,22:31:49: Negative sampling...
09/04/2026,22:31:50: Model's personal time...
09/04/2026,22:31:50: Training...
09/04/2026,22:31:53: Evaluating...
09/04/2026,22:31:54: 	Train Loss: 9.7430 (base: 9.7430, kd: 0.0000), Elapsed: train 4.51 test 0.49
09/04/2026,22:31:54: 	Recall@10: 0.06579 Recall@20: 0.09828 NDCG@10: 0.03736 NDCG@20: 0.04620 
09/04/2026,22:31:54: 	Recall@10: 0.02737 Recall@20: 0.04137 NDCG@10: 0.01536 NDCG@20: 0.01920 
09/04/2026,22:31:54: Epoch [44/1000]
09/04/2026,22:31:54: Negative sampling...
09/04/2026,22:31:55: Model's personal time...
09/04/2026,22:31:55: Training...
09/04/2026,22:31:58: Evaluating...
09/04/2026,22:31:58: 	Train Loss: 8.9603 (base: 8.9603, kd: 0.0000), Elapsed: train 4.20 test 0.51 *
09/04/2026,22:31:58: 	Recall@10: 0.06661 Recall@20: 0.09807 NDCG@10: 0.03769 NDCG@20: 0.04627 
09/04/2026,22:31:58: 	Recall@10: 0.02754 Recall@20: 0.04140 NDCG@10: 0.01557 NDCG@20: 0.01938 
09/04/2026,22:31:59: Epoch [45/1000]
09/04/2026,22:31:59: Negative sampling...
09/04/2026,22:32:00: Model's personal time...
09/04/2026,22:32:00: Training...
09/04/2026,22:32:04: Evaluating...
09/04/2026,22:32:04: 	Train Loss: 8.4596 (base: 8.4596, kd: 0.0000), Elapsed: train 4.73 test 0.60 *
09/04/2026,22:32:04: 	Recall@10: 0.06791 Recall@20: 0.09822 NDCG@10: 0.03796 NDCG@20: 0.04619 
09/04/2026,22:32:04: 	Recall@10: 0.02774 Recall@20: 0.04160 NDCG@10: 0.01550 NDCG@20: 0.01932 
09/04/2026,22:32:05: Epoch [46/1000]
09/04/2026,22:32:05: Negative sampling...
09/04/2026,22:32:06: Model's personal time...
09/04/2026,22:32:06: Training...
09/04/2026,22:32:10: Evaluating...
09/04/2026,22:32:10: 	Train Loss: 7.8163 (base: 7.8163, kd: 0.0000), Elapsed: train 4.58 test 0.57
09/04/2026,22:32:10: 	Recall@10: 0.06680 Recall@20: 0.09912 NDCG@10: 0.03773 NDCG@20: 0.04656 
09/04/2026,22:32:10: 	Recall@10: 0.02774 Recall@20: 0.04137 NDCG@10: 0.01557 NDCG@20: 0.01932 
09/04/2026,22:32:10: Epoch [47/1000]
09/04/2026,22:32:10: Negative sampling...
09/04/2026,22:32:12: Model's personal time...
09/04/2026,22:32:12: Training...
09/04/2026,22:32:15: Evaluating...
09/04/2026,22:32:15: 	Train Loss: 7.8527 (base: 7.8527, kd: 0.0000), Elapsed: train 4.48 test 0.50
09/04/2026,22:32:15: 	Recall@10: 0.06718 Recall@20: 0.09842 NDCG@10: 0.03775 NDCG@20: 0.04634 
09/04/2026,22:32:15: 	Recall@10: 0.02802 Recall@20: 0.04167 NDCG@10: 0.01561 NDCG@20: 0.01936 
09/04/2026,22:32:15: Epoch [48/1000]
09/04/2026,22:32:15: Negative sampling...
09/04/2026,22:32:16: Model's personal time...
09/04/2026,22:32:16: Training...
09/04/2026,22:32:19: Evaluating...
09/04/2026,22:32:20: 	Train Loss: 7.3113 (base: 7.3113, kd: 0.0000), Elapsed: train 4.26 test 0.49
09/04/2026,22:32:20: 	Recall@10: 0.06729 Recall@20: 0.09852 NDCG@10: 0.03757 NDCG@20: 0.04612 
09/04/2026,22:32:20: 	Recall@10: 0.02777 Recall@20: 0.04089 NDCG@10: 0.01533 NDCG@20: 0.01896 
09/04/2026,22:32:20: Epoch [49/1000]
09/04/2026,22:32:20: Negative sampling...
09/04/2026,22:32:21: Model's personal time...
09/04/2026,22:32:21: Training...
09/04/2026,22:32:24: Evaluating...
09/04/2026,22:32:25: 	Train Loss: 7.7206 (base: 7.7206, kd: 0.0000), Elapsed: train 4.16 test 0.53
09/04/2026,22:32:25: 	Recall@10: 0.06810 Recall@20: 0.09918 NDCG@10: 0.03741 NDCG@20: 0.04591 
09/04/2026,22:32:25: 	Recall@10: 0.02796 Recall@20: 0.04163 NDCG@10: 0.01545 NDCG@20: 0.01923 
09/04/2026,22:32:25: Epoch [50/1000]
09/04/2026,22:32:25: Negative sampling...
09/04/2026,22:32:26: Model's personal time...
09/04/2026,22:32:26: Training...
09/04/2026,22:32:29: Evaluating...
09/04/2026,22:32:30: 	Train Loss: 7.6411 (base: 7.6411, kd: 0.0000), Elapsed: train 4.45 test 0.58
09/04/2026,22:32:30: 	Recall@10: 0.06776 Recall@20: 0.09868 NDCG@10: 0.03753 NDCG@20: 0.04601 
09/04/2026,22:32:30: 	Recall@10: 0.02815 Recall@20: 0.04198 NDCG@10: 0.01571 NDCG@20: 0.01954 
09/04/2026,22:32:30: Epoch [51/1000]
09/04/2026,22:32:30: Negative sampling...
09/04/2026,22:32:31: Model's personal time...
09/04/2026,22:32:31: Training...
09/04/2026,22:32:34: Evaluating...
09/04/2026,22:32:34: 	Train Loss: 7.3367 (base: 7.3367, kd: 0.0000), Elapsed: train 4.24 test 0.48
09/04/2026,22:32:34: 	Recall@10: 0.06812 Recall@20: 0.10097 NDCG@10: 0.03773 NDCG@20: 0.04673 
09/04/2026,22:32:34: 	Recall@10: 0.02902 Recall@20: 0.04302 NDCG@10: 0.01604 NDCG@20: 0.01987 
09/04/2026,22:32:34: Epoch [52/1000]
09/04/2026,22:32:34: Negative sampling...
09/04/2026,22:32:36: Model's personal time...
09/04/2026,22:32:36: Training...
09/04/2026,22:32:39: Evaluating...
09/04/2026,22:32:39: 	Train Loss: 7.5148 (base: 7.5148, kd: 0.0000), Elapsed: train 4.32 test 0.48
09/04/2026,22:32:39: 	Recall@10: 0.06797 Recall@20: 0.10164 NDCG@10: 0.03786 NDCG@20: 0.04710 
09/04/2026,22:32:39: 	Recall@10: 0.02861 Recall@20: 0.04322 NDCG@10: 0.01586 NDCG@20: 0.01989 
09/04/2026,22:32:39: Epoch [53/1000]
09/04/2026,22:32:39: Negative sampling...
09/04/2026,22:32:40: Model's personal time...
09/04/2026,22:32:40: Training...
09/04/2026,22:32:43: Evaluating...
09/04/2026,22:32:44: 	Train Loss: 6.3260 (base: 6.3260, kd: 0.0000), Elapsed: train 4.34 test 0.49 *
09/04/2026,22:32:44: 	Recall@10: 0.06854 Recall@20: 0.10070 NDCG@10: 0.03814 NDCG@20: 0.04694 
09/04/2026,22:32:44: 	Recall@10: 0.02912 Recall@20: 0.04285 NDCG@10: 0.01594 NDCG@20: 0.01974 
09/04/2026,22:32:45: Epoch [54/1000]
09/04/2026,22:32:45: Negative sampling...
09/04/2026,22:32:46: Model's personal time...
09/04/2026,22:32:46: Training...
09/04/2026,22:32:49: Evaluating...
09/04/2026,22:32:49: 	Train Loss: 6.7955 (base: 6.7955, kd: 0.0000), Elapsed: train 4.27 test 0.51 *
09/04/2026,22:32:49: 	Recall@10: 0.06934 Recall@20: 0.10129 NDCG@10: 0.03862 NDCG@20: 0.04735 
09/04/2026,22:32:49: 	Recall@10: 0.02907 Recall@20: 0.04311 NDCG@10: 0.01596 NDCG@20: 0.01988 
09/04/2026,22:32:50: Epoch [55/1000]
09/04/2026,22:32:50: Negative sampling...
09/04/2026,22:32:51: Model's personal time...
09/04/2026,22:32:51: Training...
09/04/2026,22:32:54: Evaluating...
09/04/2026,22:32:55: 	Train Loss: 6.2026 (base: 6.2026, kd: 0.0000), Elapsed: train 4.43 test 0.51
09/04/2026,22:32:55: 	Recall@10: 0.06810 Recall@20: 0.10258 NDCG@10: 0.03799 NDCG@20: 0.04739 
09/04/2026,22:32:55: 	Recall@10: 0.02810 Recall@20: 0.04233 NDCG@10: 0.01554 NDCG@20: 0.01949 
09/04/2026,22:32:55: Epoch [56/1000]
09/04/2026,22:32:55: Negative sampling...
09/04/2026,22:32:56: Model's personal time...
09/04/2026,22:32:56: Training...
09/04/2026,22:32:59: Evaluating...
09/04/2026,22:33:00: 	Train Loss: 6.1294 (base: 6.1294, kd: 0.0000), Elapsed: train 4.13 test 0.57
09/04/2026,22:33:00: 	Recall@10: 0.06733 Recall@20: 0.10164 NDCG@10: 0.03781 NDCG@20: 0.04718 
09/04/2026,22:33:00: 	Recall@10: 0.02777 Recall@20: 0.04215 NDCG@10: 0.01541 NDCG@20: 0.01942 
09/04/2026,22:33:00: Epoch [57/1000]
09/04/2026,22:33:00: Negative sampling...
09/04/2026,22:33:01: Model's personal time...
09/04/2026,22:33:01: Training...
09/04/2026,22:33:04: Evaluating...
09/04/2026,22:33:04: 	Train Loss: 5.9970 (base: 5.9970, kd: 0.0000), Elapsed: train 4.37 test 0.49
09/04/2026,22:33:04: 	Recall@10: 0.06594 Recall@20: 0.10108 NDCG@10: 0.03753 NDCG@20: 0.04713 
09/04/2026,22:33:04: 	Recall@10: 0.02707 Recall@20: 0.04146 NDCG@10: 0.01514 NDCG@20: 0.01918 
09/04/2026,22:33:04: Epoch [58/1000]
09/04/2026,22:33:04: Negative sampling...
09/04/2026,22:33:06: Model's personal time...
09/04/2026,22:33:06: Training...
09/04/2026,22:33:09: Evaluating...
09/04/2026,22:33:09: 	Train Loss: 5.9999 (base: 5.9999, kd: 0.0000), Elapsed: train 4.22 test 0.49
09/04/2026,22:33:09: 	Recall@10: 0.06570 Recall@20: 0.10098 NDCG@10: 0.03746 NDCG@20: 0.04711 
09/04/2026,22:33:09: 	Recall@10: 0.02754 Recall@20: 0.04137 NDCG@10: 0.01535 NDCG@20: 0.01922 
09/04/2026,22:33:09: Epoch [59/1000]
09/04/2026,22:33:09: Negative sampling...
09/04/2026,22:33:11: Model's personal time...
09/04/2026,22:33:11: Training...
09/04/2026,22:33:13: Evaluating...
09/04/2026,22:33:14: 	Train Loss: 5.7447 (base: 5.7447, kd: 0.0000), Elapsed: train 4.18 test 0.54
09/04/2026,22:33:14: 	Recall@10: 0.06561 Recall@20: 0.10144 NDCG@10: 0.03732 NDCG@20: 0.04717 
09/04/2026,22:33:14: 	Recall@10: 0.02786 Recall@20: 0.04197 NDCG@10: 0.01544 NDCG@20: 0.01937 
09/04/2026,22:33:14: Epoch [60/1000]
09/04/2026,22:33:14: Negative sampling...
09/04/2026,22:33:15: Model's personal time...
09/04/2026,22:33:15: Training...
09/04/2026,22:33:19: Evaluating...
09/04/2026,22:33:19: 	Train Loss: 5.7953 (base: 5.7953, kd: 0.0000), Elapsed: train 4.61 test 0.55
09/04/2026,22:33:19: 	Recall@10: 0.06582 Recall@20: 0.10224 NDCG@10: 0.03747 NDCG@20: 0.04746 
09/04/2026,22:33:19: 	Recall@10: 0.02841 Recall@20: 0.04175 NDCG@10: 0.01588 NDCG@20: 0.01960 
09/04/2026,22:33:19: Epoch [61/1000]
09/04/2026,22:33:19: Negative sampling...
09/04/2026,22:33:20: Model's personal time...
09/04/2026,22:33:20: Training...
09/04/2026,22:33:23: Evaluating...
09/04/2026,22:33:24: 	Train Loss: 4.9762 (base: 4.9762, kd: 0.0000), Elapsed: train 4.22 test 0.50
09/04/2026,22:33:24: 	Recall@10: 0.06628 Recall@20: 0.10178 NDCG@10: 0.03778 NDCG@20: 0.04750 
09/04/2026,22:33:24: 	Recall@10: 0.02809 Recall@20: 0.04178 NDCG@10: 0.01576 NDCG@20: 0.01960 
09/04/2026,22:33:24: Epoch [62/1000]
09/04/2026,22:33:24: Negative sampling...
09/04/2026,22:33:25: Model's personal time...
09/04/2026,22:33:25: Training...
09/04/2026,22:33:28: Evaluating...
09/04/2026,22:33:29: 	Train Loss: 4.8213 (base: 4.8213, kd: 0.0000), Elapsed: train 4.36 test 0.53
09/04/2026,22:33:29: 	Recall@10: 0.06744 Recall@20: 0.10111 NDCG@10: 0.03802 NDCG@20: 0.04732 
09/04/2026,22:33:29: 	Recall@10: 0.02790 Recall@20: 0.04203 NDCG@10: 0.01567 NDCG@20: 0.01961 
09/04/2026,22:33:29: Epoch [63/1000]
09/04/2026,22:33:29: Negative sampling...
09/04/2026,22:33:30: Model's personal time...
09/04/2026,22:33:30: Training...
09/04/2026,22:33:33: Evaluating...
09/04/2026,22:33:33: 	Train Loss: 4.9682 (base: 4.9682, kd: 0.0000), Elapsed: train 4.29 test 0.49
09/04/2026,22:33:33: 	Recall@10: 0.06678 Recall@20: 0.10252 NDCG@10: 0.03761 NDCG@20: 0.04742 
09/04/2026,22:33:33: 	Recall@10: 0.02835 Recall@20: 0.04261 NDCG@10: 0.01576 NDCG@20: 0.01969 
09/04/2026,22:33:33: Epoch [64/1000]
09/04/2026,22:33:33: Negative sampling...
09/04/2026,22:33:35: Model's personal time...
09/04/2026,22:33:35: Training...
09/04/2026,22:33:38: Evaluating...
09/04/2026,22:33:38: 	Train Loss: 4.6047 (base: 4.6047, kd: 0.0000), Elapsed: train 4.15 test 0.54
09/04/2026,22:33:38: 	Recall@10: 0.06685 Recall@20: 0.10259 NDCG@10: 0.03797 NDCG@20: 0.04779 
09/04/2026,22:33:38: 	Recall@10: 0.02832 Recall@20: 0.04305 NDCG@10: 0.01595 NDCG@20: 0.02002 
09/04/2026,22:33:38: Epoch [65/1000]
09/04/2026,22:33:38: Negative sampling...
09/04/2026,22:33:40: Model's personal time...
09/04/2026,22:33:40: Training...
09/04/2026,22:33:42: Evaluating...
09/04/2026,22:33:43: 	Train Loss: 4.6580 (base: 4.6580, kd: 0.0000), Elapsed: train 4.31 test 0.53
09/04/2026,22:33:43: 	Recall@10: 0.06726 Recall@20: 0.10336 NDCG@10: 0.03829 NDCG@20: 0.04815 
09/04/2026,22:33:43: 	Recall@10: 0.02803 Recall@20: 0.04279 NDCG@10: 0.01589 NDCG@20: 0.01997 
09/04/2026,22:33:43: Epoch [66/1000]
09/04/2026,22:33:43: Negative sampling...
09/04/2026,22:33:44: Model's personal time...
09/04/2026,22:33:44: Training...
09/04/2026,22:33:47: Evaluating...
09/04/2026,22:33:48: 	Train Loss: 4.4858 (base: 4.4858, kd: 0.0000), Elapsed: train 4.28 test 0.56 *
09/04/2026,22:33:48: 	Recall@10: 0.06766 Recall@20: 0.10254 NDCG@10: 0.03868 NDCG@20: 0.04829 
09/04/2026,22:33:48: 	Recall@10: 0.02832 Recall@20: 0.04308 NDCG@10: 0.01592 NDCG@20: 0.01999 
09/04/2026,22:33:48: Epoch [67/1000]
09/04/2026,22:33:48: Negative sampling...
09/04/2026,22:33:50: Model's personal time...
09/04/2026,22:33:50: Training...
09/04/2026,22:33:53: Evaluating...
09/04/2026,22:33:53: 	Train Loss: 4.4030 (base: 4.4030, kd: 0.0000), Elapsed: train 4.43 test 0.52 *
09/04/2026,22:33:53: 	Recall@10: 0.06806 Recall@20: 0.10332 NDCG@10: 0.03872 NDCG@20: 0.04842 
09/04/2026,22:33:53: 	Recall@10: 0.02809 Recall@20: 0.04350 NDCG@10: 0.01587 NDCG@20: 0.02012 
09/04/2026,22:33:54: Epoch [68/1000]
09/04/2026,22:33:54: Negative sampling...
09/04/2026,22:33:56: Model's personal time...
09/04/2026,22:33:56: Training...
09/04/2026,22:33:59: Evaluating...
09/04/2026,22:33:59: 	Train Loss: 4.9792 (base: 4.9792, kd: 0.0000), Elapsed: train 4.46 test 0.49 *
09/04/2026,22:33:59: 	Recall@10: 0.06911 Recall@20: 0.10359 NDCG@10: 0.03895 NDCG@20: 0.04839 
09/04/2026,22:33:59: 	Recall@10: 0.02881 Recall@20: 0.04360 NDCG@10: 0.01597 NDCG@20: 0.02004 
09/04/2026,22:34:00: Epoch [69/1000]
09/04/2026,22:34:00: Negative sampling...
09/04/2026,22:34:01: Model's personal time...
09/04/2026,22:34:01: Training...
09/04/2026,22:34:04: Evaluating...
09/04/2026,22:34:04: 	Train Loss: 4.0543 (base: 4.0543, kd: 0.0000), Elapsed: train 4.26 test 0.49 *
09/04/2026,22:34:04: 	Recall@10: 0.06896 Recall@20: 0.10357 NDCG@10: 0.03932 NDCG@20: 0.04884 
09/04/2026,22:34:04: 	Recall@10: 0.02878 Recall@20: 0.04350 NDCG@10: 0.01604 NDCG@20: 0.02010 
09/04/2026,22:34:05: Epoch [70/1000]
09/04/2026,22:34:05: Negative sampling...
09/04/2026,22:34:06: Model's personal time...
09/04/2026,22:34:06: Training...
09/04/2026,22:34:09: Evaluating...
09/04/2026,22:34:10: 	Train Loss: 4.0012 (base: 4.0012, kd: 0.0000), Elapsed: train 4.35 test 0.50 *
09/04/2026,22:34:10: 	Recall@10: 0.07011 Recall@20: 0.10456 NDCG@10: 0.03936 NDCG@20: 0.04884 
09/04/2026,22:34:10: 	Recall@10: 0.02859 Recall@20: 0.04401 NDCG@10: 0.01613 NDCG@20: 0.02039 
09/04/2026,22:34:10: Epoch [71/1000]
09/04/2026,22:34:10: Negative sampling...
09/04/2026,22:34:12: Model's personal time...
09/04/2026,22:34:12: Training...
09/04/2026,22:34:15: Evaluating...
09/04/2026,22:34:15: 	Train Loss: 3.7423 (base: 3.7423, kd: 0.0000), Elapsed: train 4.25 test 0.52 *
09/04/2026,22:34:15: 	Recall@10: 0.07029 Recall@20: 0.10379 NDCG@10: 0.03975 NDCG@20: 0.04896 
09/04/2026,22:34:15: 	Recall@10: 0.02881 Recall@20: 0.04369 NDCG@10: 0.01623 NDCG@20: 0.02036 
09/04/2026,22:34:16: Epoch [72/1000]
09/04/2026,22:34:16: Negative sampling...
09/04/2026,22:34:17: Model's personal time...
09/04/2026,22:34:17: Training...
09/04/2026,22:34:20: Evaluating...
09/04/2026,22:34:21: 	Train Loss: 3.5867 (base: 3.5867, kd: 0.0000), Elapsed: train 4.36 test 0.55
09/04/2026,22:34:21: 	Recall@10: 0.06989 Recall@20: 0.10288 NDCG@10: 0.03955 NDCG@20: 0.04869 
09/04/2026,22:34:21: 	Recall@10: 0.02891 Recall@20: 0.04389 NDCG@10: 0.01622 NDCG@20: 0.02037 
09/04/2026,22:34:21: Epoch [73/1000]
09/04/2026,22:34:21: Negative sampling...
09/04/2026,22:34:22: Model's personal time...
09/04/2026,22:34:22: Training...
09/04/2026,22:34:25: Evaluating...
09/04/2026,22:34:26: 	Train Loss: 3.5952 (base: 3.5952, kd: 0.0000), Elapsed: train 4.56 test 0.48
09/04/2026,22:34:26: 	Recall@10: 0.06849 Recall@20: 0.10196 NDCG@10: 0.03908 NDCG@20: 0.04837 
09/04/2026,22:34:26: 	Recall@10: 0.02816 Recall@20: 0.04291 NDCG@10: 0.01600 NDCG@20: 0.02007 
09/04/2026,22:34:26: Epoch [74/1000]
09/04/2026,22:34:26: Negative sampling...
09/04/2026,22:34:27: Model's personal time...
09/04/2026,22:34:27: Training...
09/04/2026,22:34:30: Evaluating...
09/04/2026,22:34:31: 	Train Loss: 3.6713 (base: 3.6713, kd: 0.0000), Elapsed: train 4.43 test 0.51
09/04/2026,22:34:31: 	Recall@10: 0.06860 Recall@20: 0.10194 NDCG@10: 0.03933 NDCG@20: 0.04859 
09/04/2026,22:34:31: 	Recall@10: 0.02865 Recall@20: 0.04389 NDCG@10: 0.01622 NDCG@20: 0.02041 
09/04/2026,22:34:31: Epoch [75/1000]
09/04/2026,22:34:31: Negative sampling...
09/04/2026,22:34:32: Model's personal time...
09/04/2026,22:34:32: Training...
09/04/2026,22:34:35: Evaluating...
09/04/2026,22:34:36: 	Train Loss: 3.8332 (base: 3.8332, kd: 0.0000), Elapsed: train 4.40 test 0.54
09/04/2026,22:34:36: 	Recall@10: 0.06918 Recall@20: 0.10237 NDCG@10: 0.03947 NDCG@20: 0.04866 
09/04/2026,22:34:36: 	Recall@10: 0.02846 Recall@20: 0.04413 NDCG@10: 0.01626 NDCG@20: 0.02056 
09/04/2026,22:34:36: Epoch [76/1000]
09/04/2026,22:34:36: Negative sampling...
09/04/2026,22:34:37: Model's personal time...
09/04/2026,22:34:37: Training...
09/04/2026,22:34:40: Evaluating...
09/04/2026,22:34:41: 	Train Loss: 3.4510 (base: 3.4510, kd: 0.0000), Elapsed: train 4.48 test 0.49
09/04/2026,22:34:41: 	Recall@10: 0.06999 Recall@20: 0.10348 NDCG@10: 0.03962 NDCG@20: 0.04880 
09/04/2026,22:34:41: 	Recall@10: 0.02880 Recall@20: 0.04451 NDCG@10: 0.01631 NDCG@20: 0.02063 
09/04/2026,22:34:41: Epoch [77/1000]
09/04/2026,22:34:41: Negative sampling...
09/04/2026,22:34:42: Model's personal time...
09/04/2026,22:34:42: Training...
09/04/2026,22:34:45: Evaluating...
09/04/2026,22:34:45: 	Train Loss: 3.6559 (base: 3.6559, kd: 0.0000), Elapsed: train 4.32 test 0.49
09/04/2026,22:34:45: 	Recall@10: 0.06863 Recall@20: 0.10325 NDCG@10: 0.03891 NDCG@20: 0.04837 
09/04/2026,22:34:45: 	Recall@10: 0.02902 Recall@20: 0.04414 NDCG@10: 0.01642 NDCG@20: 0.02060 
09/04/2026,22:34:45: Epoch [78/1000]
09/04/2026,22:34:45: Negative sampling...
09/04/2026,22:34:47: Model's personal time...
09/04/2026,22:34:47: Training...
09/04/2026,22:34:50: Evaluating...
09/04/2026,22:34:51: 	Train Loss: 3.2587 (base: 3.2587, kd: 0.0000), Elapsed: train 4.75 test 0.58
09/04/2026,22:34:51: 	Recall@10: 0.06908 Recall@20: 0.10362 NDCG@10: 0.03911 NDCG@20: 0.04856 
09/04/2026,22:34:51: 	Recall@10: 0.02956 Recall@20: 0.04408 NDCG@10: 0.01640 NDCG@20: 0.02041 
09/04/2026,22:34:51: Epoch [79/1000]
09/04/2026,22:34:51: Negative sampling...
09/04/2026,22:34:52: Model's personal time...
09/04/2026,22:34:52: Training...
09/04/2026,22:34:55: Evaluating...
09/04/2026,22:34:56: 	Train Loss: 3.1952 (base: 3.1952, kd: 0.0000), Elapsed: train 4.30 test 0.53
09/04/2026,22:34:56: 	Recall@10: 0.06990 Recall@20: 0.10335 NDCG@10: 0.03971 NDCG@20: 0.04890 
09/04/2026,22:34:56: 	Recall@10: 0.02870 Recall@20: 0.04450 NDCG@10: 0.01624 NDCG@20: 0.02060 
09/04/2026,22:34:56: Epoch [80/1000]
09/04/2026,22:34:56: Negative sampling...
09/04/2026,22:34:57: Model's personal time...
09/04/2026,22:34:57: Training...
09/04/2026,22:35:00: Evaluating...
09/04/2026,22:35:01: 	Train Loss: 3.0348 (base: 3.0348, kd: 0.0000), Elapsed: train 4.39 test 0.50 *
09/04/2026,22:35:01: 	Recall@10: 0.07108 Recall@20: 0.10354 NDCG@10: 0.04013 NDCG@20: 0.04899 
09/04/2026,22:35:01: 	Recall@10: 0.02848 Recall@20: 0.04418 NDCG@10: 0.01620 NDCG@20: 0.02051 
09/04/2026,22:35:01: Epoch [81/1000]
09/04/2026,22:35:01: Negative sampling...
09/04/2026,22:35:03: Model's personal time...
09/04/2026,22:35:03: Training...
09/04/2026,22:35:05: Evaluating...
09/04/2026,22:35:06: 	Train Loss: 2.7876 (base: 2.7876, kd: 0.0000), Elapsed: train 4.28 test 0.50 *
09/04/2026,22:35:06: 	Recall@10: 0.07135 Recall@20: 0.10398 NDCG@10: 0.04055 NDCG@20: 0.04940 
09/04/2026,22:35:06: 	Recall@10: 0.02880 Recall@20: 0.04437 NDCG@10: 0.01627 NDCG@20: 0.02054 
09/04/2026,22:35:07: Epoch [82/1000]
09/04/2026,22:35:07: Negative sampling...
09/04/2026,22:35:08: Model's personal time...
09/04/2026,22:35:08: Training...
09/04/2026,22:35:11: Evaluating...
09/04/2026,22:35:12: 	Train Loss: 2.9841 (base: 2.9841, kd: 0.0000), Elapsed: train 4.50 test 0.49 *
09/04/2026,22:35:12: 	Recall@10: 0.07200 Recall@20: 0.10442 NDCG@10: 0.04077 NDCG@20: 0.04954 
09/04/2026,22:35:12: 	Recall@10: 0.02918 Recall@20: 0.04447 NDCG@10: 0.01623 NDCG@20: 0.02043 
09/04/2026,22:35:12: Epoch [83/1000]
09/04/2026,22:35:12: Negative sampling...
09/04/2026,22:35:14: Model's personal time...
09/04/2026,22:35:14: Training...
09/04/2026,22:35:17: Evaluating...
09/04/2026,22:35:17: 	Train Loss: 3.1883 (base: 3.1883, kd: 0.0000), Elapsed: train 4.34 test 0.50
09/04/2026,22:35:17: 	Recall@10: 0.07164 Recall@20: 0.10368 NDCG@10: 0.04061 NDCG@20: 0.04932 
09/04/2026,22:35:17: 	Recall@10: 0.02899 Recall@20: 0.04538 NDCG@10: 0.01635 NDCG@20: 0.02081 
09/04/2026,22:35:17: Epoch [84/1000]
09/04/2026,22:35:17: Negative sampling...
09/04/2026,22:35:18: Model's personal time...
09/04/2026,22:35:18: Training...
09/04/2026,22:35:21: Evaluating...
09/04/2026,22:35:22: 	Train Loss: 2.7616 (base: 2.7616, kd: 0.0000), Elapsed: train 4.26 test 0.50
09/04/2026,22:35:22: 	Recall@10: 0.07064 Recall@20: 0.10388 NDCG@10: 0.04013 NDCG@20: 0.04917 
09/04/2026,22:35:22: 	Recall@10: 0.02899 Recall@20: 0.04548 NDCG@10: 0.01614 NDCG@20: 0.02063 
09/04/2026,22:35:22: Epoch [85/1000]
09/04/2026,22:35:22: Negative sampling...
09/04/2026,22:35:23: Model's personal time...
09/04/2026,22:35:23: Training...
09/04/2026,22:35:26: Evaluating...
09/04/2026,22:35:27: 	Train Loss: 2.6699 (base: 2.6699, kd: 0.0000), Elapsed: train 4.43 test 0.49
09/04/2026,22:35:27: 	Recall@10: 0.07105 Recall@20: 0.10332 NDCG@10: 0.04016 NDCG@20: 0.04896 
09/04/2026,22:35:27: 	Recall@10: 0.02915 Recall@20: 0.04557 NDCG@10: 0.01615 NDCG@20: 0.02061 
09/04/2026,22:35:27: Epoch [86/1000]
09/04/2026,22:35:27: Negative sampling...
09/04/2026,22:35:28: Model's personal time...
09/04/2026,22:35:28: Training...
09/04/2026,22:35:31: Evaluating...
09/04/2026,22:35:31: 	Train Loss: 2.6804 (base: 2.6804, kd: 0.0000), Elapsed: train 4.24 test 0.48
09/04/2026,22:35:31: 	Recall@10: 0.07197 Recall@20: 0.10453 NDCG@10: 0.04063 NDCG@20: 0.04953 
09/04/2026,22:35:31: 	Recall@10: 0.02906 Recall@20: 0.04627 NDCG@10: 0.01628 NDCG@20: 0.02095 
09/04/2026,22:35:31: Epoch [87/1000]
09/04/2026,22:35:31: Negative sampling...
09/04/2026,22:35:33: Model's personal time...
09/04/2026,22:35:33: Training...
09/04/2026,22:35:36: Evaluating...
09/04/2026,22:35:36: 	Train Loss: 2.6671 (base: 2.6671, kd: 0.0000), Elapsed: train 4.37 test 0.52
09/04/2026,22:35:36: 	Recall@10: 0.07196 Recall@20: 0.10458 NDCG@10: 0.04065 NDCG@20: 0.04959 
09/04/2026,22:35:36: 	Recall@10: 0.02898 Recall@20: 0.04658 NDCG@10: 0.01649 NDCG@20: 0.02128 
09/04/2026,22:35:36: Epoch [88/1000]
09/04/2026,22:35:36: Negative sampling...
09/04/2026,22:35:38: Model's personal time...
09/04/2026,22:35:38: Training...
09/04/2026,22:35:41: Evaluating...
09/04/2026,22:35:41: 	Train Loss: 2.6085 (base: 2.6085, kd: 0.0000), Elapsed: train 4.41 test 0.54
09/04/2026,22:35:41: 	Recall@10: 0.07043 Recall@20: 0.10525 NDCG@10: 0.04028 NDCG@20: 0.04981 
09/04/2026,22:35:41: 	Recall@10: 0.02868 Recall@20: 0.04600 NDCG@10: 0.01629 NDCG@20: 0.02099 
09/04/2026,22:35:41: Epoch [89/1000]
09/04/2026,22:35:41: Negative sampling...
09/04/2026,22:35:43: Model's personal time...
09/04/2026,22:35:43: Training...
09/04/2026,22:35:45: Evaluating...
09/04/2026,22:35:46: 	Train Loss: 2.5563 (base: 2.5563, kd: 0.0000), Elapsed: train 4.06 test 0.50
09/04/2026,22:35:46: 	Recall@10: 0.07081 Recall@20: 0.10389 NDCG@10: 0.04031 NDCG@20: 0.04932 
09/04/2026,22:35:46: 	Recall@10: 0.02832 Recall@20: 0.04507 NDCG@10: 0.01606 NDCG@20: 0.02067 
09/04/2026,22:35:46: Epoch [90/1000]
09/04/2026,22:35:46: Negative sampling...
09/04/2026,22:35:47: Model's personal time...
09/04/2026,22:35:47: Training...
09/04/2026,22:35:50: Evaluating...
09/04/2026,22:35:51: 	Train Loss: 2.2971 (base: 2.2971, kd: 0.0000), Elapsed: train 4.41 test 0.58
09/04/2026,22:35:51: 	Recall@10: 0.07031 Recall@20: 0.10349 NDCG@10: 0.04016 NDCG@20: 0.04918 
09/04/2026,22:35:51: 	Recall@10: 0.02928 Recall@20: 0.04565 NDCG@10: 0.01603 NDCG@20: 0.02051 
09/04/2026,22:35:51: Epoch [91/1000]
09/04/2026,22:35:51: Negative sampling...
09/04/2026,22:35:52: Model's personal time...
09/04/2026,22:35:52: Training...
09/04/2026,22:35:55: Evaluating...
09/04/2026,22:35:56: 	Train Loss: 2.4454 (base: 2.4454, kd: 0.0000), Elapsed: train 4.42 test 0.59
09/04/2026,22:35:56: 	Recall@10: 0.07099 Recall@20: 0.10360 NDCG@10: 0.04019 NDCG@20: 0.04907 
09/04/2026,22:35:56: 	Recall@10: 0.02913 Recall@20: 0.04555 NDCG@10: 0.01637 NDCG@20: 0.02086 
09/04/2026,22:35:56: Epoch [92/1000]
09/04/2026,22:35:56: Negative sampling...
09/04/2026,22:35:57: Model's personal time...
09/04/2026,22:35:57: Training...
09/04/2026,22:36:00: Evaluating...
09/04/2026,22:36:01: 	Train Loss: 2.4999 (base: 2.4999, kd: 0.0000), Elapsed: train 4.41 test 0.58
09/04/2026,22:36:01: 	Recall@10: 0.07175 Recall@20: 0.10521 NDCG@10: 0.04066 NDCG@20: 0.04972 
09/04/2026,22:36:01: 	Recall@10: 0.02950 Recall@20: 0.04548 NDCG@10: 0.01647 NDCG@20: 0.02086 
09/04/2026,22:36:01: Epoch [93/1000]
09/04/2026,22:36:01: Negative sampling...
09/04/2026,22:36:02: Model's personal time...
09/04/2026,22:36:02: Training...
09/04/2026,22:36:05: Evaluating...
09/04/2026,22:36:06: 	Train Loss: 2.1361 (base: 2.1361, kd: 0.0000), Elapsed: train 4.40 test 0.51
09/04/2026,22:36:06: 	Recall@10: 0.07132 Recall@20: 0.10613 NDCG@10: 0.04037 NDCG@20: 0.04984 
09/04/2026,22:36:06: 	Recall@10: 0.03026 Recall@20: 0.04549 NDCG@10: 0.01675 NDCG@20: 0.02096 
09/04/2026,22:36:06: Epoch [94/1000]
09/04/2026,22:36:06: Negative sampling...
09/04/2026,22:36:07: Model's personal time...
09/04/2026,22:36:07: Training...
09/04/2026,22:36:10: Evaluating...
09/04/2026,22:36:10: 	Train Loss: 2.2094 (base: 2.2094, kd: 0.0000), Elapsed: train 4.22 test 0.49
09/04/2026,22:36:10: 	Recall@10: 0.07115 Recall@20: 0.10628 NDCG@10: 0.04053 NDCG@20: 0.05011 
09/04/2026,22:36:10: 	Recall@10: 0.02986 Recall@20: 0.04558 NDCG@10: 0.01659 NDCG@20: 0.02091 
09/04/2026,22:36:10: Epoch [95/1000]
09/04/2026,22:36:10: Negative sampling...
09/04/2026,22:36:12: Model's personal time...
09/04/2026,22:36:12: Training...
09/04/2026,22:36:15: Evaluating...
09/04/2026,22:36:15: 	Train Loss: 2.1423 (base: 2.1423, kd: 0.0000), Elapsed: train 4.50 test 0.53
09/04/2026,22:36:15: 	Recall@10: 0.07205 Recall@20: 0.10669 NDCG@10: 0.04076 NDCG@20: 0.05021 
09/04/2026,22:36:15: 	Recall@10: 0.02963 Recall@20: 0.04541 NDCG@10: 0.01648 NDCG@20: 0.02084 
09/04/2026,22:36:15: Epoch [96/1000]
09/04/2026,22:36:15: Negative sampling...
09/04/2026,22:36:17: Model's personal time...
09/04/2026,22:36:17: Training...
09/04/2026,22:36:20: Evaluating...
09/04/2026,22:36:20: 	Train Loss: 2.0455 (base: 2.0455, kd: 0.0000), Elapsed: train 4.14 test 0.51 *
09/04/2026,22:36:20: 	Recall@10: 0.07242 Recall@20: 0.10617 NDCG@10: 0.04085 NDCG@20: 0.05007 
09/04/2026,22:36:20: 	Recall@10: 0.03020 Recall@20: 0.04491 NDCG@10: 0.01664 NDCG@20: 0.02071 
09/04/2026,22:36:21: Epoch [97/1000]
09/04/2026,22:36:21: Negative sampling...
09/04/2026,22:36:22: Model's personal time...
09/04/2026,22:36:22: Training...
09/04/2026,22:36:25: Evaluating...
09/04/2026,22:36:26: 	Train Loss: 2.1253 (base: 2.1253, kd: 0.0000), Elapsed: train 4.46 test 0.51
09/04/2026,22:36:26: 	Recall@10: 0.07141 Recall@20: 0.10732 NDCG@10: 0.04044 NDCG@20: 0.05028 
09/04/2026,22:36:26: 	Recall@10: 0.03036 Recall@20: 0.04570 NDCG@10: 0.01675 NDCG@20: 0.02096 
09/04/2026,22:36:26: Epoch [98/1000]
09/04/2026,22:36:26: Negative sampling...
09/04/2026,22:36:27: Model's personal time...
09/04/2026,22:36:27: Training...
09/04/2026,22:36:30: Evaluating...
09/04/2026,22:36:30: 	Train Loss: 2.1387 (base: 2.1387, kd: 0.0000), Elapsed: train 4.28 test 0.50
09/04/2026,22:36:30: 	Recall@10: 0.07122 Recall@20: 0.10689 NDCG@10: 0.04022 NDCG@20: 0.05005 
09/04/2026,22:36:30: 	Recall@10: 0.02951 Recall@20: 0.04535 NDCG@10: 0.01648 NDCG@20: 0.02080 
09/04/2026,22:36:30: Epoch [99/1000]
09/04/2026,22:36:30: Negative sampling...
09/04/2026,22:36:32: Model's personal time...
09/04/2026,22:36:32: Training...
09/04/2026,22:36:35: Evaluating...
09/04/2026,22:36:35: 	Train Loss: 2.3246 (base: 2.3246, kd: 0.0000), Elapsed: train 4.16 test 0.48
09/04/2026,22:36:35: 	Recall@10: 0.07118 Recall@20: 0.10754 NDCG@10: 0.04003 NDCG@20: 0.05003 
09/04/2026,22:36:35: 	Recall@10: 0.02926 Recall@20: 0.04616 NDCG@10: 0.01642 NDCG@20: 0.02099 
09/04/2026,22:36:35: Epoch [100/1000]
09/04/2026,22:36:35: Negative sampling...
09/04/2026,22:36:36: Model's personal time...
09/04/2026,22:36:36: Training...
09/04/2026,22:36:39: Evaluating...
09/04/2026,22:36:40: 	Train Loss: 1.6996 (base: 1.6996, kd: 0.0000), Elapsed: train 4.34 test 0.53
09/04/2026,22:36:40: 	Recall@10: 0.07158 Recall@20: 0.10711 NDCG@10: 0.04036 NDCG@20: 0.05015 
09/04/2026,22:36:40: 	Recall@10: 0.02964 Recall@20: 0.04577 NDCG@10: 0.01649 NDCG@20: 0.02085 
09/04/2026,22:36:40: Epoch [101/1000]
09/04/2026,22:36:40: Negative sampling...
09/04/2026,22:36:41: Model's personal time...
09/04/2026,22:36:41: Training...
09/04/2026,22:36:44: Evaluating...
09/04/2026,22:36:45: 	Train Loss: 1.9065 (base: 1.9065, kd: 0.0000), Elapsed: train 4.30 test 0.56
09/04/2026,22:36:45: 	Recall@10: 0.07114 Recall@20: 0.10719 NDCG@10: 0.04011 NDCG@20: 0.05000 
09/04/2026,22:36:45: 	Recall@10: 0.02939 Recall@20: 0.04617 NDCG@10: 0.01653 NDCG@20: 0.02108 
09/04/2026,22:36:45: Epoch [102/1000]
09/04/2026,22:36:45: Negative sampling...
09/04/2026,22:36:46: Model's personal time...
09/04/2026,22:36:46: Training...
09/04/2026,22:36:49: Evaluating...
09/04/2026,22:36:50: 	Train Loss: 1.8036 (base: 1.8036, kd: 0.0000), Elapsed: train 4.42 test 0.57
09/04/2026,22:36:50: 	Recall@10: 0.07164 Recall@20: 0.10649 NDCG@10: 0.04070 NDCG@20: 0.05029 
09/04/2026,22:36:50: 	Recall@10: 0.02924 Recall@20: 0.04636 NDCG@10: 0.01643 NDCG@20: 0.02109 
09/04/2026,22:36:50: Epoch [103/1000]
09/04/2026,22:36:50: Negative sampling...
09/04/2026,22:36:51: Model's personal time...
09/04/2026,22:36:51: Training...
09/04/2026,22:36:54: Evaluating...
09/04/2026,22:36:55: 	Train Loss: 1.6978 (base: 1.6978, kd: 0.0000), Elapsed: train 4.46 test 0.59
09/04/2026,22:36:55: 	Recall@10: 0.07177 Recall@20: 0.10581 NDCG@10: 0.04062 NDCG@20: 0.04999 
09/04/2026,22:36:55: 	Recall@10: 0.02963 Recall@20: 0.04609 NDCG@10: 0.01666 NDCG@20: 0.02113 
09/04/2026,22:36:55: Epoch [104/1000]
09/04/2026,22:36:55: Negative sampling...
09/04/2026,22:36:56: Model's personal time...
09/04/2026,22:36:56: Training...
09/04/2026,22:36:59: Evaluating...
09/04/2026,22:37:00: 	Train Loss: 2.0585 (base: 2.0585, kd: 0.0000), Elapsed: train 4.15 test 0.52 *
09/04/2026,22:37:00: 	Recall@10: 0.07306 Recall@20: 0.10632 NDCG@10: 0.04132 NDCG@20: 0.05037 
09/04/2026,22:37:00: 	Recall@10: 0.02985 Recall@20: 0.04545 NDCG@10: 0.01665 NDCG@20: 0.02094 
09/04/2026,22:37:00: Epoch [105/1000]
09/04/2026,22:37:00: Negative sampling...
09/04/2026,22:37:02: Model's personal time...
09/04/2026,22:37:02: Training...
09/04/2026,22:37:05: Evaluating...
09/04/2026,22:37:05: 	Train Loss: 1.9414 (base: 1.9414, kd: 0.0000), Elapsed: train 4.59 test 0.59
09/04/2026,22:37:05: 	Recall@10: 0.07175 Recall@20: 0.10230 NDCG@10: 0.04084 NDCG@20: 0.04918 
09/04/2026,22:37:05: 	Recall@10: 0.02950 Recall@20: 0.04378 NDCG@10: 0.01641 NDCG@20: 0.02035 
09/04/2026,22:37:05: Epoch [106/1000]
09/04/2026,22:37:05: Negative sampling...
09/04/2026,22:37:07: Model's personal time...
09/04/2026,22:37:07: Training...
09/04/2026,22:37:10: Evaluating...
09/04/2026,22:37:10: 	Train Loss: 1.7152 (base: 1.7152, kd: 0.0000), Elapsed: train 4.35 test 0.59
09/04/2026,22:37:10: 	Recall@10: 0.07262 Recall@20: 0.10106 NDCG@10: 0.04097 NDCG@20: 0.04874 
09/04/2026,22:37:10: 	Recall@10: 0.02934 Recall@20: 0.04352 NDCG@10: 0.01639 NDCG@20: 0.02027 
09/04/2026,22:37:10: Epoch [107/1000]
09/04/2026,22:37:10: Negative sampling...
09/04/2026,22:37:12: Model's personal time...
09/04/2026,22:37:12: Training...
09/04/2026,22:37:15: Evaluating...
09/04/2026,22:37:15: 	Train Loss: 1.5504 (base: 1.5504, kd: 0.0000), Elapsed: train 4.57 test 0.49
09/04/2026,22:37:15: 	Recall@10: 0.07231 Recall@20: 0.10126 NDCG@10: 0.04072 NDCG@20: 0.04868 
09/04/2026,22:37:15: 	Recall@10: 0.02956 Recall@20: 0.04384 NDCG@10: 0.01628 NDCG@20: 0.02018 
09/04/2026,22:37:15: Epoch [108/1000]
09/04/2026,22:37:15: Negative sampling...
09/04/2026,22:37:17: Model's personal time...
09/04/2026,22:37:17: Training...
09/04/2026,22:37:20: Evaluating...
09/04/2026,22:37:20: 	Train Loss: 1.5787 (base: 1.5787, kd: 0.0000), Elapsed: train 4.39 test 0.55
09/04/2026,22:37:20: 	Recall@10: 0.07213 Recall@20: 0.10162 NDCG@10: 0.04064 NDCG@20: 0.04874 
09/04/2026,22:37:20: 	Recall@10: 0.02950 Recall@20: 0.04319 NDCG@10: 0.01621 NDCG@20: 0.01996 
09/04/2026,22:37:20: Epoch [109/1000]
09/04/2026,22:37:20: Negative sampling...
09/04/2026,22:37:22: Model's personal time...
09/04/2026,22:37:22: Training...
09/04/2026,22:37:24: Evaluating...
09/04/2026,22:37:25: 	Train Loss: 1.6220 (base: 1.6220, kd: 0.0000), Elapsed: train 4.21 test 0.50
09/04/2026,22:37:25: 	Recall@10: 0.07188 Recall@20: 0.10121 NDCG@10: 0.04056 NDCG@20: 0.04864 
09/04/2026,22:37:25: 	Recall@10: 0.02879 Recall@20: 0.04320 NDCG@10: 0.01595 NDCG@20: 0.01991 
09/04/2026,22:37:25: Epoch [110/1000]
09/04/2026,22:37:25: Negative sampling...
09/04/2026,22:37:26: Model's personal time...
09/04/2026,22:37:26: Training...
09/04/2026,22:37:29: Evaluating...
09/04/2026,22:37:30: 	Train Loss: 1.6662 (base: 1.6662, kd: 0.0000), Elapsed: train 4.40 test 0.49
09/04/2026,22:37:30: 	Recall@10: 0.07174 Recall@20: 0.10185 NDCG@10: 0.04031 NDCG@20: 0.04860 
09/04/2026,22:37:30: 	Recall@10: 0.02860 Recall@20: 0.04279 NDCG@10: 0.01598 NDCG@20: 0.01989 
09/04/2026,22:37:30: Epoch [111/1000]
09/04/2026,22:37:30: Negative sampling...
09/04/2026,22:37:31: Model's personal time...
09/04/2026,22:37:31: Training...
09/04/2026,22:37:34: Evaluating...
09/04/2026,22:37:34: 	Train Loss: 1.5214 (base: 1.5214, kd: 0.0000), Elapsed: train 4.09 test 0.57
09/04/2026,22:37:34: 	Recall@10: 0.07078 Recall@20: 0.10191 NDCG@10: 0.04024 NDCG@20: 0.04888 
09/04/2026,22:37:34: 	Recall@10: 0.02844 Recall@20: 0.04261 NDCG@10: 0.01585 NDCG@20: 0.01978 
09/04/2026,22:37:34: Epoch [112/1000]
09/04/2026,22:37:34: Negative sampling...
09/04/2026,22:37:36: Model's personal time...
09/04/2026,22:37:36: Training...
09/04/2026,22:37:39: Evaluating...
09/04/2026,22:37:39: 	Train Loss: 1.3959 (base: 1.3959, kd: 0.0000), Elapsed: train 4.41 test 0.50
09/04/2026,22:37:39: 	Recall@10: 0.07047 Recall@20: 0.10252 NDCG@10: 0.04016 NDCG@20: 0.04899 
09/04/2026,22:37:39: 	Recall@10: 0.02835 Recall@20: 0.04237 NDCG@10: 0.01584 NDCG@20: 0.01977 
09/04/2026,22:37:39: Epoch [113/1000]
09/04/2026,22:37:39: Negative sampling...
09/04/2026,22:37:41: Model's personal time...
09/04/2026,22:37:41: Training...
09/04/2026,22:37:44: Evaluating...
09/04/2026,22:37:44: 	Train Loss: 1.4468 (base: 1.4468, kd: 0.0000), Elapsed: train 4.42 test 0.56
09/04/2026,22:37:44: 	Recall@10: 0.07126 Recall@20: 0.10334 NDCG@10: 0.04033 NDCG@20: 0.04915 
09/04/2026,22:37:44: 	Recall@10: 0.02870 Recall@20: 0.04285 NDCG@10: 0.01579 NDCG@20: 0.01973 
09/04/2026,22:37:44: Epoch [114/1000]
09/04/2026,22:37:44: Negative sampling...
09/04/2026,22:37:46: Model's personal time...
09/04/2026,22:37:46: Training...
09/04/2026,22:37:49: Evaluating...
09/04/2026,22:37:49: 	Train Loss: 1.4648 (base: 1.4648, kd: 0.0000), Elapsed: train 4.17 test 0.54
09/04/2026,22:37:49: 	Recall@10: 0.07031 Recall@20: 0.10205 NDCG@10: 0.04013 NDCG@20: 0.04882 
09/04/2026,22:37:49: 	Recall@10: 0.02925 Recall@20: 0.04293 NDCG@10: 0.01592 NDCG@20: 0.01969 
09/04/2026,22:37:49: Epoch [115/1000]
09/04/2026,22:37:49: Negative sampling...
09/04/2026,22:37:50: Model's personal time...
09/04/2026,22:37:50: Training...
09/04/2026,22:37:53: Evaluating...
09/04/2026,22:37:54: 	Train Loss: 1.4209 (base: 1.4209, kd: 0.0000), Elapsed: train 4.37 test 0.52
09/04/2026,22:37:54: 	Recall@10: 0.06962 Recall@20: 0.10155 NDCG@10: 0.03969 NDCG@20: 0.04840 
09/04/2026,22:37:54: 	Recall@10: 0.02893 Recall@20: 0.04339 NDCG@10: 0.01578 NDCG@20: 0.01975 
09/04/2026,22:37:54: Epoch [116/1000]
09/04/2026,22:37:54: Negative sampling...
09/04/2026,22:37:55: Model's personal time...
09/04/2026,22:37:55: Training...
09/04/2026,22:37:58: Evaluating...
09/04/2026,22:37:59: 	Train Loss: 1.4710 (base: 1.4710, kd: 0.0000), Elapsed: train 4.21 test 0.49
09/04/2026,22:37:59: 	Recall@10: 0.06999 Recall@20: 0.10132 NDCG@10: 0.03995 NDCG@20: 0.04845 
09/04/2026,22:37:59: 	Recall@10: 0.02883 Recall@20: 0.04304 NDCG@10: 0.01567 NDCG@20: 0.01959 
09/04/2026,22:37:59: Epoch [117/1000]
09/04/2026,22:37:59: Negative sampling...
09/04/2026,22:38:00: Model's personal time...
09/04/2026,22:38:00: Training...
09/04/2026,22:38:03: Evaluating...
09/04/2026,22:38:04: 	Train Loss: 1.3230 (base: 1.3230, kd: 0.0000), Elapsed: train 4.33 test 0.48
09/04/2026,22:38:04: 	Recall@10: 0.06895 Recall@20: 0.10304 NDCG@10: 0.03983 NDCG@20: 0.04919 
09/04/2026,22:38:04: 	Recall@10: 0.02899 Recall@20: 0.04363 NDCG@10: 0.01602 NDCG@20: 0.02001 
09/04/2026,22:38:04: Epoch [118/1000]
09/04/2026,22:38:04: Negative sampling...
09/04/2026,22:38:05: Model's personal time...
09/04/2026,22:38:05: Training...
09/04/2026,22:38:08: Evaluating...
09/04/2026,22:38:09: 	Train Loss: 1.1920 (base: 1.1920, kd: 0.0000), Elapsed: train 4.49 test 0.61
09/04/2026,22:38:09: 	Recall@10: 0.06915 Recall@20: 0.10341 NDCG@10: 0.03986 NDCG@20: 0.04920 
09/04/2026,22:38:09: 	Recall@10: 0.02861 Recall@20: 0.04398 NDCG@10: 0.01601 NDCG@20: 0.02019 
09/04/2026,22:38:09: Epoch [119/1000]
09/04/2026,22:38:09: Negative sampling...
09/04/2026,22:38:10: Model's personal time...
09/04/2026,22:38:10: Training...
09/04/2026,22:38:13: Evaluating...
09/04/2026,22:38:13: 	Train Loss: 1.5134 (base: 1.5134, kd: 0.0000), Elapsed: train 4.26 test 0.56
09/04/2026,22:38:13: 	Recall@10: 0.07023 Recall@20: 0.10327 NDCG@10: 0.04008 NDCG@20: 0.04910 
09/04/2026,22:38:13: 	Recall@10: 0.02851 Recall@20: 0.04377 NDCG@10: 0.01620 NDCG@20: 0.02033 
09/04/2026,22:38:13: Epoch [120/1000]
09/04/2026,22:38:13: Negative sampling...
09/04/2026,22:38:15: Model's personal time...
09/04/2026,22:38:15: Training...
09/04/2026,22:38:18: Evaluating...
09/04/2026,22:38:18: 	Train Loss: 1.3937 (base: 1.3937, kd: 0.0000), Elapsed: train 4.50 test 0.55
09/04/2026,22:38:18: 	Recall@10: 0.07033 Recall@20: 0.10327 NDCG@10: 0.04047 NDCG@20: 0.04941 
09/04/2026,22:38:18: 	Recall@10: 0.02899 Recall@20: 0.04428 NDCG@10: 0.01636 NDCG@20: 0.02045 
09/04/2026,22:38:18: Epoch [121/1000]
09/04/2026,22:38:18: Negative sampling...
09/04/2026,22:38:20: Model's personal time...
09/04/2026,22:38:20: Training...
09/04/2026,22:38:23: Evaluating...
09/04/2026,22:38:23: 	Train Loss: 1.2336 (base: 1.2336, kd: 0.0000), Elapsed: train 4.23 test 0.52
09/04/2026,22:38:23: 	Recall@10: 0.06998 Recall@20: 0.10354 NDCG@10: 0.04025 NDCG@20: 0.04943 
09/04/2026,22:38:23: 	Recall@10: 0.02890 Recall@20: 0.04418 NDCG@10: 0.01636 NDCG@20: 0.02047 
09/04/2026,22:38:23: Epoch [122/1000]
09/04/2026,22:38:23: Negative sampling...
09/04/2026,22:38:25: Model's personal time...
09/04/2026,22:38:25: Training...
09/04/2026,22:38:27: Evaluating...
09/04/2026,22:38:28: 	Train Loss: 1.1746 (base: 1.1746, kd: 0.0000), Elapsed: train 4.26 test 0.49
09/04/2026,22:38:28: 	Recall@10: 0.07052 Recall@20: 0.10394 NDCG@10: 0.04030 NDCG@20: 0.04943 
09/04/2026,22:38:28: 	Recall@10: 0.02909 Recall@20: 0.04380 NDCG@10: 0.01652 NDCG@20: 0.02045 
09/04/2026,22:38:28: Epoch [123/1000]
09/04/2026,22:38:28: Negative sampling...
09/04/2026,22:38:29: Model's personal time...
09/04/2026,22:38:29: Training...
09/04/2026,22:38:32: Evaluating...
09/04/2026,22:38:33: 	Train Loss: 1.2772 (base: 1.2772, kd: 0.0000), Elapsed: train 4.27 test 0.60
09/04/2026,22:38:33: 	Recall@10: 0.06997 Recall@20: 0.10440 NDCG@10: 0.04037 NDCG@20: 0.04978 
09/04/2026,22:38:33: 	Recall@10: 0.02918 Recall@20: 0.04425 NDCG@10: 0.01647 NDCG@20: 0.02054 
09/04/2026,22:38:33: Epoch [124/1000]
09/04/2026,22:38:33: Negative sampling...
09/04/2026,22:38:34: Model's personal time...
09/04/2026,22:38:34: Training...
09/04/2026,22:38:37: Evaluating...
09/04/2026,22:38:38: 	Train Loss: 1.1658 (base: 1.1658, kd: 0.0000), Elapsed: train 4.21 test 0.50
09/04/2026,22:38:38: 	Recall@10: 0.07003 Recall@20: 0.10449 NDCG@10: 0.04089 NDCG@20: 0.05029 
09/04/2026,22:38:38: 	Recall@10: 0.02953 Recall@20: 0.04481 NDCG@10: 0.01659 NDCG@20: 0.02071 
09/04/2026,22:38:38: Epoch [125/1000]
09/04/2026,22:38:38: Negative sampling...
09/04/2026,22:38:39: Model's personal time...
09/04/2026,22:38:39: Training...
09/04/2026,22:38:42: Evaluating...
09/04/2026,22:38:42: 	Train Loss: 1.0726 (base: 1.0726, kd: 0.0000), Elapsed: train 4.30 test 0.53
09/04/2026,22:38:42: 	Recall@10: 0.07104 Recall@20: 0.10473 NDCG@10: 0.04109 NDCG@20: 0.05026 
09/04/2026,22:38:42: 	Recall@10: 0.02944 Recall@20: 0.04557 NDCG@10: 0.01658 NDCG@20: 0.02093 
09/04/2026,22:38:42: Epoch [126/1000]
09/04/2026,22:38:42: Negative sampling...
09/04/2026,22:38:44: Model's personal time...
09/04/2026,22:38:44: Training...
09/04/2026,22:38:47: Evaluating...
09/04/2026,22:38:47: 	Train Loss: 1.1644 (base: 1.1644, kd: 0.0000), Elapsed: train 4.14 test 0.49
09/04/2026,22:38:47: 	Recall@10: 0.07037 Recall@20: 0.10571 NDCG@10: 0.04123 NDCG@20: 0.05078 
09/04/2026,22:38:47: 	Recall@10: 0.02982 Recall@20: 0.04551 NDCG@10: 0.01682 NDCG@20: 0.02106 
09/04/2026,22:38:47: Epoch [127/1000]
09/04/2026,22:38:47: Negative sampling...
09/04/2026,22:38:48: Model's personal time...
09/04/2026,22:38:48: Training...
09/04/2026,22:38:51: Evaluating...
09/04/2026,22:38:52: 	Train Loss: 1.3040 (base: 1.3040, kd: 0.0000), Elapsed: train 4.31 test 0.48
09/04/2026,22:38:52: 	Recall@10: 0.07015 Recall@20: 0.10511 NDCG@10: 0.04120 NDCG@20: 0.05065 
09/04/2026,22:38:52: 	Recall@10: 0.02941 Recall@20: 0.04520 NDCG@10: 0.01635 NDCG@20: 0.02064 
09/04/2026,22:38:52: Epoch [128/1000]
09/04/2026,22:38:52: Negative sampling...
09/04/2026,22:38:53: Model's personal time...
09/04/2026,22:38:53: Training...
09/04/2026,22:38:56: Evaluating...
09/04/2026,22:38:57: 	Train Loss: 0.9878 (base: 0.9878, kd: 0.0000), Elapsed: train 4.45 test 0.54
09/04/2026,22:38:57: 	Recall@10: 0.07018 Recall@20: 0.10507 NDCG@10: 0.04123 NDCG@20: 0.05070 
09/04/2026,22:38:57: 	Recall@10: 0.02938 Recall@20: 0.04516 NDCG@10: 0.01625 NDCG@20: 0.02054 
09/04/2026,22:38:57: Epoch [129/1000]
09/04/2026,22:38:57: Negative sampling...
09/04/2026,22:38:58: Model's personal time...
09/04/2026,22:38:58: Training...
09/04/2026,22:39:01: Evaluating...
09/04/2026,22:39:02: 	Train Loss: 1.1006 (base: 1.1006, kd: 0.0000), Elapsed: train 4.20 test 0.50
09/04/2026,22:39:02: 	Recall@10: 0.06982 Recall@20: 0.10501 NDCG@10: 0.04113 NDCG@20: 0.05074 
09/04/2026,22:39:02: 	Recall@10: 0.02952 Recall@20: 0.04596 NDCG@10: 0.01642 NDCG@20: 0.02086 
09/04/2026,22:39:02: Epoch [130/1000]
09/04/2026,22:39:02: Negative sampling...
09/04/2026,22:39:03: Model's personal time...
09/04/2026,22:39:03: Training...
09/04/2026,22:39:06: Evaluating...
09/04/2026,22:39:06: 	Train Loss: 1.0826 (base: 1.0826, kd: 0.0000), Elapsed: train 4.38 test 0.51
09/04/2026,22:39:06: 	Recall@10: 0.06993 Recall@20: 0.10500 NDCG@10: 0.04128 NDCG@20: 0.05083 
09/04/2026,22:39:06: 	Recall@10: 0.02939 Recall@20: 0.04553 NDCG@10: 0.01624 NDCG@20: 0.02064 
09/04/2026,22:39:06: Epoch [131/1000]
09/04/2026,22:39:06: Negative sampling...
09/04/2026,22:39:08: Model's personal time...
09/04/2026,22:39:08: Training...
09/04/2026,22:39:11: Evaluating...
09/04/2026,22:39:11: 	Train Loss: 0.9638 (base: 0.9638, kd: 0.0000), Elapsed: train 4.22 test 0.56
09/04/2026,22:39:11: 	Recall@10: 0.06976 Recall@20: 0.10462 NDCG@10: 0.04130 NDCG@20: 0.05081 
09/04/2026,22:39:11: 	Recall@10: 0.02875 Recall@20: 0.04491 NDCG@10: 0.01606 NDCG@20: 0.02047 
09/04/2026,22:39:11: Epoch [132/1000]
09/04/2026,22:39:11: Negative sampling...
09/04/2026,22:39:13: Model's personal time...
09/04/2026,22:39:13: Training...
09/04/2026,22:39:16: Evaluating...
09/04/2026,22:39:16: 	Train Loss: 1.0951 (base: 1.0951, kd: 0.0000), Elapsed: train 4.44 test 0.51
09/04/2026,22:39:16: 	Recall@10: 0.06987 Recall@20: 0.10427 NDCG@10: 0.04126 NDCG@20: 0.05066 
09/04/2026,22:39:16: 	Recall@10: 0.02915 Recall@20: 0.04479 NDCG@10: 0.01611 NDCG@20: 0.02037 
09/04/2026,22:39:16: Epoch [133/1000]
09/04/2026,22:39:16: Negative sampling...
09/04/2026,22:39:18: Model's personal time...
09/04/2026,22:39:18: Training...
09/04/2026,22:39:20: Evaluating...
09/04/2026,22:39:21: 	Train Loss: 0.9914 (base: 0.9914, kd: 0.0000), Elapsed: train 4.29 test 0.56 *
09/04/2026,22:39:21: 	Recall@10: 0.07086 Recall@20: 0.10479 NDCG@10: 0.04184 NDCG@20: 0.05107 
09/04/2026,22:39:21: 	Recall@10: 0.02880 Recall@20: 0.04489 NDCG@10: 0.01626 NDCG@20: 0.02067 
09/04/2026,22:39:22: Epoch [134/1000]
09/04/2026,22:39:22: Negative sampling...
09/04/2026,22:39:23: Model's personal time...
09/04/2026,22:39:23: Training...
09/04/2026,22:39:26: Evaluating...
09/04/2026,22:39:26: 	Train Loss: 0.9584 (base: 0.9584, kd: 0.0000), Elapsed: train 4.33 test 0.54
09/04/2026,22:39:26: 	Recall@10: 0.07054 Recall@20: 0.10532 NDCG@10: 0.04166 NDCG@20: 0.05108 
09/04/2026,22:39:26: 	Recall@10: 0.02845 Recall@20: 0.04460 NDCG@10: 0.01608 NDCG@20: 0.02051 
09/04/2026,22:39:26: Epoch [135/1000]
09/04/2026,22:39:26: Negative sampling...
09/04/2026,22:39:28: Model's personal time...
09/04/2026,22:39:28: Training...
09/04/2026,22:39:31: Evaluating...
09/04/2026,22:39:31: 	Train Loss: 1.0299 (base: 1.0299, kd: 0.0000), Elapsed: train 4.37 test 0.57
09/04/2026,22:39:31: 	Recall@10: 0.07033 Recall@20: 0.10596 NDCG@10: 0.04178 NDCG@20: 0.05143 
09/04/2026,22:39:31: 	Recall@10: 0.02803 Recall@20: 0.04414 NDCG@10: 0.01584 NDCG@20: 0.02027 
09/04/2026,22:39:31: Epoch [136/1000]
09/04/2026,22:39:31: Negative sampling...
09/04/2026,22:39:33: Model's personal time...
09/04/2026,22:39:33: Training...
09/04/2026,22:39:36: Evaluating...
09/04/2026,22:39:36: 	Train Loss: 1.1351 (base: 1.1351, kd: 0.0000), Elapsed: train 4.20 test 0.53
09/04/2026,22:39:36: 	Recall@10: 0.06988 Recall@20: 0.10582 NDCG@10: 0.04141 NDCG@20: 0.05117 
09/04/2026,22:39:36: 	Recall@10: 0.02848 Recall@20: 0.04400 NDCG@10: 0.01600 NDCG@20: 0.02025 
09/04/2026,22:39:36: Epoch [137/1000]
09/04/2026,22:39:36: Negative sampling...
09/04/2026,22:39:37: Model's personal time...
09/04/2026,22:39:37: Training...
09/04/2026,22:39:40: Evaluating...
09/04/2026,22:39:41: 	Train Loss: 1.0397 (base: 1.0397, kd: 0.0000), Elapsed: train 4.26 test 0.51
09/04/2026,22:39:41: 	Recall@10: 0.06982 Recall@20: 0.10489 NDCG@10: 0.04120 NDCG@20: 0.05083 
09/04/2026,22:39:41: 	Recall@10: 0.02811 Recall@20: 0.04443 NDCG@10: 0.01587 NDCG@20: 0.02031 
09/04/2026,22:39:41: Epoch [138/1000]
09/04/2026,22:39:41: Negative sampling...
09/04/2026,22:39:42: Model's personal time...
09/04/2026,22:39:42: Training...
09/04/2026,22:39:45: Evaluating...
09/04/2026,22:39:46: 	Train Loss: 0.9625 (base: 0.9625, kd: 0.0000), Elapsed: train 4.24 test 0.56
09/04/2026,22:39:46: 	Recall@10: 0.07081 Recall@20: 0.10530 NDCG@10: 0.04159 NDCG@20: 0.05102 
09/04/2026,22:39:46: 	Recall@10: 0.02821 Recall@20: 0.04437 NDCG@10: 0.01588 NDCG@20: 0.02026 
09/04/2026,22:39:46: Epoch [139/1000]
09/04/2026,22:39:46: Negative sampling...
09/04/2026,22:39:47: Model's personal time...
09/04/2026,22:39:47: Training...
09/04/2026,22:39:50: Evaluating...
09/04/2026,22:39:50: 	Train Loss: 0.8455 (base: 0.8455, kd: 0.0000), Elapsed: train 4.10 test 0.49
09/04/2026,22:39:50: 	Recall@10: 0.07104 Recall@20: 0.10539 NDCG@10: 0.04166 NDCG@20: 0.05106 
09/04/2026,22:39:50: 	Recall@10: 0.02805 Recall@20: 0.04406 NDCG@10: 0.01566 NDCG@20: 0.02004 
09/04/2026,22:39:50: Epoch [140/1000]
09/04/2026,22:39:50: Negative sampling...
09/04/2026,22:39:52: Model's personal time...
09/04/2026,22:39:52: Training...
09/04/2026,22:39:55: Evaluating...
09/04/2026,22:39:55: 	Train Loss: 0.7973 (base: 0.7973, kd: 0.0000), Elapsed: train 4.25 test 0.51
09/04/2026,22:39:55: 	Recall@10: 0.07231 Recall@20: 0.10522 NDCG@10: 0.04182 NDCG@20: 0.05075 
09/04/2026,22:39:55: 	Recall@10: 0.02805 Recall@20: 0.04449 NDCG@10: 0.01563 NDCG@20: 0.02009 
09/04/2026,22:39:55: Epoch [141/1000]
09/04/2026,22:39:55: Negative sampling...
09/04/2026,22:39:56: Model's personal time...
09/04/2026,22:39:56: Training...
09/04/2026,22:39:59: Evaluating...
09/04/2026,22:40:00: 	Train Loss: 0.8343 (base: 0.8343, kd: 0.0000), Elapsed: train 4.20 test 0.54 *
09/04/2026,22:40:00: 	Recall@10: 0.07239 Recall@20: 0.10567 NDCG@10: 0.04195 NDCG@20: 0.05095 
09/04/2026,22:40:00: 	Recall@10: 0.02805 Recall@20: 0.04465 NDCG@10: 0.01564 NDCG@20: 0.02016 
09/04/2026,22:40:00: Epoch [142/1000]
09/04/2026,22:40:00: Negative sampling...
09/04/2026,22:40:02: Model's personal time...
09/04/2026,22:40:02: Training...
09/04/2026,22:40:05: Evaluating...
09/04/2026,22:40:05: 	Train Loss: 0.8189 (base: 0.8189, kd: 0.0000), Elapsed: train 4.44 test 0.54 *
09/04/2026,22:40:05: 	Recall@10: 0.07235 Recall@20: 0.10546 NDCG@10: 0.04227 NDCG@20: 0.05124 
09/04/2026,22:40:05: 	Recall@10: 0.02811 Recall@20: 0.04513 NDCG@10: 0.01583 NDCG@20: 0.02045 
09/04/2026,22:40:06: Epoch [143/1000]
09/04/2026,22:40:06: Negative sampling...
09/04/2026,22:40:07: Model's personal time...
09/04/2026,22:40:07: Training...
09/04/2026,22:40:10: Evaluating...
09/04/2026,22:40:11: 	Train Loss: 1.0558 (base: 1.0558, kd: 0.0000), Elapsed: train 4.29 test 0.57
09/04/2026,22:40:11: 	Recall@10: 0.07117 Recall@20: 0.10572 NDCG@10: 0.04163 NDCG@20: 0.05101 
09/04/2026,22:40:11: 	Recall@10: 0.02811 Recall@20: 0.04542 NDCG@10: 0.01578 NDCG@20: 0.02046 
09/04/2026,22:40:11: Epoch [144/1000]
09/04/2026,22:40:11: Negative sampling...
09/04/2026,22:40:12: Model's personal time...
09/04/2026,22:40:12: Training...
09/04/2026,22:40:15: Evaluating...
09/04/2026,22:40:16: 	Train Loss: 0.8971 (base: 0.8971, kd: 0.0000), Elapsed: train 4.30 test 0.49
09/04/2026,22:40:16: 	Recall@10: 0.07090 Recall@20: 0.10627 NDCG@10: 0.04161 NDCG@20: 0.05122 
09/04/2026,22:40:16: 	Recall@10: 0.02793 Recall@20: 0.04413 NDCG@10: 0.01571 NDCG@20: 0.02012 
09/04/2026,22:40:16: Epoch [145/1000]
09/04/2026,22:40:16: Negative sampling...
09/04/2026,22:40:17: Model's personal time...
09/04/2026,22:40:17: Training...
09/04/2026,22:40:20: Evaluating...
09/04/2026,22:40:20: 	Train Loss: 0.7838 (base: 0.7838, kd: 0.0000), Elapsed: train 4.26 test 0.51
09/04/2026,22:40:20: 	Recall@10: 0.07131 Recall@20: 0.10536 NDCG@10: 0.04148 NDCG@20: 0.05078 
09/04/2026,22:40:20: 	Recall@10: 0.02832 Recall@20: 0.04463 NDCG@10: 0.01574 NDCG@20: 0.02016 
09/04/2026,22:40:20: Epoch [146/1000]
09/04/2026,22:40:20: Negative sampling...
09/04/2026,22:40:22: Model's personal time...
09/04/2026,22:40:22: Training...
09/04/2026,22:40:25: Evaluating...
09/04/2026,22:40:25: 	Train Loss: 0.6885 (base: 0.6885, kd: 0.0000), Elapsed: train 4.31 test 0.48
09/04/2026,22:40:25: 	Recall@10: 0.07103 Recall@20: 0.10633 NDCG@10: 0.04120 NDCG@20: 0.05080 
09/04/2026,22:40:25: 	Recall@10: 0.02802 Recall@20: 0.04503 NDCG@10: 0.01550 NDCG@20: 0.02010 
09/04/2026,22:40:25: Epoch [147/1000]
09/04/2026,22:40:25: Negative sampling...
09/04/2026,22:40:27: Model's personal time...
09/04/2026,22:40:27: Training...
09/04/2026,22:40:30: Evaluating...
09/04/2026,22:40:30: 	Train Loss: 0.8195 (base: 0.8195, kd: 0.0000), Elapsed: train 4.39 test 0.53
09/04/2026,22:40:30: 	Recall@10: 0.07005 Recall@20: 0.10673 NDCG@10: 0.04098 NDCG@20: 0.05092 
09/04/2026,22:40:30: 	Recall@10: 0.02748 Recall@20: 0.04523 NDCG@10: 0.01533 NDCG@20: 0.02014 
09/04/2026,22:40:30: Epoch [148/1000]
09/04/2026,22:40:30: Negative sampling...
09/04/2026,22:40:32: Model's personal time...
09/04/2026,22:40:32: Training...
09/04/2026,22:40:35: Evaluating...
09/04/2026,22:40:35: 	Train Loss: 0.9475 (base: 0.9475, kd: 0.0000), Elapsed: train 4.48 test 0.57
09/04/2026,22:40:35: 	Recall@10: 0.07084 Recall@20: 0.10675 NDCG@10: 0.04117 NDCG@20: 0.05091 
09/04/2026,22:40:35: 	Recall@10: 0.02808 Recall@20: 0.04532 NDCG@10: 0.01558 NDCG@20: 0.02023 
09/04/2026,22:40:35: Epoch [149/1000]
09/04/2026,22:40:35: Negative sampling...
09/04/2026,22:40:37: Model's personal time...
09/04/2026,22:40:37: Training...
09/04/2026,22:40:39: Evaluating...
09/04/2026,22:40:40: 	Train Loss: 0.6723 (base: 0.6723, kd: 0.0000), Elapsed: train 4.14 test 0.58
09/04/2026,22:40:40: 	Recall@10: 0.07160 Recall@20: 0.10662 NDCG@10: 0.04138 NDCG@20: 0.05088 
09/04/2026,22:40:40: 	Recall@10: 0.02885 Recall@20: 0.04567 NDCG@10: 0.01577 NDCG@20: 0.02034 
09/04/2026,22:40:40: Epoch [150/1000]
09/04/2026,22:40:40: Negative sampling...
09/04/2026,22:40:41: Model's personal time...
09/04/2026,22:40:41: Training...
09/04/2026,22:40:44: Evaluating...
09/04/2026,22:40:45: 	Train Loss: 0.7133 (base: 0.7133, kd: 0.0000), Elapsed: train 4.35 test 0.49
09/04/2026,22:40:45: 	Recall@10: 0.07135 Recall@20: 0.10594 NDCG@10: 0.04116 NDCG@20: 0.05060 
09/04/2026,22:40:45: 	Recall@10: 0.02878 Recall@20: 0.04558 NDCG@10: 0.01583 NDCG@20: 0.02037 
09/04/2026,22:40:45: Epoch [151/1000]
09/04/2026,22:40:45: Negative sampling...
09/04/2026,22:40:46: Model's personal time...
09/04/2026,22:40:46: Training...
09/04/2026,22:40:49: Evaluating...
09/04/2026,22:40:49: 	Train Loss: 0.7954 (base: 0.7954, kd: 0.0000), Elapsed: train 4.18 test 0.49
09/04/2026,22:40:49: 	Recall@10: 0.07119 Recall@20: 0.10632 NDCG@10: 0.04120 NDCG@20: 0.05071 
09/04/2026,22:40:49: 	Recall@10: 0.02917 Recall@20: 0.04484 NDCG@10: 0.01596 NDCG@20: 0.02020 
09/04/2026,22:40:49: Epoch [152/1000]
09/04/2026,22:40:49: Negative sampling...
09/04/2026,22:40:51: Model's personal time...
09/04/2026,22:40:51: Training...
09/04/2026,22:40:54: Evaluating...
09/04/2026,22:40:54: 	Train Loss: 0.7620 (base: 0.7620, kd: 0.0000), Elapsed: train 4.40 test 0.50
09/04/2026,22:40:54: 	Recall@10: 0.07008 Recall@20: 0.10554 NDCG@10: 0.04085 NDCG@20: 0.05053 
09/04/2026,22:40:54: 	Recall@10: 0.02841 Recall@20: 0.04542 NDCG@10: 0.01578 NDCG@20: 0.02039 
09/04/2026,22:40:54: Epoch [153/1000]
09/04/2026,22:40:54: Negative sampling...
09/04/2026,22:40:56: Model's personal time...
09/04/2026,22:40:56: Training...
09/04/2026,22:40:59: Evaluating...
09/04/2026,22:40:59: 	Train Loss: 0.6477 (base: 0.6477, kd: 0.0000), Elapsed: train 4.38 test 0.56
09/04/2026,22:40:59: 	Recall@10: 0.06999 Recall@20: 0.10546 NDCG@10: 0.04088 NDCG@20: 0.05065 
09/04/2026,22:40:59: 	Recall@10: 0.02825 Recall@20: 0.04499 NDCG@10: 0.01576 NDCG@20: 0.02032 
09/04/2026,22:40:59: Epoch [154/1000]
09/04/2026,22:40:59: Negative sampling...
09/04/2026,22:41:01: Model's personal time...
09/04/2026,22:41:01: Training...
09/04/2026,22:41:04: Evaluating...
09/04/2026,22:41:04: 	Train Loss: 0.7317 (base: 0.7317, kd: 0.0000), Elapsed: train 4.19 test 0.48
09/04/2026,22:41:04: 	Recall@10: 0.06984 Recall@20: 0.10584 NDCG@10: 0.04072 NDCG@20: 0.05059 
09/04/2026,22:41:04: 	Recall@10: 0.02821 Recall@20: 0.04494 NDCG@10: 0.01584 NDCG@20: 0.02041 
09/04/2026,22:41:04: Epoch [155/1000]
09/04/2026,22:41:04: Negative sampling...
09/04/2026,22:41:05: Model's personal time...
09/04/2026,22:41:05: Training...
09/04/2026,22:41:08: Evaluating...
09/04/2026,22:41:09: 	Train Loss: 0.7783 (base: 0.7783, kd: 0.0000), Elapsed: train 4.28 test 0.49
09/04/2026,22:41:09: 	Recall@10: 0.06995 Recall@20: 0.10578 NDCG@10: 0.04083 NDCG@20: 0.05068 
09/04/2026,22:41:09: 	Recall@10: 0.02768 Recall@20: 0.04561 NDCG@10: 0.01561 NDCG@20: 0.02049 
09/04/2026,22:41:09: Epoch [156/1000]
09/04/2026,22:41:09: Negative sampling...
09/04/2026,22:41:10: Model's personal time...
09/04/2026,22:41:10: Training...
09/04/2026,22:41:13: Evaluating...
09/04/2026,22:41:13: 	Train Loss: 0.4971 (base: 0.4971, kd: 0.0000), Elapsed: train 4.09 test 0.59
09/04/2026,22:41:13: 	Recall@10: 0.06993 Recall@20: 0.10640 NDCG@10: 0.04069 NDCG@20: 0.05071 
09/04/2026,22:41:13: 	Recall@10: 0.02823 Recall@20: 0.04577 NDCG@10: 0.01581 NDCG@20: 0.02057 
09/04/2026,22:41:13: Epoch [157/1000]
09/04/2026,22:41:13: Negative sampling...
09/04/2026,22:41:15: Model's personal time...
09/04/2026,22:41:15: Training...
09/04/2026,22:41:18: Evaluating...
09/04/2026,22:41:19: 	Train Loss: 0.7406 (base: 0.7406, kd: 0.0000), Elapsed: train 4.65 test 0.59
09/04/2026,22:41:19: 	Recall@10: 0.06905 Recall@20: 0.10700 NDCG@10: 0.04036 NDCG@20: 0.05082 
09/04/2026,22:41:19: 	Recall@10: 0.02868 Recall@20: 0.04638 NDCG@10: 0.01583 NDCG@20: 0.02061 
09/04/2026,22:41:19: Epoch [158/1000]
09/04/2026,22:41:19: Negative sampling...
09/04/2026,22:41:20: Model's personal time...
09/04/2026,22:41:20: Training...
09/04/2026,22:41:23: Evaluating...
09/04/2026,22:41:24: 	Train Loss: 0.6163 (base: 0.6163, kd: 0.0000), Elapsed: train 4.56 test 0.53
09/04/2026,22:41:24: 	Recall@10: 0.07030 Recall@20: 0.10586 NDCG@10: 0.04085 NDCG@20: 0.05060 
09/04/2026,22:41:24: 	Recall@10: 0.02938 Recall@20: 0.04635 NDCG@10: 0.01618 NDCG@20: 0.02076 
09/04/2026,22:41:24: Epoch [159/1000]
09/04/2026,22:41:24: Negative sampling...
09/04/2026,22:41:25: Model's personal time...
09/04/2026,22:41:25: Training...
09/04/2026,22:41:28: Evaluating...
09/04/2026,22:41:28: 	Train Loss: 0.5323 (base: 0.5323, kd: 0.0000), Elapsed: train 4.18 test 0.51
09/04/2026,22:41:28: 	Recall@10: 0.07031 Recall@20: 0.10628 NDCG@10: 0.04123 NDCG@20: 0.05116 
09/04/2026,22:41:28: 	Recall@10: 0.02964 Recall@20: 0.04585 NDCG@10: 0.01630 NDCG@20: 0.02068 
09/04/2026,22:41:28: Epoch [160/1000]
09/04/2026,22:41:28: Negative sampling...
09/04/2026,22:41:30: Model's personal time...
09/04/2026,22:41:30: Training...
09/04/2026,22:41:33: Evaluating...
09/04/2026,22:41:33: 	Train Loss: 0.6807 (base: 0.6807, kd: 0.0000), Elapsed: train 4.34 test 0.52
09/04/2026,22:41:33: 	Recall@10: 0.07068 Recall@20: 0.10590 NDCG@10: 0.04135 NDCG@20: 0.05101 
09/04/2026,22:41:33: 	Recall@10: 0.02992 Recall@20: 0.04662 NDCG@10: 0.01638 NDCG@20: 0.02084 
09/04/2026,22:41:33: Epoch [161/1000]
09/04/2026,22:41:33: Negative sampling...
09/04/2026,22:41:35: Model's personal time...
09/04/2026,22:41:35: Training...
09/04/2026,22:41:38: Evaluating...
09/04/2026,22:41:38: 	Train Loss: 0.5455 (base: 0.5455, kd: 0.0000), Elapsed: train 4.25 test 0.51
09/04/2026,22:41:38: 	Recall@10: 0.07050 Recall@20: 0.10578 NDCG@10: 0.04132 NDCG@20: 0.05100 
09/04/2026,22:41:38: 	Recall@10: 0.02967 Recall@20: 0.04636 NDCG@10: 0.01632 NDCG@20: 0.02078 
09/04/2026,22:41:38: Epoch [162/1000]
09/04/2026,22:41:38: Negative sampling...
09/04/2026,22:41:39: Model's personal time...
09/04/2026,22:41:39: Training...
09/04/2026,22:41:42: Evaluating...
09/04/2026,22:41:43: 	Train Loss: 0.6030 (base: 0.6030, kd: 0.0000), Elapsed: train 4.35 test 0.48
09/04/2026,22:41:43: 	Recall@10: 0.07017 Recall@20: 0.10509 NDCG@10: 0.04093 NDCG@20: 0.05056 
09/04/2026,22:41:43: 	Recall@10: 0.02969 Recall@20: 0.04623 NDCG@10: 0.01629 NDCG@20: 0.02068 
09/04/2026,22:41:43: Epoch [163/1000]
09/04/2026,22:41:43: Negative sampling...
09/04/2026,22:41:44: Model's personal time...
09/04/2026,22:41:44: Training...
09/04/2026,22:41:47: Evaluating...
09/04/2026,22:41:48: 	Train Loss: 0.5883 (base: 0.5883, kd: 0.0000), Elapsed: train 4.31 test 0.51
09/04/2026,22:41:48: 	Recall@10: 0.07003 Recall@20: 0.10401 NDCG@10: 0.04069 NDCG@20: 0.05009 
09/04/2026,22:41:48: 	Recall@10: 0.02966 Recall@20: 0.04574 NDCG@10: 0.01622 NDCG@20: 0.02049 
09/04/2026,22:41:48: Epoch [164/1000]
09/04/2026,22:41:48: Negative sampling...
09/04/2026,22:41:49: Model's personal time...
09/04/2026,22:41:49: Training...
09/04/2026,22:41:52: Evaluating...
09/04/2026,22:41:53: 	Train Loss: 0.5537 (base: 0.5537, kd: 0.0000), Elapsed: train 4.29 test 0.49
09/04/2026,22:41:53: 	Recall@10: 0.07018 Recall@20: 0.10523 NDCG@10: 0.04093 NDCG@20: 0.05056 
09/04/2026,22:41:53: 	Recall@10: 0.02918 Recall@20: 0.04555 NDCG@10: 0.01608 NDCG@20: 0.02044 
09/04/2026,22:41:53: Epoch [165/1000]
09/04/2026,22:41:53: Negative sampling...
09/04/2026,22:41:54: Model's personal time...
09/04/2026,22:41:54: Training...
09/04/2026,22:41:57: Evaluating...
09/04/2026,22:41:58: 	Train Loss: 0.6784 (base: 0.6784, kd: 0.0000), Elapsed: train 4.54 test 0.49
09/04/2026,22:41:58: 	Recall@10: 0.07152 Recall@20: 0.10561 NDCG@10: 0.04158 NDCG@20: 0.05096 
09/04/2026,22:41:58: 	Recall@10: 0.02896 Recall@20: 0.04581 NDCG@10: 0.01601 NDCG@20: 0.02050 
09/04/2026,22:41:58: Epoch [166/1000]
09/04/2026,22:41:58: Negative sampling...
09/04/2026,22:41:59: Model's personal time...
09/04/2026,22:41:59: Training...
09/04/2026,22:42:02: Evaluating...
09/04/2026,22:42:02: 	Train Loss: 0.5064 (base: 0.5064, kd: 0.0000), Elapsed: train 4.29 test 0.51
09/04/2026,22:42:02: 	Recall@10: 0.07043 Recall@20: 0.10506 NDCG@10: 0.04126 NDCG@20: 0.05082 
09/04/2026,22:42:02: 	Recall@10: 0.02886 Recall@20: 0.04610 NDCG@10: 0.01595 NDCG@20: 0.02054 
09/04/2026,22:42:02: Epoch [167/1000]
09/04/2026,22:42:02: Negative sampling...
09/04/2026,22:42:04: Model's personal time...
09/04/2026,22:42:04: Training...
09/04/2026,22:42:07: Evaluating...
09/04/2026,22:42:07: 	Train Loss: 0.5199 (base: 0.5199, kd: 0.0000), Elapsed: train 4.48 test 0.60
09/04/2026,22:42:07: 	Recall@10: 0.07133 Recall@20: 0.10506 NDCG@10: 0.04168 NDCG@20: 0.05104 
09/04/2026,22:42:07: 	Recall@10: 0.02918 Recall@20: 0.04520 NDCG@10: 0.01595 NDCG@20: 0.02025 
09/04/2026,22:42:07: Epoch [168/1000]
09/04/2026,22:42:07: Negative sampling...
09/04/2026,22:42:09: Model's personal time...
09/04/2026,22:42:09: Training...
09/04/2026,22:42:12: Evaluating...
09/04/2026,22:42:13: 	Train Loss: 0.5515 (base: 0.5515, kd: 0.0000), Elapsed: train 4.64 test 0.59
09/04/2026,22:42:13: 	Recall@10: 0.07171 Recall@20: 0.10500 NDCG@10: 0.04180 NDCG@20: 0.05111 
09/04/2026,22:42:13: 	Recall@10: 0.02880 Recall@20: 0.04530 NDCG@10: 0.01589 NDCG@20: 0.02034 
09/04/2026,22:42:13: Epoch [169/1000]
09/04/2026,22:42:13: Negative sampling...
09/04/2026,22:42:14: Model's personal time...
09/04/2026,22:42:14: Training...
09/04/2026,22:42:17: Evaluating...
09/04/2026,22:42:18: 	Train Loss: 0.4718 (base: 0.4718, kd: 0.0000), Elapsed: train 4.28 test 0.54
09/04/2026,22:42:18: 	Recall@10: 0.07055 Recall@20: 0.10522 NDCG@10: 0.04161 NDCG@20: 0.05129 
09/04/2026,22:42:18: 	Recall@10: 0.02918 Recall@20: 0.04620 NDCG@10: 0.01601 NDCG@20: 0.02056 
09/04/2026,22:42:18: Epoch [170/1000]
09/04/2026,22:42:18: Negative sampling...
09/04/2026,22:42:19: Model's personal time...
09/04/2026,22:42:19: Training...
09/04/2026,22:42:22: Evaluating...
09/04/2026,22:42:22: 	Train Loss: 0.7151 (base: 0.7151, kd: 0.0000), Elapsed: train 4.39 test 0.57
09/04/2026,22:42:22: 	Recall@10: 0.07085 Recall@20: 0.10508 NDCG@10: 0.04147 NDCG@20: 0.05103 
09/04/2026,22:42:22: 	Recall@10: 0.02921 Recall@20: 0.04666 NDCG@10: 0.01602 NDCG@20: 0.02068 
09/04/2026,22:42:22: Epoch [171/1000]
09/04/2026,22:42:22: Negative sampling...
09/04/2026,22:42:24: Model's personal time...
09/04/2026,22:42:24: Training...
09/04/2026,22:42:27: Evaluating...
09/04/2026,22:42:27: 	Train Loss: 0.6473 (base: 0.6473, kd: 0.0000), Elapsed: train 4.35 test 0.48
09/04/2026,22:42:27: 	Recall@10: 0.07106 Recall@20: 0.10485 NDCG@10: 0.04165 NDCG@20: 0.05111 
09/04/2026,22:42:27: 	Recall@10: 0.03024 Recall@20: 0.04650 NDCG@10: 0.01627 NDCG@20: 0.02061 
09/04/2026,22:42:27: Epoch [172/1000]
09/04/2026,22:42:27: Negative sampling...
09/04/2026,22:42:29: Model's personal time...
09/04/2026,22:42:29: Training...
09/04/2026,22:42:32: Evaluating...
09/04/2026,22:42:32: 	Train Loss: 0.5214 (base: 0.5214, kd: 0.0000), Elapsed: train 4.42 test 0.50
09/04/2026,22:42:32: 	Recall@10: 0.07102 Recall@20: 0.10491 NDCG@10: 0.04166 NDCG@20: 0.05117 
09/04/2026,22:42:32: 	Recall@10: 0.02974 Recall@20: 0.04632 NDCG@10: 0.01605 NDCG@20: 0.02047 
09/04/2026,22:42:32: ------------------------------
09/04/2026,22:42:32: valid Recall@10: 0.07235 Recall@20: 0.10546 NDCG@10: 0.04227 NDCG@20: 0.05124
09/04/2026,22:42:32: test Recall@10: 0.02811 Recall@20: 0.04513 NDCG@10: 0.01583 NDCG@20: 0.02045
