----------------------------------------TEACHER----------------------------------------
init_std                                 0.01
embedding_dim                            400
----------------------------------------TEACHER----------------------------------------
----------------------------------------STUDENT----------------------------------------
init_std                                 0.01
embedding_dim                            80
----------------------------------------STUDENT----------------------------------------
----------------------------------------ARGUMENTS----------------------------------------
run_all                                  False
seed                                     0
gpu_id                                   0
no_log                                   False
no_save                                  False
suffix                                   capacity_d80_k20_l50_seed0
verbose                                  False
ablation                                 False
task                                     rec
dataset                                  citeulike
batch_size                               2048
num_ns                                   1
neg_sampling_on_all                      False
T_backbone                               bpr
S_backbone                               bpr
model                                    rcekd
preload                                  False
postsave                                 False
train_teacher                            False
ckpt_interval                            -1
epochs                                   1000
lr                                       0.001
wd                                       1e-05
lmbda                                    500
srce_alpha                               1.0
srce_s                                   20.0
srce_eta                                 1.0
srce_Lu                                  20
srce_mode                                union
srce_kappa                               0.0
eval_period                              1
K_list                                   [10, 20]
early_stop_metric                        NDCG
early_stop_K                             20
early_stop_patience                      30
LOG_DIR                                  logs/
CONFIG_DIR                               configs/
DATA_DIR                                 data/
CKPT_DIR                                 checkpoints/
CRAFT_DIR                                crafts/
mkd_tau                                  1
mkd_K                                    20
mkd_L                                    50
mkd_T                                    10
mkd_mxK                                  200
mkd_beta                                 3
sample_rank                              False
----------------------------------------ARGUMENTS----------------------------------------
----------------------------------------Teacher----------------------------------------
09/05/2026,02:47:05: ------------------------------
09/05/2026,02:47:05: valid Recall@10: 0.06778 Recall@20: 0.10315 NDCG@10: 0.04052 NDCG@20: 0.05027
09/05/2026,02:47:05: test Recall@10: 0.02747 Recall@20: 0.04385 NDCG@10: 0.01551 NDCG@20: 0.02003
----------------------------------------------------------------------------------------
09/05/2026,02:47:05: Epoch [1/1000]
09/05/2026,02:47:05: Negative sampling...
09/05/2026,02:47:07: Model's personal time...
09/05/2026,02:47:07: Training...
09/05/2026,02:47:09: Evaluating...
09/05/2026,02:47:10: 	Train Loss: 4228811.5000 (base: 1386.9601, kd: 8454.8496), Elapsed: train 4.03 test 1.20 *
09/05/2026,02:47:10: 	Recall@10: 0.03577 Recall@20: 0.05030 NDCG@10: 0.02219 NDCG@20: 0.02619 
09/05/2026,02:47:10: 	Recall@10: 0.01303 Recall@20: 0.02091 NDCG@10: 0.00780 NDCG@20: 0.01001 
09/05/2026,02:47:10: Epoch [2/1000]
09/05/2026,02:47:10: Negative sampling...
09/05/2026,02:47:12: Model's personal time...
09/05/2026,02:47:12: Training...
09/05/2026,02:47:14: Evaluating...
09/05/2026,02:47:15: 	Train Loss: 3408489.7500 (base: 1354.2385, kd: 6814.2710), Elapsed: train 3.79 test 0.71 *
09/05/2026,02:47:15: 	Recall@10: 0.04370 Recall@20: 0.05760 NDCG@10: 0.02743 NDCG@20: 0.03118 
09/05/2026,02:47:15: 	Recall@10: 0.01591 Recall@20: 0.02163 NDCG@10: 0.00906 NDCG@20: 0.01064 
09/05/2026,02:47:15: Epoch [3/1000]
09/05/2026,02:47:15: Negative sampling...
09/05/2026,02:47:17: Model's personal time...
09/05/2026,02:47:17: Training...
09/05/2026,02:47:19: Evaluating...
09/05/2026,02:47:20: 	Train Loss: 3283478.7500 (base: 1304.9463, kd: 6564.3477), Elapsed: train 3.81 test 1.20 *
09/05/2026,02:47:20: 	Recall@10: 0.04780 Recall@20: 0.06445 NDCG@10: 0.02978 NDCG@20: 0.03429 
09/05/2026,02:47:20: 	Recall@10: 0.01902 Recall@20: 0.02612 NDCG@10: 0.01030 NDCG@20: 0.01230 
09/05/2026,02:47:20: Epoch [4/1000]
09/05/2026,02:47:20: Negative sampling...
09/05/2026,02:47:22: Model's personal time...
09/05/2026,02:47:22: Training...
09/05/2026,02:47:24: Evaluating...
09/05/2026,02:47:24: 	Train Loss: 3112269.7500 (base: 1243.7086, kd: 6222.0518), Elapsed: train 3.85 test 0.49 *
09/05/2026,02:47:24: 	Recall@10: 0.04611 Recall@20: 0.06675 NDCG@10: 0.02895 NDCG@20: 0.03451 
09/05/2026,02:47:24: 	Recall@10: 0.01820 Recall@20: 0.02674 NDCG@10: 0.01018 NDCG@20: 0.01255 
09/05/2026,02:47:24: Epoch [5/1000]
09/05/2026,02:47:24: Negative sampling...
09/05/2026,02:47:26: Model's personal time...
09/05/2026,02:47:26: Training...
09/05/2026,02:47:28: Evaluating...
09/05/2026,02:47:29: 	Train Loss: 3009154.2500 (base: 1177.4281, kd: 6015.9541), Elapsed: train 3.93 test 0.47 *
09/05/2026,02:47:29: 	Recall@10: 0.05343 Recall@20: 0.07294 NDCG@10: 0.03210 NDCG@20: 0.03739 
09/05/2026,02:47:29: 	Recall@10: 0.02269 Recall@20: 0.03053 NDCG@10: 0.01244 NDCG@20: 0.01459 
09/05/2026,02:47:29: Epoch [6/1000]
09/05/2026,02:47:29: Negative sampling...
09/05/2026,02:47:31: Model's personal time...
09/05/2026,02:47:31: Training...
09/05/2026,02:47:32: Evaluating...
09/05/2026,02:47:33: 	Train Loss: 2924605.2500 (base: 1109.1915, kd: 5846.9922), Elapsed: train 3.61 test 0.55 *
09/05/2026,02:47:33: 	Recall@10: 0.05647 Recall@20: 0.07990 NDCG@10: 0.03325 NDCG@20: 0.03965 
09/05/2026,02:47:33: 	Recall@10: 0.02206 Recall@20: 0.03109 NDCG@10: 0.01265 NDCG@20: 0.01514 
09/05/2026,02:47:33: Epoch [7/1000]
09/05/2026,02:47:33: Negative sampling...
09/05/2026,02:47:35: Model's personal time...
09/05/2026,02:47:35: Training...
09/05/2026,02:47:37: Evaluating...
09/05/2026,02:47:38: 	Train Loss: 2883666.2500 (base: 1044.7809, kd: 5765.2427), Elapsed: train 4.34 test 0.62 *
09/05/2026,02:47:38: 	Recall@10: 0.05854 Recall@20: 0.08157 NDCG@10: 0.03438 NDCG@20: 0.04058 
09/05/2026,02:47:38: 	Recall@10: 0.02390 Recall@20: 0.03244 NDCG@10: 0.01342 NDCG@20: 0.01581 
09/05/2026,02:47:38: Epoch [8/1000]
09/05/2026,02:47:38: Negative sampling...
09/05/2026,02:47:40: Model's personal time...
09/05/2026,02:47:40: Training...
09/05/2026,02:47:42: Evaluating...
09/05/2026,02:47:43: 	Train Loss: 2855753.0000 (base: 985.2549, kd: 5709.5356), Elapsed: train 4.05 test 0.74 *
09/05/2026,02:47:43: 	Recall@10: 0.05944 Recall@20: 0.08223 NDCG@10: 0.03517 NDCG@20: 0.04150 
09/05/2026,02:47:43: 	Recall@10: 0.02463 Recall@20: 0.03463 NDCG@10: 0.01341 NDCG@20: 0.01616 
09/05/2026,02:47:43: Epoch [9/1000]
09/05/2026,02:47:43: Negative sampling...
09/05/2026,02:47:45: Model's personal time...
09/05/2026,02:47:45: Training...
09/05/2026,02:47:46: Evaluating...
09/05/2026,02:47:47: 	Train Loss: 2832437.5000 (base: 928.2900, kd: 5663.0190), Elapsed: train 3.94 test 0.61 *
09/05/2026,02:47:47: 	Recall@10: 0.06122 Recall@20: 0.08803 NDCG@10: 0.03591 NDCG@20: 0.04328 
09/05/2026,02:47:47: 	Recall@10: 0.02529 Recall@20: 0.03873 NDCG@10: 0.01377 NDCG@20: 0.01749 
09/05/2026,02:47:47: Epoch [10/1000]
09/05/2026,02:47:47: Negative sampling...
09/05/2026,02:47:49: Model's personal time...
09/05/2026,02:47:49: Training...
09/05/2026,02:47:51: Evaluating...
09/05/2026,02:47:51: 	Train Loss: 2810324.5000 (base: 875.7195, kd: 5618.8979), Elapsed: train 3.49 test 0.49 *
09/05/2026,02:47:51: 	Recall@10: 0.06182 Recall@20: 0.08945 NDCG@10: 0.03665 NDCG@20: 0.04429 
09/05/2026,02:47:51: 	Recall@10: 0.02490 Recall@20: 0.03677 NDCG@10: 0.01369 NDCG@20: 0.01686 
09/05/2026,02:47:51: Epoch [11/1000]
09/05/2026,02:47:51: Negative sampling...
09/05/2026,02:47:54: Model's personal time...
09/05/2026,02:47:54: Training...
09/05/2026,02:47:55: Evaluating...
09/05/2026,02:47:56: 	Train Loss: 2797373.0000 (base: 830.0601, kd: 5593.0859), Elapsed: train 4.32 test 0.52 *
09/05/2026,02:47:56: 	Recall@10: 0.06306 Recall@20: 0.09015 NDCG@10: 0.03716 NDCG@20: 0.04468 
09/05/2026,02:47:56: 	Recall@10: 0.02443 Recall@20: 0.03745 NDCG@10: 0.01385 NDCG@20: 0.01739 
09/05/2026,02:47:56: Epoch [12/1000]
09/05/2026,02:47:56: Negative sampling...
09/05/2026,02:47:58: Model's personal time...
09/05/2026,02:47:58: Training...
09/05/2026,02:47:59: Evaluating...
09/05/2026,02:48:00: 	Train Loss: 2786513.2500 (base: 785.2531, kd: 5571.4551), Elapsed: train 3.55 test 0.64 *
09/05/2026,02:48:00: 	Recall@10: 0.06498 Recall@20: 0.09220 NDCG@10: 0.03819 NDCG@20: 0.04579 
09/05/2026,02:48:00: 	Recall@10: 0.02490 Recall@20: 0.03969 NDCG@10: 0.01407 NDCG@20: 0.01803 
09/05/2026,02:48:00: Epoch [13/1000]
09/05/2026,02:48:00: Negative sampling...
09/05/2026,02:48:02: Model's personal time...
09/05/2026,02:48:02: Training...
09/05/2026,02:48:04: Evaluating...
09/05/2026,02:48:04: 	Train Loss: 2770076.2500 (base: 744.7470, kd: 5538.6631), Elapsed: train 3.79 test 0.51 *
09/05/2026,02:48:04: 	Recall@10: 0.06479 Recall@20: 0.09422 NDCG@10: 0.03853 NDCG@20: 0.04664 
09/05/2026,02:48:04: 	Recall@10: 0.02656 Recall@20: 0.03981 NDCG@10: 0.01457 NDCG@20: 0.01814 
09/05/2026,02:48:04: Epoch [14/1000]
09/05/2026,02:48:04: Negative sampling...
09/05/2026,02:48:07: Model's personal time...
09/05/2026,02:48:07: Training...
09/05/2026,02:48:08: Evaluating...
09/05/2026,02:48:09: 	Train Loss: 2765947.2500 (base: 709.3745, kd: 5530.4771), Elapsed: train 3.79 test 0.63 *
09/05/2026,02:48:09: 	Recall@10: 0.06632 Recall@20: 0.09453 NDCG@10: 0.03923 NDCG@20: 0.04707 
09/05/2026,02:48:09: 	Recall@10: 0.02702 Recall@20: 0.04072 NDCG@10: 0.01476 NDCG@20: 0.01851 
09/05/2026,02:48:09: Epoch [15/1000]
09/05/2026,02:48:09: Negative sampling...
09/05/2026,02:48:11: Model's personal time...
09/05/2026,02:48:11: Training...
09/05/2026,02:48:12: Evaluating...
09/05/2026,02:48:13: 	Train Loss: 2764337.5000 (base: 675.8063, kd: 5527.3237), Elapsed: train 3.56 test 1.07 *
09/05/2026,02:48:13: 	Recall@10: 0.06580 Recall@20: 0.09540 NDCG@10: 0.03928 NDCG@20: 0.04746 
09/05/2026,02:48:13: 	Recall@10: 0.02704 Recall@20: 0.04121 NDCG@10: 0.01488 NDCG@20: 0.01870 
09/05/2026,02:48:13: Epoch [16/1000]
09/05/2026,02:48:13: Negative sampling...
09/05/2026,02:48:16: Model's personal time...
09/05/2026,02:48:16: Training...
09/05/2026,02:48:17: Evaluating...
09/05/2026,02:48:18: 	Train Loss: 2753823.0000 (base: 645.1735, kd: 5506.3560), Elapsed: train 3.80 test 0.50 *
09/05/2026,02:48:18: 	Recall@10: 0.06785 Recall@20: 0.09829 NDCG@10: 0.04014 NDCG@20: 0.04853 
09/05/2026,02:48:18: 	Recall@10: 0.02689 Recall@20: 0.04193 NDCG@10: 0.01483 NDCG@20: 0.01897 
09/05/2026,02:48:18: Epoch [17/1000]
09/05/2026,02:48:18: Negative sampling...
09/05/2026,02:48:20: Model's personal time...
09/05/2026,02:48:20: Training...
09/05/2026,02:48:21: Evaluating...
09/05/2026,02:48:22: 	Train Loss: 2750372.7500 (base: 617.4130, kd: 5499.5103), Elapsed: train 3.36 test 0.66
09/05/2026,02:48:22: 	Recall@10: 0.06735 Recall@20: 0.09663 NDCG@10: 0.04013 NDCG@20: 0.04825 
09/05/2026,02:48:22: 	Recall@10: 0.02687 Recall@20: 0.04154 NDCG@10: 0.01491 NDCG@20: 0.01891 
09/05/2026,02:48:22: Epoch [18/1000]
09/05/2026,02:48:22: Negative sampling...
09/05/2026,02:48:24: Model's personal time...
09/05/2026,02:48:24: Training...
09/05/2026,02:48:26: Evaluating...
09/05/2026,02:48:27: 	Train Loss: 2750647.5000 (base: 593.5568, kd: 5500.1084), Elapsed: train 4.16 test 0.72
09/05/2026,02:48:27: 	Recall@10: 0.06711 Recall@20: 0.09723 NDCG@10: 0.04024 NDCG@20: 0.04848 
09/05/2026,02:48:27: 	Recall@10: 0.02692 Recall@20: 0.04234 NDCG@10: 0.01472 NDCG@20: 0.01886 
09/05/2026,02:48:27: Epoch [19/1000]
09/05/2026,02:48:27: Negative sampling...
09/05/2026,02:48:29: Model's personal time...
09/05/2026,02:48:29: Training...
09/05/2026,02:48:31: Evaluating...
09/05/2026,02:48:31: 	Train Loss: 2746044.7500 (base: 571.0725, kd: 5490.9478), Elapsed: train 4.13 test 0.57
09/05/2026,02:48:31: 	Recall@10: 0.06827 Recall@20: 0.09581 NDCG@10: 0.04029 NDCG@20: 0.04787 
09/05/2026,02:48:31: 	Recall@10: 0.02694 Recall@20: 0.04218 NDCG@10: 0.01494 NDCG@20: 0.01904 
09/05/2026,02:48:31: Epoch [20/1000]
09/05/2026,02:48:31: Negative sampling...
09/05/2026,02:48:33: Model's personal time...
09/05/2026,02:48:33: Training...
09/05/2026,02:48:35: Evaluating...
09/05/2026,02:48:36: 	Train Loss: 2741018.5000 (base: 550.3766, kd: 5480.9360), Elapsed: train 3.89 test 0.81
09/05/2026,02:48:36: 	Recall@10: 0.06750 Recall@20: 0.09616 NDCG@10: 0.04027 NDCG@20: 0.04817 
09/05/2026,02:48:36: 	Recall@10: 0.02621 Recall@20: 0.04209 NDCG@10: 0.01485 NDCG@20: 0.01921 
09/05/2026,02:48:36: Epoch [21/1000]
09/05/2026,02:48:36: Negative sampling...
09/05/2026,02:48:38: Model's personal time...
09/05/2026,02:48:38: Training...
09/05/2026,02:48:39: Evaluating...
09/05/2026,02:48:40: 	Train Loss: 2745784.7500 (base: 531.4119, kd: 5490.5068), Elapsed: train 3.30 test 0.52
09/05/2026,02:48:40: 	Recall@10: 0.06919 Recall@20: 0.09589 NDCG@10: 0.04092 NDCG@20: 0.04829 
09/05/2026,02:48:40: 	Recall@10: 0.02724 Recall@20: 0.04311 NDCG@10: 0.01505 NDCG@20: 0.01932 
09/05/2026,02:48:40: Epoch [22/1000]
09/05/2026,02:48:40: Negative sampling...
09/05/2026,02:48:41: Model's personal time...
09/05/2026,02:48:41: Training...
09/05/2026,02:48:44: Evaluating...
09/05/2026,02:48:44: 	Train Loss: 2739232.0000 (base: 512.4182, kd: 5477.4395), Elapsed: train 3.67 test 0.48 *
09/05/2026,02:48:44: 	Recall@10: 0.06846 Recall@20: 0.09824 NDCG@10: 0.04084 NDCG@20: 0.04901 
09/05/2026,02:48:44: 	Recall@10: 0.02762 Recall@20: 0.04273 NDCG@10: 0.01527 NDCG@20: 0.01937 
09/05/2026,02:48:44: Epoch [23/1000]
09/05/2026,02:48:44: Negative sampling...
09/05/2026,02:48:46: Model's personal time...
09/05/2026,02:48:46: Training...
09/05/2026,02:48:48: Evaluating...
09/05/2026,02:48:48: 	Train Loss: 2741648.2500 (base: 496.8624, kd: 5482.3022), Elapsed: train 3.65 test 0.54 *
09/05/2026,02:48:48: 	Recall@10: 0.07023 Recall@20: 0.09865 NDCG@10: 0.04128 NDCG@20: 0.04909 
09/05/2026,02:48:48: 	Recall@10: 0.02761 Recall@20: 0.04321 NDCG@10: 0.01525 NDCG@20: 0.01954 
09/05/2026,02:48:48: Epoch [24/1000]
09/05/2026,02:48:48: Negative sampling...
09/05/2026,02:48:50: Model's personal time...
09/05/2026,02:48:50: Training...
09/05/2026,02:48:52: Evaluating...
09/05/2026,02:48:53: 	Train Loss: 2739915.0000 (base: 480.0862, kd: 5478.8696), Elapsed: train 3.96 test 0.50 *
09/05/2026,02:48:53: 	Recall@10: 0.06960 Recall@20: 0.10040 NDCG@10: 0.04117 NDCG@20: 0.04959 
09/05/2026,02:48:53: 	Recall@10: 0.02735 Recall@20: 0.04359 NDCG@10: 0.01535 NDCG@20: 0.01980 
09/05/2026,02:48:53: Epoch [25/1000]
09/05/2026,02:48:53: Negative sampling...
09/05/2026,02:48:55: Model's personal time...
09/05/2026,02:48:55: Training...
09/05/2026,02:48:57: Evaluating...
09/05/2026,02:48:57: 	Train Loss: 2738893.2500 (base: 465.9634, kd: 5476.8545), Elapsed: train 3.82 test 0.52 *
09/05/2026,02:48:57: 	Recall@10: 0.06910 Recall@20: 0.10081 NDCG@10: 0.04098 NDCG@20: 0.04965 
09/05/2026,02:48:57: 	Recall@10: 0.02796 Recall@20: 0.04493 NDCG@10: 0.01548 NDCG@20: 0.02005 
09/05/2026,02:48:57: Epoch [26/1000]
09/05/2026,02:48:57: Negative sampling...
09/05/2026,02:48:59: Model's personal time...
09/05/2026,02:48:59: Training...
09/05/2026,02:49:01: Evaluating...
09/05/2026,02:49:01: 	Train Loss: 2742390.5000 (base: 452.9558, kd: 5483.8750), Elapsed: train 3.88 test 0.46 *
09/05/2026,02:49:01: 	Recall@10: 0.06863 Recall@20: 0.10126 NDCG@10: 0.04093 NDCG@20: 0.04990 
09/05/2026,02:49:01: 	Recall@10: 0.02819 Recall@20: 0.04450 NDCG@10: 0.01559 NDCG@20: 0.02001 
09/05/2026,02:49:01: Epoch [27/1000]
09/05/2026,02:49:01: Negative sampling...
09/05/2026,02:49:03: Model's personal time...
09/05/2026,02:49:03: Training...
09/05/2026,02:49:05: Evaluating...
09/05/2026,02:49:06: 	Train Loss: 2741174.2500 (base: 440.6088, kd: 5481.4673), Elapsed: train 3.76 test 0.53
09/05/2026,02:49:06: 	Recall@10: 0.06914 Recall@20: 0.09965 NDCG@10: 0.04100 NDCG@20: 0.04947 
09/05/2026,02:49:06: 	Recall@10: 0.02806 Recall@20: 0.04431 NDCG@10: 0.01546 NDCG@20: 0.01993 
09/05/2026,02:49:06: Epoch [28/1000]
09/05/2026,02:49:06: Negative sampling...
09/05/2026,02:49:08: Model's personal time...
09/05/2026,02:49:08: Training...
09/05/2026,02:49:09: Evaluating...
09/05/2026,02:49:10: 	Train Loss: 2742338.0000 (base: 428.1622, kd: 5483.8198), Elapsed: train 3.56 test 0.53
09/05/2026,02:49:10: 	Recall@10: 0.06966 Recall@20: 0.10054 NDCG@10: 0.04121 NDCG@20: 0.04977 
09/05/2026,02:49:10: 	Recall@10: 0.02838 Recall@20: 0.04525 NDCG@10: 0.01553 NDCG@20: 0.02010 
09/05/2026,02:49:10: Epoch [29/1000]
09/05/2026,02:49:10: Negative sampling...
09/05/2026,02:49:12: Model's personal time...
09/05/2026,02:49:12: Training...
09/05/2026,02:49:13: Evaluating...
09/05/2026,02:49:15: 	Train Loss: 2739444.5000 (base: 417.1956, kd: 5478.0547), Elapsed: train 3.72 test 1.08
09/05/2026,02:49:15: 	Recall@10: 0.06897 Recall@20: 0.10166 NDCG@10: 0.04087 NDCG@20: 0.04987 
09/05/2026,02:49:15: 	Recall@10: 0.02838 Recall@20: 0.04506 NDCG@10: 0.01545 NDCG@20: 0.01995 
09/05/2026,02:49:15: Epoch [30/1000]
09/05/2026,02:49:15: Negative sampling...
09/05/2026,02:49:16: Model's personal time...
09/05/2026,02:49:16: Training...
09/05/2026,02:49:18: Evaluating...
09/05/2026,02:49:19: 	Train Loss: 2743191.5000 (base: 407.0400, kd: 5485.5688), Elapsed: train 3.87 test 0.67 *
09/05/2026,02:49:19: 	Recall@10: 0.06958 Recall@20: 0.10203 NDCG@10: 0.04112 NDCG@20: 0.05008 
09/05/2026,02:49:19: 	Recall@10: 0.02761 Recall@20: 0.04464 NDCG@10: 0.01537 NDCG@20: 0.02005 
09/05/2026,02:49:19: Epoch [31/1000]
09/05/2026,02:49:19: Negative sampling...
09/05/2026,02:49:21: Model's personal time...
09/05/2026,02:49:21: Training...
09/05/2026,02:49:23: Evaluating...
09/05/2026,02:49:24: 	Train Loss: 2744369.5000 (base: 395.4923, kd: 5487.9482), Elapsed: train 4.03 test 0.66
09/05/2026,02:49:24: 	Recall@10: 0.06969 Recall@20: 0.10150 NDCG@10: 0.04101 NDCG@20: 0.04983 
09/05/2026,02:49:24: 	Recall@10: 0.02787 Recall@20: 0.04519 NDCG@10: 0.01560 NDCG@20: 0.02038 
09/05/2026,02:49:24: Epoch [32/1000]
09/05/2026,02:49:24: Negative sampling...
09/05/2026,02:49:26: Model's personal time...
09/05/2026,02:49:26: Training...
09/05/2026,02:49:28: Evaluating...
09/05/2026,02:49:28: 	Train Loss: 2739811.7500 (base: 386.7025, kd: 5478.8501), Elapsed: train 3.83 test 0.48
09/05/2026,02:49:28: 	Recall@10: 0.07031 Recall@20: 0.10115 NDCG@10: 0.04108 NDCG@20: 0.04961 
09/05/2026,02:49:28: 	Recall@10: 0.02860 Recall@20: 0.04419 NDCG@10: 0.01564 NDCG@20: 0.01993 
09/05/2026,02:49:28: Epoch [33/1000]
09/05/2026,02:49:28: Negative sampling...
09/05/2026,02:49:31: Model's personal time...
09/05/2026,02:49:31: Training...
09/05/2026,02:49:32: Evaluating...
09/05/2026,02:49:33: 	Train Loss: 2743311.0000 (base: 376.4482, kd: 5485.8691), Elapsed: train 3.91 test 0.58
09/05/2026,02:49:33: 	Recall@10: 0.07072 Recall@20: 0.10126 NDCG@10: 0.04115 NDCG@20: 0.04962 
09/05/2026,02:49:33: 	Recall@10: 0.02901 Recall@20: 0.04499 NDCG@10: 0.01586 NDCG@20: 0.02021 
09/05/2026,02:49:33: Epoch [34/1000]
09/05/2026,02:49:33: Negative sampling...
09/05/2026,02:49:34: Model's personal time...
09/05/2026,02:49:34: Training...
09/05/2026,02:49:37: Evaluating...
09/05/2026,02:49:38: 	Train Loss: 2740927.2500 (base: 369.6890, kd: 5481.1152), Elapsed: train 3.98 test 0.92
09/05/2026,02:49:38: 	Recall@10: 0.07097 Recall@20: 0.10182 NDCG@10: 0.04126 NDCG@20: 0.04983 
09/05/2026,02:49:38: 	Recall@10: 0.02949 Recall@20: 0.04440 NDCG@10: 0.01591 NDCG@20: 0.01997 
09/05/2026,02:49:38: Epoch [35/1000]
09/05/2026,02:49:38: Negative sampling...
09/05/2026,02:49:39: Model's personal time...
09/05/2026,02:49:39: Training...
09/05/2026,02:49:41: Evaluating...
09/05/2026,02:49:42: 	Train Loss: 2745583.2500 (base: 360.2330, kd: 5490.4463), Elapsed: train 3.92 test 1.00
09/05/2026,02:49:42: 	Recall@10: 0.07066 Recall@20: 0.10161 NDCG@10: 0.04130 NDCG@20: 0.04989 
09/05/2026,02:49:42: 	Recall@10: 0.02953 Recall@20: 0.04416 NDCG@10: 0.01600 NDCG@20: 0.02003 
09/05/2026,02:49:42: Epoch [36/1000]
09/05/2026,02:49:42: Negative sampling...
09/05/2026,02:49:44: Model's personal time...
09/05/2026,02:49:44: Training...
09/05/2026,02:49:47: Evaluating...
09/05/2026,02:49:47: 	Train Loss: 2746926.7500 (base: 352.2580, kd: 5493.1484), Elapsed: train 4.39 test 0.55
09/05/2026,02:49:47: 	Recall@10: 0.06989 Recall@20: 0.10158 NDCG@10: 0.04100 NDCG@20: 0.04979 
09/05/2026,02:49:47: 	Recall@10: 0.02914 Recall@20: 0.04555 NDCG@10: 0.01595 NDCG@20: 0.02046 
09/05/2026,02:49:47: Epoch [37/1000]
09/05/2026,02:49:47: Negative sampling...
09/05/2026,02:49:50: Model's personal time...
09/05/2026,02:49:50: Training...
09/05/2026,02:49:52: Evaluating...
09/05/2026,02:49:52: 	Train Loss: 2743375.5000 (base: 344.1714, kd: 5486.0630), Elapsed: train 4.30 test 0.51 *
09/05/2026,02:49:52: 	Recall@10: 0.07026 Recall@20: 0.10153 NDCG@10: 0.04150 NDCG@20: 0.05015 
09/05/2026,02:49:52: 	Recall@10: 0.02901 Recall@20: 0.04424 NDCG@10: 0.01592 NDCG@20: 0.02013 
09/05/2026,02:49:52: Epoch [38/1000]
09/05/2026,02:49:52: Negative sampling...
09/05/2026,02:49:54: Model's personal time...
09/05/2026,02:49:54: Training...
09/05/2026,02:49:56: Evaluating...
09/05/2026,02:49:57: 	Train Loss: 2745746.2500 (base: 336.0179, kd: 5490.8198), Elapsed: train 3.86 test 0.59
09/05/2026,02:49:57: 	Recall@10: 0.07026 Recall@20: 0.10146 NDCG@10: 0.04142 NDCG@20: 0.05005 
09/05/2026,02:49:57: 	Recall@10: 0.02839 Recall@20: 0.04475 NDCG@10: 0.01570 NDCG@20: 0.02019 
09/05/2026,02:49:57: Epoch [39/1000]
09/05/2026,02:49:57: Negative sampling...
09/05/2026,02:50:00: Model's personal time...
09/05/2026,02:50:00: Training...
09/05/2026,02:50:01: Evaluating...
09/05/2026,02:50:02: 	Train Loss: 2744653.0000 (base: 329.2597, kd: 5488.6465), Elapsed: train 4.47 test 0.87
09/05/2026,02:50:02: 	Recall@10: 0.06998 Recall@20: 0.10193 NDCG@10: 0.04107 NDCG@20: 0.04993 
09/05/2026,02:50:02: 	Recall@10: 0.02906 Recall@20: 0.04525 NDCG@10: 0.01585 NDCG@20: 0.02027 
09/05/2026,02:50:02: Epoch [40/1000]
09/05/2026,02:50:02: Negative sampling...
09/05/2026,02:50:04: Model's personal time...
09/05/2026,02:50:04: Training...
09/05/2026,02:50:06: Evaluating...
09/05/2026,02:50:06: 	Train Loss: 2744294.5000 (base: 322.4335, kd: 5487.9438), Elapsed: train 3.59 test 0.55
09/05/2026,02:50:06: 	Recall@10: 0.07032 Recall@20: 0.10156 NDCG@10: 0.04124 NDCG@20: 0.04992 
09/05/2026,02:50:06: 	Recall@10: 0.02897 Recall@20: 0.04488 NDCG@10: 0.01579 NDCG@20: 0.02015 
09/05/2026,02:50:06: Epoch [41/1000]
09/05/2026,02:50:06: Negative sampling...
09/05/2026,02:50:09: Model's personal time...
09/05/2026,02:50:09: Training...
09/05/2026,02:50:10: Evaluating...
09/05/2026,02:50:10: 	Train Loss: 2745945.5000 (base: 317.3763, kd: 5491.2559), Elapsed: train 4.01 test 0.34 *
09/05/2026,02:50:10: 	Recall@10: 0.07061 Recall@20: 0.10267 NDCG@10: 0.04128 NDCG@20: 0.05020 
09/05/2026,02:50:10: 	Recall@10: 0.02880 Recall@20: 0.04559 NDCG@10: 0.01578 NDCG@20: 0.02035 
09/05/2026,02:50:10: Epoch [42/1000]
09/05/2026,02:50:10: Negative sampling...
09/05/2026,02:50:12: Model's personal time...
09/05/2026,02:50:13: Training...
09/05/2026,02:50:14: Evaluating...
09/05/2026,02:50:15: 	Train Loss: 2748810.5000 (base: 311.3012, kd: 5496.9985), Elapsed: train 3.80 test 0.48 *
09/05/2026,02:50:15: 	Recall@10: 0.07067 Recall@20: 0.10286 NDCG@10: 0.04142 NDCG@20: 0.05032 
09/05/2026,02:50:15: 	Recall@10: 0.02893 Recall@20: 0.04537 NDCG@10: 0.01587 NDCG@20: 0.02032 
09/05/2026,02:50:15: Epoch [43/1000]
09/05/2026,02:50:15: Negative sampling...
09/05/2026,02:50:17: Model's personal time...
09/05/2026,02:50:17: Training...
09/05/2026,02:50:19: Evaluating...
09/05/2026,02:50:19: 	Train Loss: 2746577.5000 (base: 303.0114, kd: 5492.5483), Elapsed: train 3.78 test 0.39 *
09/05/2026,02:50:19: 	Recall@10: 0.07012 Recall@20: 0.10283 NDCG@10: 0.04128 NDCG@20: 0.05033 
09/05/2026,02:50:19: 	Recall@10: 0.02871 Recall@20: 0.04561 NDCG@10: 0.01582 NDCG@20: 0.02038 
09/05/2026,02:50:19: Epoch [44/1000]
09/05/2026,02:50:19: Negative sampling...
09/05/2026,02:50:21: Model's personal time...
09/05/2026,02:50:21: Training...
09/05/2026,02:50:23: Evaluating...
09/05/2026,02:50:24: 	Train Loss: 2747485.2500 (base: 297.8846, kd: 5494.3750), Elapsed: train 4.04 test 0.90 *
09/05/2026,02:50:24: 	Recall@10: 0.06976 Recall@20: 0.10331 NDCG@10: 0.04119 NDCG@20: 0.05046 
09/05/2026,02:50:24: 	Recall@10: 0.02851 Recall@20: 0.04535 NDCG@10: 0.01571 NDCG@20: 0.02025 
09/05/2026,02:50:24: Epoch [45/1000]
09/05/2026,02:50:24: Negative sampling...
09/05/2026,02:50:26: Model's personal time...
09/05/2026,02:50:26: Training...
09/05/2026,02:50:28: Evaluating...
09/05/2026,02:50:28: 	Train Loss: 2751173.2500 (base: 292.7490, kd: 5501.7603), Elapsed: train 3.79 test 0.81
09/05/2026,02:50:28: 	Recall@10: 0.07072 Recall@20: 0.10242 NDCG@10: 0.04137 NDCG@20: 0.05019 
09/05/2026,02:50:28: 	Recall@10: 0.02794 Recall@20: 0.04583 NDCG@10: 0.01561 NDCG@20: 0.02048 
09/05/2026,02:50:28: Epoch [46/1000]
09/05/2026,02:50:28: Negative sampling...
09/05/2026,02:50:30: Model's personal time...
09/05/2026,02:50:30: Training...
09/05/2026,02:50:32: Evaluating...
09/05/2026,02:50:33: 	Train Loss: 2748302.2500 (base: 285.5199, kd: 5496.0342), Elapsed: train 4.00 test 0.47
09/05/2026,02:50:33: 	Recall@10: 0.06981 Recall@20: 0.10298 NDCG@10: 0.04116 NDCG@20: 0.05036 
09/05/2026,02:50:33: 	Recall@10: 0.02816 Recall@20: 0.04494 NDCG@10: 0.01565 NDCG@20: 0.02022 
09/05/2026,02:50:33: Epoch [47/1000]
09/05/2026,02:50:33: Negative sampling...
09/05/2026,02:50:35: Model's personal time...
09/05/2026,02:50:35: Training...
09/05/2026,02:50:37: Evaluating...
09/05/2026,02:50:38: 	Train Loss: 2749846.5000 (base: 280.8627, kd: 5499.1313), Elapsed: train 3.94 test 0.84
09/05/2026,02:50:38: 	Recall@10: 0.06959 Recall@20: 0.10277 NDCG@10: 0.04085 NDCG@20: 0.05002 
09/05/2026,02:50:38: 	Recall@10: 0.02831 Recall@20: 0.04464 NDCG@10: 0.01565 NDCG@20: 0.02010 
09/05/2026,02:50:38: Epoch [48/1000]
09/05/2026,02:50:38: Negative sampling...
09/05/2026,02:50:40: Model's personal time...
09/05/2026,02:50:40: Training...
09/05/2026,02:50:41: Evaluating...
09/05/2026,02:50:42: 	Train Loss: 2751828.7500 (base: 275.5361, kd: 5503.1064), Elapsed: train 3.37 test 1.06
09/05/2026,02:50:42: 	Recall@10: 0.06955 Recall@20: 0.10262 NDCG@10: 0.04099 NDCG@20: 0.05018 
09/05/2026,02:50:42: 	Recall@10: 0.02870 Recall@20: 0.04519 NDCG@10: 0.01582 NDCG@20: 0.02028 
09/05/2026,02:50:42: Epoch [49/1000]
09/05/2026,02:50:42: Negative sampling...
09/05/2026,02:50:44: Model's personal time...
09/05/2026,02:50:44: Training...
09/05/2026,02:50:46: Evaluating...
09/05/2026,02:50:46: 	Train Loss: 2752271.5000 (base: 272.1211, kd: 5503.9985), Elapsed: train 3.42 test 0.72
09/05/2026,02:50:46: 	Recall@10: 0.06977 Recall@20: 0.10222 NDCG@10: 0.04109 NDCG@20: 0.05007 
09/05/2026,02:50:46: 	Recall@10: 0.02870 Recall@20: 0.04529 NDCG@10: 0.01588 NDCG@20: 0.02036 
09/05/2026,02:50:46: Epoch [50/1000]
09/05/2026,02:50:46: Negative sampling...
09/05/2026,02:50:48: Model's personal time...
09/05/2026,02:50:48: Training...
09/05/2026,02:50:50: Evaluating...
09/05/2026,02:50:51: 	Train Loss: 2752468.2500 (base: 267.8160, kd: 5504.3999), Elapsed: train 3.58 test 0.99
09/05/2026,02:50:51: 	Recall@10: 0.06984 Recall@20: 0.10224 NDCG@10: 0.04123 NDCG@20: 0.05020 
09/05/2026,02:50:51: 	Recall@10: 0.02816 Recall@20: 0.04490 NDCG@10: 0.01568 NDCG@20: 0.02021 
09/05/2026,02:50:51: Epoch [51/1000]
09/05/2026,02:50:51: Negative sampling...
09/05/2026,02:50:53: Model's personal time...
09/05/2026,02:50:53: Training...
09/05/2026,02:50:55: Evaluating...
09/05/2026,02:50:56: 	Train Loss: 2752471.5000 (base: 262.1279, kd: 5504.4185), Elapsed: train 3.93 test 0.87
09/05/2026,02:50:56: 	Recall@10: 0.06954 Recall@20: 0.10163 NDCG@10: 0.04119 NDCG@20: 0.05005 
09/05/2026,02:50:56: 	Recall@10: 0.02806 Recall@20: 0.04538 NDCG@10: 0.01567 NDCG@20: 0.02035 
09/05/2026,02:50:56: Epoch [52/1000]
09/05/2026,02:50:56: Negative sampling...
09/05/2026,02:50:58: Model's personal time...
09/05/2026,02:50:58: Training...
09/05/2026,02:51:00: Evaluating...
09/05/2026,02:51:00: 	Train Loss: 2753323.7500 (base: 257.6696, kd: 5506.1313), Elapsed: train 4.03 test 0.48
09/05/2026,02:51:00: 	Recall@10: 0.06913 Recall@20: 0.10268 NDCG@10: 0.04092 NDCG@20: 0.05023 
09/05/2026,02:51:00: 	Recall@10: 0.02893 Recall@20: 0.04574 NDCG@10: 0.01589 NDCG@20: 0.02041 
09/05/2026,02:51:00: Epoch [53/1000]
09/05/2026,02:51:00: Negative sampling...
09/05/2026,02:51:03: Model's personal time...
09/05/2026,02:51:03: Training...
09/05/2026,02:51:04: Evaluating...
09/05/2026,02:51:05: 	Train Loss: 2753302.7500 (base: 254.2738, kd: 5506.0977), Elapsed: train 4.09 test 0.71
09/05/2026,02:51:05: 	Recall@10: 0.06927 Recall@20: 0.10145 NDCG@10: 0.04086 NDCG@20: 0.04981 
09/05/2026,02:51:05: 	Recall@10: 0.02851 Recall@20: 0.04510 NDCG@10: 0.01581 NDCG@20: 0.02029 
09/05/2026,02:51:05: Epoch [54/1000]
09/05/2026,02:51:05: Negative sampling...
09/05/2026,02:51:07: Model's personal time...
09/05/2026,02:51:07: Training...
09/05/2026,02:51:09: Evaluating...
09/05/2026,02:51:09: 	Train Loss: 2751920.2500 (base: 249.7913, kd: 5503.3403), Elapsed: train 3.93 test 0.53
09/05/2026,02:51:09: 	Recall@10: 0.06911 Recall@20: 0.10212 NDCG@10: 0.04083 NDCG@20: 0.05000 
09/05/2026,02:51:09: 	Recall@10: 0.02809 Recall@20: 0.04535 NDCG@10: 0.01560 NDCG@20: 0.02026 
09/05/2026,02:51:09: Epoch [55/1000]
09/05/2026,02:51:09: Negative sampling...
09/05/2026,02:51:12: Model's personal time...
09/05/2026,02:51:12: Training...
09/05/2026,02:51:13: Evaluating...
09/05/2026,02:51:14: 	Train Loss: 2754374.5000 (base: 243.4423, kd: 5508.2622), Elapsed: train 3.57 test 0.80
09/05/2026,02:51:14: 	Recall@10: 0.06959 Recall@20: 0.10289 NDCG@10: 0.04095 NDCG@20: 0.05022 
09/05/2026,02:51:14: 	Recall@10: 0.02861 Recall@20: 0.04580 NDCG@10: 0.01573 NDCG@20: 0.02038 
09/05/2026,02:51:14: Epoch [56/1000]
09/05/2026,02:51:14: Negative sampling...
09/05/2026,02:51:16: Model's personal time...
09/05/2026,02:51:16: Training...
09/05/2026,02:51:18: Evaluating...
09/05/2026,02:51:19: 	Train Loss: 2753067.2500 (base: 241.5028, kd: 5505.6519), Elapsed: train 4.09 test 0.77
09/05/2026,02:51:19: 	Recall@10: 0.06853 Recall@20: 0.10262 NDCG@10: 0.04083 NDCG@20: 0.05032 
09/05/2026,02:51:19: 	Recall@10: 0.02862 Recall@20: 0.04649 NDCG@10: 0.01576 NDCG@20: 0.02057 
09/05/2026,02:51:19: Epoch [57/1000]
09/05/2026,02:51:19: Negative sampling...
09/05/2026,02:51:21: Model's personal time...
09/05/2026,02:51:21: Training...
09/05/2026,02:51:22: Evaluating...
09/05/2026,02:51:22: 	Train Loss: 2754014.2500 (base: 235.5723, kd: 5507.5571), Elapsed: train 3.27 test 0.44
09/05/2026,02:51:22: 	Recall@10: 0.06841 Recall@20: 0.10336 NDCG@10: 0.04071 NDCG@20: 0.05030 
09/05/2026,02:51:22: 	Recall@10: 0.02808 Recall@20: 0.04607 NDCG@10: 0.01552 NDCG@20: 0.02037 
09/05/2026,02:51:22: Epoch [58/1000]
09/05/2026,02:51:22: Negative sampling...
09/05/2026,02:51:25: Model's personal time...
09/05/2026,02:51:25: Training...
09/05/2026,02:51:26: Evaluating...
09/05/2026,02:51:27: 	Train Loss: 2754656.5000 (base: 232.2224, kd: 5508.8481), Elapsed: train 3.71 test 0.57
09/05/2026,02:51:27: 	Recall@10: 0.06897 Recall@20: 0.10334 NDCG@10: 0.04099 NDCG@20: 0.05044 
09/05/2026,02:51:27: 	Recall@10: 0.02803 Recall@20: 0.04671 NDCG@10: 0.01560 NDCG@20: 0.02062 
09/05/2026,02:51:27: Epoch [59/1000]
09/05/2026,02:51:27: Negative sampling...
09/05/2026,02:51:29: Model's personal time...
09/05/2026,02:51:29: Training...
09/05/2026,02:51:31: Evaluating...
09/05/2026,02:51:31: 	Train Loss: 2757779.0000 (base: 228.5846, kd: 5515.1006), Elapsed: train 3.85 test 0.48
09/05/2026,02:51:31: 	Recall@10: 0.06994 Recall@20: 0.10389 NDCG@10: 0.04101 NDCG@20: 0.05031 
09/05/2026,02:51:31: 	Recall@10: 0.02755 Recall@20: 0.04654 NDCG@10: 0.01545 NDCG@20: 0.02056 
09/05/2026,02:51:31: Epoch [60/1000]
09/05/2026,02:51:31: Negative sampling...
09/05/2026,02:51:33: Model's personal time...
09/05/2026,02:51:33: Training...
09/05/2026,02:51:35: Evaluating...
09/05/2026,02:51:35: 	Train Loss: 2758373.2500 (base: 225.3019, kd: 5516.2954), Elapsed: train 3.60 test 0.50
09/05/2026,02:51:35: 	Recall@10: 0.06925 Recall@20: 0.10371 NDCG@10: 0.04078 NDCG@20: 0.05028 
09/05/2026,02:51:35: 	Recall@10: 0.02768 Recall@20: 0.04627 NDCG@10: 0.01555 NDCG@20: 0.02057 
09/05/2026,02:51:35: Epoch [61/1000]
09/05/2026,02:51:35: Negative sampling...
09/05/2026,02:51:37: Model's personal time...
09/05/2026,02:51:37: Training...
09/05/2026,02:51:39: Evaluating...
09/05/2026,02:51:40: 	Train Loss: 2754182.7500 (base: 220.2608, kd: 5507.9253), Elapsed: train 3.96 test 0.62
09/05/2026,02:51:40: 	Recall@10: 0.06938 Recall@20: 0.10362 NDCG@10: 0.04076 NDCG@20: 0.05017 
09/05/2026,02:51:40: 	Recall@10: 0.02765 Recall@20: 0.04619 NDCG@10: 0.01553 NDCG@20: 0.02050 
09/05/2026,02:51:40: Epoch [62/1000]
09/05/2026,02:51:40: Negative sampling...
09/05/2026,02:51:41: Model's personal time...
09/05/2026,02:51:41: Training...
09/05/2026,02:51:43: Evaluating...
09/05/2026,02:51:44: 	Train Loss: 2756638.7500 (base: 217.7879, kd: 5512.8413), Elapsed: train 3.74 test 0.66
09/05/2026,02:51:44: 	Recall@10: 0.06902 Recall@20: 0.10356 NDCG@10: 0.04084 NDCG@20: 0.05032 
09/05/2026,02:51:44: 	Recall@10: 0.02742 Recall@20: 0.04574 NDCG@10: 0.01541 NDCG@20: 0.02032 
09/05/2026,02:51:44: Epoch [63/1000]
09/05/2026,02:51:44: Negative sampling...
09/05/2026,02:51:46: Model's personal time...
09/05/2026,02:51:46: Training...
09/05/2026,02:51:48: Evaluating...
09/05/2026,02:51:49: 	Train Loss: 2757398.5000 (base: 214.5170, kd: 5514.3672), Elapsed: train 3.81 test 0.72
09/05/2026,02:51:49: 	Recall@10: 0.06935 Recall@20: 0.10368 NDCG@10: 0.04092 NDCG@20: 0.05033 
09/05/2026,02:51:49: 	Recall@10: 0.02742 Recall@20: 0.04577 NDCG@10: 0.01539 NDCG@20: 0.02032 
09/05/2026,02:51:49: Epoch [64/1000]
09/05/2026,02:51:49: Negative sampling...
09/05/2026,02:51:50: Model's personal time...
09/05/2026,02:51:50: Training...
09/05/2026,02:51:53: Evaluating...
09/05/2026,02:51:53: 	Train Loss: 2755888.2500 (base: 210.9692, kd: 5511.3545), Elapsed: train 4.19 test 0.53
09/05/2026,02:51:53: 	Recall@10: 0.06897 Recall@20: 0.10333 NDCG@10: 0.04079 NDCG@20: 0.05024 
09/05/2026,02:51:53: 	Recall@10: 0.02733 Recall@20: 0.04603 NDCG@10: 0.01550 NDCG@20: 0.02055 
09/05/2026,02:51:53: Epoch [65/1000]
09/05/2026,02:51:53: Negative sampling...
09/05/2026,02:51:55: Model's personal time...
09/05/2026,02:51:55: Training...
09/05/2026,02:51:58: Evaluating...
09/05/2026,02:51:58: 	Train Loss: 2755565.7500 (base: 206.9805, kd: 5510.7178), Elapsed: train 4.33 test 0.52
09/05/2026,02:51:58: 	Recall@10: 0.06972 Recall@20: 0.10301 NDCG@10: 0.04094 NDCG@20: 0.05008 
09/05/2026,02:51:58: 	Recall@10: 0.02695 Recall@20: 0.04579 NDCG@10: 0.01518 NDCG@20: 0.02026 
09/05/2026,02:51:58: Epoch [66/1000]
09/05/2026,02:51:58: Negative sampling...
09/05/2026,02:52:00: Model's personal time...
09/05/2026,02:52:00: Training...
09/05/2026,02:52:02: Evaluating...
09/05/2026,02:52:03: 	Train Loss: 2762340.2500 (base: 203.1740, kd: 5524.2739), Elapsed: train 4.31 test 0.54 *
09/05/2026,02:52:03: 	Recall@10: 0.06817 Recall@20: 0.10397 NDCG@10: 0.04067 NDCG@20: 0.05050 
09/05/2026,02:52:03: 	Recall@10: 0.02691 Recall@20: 0.04564 NDCG@10: 0.01527 NDCG@20: 0.02035 
09/05/2026,02:52:03: Epoch [67/1000]
09/05/2026,02:52:03: Negative sampling...
09/05/2026,02:52:05: Model's personal time...
09/05/2026,02:52:05: Training...
09/05/2026,02:52:07: Evaluating...
09/05/2026,02:52:08: 	Train Loss: 2759812.5000 (base: 201.2073, kd: 5519.2231), Elapsed: train 4.04 test 0.53
09/05/2026,02:52:08: 	Recall@10: 0.06854 Recall@20: 0.10298 NDCG@10: 0.04064 NDCG@20: 0.05009 
09/05/2026,02:52:08: 	Recall@10: 0.02736 Recall@20: 0.04504 NDCG@10: 0.01542 NDCG@20: 0.02020 
09/05/2026,02:52:08: Epoch [68/1000]
09/05/2026,02:52:08: Negative sampling...
09/05/2026,02:52:10: Model's personal time...
09/05/2026,02:52:10: Training...
09/05/2026,02:52:12: Evaluating...
09/05/2026,02:52:12: 	Train Loss: 2762641.5000 (base: 197.5991, kd: 5524.8877), Elapsed: train 3.97 test 0.53
09/05/2026,02:52:12: 	Recall@10: 0.06836 Recall@20: 0.10342 NDCG@10: 0.04052 NDCG@20: 0.05015 
09/05/2026,02:52:12: 	Recall@10: 0.02729 Recall@20: 0.04527 NDCG@10: 0.01543 NDCG@20: 0.02032 
09/05/2026,02:52:12: Epoch [69/1000]
09/05/2026,02:52:12: Negative sampling...
09/05/2026,02:52:14: Model's personal time...
09/05/2026,02:52:14: Training...
09/05/2026,02:52:16: Evaluating...
09/05/2026,02:52:16: 	Train Loss: 2761527.5000 (base: 194.6068, kd: 5522.6655), Elapsed: train 3.46 test 0.86
09/05/2026,02:52:16: 	Recall@10: 0.06843 Recall@20: 0.10265 NDCG@10: 0.04058 NDCG@20: 0.04993 
09/05/2026,02:52:16: 	Recall@10: 0.02726 Recall@20: 0.04484 NDCG@10: 0.01541 NDCG@20: 0.02017 
09/05/2026,02:52:16: Epoch [70/1000]
09/05/2026,02:52:16: Negative sampling...
09/05/2026,02:52:19: Model's personal time...
09/05/2026,02:52:19: Training...
09/05/2026,02:52:21: Evaluating...
09/05/2026,02:52:22: 	Train Loss: 2758592.2500 (base: 190.8815, kd: 5516.8022), Elapsed: train 4.14 test 0.95
09/05/2026,02:52:22: 	Recall@10: 0.06784 Recall@20: 0.10301 NDCG@10: 0.04045 NDCG@20: 0.05004 
09/05/2026,02:52:22: 	Recall@10: 0.02684 Recall@20: 0.04587 NDCG@10: 0.01525 NDCG@20: 0.02039 
09/05/2026,02:52:22: Epoch [71/1000]
09/05/2026,02:52:22: Negative sampling...
09/05/2026,02:52:24: Model's personal time...
09/05/2026,02:52:24: Training...
09/05/2026,02:52:26: Evaluating...
09/05/2026,02:52:26: 	Train Loss: 2758441.7500 (base: 188.2925, kd: 5516.5073), Elapsed: train 4.04 test 0.52
09/05/2026,02:52:26: 	Recall@10: 0.06781 Recall@20: 0.10324 NDCG@10: 0.04039 NDCG@20: 0.05003 
09/05/2026,02:52:26: 	Recall@10: 0.02704 Recall@20: 0.04539 NDCG@10: 0.01530 NDCG@20: 0.02028 
09/05/2026,02:52:26: Epoch [72/1000]
09/05/2026,02:52:26: Negative sampling...
09/05/2026,02:52:28: Model's personal time...
09/05/2026,02:52:28: Training...
09/05/2026,02:52:30: Evaluating...
09/05/2026,02:52:31: 	Train Loss: 2758878.0000 (base: 184.7710, kd: 5517.3862), Elapsed: train 4.05 test 0.86
09/05/2026,02:52:31: 	Recall@10: 0.06875 Recall@20: 0.10279 NDCG@10: 0.04054 NDCG@20: 0.04982 
09/05/2026,02:52:31: 	Recall@10: 0.02736 Recall@20: 0.04548 NDCG@10: 0.01547 NDCG@20: 0.02035 
09/05/2026,02:52:31: Epoch [73/1000]
09/05/2026,02:52:31: Negative sampling...
09/05/2026,02:52:33: Model's personal time...
09/05/2026,02:52:33: Training...
09/05/2026,02:52:35: Evaluating...
09/05/2026,02:52:36: 	Train Loss: 2761148.7500 (base: 182.5261, kd: 5521.9316), Elapsed: train 3.79 test 0.76
09/05/2026,02:52:36: 	Recall@10: 0.06846 Recall@20: 0.10239 NDCG@10: 0.04065 NDCG@20: 0.04994 
09/05/2026,02:52:36: 	Recall@10: 0.02662 Recall@20: 0.04481 NDCG@10: 0.01519 NDCG@20: 0.02018 
09/05/2026,02:52:36: Epoch [74/1000]
09/05/2026,02:52:36: Negative sampling...
09/05/2026,02:52:38: Model's personal time...
09/05/2026,02:52:38: Training...
09/05/2026,02:52:40: Evaluating...
09/05/2026,02:52:40: 	Train Loss: 2759043.0000 (base: 179.0823, kd: 5517.7275), Elapsed: train 3.98 test 0.58
09/05/2026,02:52:40: 	Recall@10: 0.06836 Recall@20: 0.10255 NDCG@10: 0.04066 NDCG@20: 0.04999 
09/05/2026,02:52:40: 	Recall@10: 0.02720 Recall@20: 0.04542 NDCG@10: 0.01535 NDCG@20: 0.02029 
09/05/2026,02:52:40: Epoch [75/1000]
09/05/2026,02:52:40: Negative sampling...
09/05/2026,02:52:42: Model's personal time...
09/05/2026,02:52:42: Training...
09/05/2026,02:52:44: Evaluating...
09/05/2026,02:52:45: 	Train Loss: 2759312.2500 (base: 177.6459, kd: 5518.2690), Elapsed: train 4.13 test 0.70
09/05/2026,02:52:45: 	Recall@10: 0.06842 Recall@20: 0.10313 NDCG@10: 0.04063 NDCG@20: 0.05007 
09/05/2026,02:52:45: 	Recall@10: 0.02745 Recall@20: 0.04535 NDCG@10: 0.01542 NDCG@20: 0.02026 
09/05/2026,02:52:45: Epoch [76/1000]
09/05/2026,02:52:45: Negative sampling...
09/05/2026,02:52:47: Model's personal time...
09/05/2026,02:52:47: Training...
09/05/2026,02:52:49: Evaluating...
09/05/2026,02:52:49: 	Train Loss: 2759700.7500 (base: 175.6534, kd: 5519.0503), Elapsed: train 3.89 test 0.58
09/05/2026,02:52:49: 	Recall@10: 0.06827 Recall@20: 0.10253 NDCG@10: 0.04068 NDCG@20: 0.05001 
09/05/2026,02:52:49: 	Recall@10: 0.02681 Recall@20: 0.04510 NDCG@10: 0.01531 NDCG@20: 0.02029 
09/05/2026,02:52:49: Epoch [77/1000]
09/05/2026,02:52:49: Negative sampling...
09/05/2026,02:52:51: Model's personal time...
09/05/2026,02:52:51: Training...
09/05/2026,02:52:54: Evaluating...
09/05/2026,02:52:54: 	Train Loss: 2764706.5000 (base: 172.7447, kd: 5529.0674), Elapsed: train 4.20 test 0.49
09/05/2026,02:52:54: 	Recall@10: 0.06922 Recall@20: 0.10252 NDCG@10: 0.04085 NDCG@20: 0.04994 
09/05/2026,02:52:54: 	Recall@10: 0.02716 Recall@20: 0.04532 NDCG@10: 0.01542 NDCG@20: 0.02034 
09/05/2026,02:52:54: Epoch [78/1000]
09/05/2026,02:52:54: Negative sampling...
09/05/2026,02:52:56: Model's personal time...
09/05/2026,02:52:56: Training...
09/05/2026,02:52:58: Evaluating...
09/05/2026,02:52:58: 	Train Loss: 2757269.7500 (base: 169.3063, kd: 5514.2017), Elapsed: train 3.55 test 0.45
09/05/2026,02:52:58: 	Recall@10: 0.06909 Recall@20: 0.10246 NDCG@10: 0.04081 NDCG@20: 0.04996 
09/05/2026,02:52:58: 	Recall@10: 0.02720 Recall@20: 0.04609 NDCG@10: 0.01534 NDCG@20: 0.02042 
09/05/2026,02:52:58: Epoch [79/1000]
09/05/2026,02:52:58: Negative sampling...
09/05/2026,02:53:00: Model's personal time...
09/05/2026,02:53:00: Training...
09/05/2026,02:53:02: Evaluating...
09/05/2026,02:53:02: 	Train Loss: 2760637.2500 (base: 166.8243, kd: 5520.9414), Elapsed: train 3.70 test 0.57
09/05/2026,02:53:02: 	Recall@10: 0.06851 Recall@20: 0.10270 NDCG@10: 0.04063 NDCG@20: 0.05000 
09/05/2026,02:53:02: 	Recall@10: 0.02720 Recall@20: 0.04650 NDCG@10: 0.01548 NDCG@20: 0.02065 
09/05/2026,02:53:02: Epoch [80/1000]
09/05/2026,02:53:02: Negative sampling...
09/05/2026,02:53:05: Model's personal time...
09/05/2026,02:53:05: Training...
09/05/2026,02:53:06: Evaluating...
09/05/2026,02:53:07: 	Train Loss: 2761622.7500 (base: 165.2404, kd: 5522.9146), Elapsed: train 4.07 test 0.44
09/05/2026,02:53:07: 	Recall@10: 0.06892 Recall@20: 0.10274 NDCG@10: 0.04096 NDCG@20: 0.05019 
09/05/2026,02:53:07: 	Recall@10: 0.02720 Recall@20: 0.04670 NDCG@10: 0.01543 NDCG@20: 0.02065 
09/05/2026,02:53:07: Epoch [81/1000]
09/05/2026,02:53:07: Negative sampling...
09/05/2026,02:53:09: Model's personal time...
09/05/2026,02:53:09: Training...
09/05/2026,02:53:10: Evaluating...
09/05/2026,02:53:11: 	Train Loss: 2762416.5000 (base: 161.9027, kd: 5524.5103), Elapsed: train 3.29 test 0.92
09/05/2026,02:53:11: 	Recall@10: 0.06950 Recall@20: 0.10233 NDCG@10: 0.04119 NDCG@20: 0.05015 
09/05/2026,02:53:11: 	Recall@10: 0.02732 Recall@20: 0.04657 NDCG@10: 0.01540 NDCG@20: 0.02055 
09/05/2026,02:53:11: Epoch [82/1000]
09/05/2026,02:53:11: Negative sampling...
09/05/2026,02:53:13: Model's personal time...
09/05/2026,02:53:13: Training...
09/05/2026,02:53:15: Evaluating...
09/05/2026,02:53:15: 	Train Loss: 2762480.2500 (base: 159.9851, kd: 5524.6406), Elapsed: train 3.60 test 0.69
09/05/2026,02:53:15: 	Recall@10: 0.06876 Recall@20: 0.10132 NDCG@10: 0.04066 NDCG@20: 0.04963 
09/05/2026,02:53:15: 	Recall@10: 0.02732 Recall@20: 0.04615 NDCG@10: 0.01529 NDCG@20: 0.02038 
09/05/2026,02:53:15: Epoch [83/1000]
09/05/2026,02:53:15: Negative sampling...
09/05/2026,02:53:17: Model's personal time...
09/05/2026,02:53:17: Training...
09/05/2026,02:53:19: Evaluating...
09/05/2026,02:53:19: 	Train Loss: 2760464.2500 (base: 157.6730, kd: 5520.6133), Elapsed: train 3.55 test 0.54
09/05/2026,02:53:19: 	Recall@10: 0.06842 Recall@20: 0.10281 NDCG@10: 0.04051 NDCG@20: 0.04997 
09/05/2026,02:53:19: 	Recall@10: 0.02704 Recall@20: 0.04609 NDCG@10: 0.01527 NDCG@20: 0.02040 
09/05/2026,02:53:19: Epoch [84/1000]
09/05/2026,02:53:19: Negative sampling...
09/05/2026,02:53:22: Model's personal time...
09/05/2026,02:53:22: Training...
09/05/2026,02:53:23: Evaluating...
09/05/2026,02:53:24: 	Train Loss: 2762704.2500 (base: 155.0668, kd: 5525.0981), Elapsed: train 3.64 test 0.69
09/05/2026,02:53:24: 	Recall@10: 0.06810 Recall@20: 0.10311 NDCG@10: 0.04053 NDCG@20: 0.05008 
09/05/2026,02:53:24: 	Recall@10: 0.02704 Recall@20: 0.04574 NDCG@10: 0.01531 NDCG@20: 0.02036 
09/05/2026,02:53:24: Epoch [85/1000]
09/05/2026,02:53:24: Negative sampling...
09/05/2026,02:53:26: Model's personal time...
09/05/2026,02:53:26: Training...
09/05/2026,02:53:27: Evaluating...
09/05/2026,02:53:28: 	Train Loss: 2760444.0000 (base: 152.4128, kd: 5520.5835), Elapsed: train 3.55 test 0.63
09/05/2026,02:53:28: 	Recall@10: 0.06811 Recall@20: 0.10268 NDCG@10: 0.04074 NDCG@20: 0.05018 
09/05/2026,02:53:28: 	Recall@10: 0.02688 Recall@20: 0.04579 NDCG@10: 0.01525 NDCG@20: 0.02035 
09/05/2026,02:53:28: Epoch [86/1000]
09/05/2026,02:53:28: Negative sampling...
09/05/2026,02:53:30: Model's personal time...
09/05/2026,02:53:30: Training...
09/05/2026,02:53:32: Evaluating...
09/05/2026,02:53:32: 	Train Loss: 2768516.2500 (base: 150.8621, kd: 5536.7310), Elapsed: train 3.60 test 0.49
09/05/2026,02:53:32: 	Recall@10: 0.06906 Recall@20: 0.10301 NDCG@10: 0.04085 NDCG@20: 0.05011 
09/05/2026,02:53:32: 	Recall@10: 0.02704 Recall@20: 0.04646 NDCG@10: 0.01538 NDCG@20: 0.02060 
09/05/2026,02:53:32: Epoch [87/1000]
09/05/2026,02:53:32: Negative sampling...
09/05/2026,02:53:34: Model's personal time...
09/05/2026,02:53:34: Training...
09/05/2026,02:53:35: Evaluating...
09/05/2026,02:53:36: 	Train Loss: 2760690.0000 (base: 148.9268, kd: 5521.0820), Elapsed: train 3.34 test 0.47
09/05/2026,02:53:36: 	Recall@10: 0.06823 Recall@20: 0.10294 NDCG@10: 0.04061 NDCG@20: 0.05003 
09/05/2026,02:53:36: 	Recall@10: 0.02736 Recall@20: 0.04569 NDCG@10: 0.01549 NDCG@20: 0.02044 
09/05/2026,02:53:36: Epoch [88/1000]
09/05/2026,02:53:36: Negative sampling...
09/05/2026,02:53:38: Model's personal time...
09/05/2026,02:53:38: Training...
09/05/2026,02:53:39: Evaluating...
09/05/2026,02:53:40: 	Train Loss: 2763641.5000 (base: 146.6659, kd: 5526.9893), Elapsed: train 3.43 test 0.57
09/05/2026,02:53:40: 	Recall@10: 0.06835 Recall@20: 0.10274 NDCG@10: 0.04073 NDCG@20: 0.05002 
09/05/2026,02:53:40: 	Recall@10: 0.02780 Recall@20: 0.04531 NDCG@10: 0.01563 NDCG@20: 0.02035 
09/05/2026,02:53:40: Epoch [89/1000]
09/05/2026,02:53:40: Negative sampling...
09/05/2026,02:53:42: Model's personal time...
09/05/2026,02:53:42: Training...
09/05/2026,02:53:43: Evaluating...
09/05/2026,02:53:44: 	Train Loss: 2765111.5000 (base: 144.3584, kd: 5529.9341), Elapsed: train 3.50 test 0.52
09/05/2026,02:53:44: 	Recall@10: 0.06918 Recall@20: 0.10270 NDCG@10: 0.04079 NDCG@20: 0.04990 
09/05/2026,02:53:44: 	Recall@10: 0.02736 Recall@20: 0.04527 NDCG@10: 0.01549 NDCG@20: 0.02034 
09/05/2026,02:53:44: Epoch [90/1000]
09/05/2026,02:53:44: Negative sampling...
09/05/2026,02:53:46: Model's personal time...
09/05/2026,02:53:46: Training...
09/05/2026,02:53:48: Evaluating...
09/05/2026,02:53:48: 	Train Loss: 2763418.7500 (base: 141.1528, kd: 5526.5547), Elapsed: train 3.79 test 0.51
09/05/2026,02:53:48: 	Recall@10: 0.06907 Recall@20: 0.10235 NDCG@10: 0.04088 NDCG@20: 0.04999 
09/05/2026,02:53:48: 	Recall@10: 0.02716 Recall@20: 0.04545 NDCG@10: 0.01532 NDCG@20: 0.02029 
09/05/2026,02:53:48: Epoch [91/1000]
09/05/2026,02:53:48: Negative sampling...
09/05/2026,02:53:50: Model's personal time...
09/05/2026,02:53:50: Training...
09/05/2026,02:53:52: Evaluating...
09/05/2026,02:53:52: 	Train Loss: 2763403.7500 (base: 139.5065, kd: 5526.5278), Elapsed: train 3.64 test 0.38
09/05/2026,02:53:52: 	Recall@10: 0.06814 Recall@20: 0.10258 NDCG@10: 0.04062 NDCG@20: 0.05013 
09/05/2026,02:53:52: 	Recall@10: 0.02710 Recall@20: 0.04571 NDCG@10: 0.01524 NDCG@20: 0.02029 
09/05/2026,02:53:52: Epoch [92/1000]
09/05/2026,02:53:52: Negative sampling...
09/05/2026,02:53:54: Model's personal time...
09/05/2026,02:53:54: Training...
09/05/2026,02:53:56: Evaluating...
09/05/2026,02:53:57: 	Train Loss: 2761033.0000 (base: 136.3808, kd: 5521.7935), Elapsed: train 3.78 test 0.51
09/05/2026,02:53:57: 	Recall@10: 0.06877 Recall@20: 0.10209 NDCG@10: 0.04081 NDCG@20: 0.04998 
09/05/2026,02:53:57: 	Recall@10: 0.02732 Recall@20: 0.04440 NDCG@10: 0.01538 NDCG@20: 0.02002 
09/05/2026,02:53:57: Epoch [93/1000]
09/05/2026,02:53:57: Negative sampling...
09/05/2026,02:53:59: Model's personal time...
09/05/2026,02:53:59: Training...
09/05/2026,02:54:01: Evaluating...
09/05/2026,02:54:01: 	Train Loss: 2764379.2500 (base: 135.6726, kd: 5528.4878), Elapsed: train 4.11 test 0.61
09/05/2026,02:54:01: 	Recall@10: 0.06826 Recall@20: 0.10169 NDCG@10: 0.04074 NDCG@20: 0.04994 
09/05/2026,02:54:01: 	Recall@10: 0.02738 Recall@20: 0.04535 NDCG@10: 0.01543 NDCG@20: 0.02030 
09/05/2026,02:54:01: Epoch [94/1000]
09/05/2026,02:54:01: Negative sampling...
09/05/2026,02:54:03: Model's personal time...
09/05/2026,02:54:03: Training...
09/05/2026,02:54:05: Evaluating...
09/05/2026,02:54:05: 	Train Loss: 2767408.2500 (base: 134.4783, kd: 5534.5479), Elapsed: train 3.30 test 0.64
09/05/2026,02:54:05: 	Recall@10: 0.06929 Recall@20: 0.10252 NDCG@10: 0.04092 NDCG@20: 0.05002 
09/05/2026,02:54:05: 	Recall@10: 0.02671 Recall@20: 0.04504 NDCG@10: 0.01529 NDCG@20: 0.02027 
09/05/2026,02:54:05: Epoch [95/1000]
09/05/2026,02:54:05: Negative sampling...
09/05/2026,02:54:07: Model's personal time...
09/05/2026,02:54:07: Training...
09/05/2026,02:54:08: Evaluating...
09/05/2026,02:54:09: 	Train Loss: 2763425.5000 (base: 131.0602, kd: 5526.5894), Elapsed: train 3.23 test 0.88
09/05/2026,02:54:09: 	Recall@10: 0.06796 Recall@20: 0.10251 NDCG@10: 0.04071 NDCG@20: 0.05014 
09/05/2026,02:54:09: 	Recall@10: 0.02690 Recall@20: 0.04595 NDCG@10: 0.01527 NDCG@20: 0.02040 
09/05/2026,02:54:09: Epoch [96/1000]
09/05/2026,02:54:09: Negative sampling...
09/05/2026,02:54:11: Model's personal time...
09/05/2026,02:54:11: Training...
09/05/2026,02:54:12: Evaluating...
09/05/2026,02:54:13: 	Train Loss: 2763353.7500 (base: 130.0705, kd: 5526.4468), Elapsed: train 3.02 test 0.67
09/05/2026,02:54:13: 	Recall@10: 0.06843 Recall@20: 0.10305 NDCG@10: 0.04074 NDCG@20: 0.05019 
09/05/2026,02:54:13: 	Recall@10: 0.02704 Recall@20: 0.04543 NDCG@10: 0.01527 NDCG@20: 0.02024 
09/05/2026,02:54:13: ------------------------------
09/05/2026,02:54:13: valid Recall@10: 0.06817 Recall@20: 0.10397 NDCG@10: 0.04067 NDCG@20: 0.05050
09/05/2026,02:54:13: test Recall@10: 0.02691 Recall@20: 0.04564 NDCG@10: 0.01527 NDCG@20: 0.02035
