----------------------------------------TEACHER----------------------------------------
init_std                                 0.01
embedding_dim                            400
----------------------------------------TEACHER----------------------------------------
----------------------------------------STUDENT----------------------------------------
init_std                                 0.01
embedding_dim                            80
----------------------------------------STUDENT----------------------------------------
----------------------------------------ARGUMENTS----------------------------------------
run_all                                  False
seed                                     0
gpu_id                                   0
no_log                                   False
no_save                                  False
suffix                                   capacity_d80_k50_l50_seed0
verbose                                  False
ablation                                 False
task                                     rec
dataset                                  citeulike
batch_size                               2048
num_ns                                   1
neg_sampling_on_all                      False
T_backbone                               bpr
S_backbone                               bpr
model                                    rcekd
preload                                  False
postsave                                 False
train_teacher                            False
ckpt_interval                            -1
epochs                                   1000
lr                                       0.001
wd                                       1e-05
lmbda                                    500
srce_alpha                               1.0
srce_s                                   20.0
srce_eta                                 1.0
srce_Lu                                  20
srce_mode                                union
srce_kappa                               0.0
eval_period                              1
K_list                                   [10, 20]
early_stop_metric                        NDCG
early_stop_K                             20
early_stop_patience                      30
LOG_DIR                                  logs/
CONFIG_DIR                               configs/
DATA_DIR                                 data/
CKPT_DIR                                 checkpoints/
CRAFT_DIR                                crafts/
mkd_tau                                  1
mkd_K                                    50
mkd_L                                    50
mkd_T                                    10
mkd_mxK                                  200
mkd_beta                                 3
sample_rank                              False
----------------------------------------ARGUMENTS----------------------------------------
----------------------------------------Teacher----------------------------------------
09/05/2026,03:19:40: ------------------------------
09/05/2026,03:19:40: valid Recall@10: 0.06778 Recall@20: 0.10315 NDCG@10: 0.04052 NDCG@20: 0.05027
09/05/2026,03:19:40: test Recall@10: 0.02747 Recall@20: 0.04385 NDCG@10: 0.01551 NDCG@20: 0.02003
----------------------------------------------------------------------------------------
09/05/2026,03:19:41: Epoch [1/1000]
09/05/2026,03:19:41: Negative sampling...
09/05/2026,03:19:42: Model's personal time...
09/05/2026,03:19:42: Training...
09/05/2026,03:19:43: Evaluating...
09/05/2026,03:19:44: 	Train Loss: 4598120.5000 (base: 1387.1788, kd: 9193.4658), Elapsed: train 2.78 test 0.32 *
09/05/2026,03:19:44: 	Recall@10: 0.03584 Recall@20: 0.05047 NDCG@10: 0.02247 NDCG@20: 0.02640 
09/05/2026,03:19:44: 	Recall@10: 0.01209 Recall@20: 0.02182 NDCG@10: 0.00763 NDCG@20: 0.01029 
09/05/2026,03:19:44: Epoch [2/1000]
09/05/2026,03:19:44: Negative sampling...
09/05/2026,03:19:45: Model's personal time...
09/05/2026,03:19:45: Training...
09/05/2026,03:19:46: Evaluating...
09/05/2026,03:19:46: 	Train Loss: 4127023.5000 (base: 1349.9932, kd: 8251.3477), Elapsed: train 2.51 test 0.29 *
09/05/2026,03:19:46: 	Recall@10: 0.04492 Recall@20: 0.06337 NDCG@10: 0.02824 NDCG@20: 0.03328 
09/05/2026,03:19:46: 	Recall@10: 0.01778 Recall@20: 0.02822 NDCG@10: 0.00973 NDCG@20: 0.01266 
09/05/2026,03:19:46: Epoch [3/1000]
09/05/2026,03:19:46: Negative sampling...
09/05/2026,03:19:48: Model's personal time...
09/05/2026,03:19:48: Training...
09/05/2026,03:19:49: Evaluating...
09/05/2026,03:19:49: 	Train Loss: 3914359.5000 (base: 1281.0435, kd: 7826.1572), Elapsed: train 2.44 test 0.39 *
09/05/2026,03:19:49: 	Recall@10: 0.04972 Recall@20: 0.06900 NDCG@10: 0.03026 NDCG@20: 0.03550 
09/05/2026,03:19:49: 	Recall@10: 0.01900 Recall@20: 0.02791 NDCG@10: 0.01075 NDCG@20: 0.01323 
09/05/2026,03:19:49: Epoch [4/1000]
09/05/2026,03:19:49: Negative sampling...
09/05/2026,03:19:51: Model's personal time...
09/05/2026,03:19:51: Training...
09/05/2026,03:19:52: Evaluating...
09/05/2026,03:19:52: 	Train Loss: 3735242.0000 (base: 1200.0457, kd: 7468.0835), Elapsed: train 2.65 test 0.50 *
09/05/2026,03:19:52: 	Recall@10: 0.04869 Recall@20: 0.07523 NDCG@10: 0.03041 NDCG@20: 0.03754 
09/05/2026,03:19:52: 	Recall@10: 0.02031 Recall@20: 0.03156 NDCG@10: 0.01146 NDCG@20: 0.01458 
09/05/2026,03:19:52: Epoch [5/1000]
09/05/2026,03:19:52: Negative sampling...
09/05/2026,03:19:54: Model's personal time...
09/05/2026,03:19:54: Training...
09/05/2026,03:19:55: Evaluating...
09/05/2026,03:19:55: 	Train Loss: 3620297.0000 (base: 1109.9166, kd: 7238.3740), Elapsed: train 2.54 test 0.30 *
09/05/2026,03:19:55: 	Recall@10: 0.05318 Recall@20: 0.07802 NDCG@10: 0.03249 NDCG@20: 0.03925 
09/05/2026,03:19:55: 	Recall@10: 0.02174 Recall@20: 0.03246 NDCG@10: 0.01198 NDCG@20: 0.01491 
09/05/2026,03:19:55: Epoch [6/1000]
09/05/2026,03:19:55: Negative sampling...
09/05/2026,03:19:57: Model's personal time...
09/05/2026,03:19:57: Training...
09/05/2026,03:19:58: Evaluating...
09/05/2026,03:19:58: 	Train Loss: 3547294.0000 (base: 1024.6871, kd: 7092.5396), Elapsed: train 2.65 test 0.42 *
09/05/2026,03:19:58: 	Recall@10: 0.05836 Recall@20: 0.08554 NDCG@10: 0.03480 NDCG@20: 0.04219 
09/05/2026,03:19:58: 	Recall@10: 0.02328 Recall@20: 0.03557 NDCG@10: 0.01290 NDCG@20: 0.01620 
09/05/2026,03:19:58: Epoch [7/1000]
09/05/2026,03:19:58: Negative sampling...
09/05/2026,03:20:00: Model's personal time...
09/05/2026,03:20:00: Training...
09/05/2026,03:20:01: Evaluating...
09/05/2026,03:20:01: 	Train Loss: 3511301.7500 (base: 947.6779, kd: 7020.7085), Elapsed: train 2.79 test 0.31 *
09/05/2026,03:20:01: 	Recall@10: 0.06022 Recall@20: 0.08786 NDCG@10: 0.03596 NDCG@20: 0.04352 
09/05/2026,03:20:01: 	Recall@10: 0.02495 Recall@20: 0.03677 NDCG@10: 0.01376 NDCG@20: 0.01690 
09/05/2026,03:20:01: Epoch [8/1000]
09/05/2026,03:20:01: Negative sampling...
09/05/2026,03:20:03: Model's personal time...
09/05/2026,03:20:03: Training...
09/05/2026,03:20:04: Evaluating...
09/05/2026,03:20:05: 	Train Loss: 3488483.7500 (base: 880.7106, kd: 6975.2065), Elapsed: train 2.79 test 0.43 *
09/05/2026,03:20:05: 	Recall@10: 0.06187 Recall@20: 0.09142 NDCG@10: 0.03647 NDCG@20: 0.04458 
09/05/2026,03:20:05: 	Recall@10: 0.02503 Recall@20: 0.03914 NDCG@10: 0.01359 NDCG@20: 0.01741 
09/05/2026,03:20:05: Epoch [9/1000]
09/05/2026,03:20:05: Negative sampling...
09/05/2026,03:20:06: Model's personal time...
09/05/2026,03:20:06: Training...
09/05/2026,03:20:07: Evaluating...
09/05/2026,03:20:08: 	Train Loss: 3472508.7500 (base: 820.3698, kd: 6943.3770), Elapsed: train 2.56 test 0.53 *
09/05/2026,03:20:08: 	Recall@10: 0.06401 Recall@20: 0.09230 NDCG@10: 0.03773 NDCG@20: 0.04546 
09/05/2026,03:20:08: 	Recall@10: 0.02507 Recall@20: 0.03962 NDCG@10: 0.01389 NDCG@20: 0.01783 
09/05/2026,03:20:08: Epoch [10/1000]
09/05/2026,03:20:08: Negative sampling...
09/05/2026,03:20:09: Model's personal time...
09/05/2026,03:20:09: Training...
09/05/2026,03:20:10: Evaluating...
09/05/2026,03:20:11: 	Train Loss: 3461020.7500 (base: 766.7083, kd: 6920.5073), Elapsed: train 2.58 test 0.58 *
09/05/2026,03:20:11: 	Recall@10: 0.06536 Recall@20: 0.09481 NDCG@10: 0.03824 NDCG@20: 0.04624 
09/05/2026,03:20:11: 	Recall@10: 0.02546 Recall@20: 0.04036 NDCG@10: 0.01406 NDCG@20: 0.01806 
09/05/2026,03:20:11: Epoch [11/1000]
09/05/2026,03:20:11: Negative sampling...
09/05/2026,03:20:13: Model's personal time...
09/05/2026,03:20:13: Training...
09/05/2026,03:20:14: Evaluating...
09/05/2026,03:20:14: 	Train Loss: 3453446.5000 (base: 720.5997, kd: 6905.4512), Elapsed: train 2.96 test 0.36 *
09/05/2026,03:20:14: 	Recall@10: 0.06579 Recall@20: 0.09646 NDCG@10: 0.03884 NDCG@20: 0.04714 
09/05/2026,03:20:14: 	Recall@10: 0.02521 Recall@20: 0.04158 NDCG@10: 0.01407 NDCG@20: 0.01844 
09/05/2026,03:20:14: Epoch [12/1000]
09/05/2026,03:20:14: Negative sampling...
09/05/2026,03:20:16: Model's personal time...
09/05/2026,03:20:16: Training...
09/05/2026,03:20:17: Evaluating...
09/05/2026,03:20:17: 	Train Loss: 3446207.0000 (base: 679.3346, kd: 6891.0547), Elapsed: train 2.59 test 0.29 *
09/05/2026,03:20:17: 	Recall@10: 0.06580 Recall@20: 0.09565 NDCG@10: 0.03909 NDCG@20: 0.04724 
09/05/2026,03:20:17: 	Recall@10: 0.02595 Recall@20: 0.04238 NDCG@10: 0.01449 NDCG@20: 0.01892 
09/05/2026,03:20:17: Epoch [13/1000]
09/05/2026,03:20:17: Negative sampling...
09/05/2026,03:20:19: Model's personal time...
09/05/2026,03:20:19: Training...
09/05/2026,03:20:20: Evaluating...
09/05/2026,03:20:20: 	Train Loss: 3440223.0000 (base: 642.7790, kd: 6879.1606), Elapsed: train 2.59 test 0.39 *
09/05/2026,03:20:20: 	Recall@10: 0.06731 Recall@20: 0.09786 NDCG@10: 0.03982 NDCG@20: 0.04805 
09/05/2026,03:20:20: 	Recall@10: 0.02632 Recall@20: 0.04314 NDCG@10: 0.01475 NDCG@20: 0.01929 
09/05/2026,03:20:20: Epoch [14/1000]
09/05/2026,03:20:20: Negative sampling...
09/05/2026,03:20:22: Model's personal time...
09/05/2026,03:20:22: Training...
09/05/2026,03:20:23: Evaluating...
09/05/2026,03:20:23: 	Train Loss: 3435461.2500 (base: 610.9310, kd: 6869.7007), Elapsed: train 2.48 test 0.53 *
09/05/2026,03:20:23: 	Recall@10: 0.06785 Recall@20: 0.09818 NDCG@10: 0.03990 NDCG@20: 0.04806 
09/05/2026,03:20:23: 	Recall@10: 0.02711 Recall@20: 0.04409 NDCG@10: 0.01492 NDCG@20: 0.01948 
09/05/2026,03:20:23: Epoch [15/1000]
09/05/2026,03:20:23: Negative sampling...
09/05/2026,03:20:25: Model's personal time...
09/05/2026,03:20:25: Training...
09/05/2026,03:20:26: Evaluating...
09/05/2026,03:20:26: 	Train Loss: 3433777.0000 (base: 581.3758, kd: 6866.3916), Elapsed: train 2.52 test 0.38 *
09/05/2026,03:20:26: 	Recall@10: 0.06819 Recall@20: 0.09779 NDCG@10: 0.04050 NDCG@20: 0.04850 
09/05/2026,03:20:26: 	Recall@10: 0.02669 Recall@20: 0.04467 NDCG@10: 0.01480 NDCG@20: 0.01962 
09/05/2026,03:20:26: Epoch [16/1000]
09/05/2026,03:20:26: Negative sampling...
09/05/2026,03:20:28: Model's personal time...
09/05/2026,03:20:28: Training...
09/05/2026,03:20:29: Evaluating...
09/05/2026,03:20:29: 	Train Loss: 3431550.5000 (base: 556.2644, kd: 6861.9893), Elapsed: train 2.59 test 0.41
09/05/2026,03:20:29: 	Recall@10: 0.06742 Recall@20: 0.09774 NDCG@10: 0.04008 NDCG@20: 0.04838 
09/05/2026,03:20:29: 	Recall@10: 0.02703 Recall@20: 0.04404 NDCG@10: 0.01491 NDCG@20: 0.01949 
09/05/2026,03:20:29: Epoch [17/1000]
09/05/2026,03:20:29: Negative sampling...
09/05/2026,03:20:31: Model's personal time...
09/05/2026,03:20:31: Training...
09/05/2026,03:20:32: Evaluating...
09/05/2026,03:20:32: 	Train Loss: 3429451.0000 (base: 533.3436, kd: 6857.8354), Elapsed: train 2.64 test 0.53 *
09/05/2026,03:20:32: 	Recall@10: 0.06847 Recall@20: 0.09951 NDCG@10: 0.04094 NDCG@20: 0.04933 
09/05/2026,03:20:32: 	Recall@10: 0.02724 Recall@20: 0.04443 NDCG@10: 0.01512 NDCG@20: 0.01974 
09/05/2026,03:20:32: Epoch [18/1000]
09/05/2026,03:20:32: Negative sampling...
09/05/2026,03:20:34: Model's personal time...
09/05/2026,03:20:34: Training...
09/05/2026,03:20:35: Evaluating...
09/05/2026,03:20:35: 	Train Loss: 3430409.0000 (base: 513.4256, kd: 6859.7915), Elapsed: train 2.75 test 0.39 *
09/05/2026,03:20:35: 	Recall@10: 0.06893 Recall@20: 0.10047 NDCG@10: 0.04090 NDCG@20: 0.04943 
09/05/2026,03:20:35: 	Recall@10: 0.02724 Recall@20: 0.04453 NDCG@10: 0.01510 NDCG@20: 0.01973 
09/05/2026,03:20:35: Epoch [19/1000]
09/05/2026,03:20:35: Negative sampling...
09/05/2026,03:20:37: Model's personal time...
09/05/2026,03:20:37: Training...
09/05/2026,03:20:38: Evaluating...
09/05/2026,03:20:39: 	Train Loss: 3430245.5000 (base: 495.2158, kd: 6859.5010), Elapsed: train 2.88 test 0.52
09/05/2026,03:20:39: 	Recall@10: 0.06833 Recall@20: 0.10012 NDCG@10: 0.04031 NDCG@20: 0.04892 
09/05/2026,03:20:39: 	Recall@10: 0.02677 Recall@20: 0.04501 NDCG@10: 0.01493 NDCG@20: 0.01984 
09/05/2026,03:20:39: Epoch [20/1000]
09/05/2026,03:20:39: Negative sampling...
09/05/2026,03:20:40: Model's personal time...
09/05/2026,03:20:40: Training...
09/05/2026,03:20:41: Evaluating...
09/05/2026,03:20:42: 	Train Loss: 3430274.0000 (base: 478.4020, kd: 6859.5903), Elapsed: train 2.74 test 0.48 *
09/05/2026,03:20:42: 	Recall@10: 0.06814 Recall@20: 0.10148 NDCG@10: 0.04058 NDCG@20: 0.04959 
09/05/2026,03:20:42: 	Recall@10: 0.02774 Recall@20: 0.04424 NDCG@10: 0.01526 NDCG@20: 0.01967 
09/05/2026,03:20:42: Epoch [21/1000]
09/05/2026,03:20:42: Negative sampling...
09/05/2026,03:20:43: Model's personal time...
09/05/2026,03:20:43: Training...
09/05/2026,03:20:45: Evaluating...
09/05/2026,03:20:45: 	Train Loss: 3431227.0000 (base: 463.9198, kd: 6861.5259), Elapsed: train 2.62 test 0.45 *
09/05/2026,03:20:45: 	Recall@10: 0.06807 Recall@20: 0.10162 NDCG@10: 0.04056 NDCG@20: 0.04970 
09/05/2026,03:20:45: 	Recall@10: 0.02706 Recall@20: 0.04480 NDCG@10: 0.01509 NDCG@20: 0.01988 
09/05/2026,03:20:45: Epoch [22/1000]
09/05/2026,03:20:45: Negative sampling...
09/05/2026,03:20:46: Model's personal time...
09/05/2026,03:20:46: Training...
09/05/2026,03:20:48: Evaluating...
09/05/2026,03:20:48: 	Train Loss: 3431664.2500 (base: 449.9993, kd: 6862.4282), Elapsed: train 2.63 test 0.36 *
09/05/2026,03:20:48: 	Recall@10: 0.06846 Recall@20: 0.10250 NDCG@10: 0.04062 NDCG@20: 0.04992 
09/05/2026,03:20:48: 	Recall@10: 0.02706 Recall@20: 0.04461 NDCG@10: 0.01502 NDCG@20: 0.01976 
09/05/2026,03:20:48: Epoch [23/1000]
09/05/2026,03:20:48: Negative sampling...
09/05/2026,03:20:49: Model's personal time...
09/05/2026,03:20:49: Training...
09/05/2026,03:20:51: Evaluating...
09/05/2026,03:20:51: 	Train Loss: 3432651.7500 (base: 437.6528, kd: 6864.4277), Elapsed: train 2.79 test 0.59
09/05/2026,03:20:51: 	Recall@10: 0.06875 Recall@20: 0.10243 NDCG@10: 0.04072 NDCG@20: 0.04988 
09/05/2026,03:20:51: 	Recall@10: 0.02682 Recall@20: 0.04489 NDCG@10: 0.01498 NDCG@20: 0.01986 
09/05/2026,03:20:51: Epoch [24/1000]
09/05/2026,03:20:51: Negative sampling...
09/05/2026,03:20:53: Model's personal time...
09/05/2026,03:20:53: Training...
09/05/2026,03:20:54: Evaluating...
09/05/2026,03:20:55: 	Train Loss: 3433856.2500 (base: 425.1490, kd: 6866.8623), Elapsed: train 2.98 test 0.61
09/05/2026,03:20:55: 	Recall@10: 0.06916 Recall@20: 0.10147 NDCG@10: 0.04094 NDCG@20: 0.04977 
09/05/2026,03:20:55: 	Recall@10: 0.02692 Recall@20: 0.04419 NDCG@10: 0.01505 NDCG@20: 0.01970 
09/05/2026,03:20:55: Epoch [25/1000]
09/05/2026,03:20:55: Negative sampling...
09/05/2026,03:20:56: Model's personal time...
09/05/2026,03:20:56: Training...
09/05/2026,03:20:57: Evaluating...
09/05/2026,03:20:58: 	Train Loss: 3434812.7500 (base: 416.2288, kd: 6868.7920), Elapsed: train 2.45 test 0.37 *
09/05/2026,03:20:58: 	Recall@10: 0.06978 Recall@20: 0.10307 NDCG@10: 0.04115 NDCG@20: 0.05024 
09/05/2026,03:20:58: 	Recall@10: 0.02682 Recall@20: 0.04470 NDCG@10: 0.01511 NDCG@20: 0.01997 
09/05/2026,03:20:58: Epoch [26/1000]
09/05/2026,03:20:58: Negative sampling...
09/05/2026,03:20:59: Model's personal time...
09/05/2026,03:20:59: Training...
09/05/2026,03:21:00: Evaluating...
09/05/2026,03:21:01: 	Train Loss: 3436166.5000 (base: 406.7800, kd: 6871.5195), Elapsed: train 2.69 test 0.32
09/05/2026,03:21:01: 	Recall@10: 0.06953 Recall@20: 0.10236 NDCG@10: 0.04097 NDCG@20: 0.04992 
09/05/2026,03:21:01: 	Recall@10: 0.02690 Recall@20: 0.04395 NDCG@10: 0.01513 NDCG@20: 0.01980 
09/05/2026,03:21:01: Epoch [27/1000]
09/05/2026,03:21:01: Negative sampling...
09/05/2026,03:21:02: Model's personal time...
09/05/2026,03:21:02: Training...
09/05/2026,03:21:03: Evaluating...
09/05/2026,03:21:04: 	Train Loss: 3436642.7500 (base: 396.2077, kd: 6872.4937), Elapsed: train 2.60 test 0.31
09/05/2026,03:21:04: 	Recall@10: 0.06908 Recall@20: 0.10336 NDCG@10: 0.04080 NDCG@20: 0.05014 
09/05/2026,03:21:04: 	Recall@10: 0.02728 Recall@20: 0.04463 NDCG@10: 0.01527 NDCG@20: 0.01997 
09/05/2026,03:21:04: Epoch [28/1000]
09/05/2026,03:21:04: Negative sampling...
09/05/2026,03:21:05: Model's personal time...
09/05/2026,03:21:05: Training...
09/05/2026,03:21:06: Evaluating...
09/05/2026,03:21:07: 	Train Loss: 3438068.2500 (base: 386.8159, kd: 6875.3623), Elapsed: train 2.63 test 0.52
09/05/2026,03:21:07: 	Recall@10: 0.06972 Recall@20: 0.10253 NDCG@10: 0.04110 NDCG@20: 0.05003 
09/05/2026,03:21:07: 	Recall@10: 0.02753 Recall@20: 0.04560 NDCG@10: 0.01537 NDCG@20: 0.02023 
09/05/2026,03:21:07: Epoch [29/1000]
09/05/2026,03:21:07: Negative sampling...
09/05/2026,03:21:08: Model's personal time...
09/05/2026,03:21:08: Training...
09/05/2026,03:21:09: Evaluating...
09/05/2026,03:21:10: 	Train Loss: 3438233.0000 (base: 378.9017, kd: 6875.7085), Elapsed: train 2.56 test 0.38
09/05/2026,03:21:10: 	Recall@10: 0.06986 Recall@20: 0.10291 NDCG@10: 0.04109 NDCG@20: 0.05009 
09/05/2026,03:21:10: 	Recall@10: 0.02801 Recall@20: 0.04564 NDCG@10: 0.01564 NDCG@20: 0.02038 
09/05/2026,03:21:10: Epoch [30/1000]
09/05/2026,03:21:10: Negative sampling...
09/05/2026,03:21:11: Model's personal time...
09/05/2026,03:21:11: Training...
09/05/2026,03:21:13: Evaluating...
09/05/2026,03:21:13: 	Train Loss: 3438779.7500 (base: 371.2907, kd: 6876.8174), Elapsed: train 2.90 test 0.37 *
09/05/2026,03:21:13: 	Recall@10: 0.07003 Recall@20: 0.10275 NDCG@10: 0.04133 NDCG@20: 0.05027 
09/05/2026,03:21:13: 	Recall@10: 0.02747 Recall@20: 0.04528 NDCG@10: 0.01540 NDCG@20: 0.02023 
09/05/2026,03:21:13: Epoch [31/1000]
09/05/2026,03:21:13: Negative sampling...
09/05/2026,03:21:15: Model's personal time...
09/05/2026,03:21:15: Training...
09/05/2026,03:21:16: Evaluating...
09/05/2026,03:21:16: 	Train Loss: 3440227.2500 (base: 362.6187, kd: 6879.7290), Elapsed: train 2.69 test 0.48
09/05/2026,03:21:16: 	Recall@10: 0.06981 Recall@20: 0.10278 NDCG@10: 0.04117 NDCG@20: 0.05020 
09/05/2026,03:21:16: 	Recall@10: 0.02740 Recall@20: 0.04530 NDCG@10: 0.01543 NDCG@20: 0.02028 
09/05/2026,03:21:16: Epoch [32/1000]
09/05/2026,03:21:16: Negative sampling...
09/05/2026,03:21:18: Model's personal time...
09/05/2026,03:21:18: Training...
09/05/2026,03:21:19: Evaluating...
09/05/2026,03:21:19: 	Train Loss: 3440493.7500 (base: 354.3827, kd: 6880.2793), Elapsed: train 2.67 test 0.32
09/05/2026,03:21:19: 	Recall@10: 0.07027 Recall@20: 0.10271 NDCG@10: 0.04116 NDCG@20: 0.04996 
09/05/2026,03:21:19: 	Recall@10: 0.02747 Recall@20: 0.04537 NDCG@10: 0.01538 NDCG@20: 0.02023 
09/05/2026,03:21:19: Epoch [33/1000]
09/05/2026,03:21:19: Negative sampling...
09/05/2026,03:21:21: Model's personal time...
09/05/2026,03:21:21: Training...
09/05/2026,03:21:22: Evaluating...
09/05/2026,03:21:22: 	Train Loss: 3440964.5000 (base: 348.2358, kd: 6881.2324), Elapsed: train 2.47 test 0.30
09/05/2026,03:21:22: 	Recall@10: 0.06946 Recall@20: 0.10278 NDCG@10: 0.04100 NDCG@20: 0.05005 
09/05/2026,03:21:22: 	Recall@10: 0.02740 Recall@20: 0.04563 NDCG@10: 0.01538 NDCG@20: 0.02030 
09/05/2026,03:21:22: Epoch [34/1000]
09/05/2026,03:21:22: Negative sampling...
09/05/2026,03:21:23: Model's personal time...
09/05/2026,03:21:23: Training...
09/05/2026,03:21:25: Evaluating...
09/05/2026,03:21:25: 	Train Loss: 3442271.0000 (base: 341.3091, kd: 6883.8594), Elapsed: train 2.49 test 0.41
09/05/2026,03:21:25: 	Recall@10: 0.06997 Recall@20: 0.10279 NDCG@10: 0.04102 NDCG@20: 0.04994 
09/05/2026,03:21:25: 	Recall@10: 0.02750 Recall@20: 0.04533 NDCG@10: 0.01539 NDCG@20: 0.02020 
09/05/2026,03:21:25: Epoch [35/1000]
09/05/2026,03:21:25: Negative sampling...
09/05/2026,03:21:26: Model's personal time...
09/05/2026,03:21:26: Training...
09/05/2026,03:21:27: Evaluating...
09/05/2026,03:21:28: 	Train Loss: 3442708.2500 (base: 335.0086, kd: 6884.7466), Elapsed: train 2.57 test 0.33
09/05/2026,03:21:28: 	Recall@10: 0.06955 Recall@20: 0.10311 NDCG@10: 0.04095 NDCG@20: 0.05001 
09/05/2026,03:21:28: 	Recall@10: 0.02759 Recall@20: 0.04518 NDCG@10: 0.01543 NDCG@20: 0.02020 
09/05/2026,03:21:28: Epoch [36/1000]
09/05/2026,03:21:28: Negative sampling...
09/05/2026,03:21:29: Model's personal time...
09/05/2026,03:21:29: Training...
09/05/2026,03:21:30: Evaluating...
09/05/2026,03:21:31: 	Train Loss: 3443097.7500 (base: 328.3336, kd: 6885.5386), Elapsed: train 2.63 test 0.36
09/05/2026,03:21:31: 	Recall@10: 0.06885 Recall@20: 0.10324 NDCG@10: 0.04070 NDCG@20: 0.04999 
09/05/2026,03:21:31: 	Recall@10: 0.02750 Recall@20: 0.04513 NDCG@10: 0.01531 NDCG@20: 0.02008 
09/05/2026,03:21:31: Epoch [37/1000]
09/05/2026,03:21:31: Negative sampling...
09/05/2026,03:21:32: Model's personal time...
09/05/2026,03:21:32: Training...
09/05/2026,03:21:33: Evaluating...
09/05/2026,03:21:34: 	Train Loss: 3443949.2500 (base: 321.7953, kd: 6887.2549), Elapsed: train 2.65 test 0.45
09/05/2026,03:21:34: 	Recall@10: 0.06912 Recall@20: 0.10297 NDCG@10: 0.04075 NDCG@20: 0.04990 
09/05/2026,03:21:34: 	Recall@10: 0.02769 Recall@20: 0.04537 NDCG@10: 0.01538 NDCG@20: 0.02018 
09/05/2026,03:21:34: Epoch [38/1000]
09/05/2026,03:21:34: Negative sampling...
09/05/2026,03:21:35: Model's personal time...
09/05/2026,03:21:35: Training...
09/05/2026,03:21:36: Evaluating...
09/05/2026,03:21:37: 	Train Loss: 3444927.5000 (base: 316.3713, kd: 6889.2231), Elapsed: train 2.58 test 0.59
09/05/2026,03:21:37: 	Recall@10: 0.06850 Recall@20: 0.10290 NDCG@10: 0.04070 NDCG@20: 0.04998 
09/05/2026,03:21:37: 	Recall@10: 0.02759 Recall@20: 0.04513 NDCG@10: 0.01539 NDCG@20: 0.02014 
09/05/2026,03:21:37: Epoch [39/1000]
09/05/2026,03:21:37: Negative sampling...
09/05/2026,03:21:39: Model's personal time...
09/05/2026,03:21:39: Training...
09/05/2026,03:21:40: Evaluating...
09/05/2026,03:21:41: 	Train Loss: 3444278.2500 (base: 310.8055, kd: 6887.9346), Elapsed: train 3.08 test 0.42
09/05/2026,03:21:41: 	Recall@10: 0.06942 Recall@20: 0.10321 NDCG@10: 0.04094 NDCG@20: 0.05010 
09/05/2026,03:21:41: 	Recall@10: 0.02774 Recall@20: 0.04496 NDCG@10: 0.01543 NDCG@20: 0.02012 
09/05/2026,03:21:41: Epoch [40/1000]
09/05/2026,03:21:41: Negative sampling...
09/05/2026,03:21:42: Model's personal time...
09/05/2026,03:21:42: Training...
09/05/2026,03:21:43: Evaluating...
09/05/2026,03:21:44: 	Train Loss: 3445348.5000 (base: 305.8239, kd: 6890.0854), Elapsed: train 2.61 test 0.40
09/05/2026,03:21:44: 	Recall@10: 0.06913 Recall@20: 0.10262 NDCG@10: 0.04078 NDCG@20: 0.04987 
09/05/2026,03:21:44: 	Recall@10: 0.02778 Recall@20: 0.04484 NDCG@10: 0.01544 NDCG@20: 0.02010 
09/05/2026,03:21:44: Epoch [41/1000]
09/05/2026,03:21:44: Negative sampling...
09/05/2026,03:21:45: Model's personal time...
09/05/2026,03:21:45: Training...
09/05/2026,03:21:46: Evaluating...
09/05/2026,03:21:47: 	Train Loss: 3446115.2500 (base: 301.0771, kd: 6891.6274), Elapsed: train 2.32 test 0.94
09/05/2026,03:21:47: 	Recall@10: 0.06880 Recall@20: 0.10248 NDCG@10: 0.04064 NDCG@20: 0.04981 
09/05/2026,03:21:47: 	Recall@10: 0.02750 Recall@20: 0.04486 NDCG@10: 0.01536 NDCG@20: 0.02011 
09/05/2026,03:21:47: Epoch [42/1000]
09/05/2026,03:21:47: Negative sampling...
09/05/2026,03:21:48: Model's personal time...
09/05/2026,03:21:48: Training...
09/05/2026,03:21:49: Evaluating...
09/05/2026,03:21:50: 	Train Loss: 3445875.5000 (base: 295.5097, kd: 6891.1602), Elapsed: train 2.54 test 0.37
09/05/2026,03:21:50: 	Recall@10: 0.06914 Recall@20: 0.10315 NDCG@10: 0.04066 NDCG@20: 0.04991 
09/05/2026,03:21:50: 	Recall@10: 0.02778 Recall@20: 0.04451 NDCG@10: 0.01547 NDCG@20: 0.02007 
09/05/2026,03:21:50: Epoch [43/1000]
09/05/2026,03:21:50: Negative sampling...
09/05/2026,03:21:51: Model's personal time...
09/05/2026,03:21:51: Training...
09/05/2026,03:21:52: Evaluating...
09/05/2026,03:21:53: 	Train Loss: 3446779.2500 (base: 289.3754, kd: 6892.9810), Elapsed: train 2.61 test 0.59
09/05/2026,03:21:53: 	Recall@10: 0.06883 Recall@20: 0.10253 NDCG@10: 0.04056 NDCG@20: 0.04977 
09/05/2026,03:21:53: 	Recall@10: 0.02829 Recall@20: 0.04451 NDCG@10: 0.01570 NDCG@20: 0.02013 
09/05/2026,03:21:53: Epoch [44/1000]
09/05/2026,03:21:53: Negative sampling...
09/05/2026,03:21:54: Model's personal time...
09/05/2026,03:21:54: Training...
09/05/2026,03:21:56: Evaluating...
09/05/2026,03:21:56: 	Train Loss: 3447719.0000 (base: 283.7031, kd: 6894.8706), Elapsed: train 2.60 test 0.55
09/05/2026,03:21:56: 	Recall@10: 0.06849 Recall@20: 0.10354 NDCG@10: 0.04047 NDCG@20: 0.05002 
09/05/2026,03:21:56: 	Recall@10: 0.02826 Recall@20: 0.04451 NDCG@10: 0.01568 NDCG@20: 0.02012 
09/05/2026,03:21:56: Epoch [45/1000]
09/05/2026,03:21:56: Negative sampling...
09/05/2026,03:21:57: Model's personal time...
09/05/2026,03:21:58: Training...
09/05/2026,03:21:59: Evaluating...
09/05/2026,03:21:59: 	Train Loss: 3448676.2500 (base: 279.1969, kd: 6896.7944), Elapsed: train 2.55 test 0.58
09/05/2026,03:21:59: 	Recall@10: 0.06815 Recall@20: 0.10231 NDCG@10: 0.04035 NDCG@20: 0.04966 
09/05/2026,03:21:59: 	Recall@10: 0.02798 Recall@20: 0.04475 NDCG@10: 0.01559 NDCG@20: 0.02019 
09/05/2026,03:21:59: Epoch [46/1000]
09/05/2026,03:21:59: Negative sampling...
09/05/2026,03:22:01: Model's personal time...
09/05/2026,03:22:01: Training...
09/05/2026,03:22:02: Evaluating...
09/05/2026,03:22:02: 	Train Loss: 3447970.5000 (base: 273.4266, kd: 6895.3945), Elapsed: train 2.47 test 0.46
09/05/2026,03:22:02: 	Recall@10: 0.06867 Recall@20: 0.10266 NDCG@10: 0.04051 NDCG@20: 0.04973 
09/05/2026,03:22:02: 	Recall@10: 0.02810 Recall@20: 0.04451 NDCG@10: 0.01562 NDCG@20: 0.02010 
09/05/2026,03:22:02: Epoch [47/1000]
09/05/2026,03:22:02: Negative sampling...
09/05/2026,03:22:04: Model's personal time...
09/05/2026,03:22:04: Training...
09/05/2026,03:22:05: Evaluating...
09/05/2026,03:22:05: 	Train Loss: 3448435.7500 (base: 269.0287, kd: 6896.3335), Elapsed: train 2.47 test 0.34
09/05/2026,03:22:05: 	Recall@10: 0.06801 Recall@20: 0.10301 NDCG@10: 0.04034 NDCG@20: 0.04988 
09/05/2026,03:22:05: 	Recall@10: 0.02798 Recall@20: 0.04458 NDCG@10: 0.01560 NDCG@20: 0.02014 
09/05/2026,03:22:05: Epoch [48/1000]
09/05/2026,03:22:05: Negative sampling...
09/05/2026,03:22:06: Model's personal time...
09/05/2026,03:22:06: Training...
09/05/2026,03:22:08: Evaluating...
09/05/2026,03:22:08: 	Train Loss: 3448965.7500 (base: 263.9525, kd: 6897.4043), Elapsed: train 2.57 test 0.39
09/05/2026,03:22:08: 	Recall@10: 0.06815 Recall@20: 0.10302 NDCG@10: 0.04040 NDCG@20: 0.04991 
09/05/2026,03:22:08: 	Recall@10: 0.02759 Recall@20: 0.04459 NDCG@10: 0.01551 NDCG@20: 0.02016 
09/05/2026,03:22:08: Epoch [49/1000]
09/05/2026,03:22:08: Negative sampling...
09/05/2026,03:22:09: Model's personal time...
09/05/2026,03:22:09: Training...
09/05/2026,03:22:10: Evaluating...
09/05/2026,03:22:11: 	Train Loss: 3449091.7500 (base: 260.3047, kd: 6897.6631), Elapsed: train 2.37 test 0.36
09/05/2026,03:22:11: 	Recall@10: 0.06835 Recall@20: 0.10280 NDCG@10: 0.04046 NDCG@20: 0.04982 
09/05/2026,03:22:11: 	Recall@10: 0.02759 Recall@20: 0.04472 NDCG@10: 0.01550 NDCG@20: 0.02017 
09/05/2026,03:22:11: Epoch [50/1000]
09/05/2026,03:22:11: Negative sampling...
09/05/2026,03:22:12: Model's personal time...
09/05/2026,03:22:12: Training...
09/05/2026,03:22:13: Evaluating...
09/05/2026,03:22:14: 	Train Loss: 3449133.0000 (base: 255.9725, kd: 6897.7544), Elapsed: train 2.55 test 0.46
09/05/2026,03:22:14: 	Recall@10: 0.06694 Recall@20: 0.10269 NDCG@10: 0.03992 NDCG@20: 0.04967 
09/05/2026,03:22:14: 	Recall@10: 0.02731 Recall@20: 0.04453 NDCG@10: 0.01535 NDCG@20: 0.02006 
09/05/2026,03:22:14: Epoch [51/1000]
09/05/2026,03:22:14: Negative sampling...
09/05/2026,03:22:15: Model's personal time...
09/05/2026,03:22:15: Training...
09/05/2026,03:22:16: Evaluating...
09/05/2026,03:22:17: 	Train Loss: 3449140.5000 (base: 250.7348, kd: 6897.7793), Elapsed: train 2.52 test 0.46
09/05/2026,03:22:17: 	Recall@10: 0.06771 Recall@20: 0.10343 NDCG@10: 0.04027 NDCG@20: 0.04999 
09/05/2026,03:22:17: 	Recall@10: 0.02740 Recall@20: 0.04450 NDCG@10: 0.01541 NDCG@20: 0.02008 
09/05/2026,03:22:17: Epoch [52/1000]
09/05/2026,03:22:17: Negative sampling...
09/05/2026,03:22:18: Model's personal time...
09/05/2026,03:22:18: Training...
09/05/2026,03:22:19: Evaluating...
09/05/2026,03:22:20: 	Train Loss: 3449208.5000 (base: 246.5473, kd: 6897.9238), Elapsed: train 2.55 test 0.30
09/05/2026,03:22:20: 	Recall@10: 0.06735 Recall@20: 0.10292 NDCG@10: 0.04009 NDCG@20: 0.04983 
09/05/2026,03:22:20: 	Recall@10: 0.02731 Recall@20: 0.04443 NDCG@10: 0.01539 NDCG@20: 0.02009 
09/05/2026,03:22:20: Epoch [53/1000]
09/05/2026,03:22:20: Negative sampling...
09/05/2026,03:22:21: Model's personal time...
09/05/2026,03:22:21: Training...
09/05/2026,03:22:22: Evaluating...
09/05/2026,03:22:22: 	Train Loss: 3449182.2500 (base: 243.1063, kd: 6897.8789), Elapsed: train 2.58 test 0.31
09/05/2026,03:22:22: 	Recall@10: 0.06742 Recall@20: 0.10313 NDCG@10: 0.04017 NDCG@20: 0.04995 
09/05/2026,03:22:22: 	Recall@10: 0.02753 Recall@20: 0.04424 NDCG@10: 0.01546 NDCG@20: 0.02006 
09/05/2026,03:22:22: Epoch [54/1000]
09/05/2026,03:22:22: Negative sampling...
09/05/2026,03:22:24: Model's personal time...
09/05/2026,03:22:24: Training...
09/05/2026,03:22:25: Evaluating...
09/05/2026,03:22:26: 	Train Loss: 3449998.2500 (base: 239.5363, kd: 6899.5171), Elapsed: train 2.82 test 0.38
09/05/2026,03:22:26: 	Recall@10: 0.06765 Recall@20: 0.10299 NDCG@10: 0.04036 NDCG@20: 0.05004 
09/05/2026,03:22:26: 	Recall@10: 0.02755 Recall@20: 0.04409 NDCG@10: 0.01544 NDCG@20: 0.01998 
09/05/2026,03:22:26: Epoch [55/1000]
09/05/2026,03:22:26: Negative sampling...
09/05/2026,03:22:27: Model's personal time...
09/05/2026,03:22:27: Training...
09/05/2026,03:22:28: Evaluating...
09/05/2026,03:22:29: 	Train Loss: 3449916.2500 (base: 234.3588, kd: 6899.3643), Elapsed: train 2.75 test 0.43
09/05/2026,03:22:29: 	Recall@10: 0.06751 Recall@20: 0.10345 NDCG@10: 0.04017 NDCG@20: 0.04997 
09/05/2026,03:22:29: 	Recall@10: 0.02740 Recall@20: 0.04423 NDCG@10: 0.01540 NDCG@20: 0.02004 
09/05/2026,03:22:29: Epoch [56/1000]
09/05/2026,03:22:29: Negative sampling...
09/05/2026,03:22:30: Model's personal time...
09/05/2026,03:22:30: Training...
09/05/2026,03:22:31: Evaluating...
09/05/2026,03:22:32: 	Train Loss: 3450973.0000 (base: 230.0946, kd: 6901.4858), Elapsed: train 2.67 test 0.54
09/05/2026,03:22:32: 	Recall@10: 0.06831 Recall@20: 0.10327 NDCG@10: 0.04047 NDCG@20: 0.05004 
09/05/2026,03:22:32: 	Recall@10: 0.02727 Recall@20: 0.04404 NDCG@10: 0.01541 NDCG@20: 0.02003 
09/05/2026,03:22:32: Epoch [57/1000]
09/05/2026,03:22:32: Negative sampling...
09/05/2026,03:22:33: Model's personal time...
09/05/2026,03:22:33: Training...
09/05/2026,03:22:35: Evaluating...
09/05/2026,03:22:35: 	Train Loss: 3450566.5000 (base: 226.1485, kd: 6900.6812), Elapsed: train 2.53 test 0.42
09/05/2026,03:22:35: 	Recall@10: 0.06800 Recall@20: 0.10335 NDCG@10: 0.04028 NDCG@20: 0.04995 
09/05/2026,03:22:35: 	Recall@10: 0.02707 Recall@20: 0.04400 NDCG@10: 0.01533 NDCG@20: 0.02000 
09/05/2026,03:22:35: Epoch [58/1000]
09/05/2026,03:22:35: Negative sampling...
09/05/2026,03:22:36: Model's personal time...
09/05/2026,03:22:36: Training...
09/05/2026,03:22:38: Evaluating...
09/05/2026,03:22:38: 	Train Loss: 3450468.5000 (base: 222.0492, kd: 6900.4937), Elapsed: train 2.58 test 0.39
09/05/2026,03:22:38: 	Recall@10: 0.06784 Recall@20: 0.10291 NDCG@10: 0.04013 NDCG@20: 0.04974 
09/05/2026,03:22:38: 	Recall@10: 0.02746 Recall@20: 0.04362 NDCG@10: 0.01541 NDCG@20: 0.01988 
09/05/2026,03:22:38: Epoch [59/1000]
09/05/2026,03:22:38: Negative sampling...
09/05/2026,03:22:39: Model's personal time...
09/05/2026,03:22:39: Training...
09/05/2026,03:22:41: Evaluating...
09/05/2026,03:22:41: 	Train Loss: 3451592.7500 (base: 218.7392, kd: 6902.7480), Elapsed: train 2.59 test 0.40
09/05/2026,03:22:41: 	Recall@10: 0.06756 Recall@20: 0.10292 NDCG@10: 0.04026 NDCG@20: 0.04996 
09/05/2026,03:22:41: 	Recall@10: 0.02736 Recall@20: 0.04381 NDCG@10: 0.01540 NDCG@20: 0.01995 
09/05/2026,03:22:41: Epoch [60/1000]
09/05/2026,03:22:41: Negative sampling...
09/05/2026,03:22:42: Model's personal time...
09/05/2026,03:22:42: Training...
09/05/2026,03:22:44: Evaluating...
09/05/2026,03:22:44: 	Train Loss: 3451213.2500 (base: 215.1898, kd: 6901.9961), Elapsed: train 2.76 test 0.42
09/05/2026,03:22:44: 	Recall@10: 0.06760 Recall@20: 0.10292 NDCG@10: 0.04020 NDCG@20: 0.04988 
09/05/2026,03:22:44: 	Recall@10: 0.02720 Recall@20: 0.04334 NDCG@10: 0.01527 NDCG@20: 0.01976 
09/05/2026,03:22:44: ------------------------------
09/05/2026,03:22:44: valid Recall@10: 0.07003 Recall@20: 0.10275 NDCG@10: 0.04133 NDCG@20: 0.05027
09/05/2026,03:22:44: test Recall@10: 0.02747 Recall@20: 0.04528 NDCG@10: 0.01540 NDCG@20: 0.02023
