----------------------------------------TEACHER----------------------------------------
init_std                                 0.01
embedding_dim                            400
----------------------------------------TEACHER----------------------------------------
----------------------------------------STUDENT----------------------------------------
init_std                                 0.01
embedding_dim                            20
----------------------------------------STUDENT----------------------------------------
----------------------------------------ARGUMENTS----------------------------------------
run_all                                  False
seed                                     0
gpu_id                                   0
no_log                                   False
no_save                                  False
suffix                                   capacity_d20_k100_l50_seed0
verbose                                  False
ablation                                 False
task                                     rec
dataset                                  citeulike
batch_size                               2048
num_ns                                   1
neg_sampling_on_all                      False
T_backbone                               bpr
S_backbone                               bpr
model                                    rcekd
preload                                  False
postsave                                 False
train_teacher                            False
ckpt_interval                            -1
epochs                                   1000
lr                                       0.001
wd                                       1e-05
lmbda                                    500
srce_alpha                               1.0
srce_s                                   20.0
srce_eta                                 1.0
srce_Lu                                  20
srce_mode                                union
srce_kappa                               0.0
eval_period                              1
K_list                                   [10, 20]
early_stop_metric                        NDCG
early_stop_K                             20
early_stop_patience                      30
LOG_DIR                                  logs/
CONFIG_DIR                               configs/
DATA_DIR                                 data/
CKPT_DIR                                 checkpoints/
CRAFT_DIR                                crafts/
mkd_tau                                  1
mkd_K                                    100
mkd_L                                    50
mkd_T                                    10
mkd_mxK                                  200
mkd_beta                                 3
sample_rank                              False
----------------------------------------ARGUMENTS----------------------------------------
----------------------------------------Teacher----------------------------------------
09/05/2026,02:46:53: ------------------------------
09/05/2026,02:46:53: valid Recall@10: 0.06778 Recall@20: 0.10315 NDCG@10: 0.04052 NDCG@20: 0.05027
09/05/2026,02:46:53: test Recall@10: 0.02747 Recall@20: 0.04385 NDCG@10: 0.01551 NDCG@20: 0.02003
----------------------------------------------------------------------------------------
09/05/2026,02:46:53: Epoch [1/1000]
09/05/2026,02:46:53: Negative sampling...
09/05/2026,02:46:54: Model's personal time...
09/05/2026,02:46:54: Training...
09/05/2026,02:46:56: Evaluating...
09/05/2026,02:46:57: 	Train Loss: 5022636.0000 (base: 1391.3096, kd: 10042.4893), Elapsed: train 3.43 test 0.51 *
09/05/2026,02:46:57: 	Recall@10: 0.01858 Recall@20: 0.02634 NDCG@10: 0.01169 NDCG@20: 0.01367 
09/05/2026,02:46:57: 	Recall@10: 0.00836 Recall@20: 0.01262 NDCG@10: 0.00464 NDCG@20: 0.00576 
09/05/2026,02:46:57: Epoch [2/1000]
09/05/2026,02:46:57: Negative sampling...
09/05/2026,02:46:58: Model's personal time...
09/05/2026,02:46:58: Training...
09/05/2026,02:47:01: Evaluating...
09/05/2026,02:47:03: 	Train Loss: 4868906.5000 (base: 1383.8688, kd: 9735.0439), Elapsed: train 4.33 test 1.57 *
09/05/2026,02:47:03: 	Recall@10: 0.03230 Recall@20: 0.04975 NDCG@10: 0.01957 NDCG@20: 0.02418 
09/05/2026,02:47:03: 	Recall@10: 0.01225 Recall@20: 0.02151 NDCG@10: 0.00683 NDCG@20: 0.00935 
09/05/2026,02:47:03: Epoch [3/1000]
09/05/2026,02:47:03: Negative sampling...
09/05/2026,02:47:04: Model's personal time...
09/05/2026,02:47:04: Training...
09/05/2026,02:47:06: Evaluating...
09/05/2026,02:47:06: 	Train Loss: 4754081.5000 (base: 1366.7726, kd: 9505.4297), Elapsed: train 3.30 test 0.38 *
09/05/2026,02:47:06: 	Recall@10: 0.03462 Recall@20: 0.05364 NDCG@10: 0.02168 NDCG@20: 0.02681 
09/05/2026,02:47:06: 	Recall@10: 0.01312 Recall@20: 0.02321 NDCG@10: 0.00802 NDCG@20: 0.01081 
09/05/2026,02:47:06: Epoch [4/1000]
09/05/2026,02:47:06: Negative sampling...
09/05/2026,02:47:08: Model's personal time...
09/05/2026,02:47:08: Training...
09/05/2026,02:47:10: Evaluating...
09/05/2026,02:47:10: 	Train Loss: 4664341.0000 (base: 1345.2133, kd: 9325.9912), Elapsed: train 3.30 test 0.82 *
09/05/2026,02:47:10: 	Recall@10: 0.03900 Recall@20: 0.05710 NDCG@10: 0.02457 NDCG@20: 0.02954 
09/05/2026,02:47:10: 	Recall@10: 0.01410 Recall@20: 0.02498 NDCG@10: 0.00864 NDCG@20: 0.01167 
09/05/2026,02:47:10: Epoch [5/1000]
09/05/2026,02:47:10: Negative sampling...
09/05/2026,02:47:12: Model's personal time...
09/05/2026,02:47:12: Training...
09/05/2026,02:47:13: Evaluating...
09/05/2026,02:47:14: 	Train Loss: 4580363.0000 (base: 1316.3622, kd: 9158.0938), Elapsed: train 3.04 test 0.90 *
09/05/2026,02:47:14: 	Recall@10: 0.04096 Recall@20: 0.05757 NDCG@10: 0.02499 NDCG@20: 0.02956 
09/05/2026,02:47:14: 	Recall@10: 0.01564 Recall@20: 0.02537 NDCG@10: 0.00925 NDCG@20: 0.01193 
09/05/2026,02:47:14: Epoch [6/1000]
09/05/2026,02:47:14: Negative sampling...
09/05/2026,02:47:17: Model's personal time...
09/05/2026,02:47:17: Training...
09/05/2026,02:47:18: Evaluating...
09/05/2026,02:47:20: 	Train Loss: 4493052.5000 (base: 1279.5231, kd: 8983.5459), Elapsed: train 4.06 test 1.27 *
09/05/2026,02:47:20: 	Recall@10: 0.04118 Recall@20: 0.05919 NDCG@10: 0.02553 NDCG@20: 0.03048 
09/05/2026,02:47:20: 	Recall@10: 0.01536 Recall@20: 0.02553 NDCG@10: 0.00882 NDCG@20: 0.01162 
09/05/2026,02:47:20: Epoch [7/1000]
09/05/2026,02:47:20: Negative sampling...
09/05/2026,02:47:22: Model's personal time...
09/05/2026,02:47:22: Training...
09/05/2026,02:47:23: Evaluating...
09/05/2026,02:47:24: 	Train Loss: 4396197.0000 (base: 1235.3844, kd: 8789.9229), Elapsed: train 3.64 test 0.67 *
09/05/2026,02:47:24: 	Recall@10: 0.03928 Recall@20: 0.06113 NDCG@10: 0.02523 NDCG@20: 0.03116 
09/05/2026,02:47:24: 	Recall@10: 0.01551 Recall@20: 0.02517 NDCG@10: 0.00879 NDCG@20: 0.01147 
09/05/2026,02:47:24: Epoch [8/1000]
09/05/2026,02:47:24: Negative sampling...
09/05/2026,02:47:26: Model's personal time...
09/05/2026,02:47:26: Training...
09/05/2026,02:47:28: Evaluating...
09/05/2026,02:47:28: 	Train Loss: 4336808.5000 (base: 1186.6478, kd: 8671.2441), Elapsed: train 3.62 test 0.49 *
09/05/2026,02:47:28: 	Recall@10: 0.04402 Recall@20: 0.06309 NDCG@10: 0.02721 NDCG@20: 0.03242 
09/05/2026,02:47:28: 	Recall@10: 0.01650 Recall@20: 0.02677 NDCG@10: 0.00929 NDCG@20: 0.01216 
09/05/2026,02:47:28: Epoch [9/1000]
09/05/2026,02:47:28: Negative sampling...
09/05/2026,02:47:30: Model's personal time...
09/05/2026,02:47:30: Training...
09/05/2026,02:47:32: Evaluating...
09/05/2026,02:47:32: 	Train Loss: 4256912.0000 (base: 1133.1226, kd: 8511.5576), Elapsed: train 3.58 test 0.78 *
09/05/2026,02:47:32: 	Recall@10: 0.04449 Recall@20: 0.06525 NDCG@10: 0.02791 NDCG@20: 0.03358 
09/05/2026,02:47:32: 	Recall@10: 0.01660 Recall@20: 0.02778 NDCG@10: 0.00930 NDCG@20: 0.01240 
09/05/2026,02:47:32: Epoch [10/1000]
09/05/2026,02:47:32: Negative sampling...
09/05/2026,02:47:34: Model's personal time...
09/05/2026,02:47:34: Training...
09/05/2026,02:47:36: Evaluating...
09/05/2026,02:47:37: 	Train Loss: 4208935.0000 (base: 1079.1099, kd: 8415.7119), Elapsed: train 3.70 test 0.66 *
09/05/2026,02:47:37: 	Recall@10: 0.04693 Recall@20: 0.06765 NDCG@10: 0.02942 NDCG@20: 0.03504 
09/05/2026,02:47:37: 	Recall@10: 0.01771 Recall@20: 0.02890 NDCG@10: 0.00971 NDCG@20: 0.01282 
09/05/2026,02:47:37: Epoch [11/1000]
09/05/2026,02:47:37: Negative sampling...
09/05/2026,02:47:39: Model's personal time...
09/05/2026,02:47:39: Training...
09/05/2026,02:47:41: Evaluating...
09/05/2026,02:47:41: 	Train Loss: 4169960.0000 (base: 1024.3281, kd: 8337.8711), Elapsed: train 4.01 test 0.49 *
09/05/2026,02:47:41: 	Recall@10: 0.04798 Recall@20: 0.06801 NDCG@10: 0.03021 NDCG@20: 0.03568 
09/05/2026,02:47:41: 	Recall@10: 0.01831 Recall@20: 0.02950 NDCG@10: 0.01007 NDCG@20: 0.01316 
09/05/2026,02:47:41: Epoch [12/1000]
09/05/2026,02:47:41: Negative sampling...
09/05/2026,02:47:44: Model's personal time...
09/05/2026,02:47:44: Training...
09/05/2026,02:47:45: Evaluating...
09/05/2026,02:47:45: 	Train Loss: 4139591.0000 (base: 972.1797, kd: 8277.2373), Elapsed: train 3.59 test 0.46 *
09/05/2026,02:47:45: 	Recall@10: 0.04926 Recall@20: 0.07125 NDCG@10: 0.03084 NDCG@20: 0.03679 
09/05/2026,02:47:45: 	Recall@10: 0.01981 Recall@20: 0.03030 NDCG@10: 0.01072 NDCG@20: 0.01362 
09/05/2026,02:47:45: Epoch [13/1000]
09/05/2026,02:47:45: Negative sampling...
09/05/2026,02:47:47: Model's personal time...
09/05/2026,02:47:47: Training...
09/05/2026,02:47:49: Evaluating...
09/05/2026,02:47:49: 	Train Loss: 4114733.2500 (base: 923.2603, kd: 8227.6201), Elapsed: train 3.52 test 0.38 *
09/05/2026,02:47:49: 	Recall@10: 0.04990 Recall@20: 0.07185 NDCG@10: 0.03119 NDCG@20: 0.03719 
09/05/2026,02:47:49: 	Recall@10: 0.02003 Recall@20: 0.03020 NDCG@10: 0.01091 NDCG@20: 0.01369 
09/05/2026,02:47:49: Epoch [14/1000]
09/05/2026,02:47:49: Negative sampling...
09/05/2026,02:47:51: Model's personal time...
09/05/2026,02:47:51: Training...
09/05/2026,02:47:53: Evaluating...
09/05/2026,02:47:54: 	Train Loss: 4095056.2500 (base: 876.9404, kd: 8188.3589), Elapsed: train 3.92 test 0.45 *
09/05/2026,02:47:54: 	Recall@10: 0.05217 Recall@20: 0.07319 NDCG@10: 0.03208 NDCG@20: 0.03786 
09/05/2026,02:47:54: 	Recall@10: 0.02003 Recall@20: 0.03071 NDCG@10: 0.01087 NDCG@20: 0.01379 
09/05/2026,02:47:54: Epoch [15/1000]
09/05/2026,02:47:54: Negative sampling...
09/05/2026,02:47:55: Model's personal time...
09/05/2026,02:47:55: Training...
09/05/2026,02:47:57: Evaluating...
09/05/2026,02:47:58: 	Train Loss: 4078679.7500 (base: 833.5253, kd: 8155.6924), Elapsed: train 3.69 test 0.62 *
09/05/2026,02:47:58: 	Recall@10: 0.05323 Recall@20: 0.07494 NDCG@10: 0.03260 NDCG@20: 0.03854 
09/05/2026,02:47:58: 	Recall@10: 0.02093 Recall@20: 0.03200 NDCG@10: 0.01150 NDCG@20: 0.01453 
09/05/2026,02:47:58: Epoch [16/1000]
09/05/2026,02:47:58: Negative sampling...
09/05/2026,02:48:00: Model's personal time...
09/05/2026,02:48:00: Training...
09/05/2026,02:48:02: Evaluating...
09/05/2026,02:48:02: 	Train Loss: 4063602.2500 (base: 793.7955, kd: 8125.6172), Elapsed: train 3.87 test 0.51 *
09/05/2026,02:48:02: 	Recall@10: 0.05382 Recall@20: 0.07688 NDCG@10: 0.03252 NDCG@20: 0.03886 
09/05/2026,02:48:02: 	Recall@10: 0.02137 Recall@20: 0.03202 NDCG@10: 0.01205 NDCG@20: 0.01495 
09/05/2026,02:48:02: Epoch [17/1000]
09/05/2026,02:48:02: Negative sampling...
09/05/2026,02:48:04: Model's personal time...
09/05/2026,02:48:04: Training...
09/05/2026,02:48:06: Evaluating...
09/05/2026,02:48:07: 	Train Loss: 4051889.0000 (base: 757.2527, kd: 8102.2632), Elapsed: train 3.11 test 1.10 *
09/05/2026,02:48:07: 	Recall@10: 0.05361 Recall@20: 0.07726 NDCG@10: 0.03245 NDCG@20: 0.03898 
09/05/2026,02:48:07: 	Recall@10: 0.02156 Recall@20: 0.03247 NDCG@10: 0.01209 NDCG@20: 0.01506 
09/05/2026,02:48:07: Epoch [18/1000]
09/05/2026,02:48:07: Negative sampling...
09/05/2026,02:48:08: Model's personal time...
09/05/2026,02:48:08: Training...
09/05/2026,02:48:10: Evaluating...
09/05/2026,02:48:11: 	Train Loss: 4040367.2500 (base: 723.9735, kd: 8079.2876), Elapsed: train 3.33 test 0.75 *
09/05/2026,02:48:11: 	Recall@10: 0.05416 Recall@20: 0.07920 NDCG@10: 0.03265 NDCG@20: 0.03949 
09/05/2026,02:48:11: 	Recall@10: 0.02252 Recall@20: 0.03333 NDCG@10: 0.01254 NDCG@20: 0.01548 
09/05/2026,02:48:11: Epoch [19/1000]
09/05/2026,02:48:11: Negative sampling...
09/05/2026,02:48:13: Model's personal time...
09/05/2026,02:48:13: Training...
09/05/2026,02:48:14: Evaluating...
09/05/2026,02:48:15: 	Train Loss: 4031410.2500 (base: 691.0910, kd: 8061.4385), Elapsed: train 3.77 test 0.65 *
09/05/2026,02:48:15: 	Recall@10: 0.05471 Recall@20: 0.08005 NDCG@10: 0.03308 NDCG@20: 0.04001 
09/05/2026,02:48:15: 	Recall@10: 0.02182 Recall@20: 0.03386 NDCG@10: 0.01244 NDCG@20: 0.01572 
09/05/2026,02:48:15: Epoch [20/1000]
09/05/2026,02:48:15: Negative sampling...
09/05/2026,02:48:17: Model's personal time...
09/05/2026,02:48:17: Training...
09/05/2026,02:48:19: Evaluating...
09/05/2026,02:48:19: 	Train Loss: 4023190.7500 (base: 660.7365, kd: 8045.0596), Elapsed: train 3.46 test 0.61 *
09/05/2026,02:48:19: 	Recall@10: 0.05559 Recall@20: 0.08334 NDCG@10: 0.03349 NDCG@20: 0.04109 
09/05/2026,02:48:19: 	Recall@10: 0.02169 Recall@20: 0.03503 NDCG@10: 0.01253 NDCG@20: 0.01613 
09/05/2026,02:48:19: Epoch [21/1000]
09/05/2026,02:48:19: Negative sampling...
09/05/2026,02:48:21: Model's personal time...
09/05/2026,02:48:21: Training...
09/05/2026,02:48:23: Evaluating...
09/05/2026,02:48:24: 	Train Loss: 4014621.2500 (base: 632.4889, kd: 8027.9771), Elapsed: train 3.89 test 0.85 *
09/05/2026,02:48:24: 	Recall@10: 0.05632 Recall@20: 0.08343 NDCG@10: 0.03394 NDCG@20: 0.04132 
09/05/2026,02:48:24: 	Recall@10: 0.02179 Recall@20: 0.03480 NDCG@10: 0.01253 NDCG@20: 0.01611 
09/05/2026,02:48:24: Epoch [22/1000]
09/05/2026,02:48:24: Negative sampling...
09/05/2026,02:48:26: Model's personal time...
09/05/2026,02:48:26: Training...
09/05/2026,02:48:27: Evaluating...
09/05/2026,02:48:28: 	Train Loss: 4007177.7500 (base: 608.3157, kd: 8013.1382), Elapsed: train 3.42 test 0.75 *
09/05/2026,02:48:28: 	Recall@10: 0.05637 Recall@20: 0.08558 NDCG@10: 0.03423 NDCG@20: 0.04218 
09/05/2026,02:48:28: 	Recall@10: 0.02251 Recall@20: 0.03540 NDCG@10: 0.01271 NDCG@20: 0.01621 
09/05/2026,02:48:28: Epoch [23/1000]
09/05/2026,02:48:28: Negative sampling...
09/05/2026,02:48:30: Model's personal time...
09/05/2026,02:48:30: Training...
09/05/2026,02:48:32: Evaluating...
09/05/2026,02:48:32: 	Train Loss: 4002118.0000 (base: 584.7806, kd: 8003.0664), Elapsed: train 3.46 test 0.62 *
09/05/2026,02:48:32: 	Recall@10: 0.05706 Recall@20: 0.08636 NDCG@10: 0.03430 NDCG@20: 0.04229 
09/05/2026,02:48:32: 	Recall@10: 0.02290 Recall@20: 0.03652 NDCG@10: 0.01285 NDCG@20: 0.01654 
09/05/2026,02:48:32: Epoch [24/1000]
09/05/2026,02:48:32: Negative sampling...
09/05/2026,02:48:34: Model's personal time...
09/05/2026,02:48:34: Training...
09/05/2026,02:48:36: Evaluating...
09/05/2026,02:48:36: 	Train Loss: 3995217.5000 (base: 562.6586, kd: 7989.3096), Elapsed: train 3.43 test 0.49 *
09/05/2026,02:48:36: 	Recall@10: 0.05767 Recall@20: 0.08666 NDCG@10: 0.03469 NDCG@20: 0.04263 
09/05/2026,02:48:36: 	Recall@10: 0.02300 Recall@20: 0.03655 NDCG@10: 0.01299 NDCG@20: 0.01666 
09/05/2026,02:48:36: Epoch [25/1000]
09/05/2026,02:48:36: Negative sampling...
09/05/2026,02:48:38: Model's personal time...
09/05/2026,02:48:38: Training...
09/05/2026,02:48:39: Evaluating...
09/05/2026,02:48:40: 	Train Loss: 3990002.2500 (base: 543.3802, kd: 7978.9175), Elapsed: train 2.99 test 0.71 *
09/05/2026,02:48:40: 	Recall@10: 0.05904 Recall@20: 0.08840 NDCG@10: 0.03533 NDCG@20: 0.04334 
09/05/2026,02:48:40: 	Recall@10: 0.02338 Recall@20: 0.03665 NDCG@10: 0.01324 NDCG@20: 0.01686 
09/05/2026,02:48:40: Epoch [26/1000]
09/05/2026,02:48:40: Negative sampling...
09/05/2026,02:48:42: Model's personal time...
09/05/2026,02:48:42: Training...
09/05/2026,02:48:43: Evaluating...
09/05/2026,02:48:44: 	Train Loss: 3985679.0000 (base: 523.7701, kd: 7970.3105), Elapsed: train 3.51 test 0.64
09/05/2026,02:48:44: 	Recall@10: 0.05993 Recall@20: 0.08805 NDCG@10: 0.03562 NDCG@20: 0.04330 
09/05/2026,02:48:44: 	Recall@10: 0.02360 Recall@20: 0.03683 NDCG@10: 0.01332 NDCG@20: 0.01693 
09/05/2026,02:48:44: Epoch [27/1000]
09/05/2026,02:48:44: Negative sampling...
09/05/2026,02:48:46: Model's personal time...
09/05/2026,02:48:46: Training...
09/05/2026,02:48:48: Evaluating...
09/05/2026,02:48:48: 	Train Loss: 3981175.0000 (base: 505.6316, kd: 7961.3394), Elapsed: train 3.56 test 0.62
09/05/2026,02:48:48: 	Recall@10: 0.06052 Recall@20: 0.08757 NDCG@10: 0.03586 NDCG@20: 0.04329 
09/05/2026,02:48:48: 	Recall@10: 0.02386 Recall@20: 0.03711 NDCG@10: 0.01352 NDCG@20: 0.01714 
09/05/2026,02:48:48: Epoch [28/1000]
09/05/2026,02:48:48: Negative sampling...
09/05/2026,02:48:50: Model's personal time...
09/05/2026,02:48:50: Training...
09/05/2026,02:48:52: Evaluating...
09/05/2026,02:48:52: 	Train Loss: 3977236.2500 (base: 486.7368, kd: 7953.4985), Elapsed: train 3.49 test 0.51
09/05/2026,02:48:52: 	Recall@10: 0.06110 Recall@20: 0.08755 NDCG@10: 0.03606 NDCG@20: 0.04331 
09/05/2026,02:48:52: 	Recall@10: 0.02377 Recall@20: 0.03681 NDCG@10: 0.01363 NDCG@20: 0.01719 
09/05/2026,02:48:52: Epoch [29/1000]
09/05/2026,02:48:52: Negative sampling...
09/05/2026,02:48:54: Model's personal time...
09/05/2026,02:48:54: Training...
09/05/2026,02:48:56: Evaluating...
09/05/2026,02:48:56: 	Train Loss: 3973159.0000 (base: 472.9738, kd: 7945.3721), Elapsed: train 3.72 test 0.56 *
09/05/2026,02:48:56: 	Recall@10: 0.06255 Recall@20: 0.08828 NDCG@10: 0.03651 NDCG@20: 0.04370 
09/05/2026,02:48:56: 	Recall@10: 0.02393 Recall@20: 0.03700 NDCG@10: 0.01372 NDCG@20: 0.01729 
09/05/2026,02:48:56: Epoch [30/1000]
09/05/2026,02:48:56: Negative sampling...
09/05/2026,02:48:58: Model's personal time...
09/05/2026,02:48:58: Training...
09/05/2026,02:49:00: Evaluating...
09/05/2026,02:49:01: 	Train Loss: 3970423.5000 (base: 457.1596, kd: 7939.9321), Elapsed: train 3.57 test 0.68 *
09/05/2026,02:49:01: 	Recall@10: 0.06295 Recall@20: 0.08873 NDCG@10: 0.03680 NDCG@20: 0.04391 
09/05/2026,02:49:01: 	Recall@10: 0.02399 Recall@20: 0.03667 NDCG@10: 0.01368 NDCG@20: 0.01715 
09/05/2026,02:49:01: Epoch [31/1000]
09/05/2026,02:49:01: Negative sampling...
09/05/2026,02:49:03: Model's personal time...
09/05/2026,02:49:03: Training...
09/05/2026,02:49:04: Evaluating...
09/05/2026,02:49:05: 	Train Loss: 3965919.0000 (base: 443.1526, kd: 7930.9512), Elapsed: train 3.78 test 0.47 *
09/05/2026,02:49:05: 	Recall@10: 0.06239 Recall@20: 0.08980 NDCG@10: 0.03672 NDCG@20: 0.04425 
09/05/2026,02:49:05: 	Recall@10: 0.02354 Recall@20: 0.03705 NDCG@10: 0.01358 NDCG@20: 0.01728 
09/05/2026,02:49:05: Epoch [32/1000]
09/05/2026,02:49:05: Negative sampling...
09/05/2026,02:49:07: Model's personal time...
09/05/2026,02:49:07: Training...
09/05/2026,02:49:08: Evaluating...
09/05/2026,02:49:09: 	Train Loss: 3963431.0000 (base: 430.1917, kd: 7926.0020), Elapsed: train 3.27 test 0.66 *
09/05/2026,02:49:09: 	Recall@10: 0.06250 Recall@20: 0.09056 NDCG@10: 0.03702 NDCG@20: 0.04464 
09/05/2026,02:49:09: 	Recall@10: 0.02390 Recall@20: 0.03718 NDCG@10: 0.01367 NDCG@20: 0.01731 
09/05/2026,02:49:09: Epoch [33/1000]
09/05/2026,02:49:09: Negative sampling...
09/05/2026,02:49:11: Model's personal time...
09/05/2026,02:49:11: Training...
09/05/2026,02:49:12: Evaluating...
09/05/2026,02:49:13: 	Train Loss: 3959452.7500 (base: 415.6491, kd: 7918.0737), Elapsed: train 3.46 test 0.72 *
09/05/2026,02:49:13: 	Recall@10: 0.06204 Recall@20: 0.09011 NDCG@10: 0.03704 NDCG@20: 0.04473 
09/05/2026,02:49:13: 	Recall@10: 0.02415 Recall@20: 0.03716 NDCG@10: 0.01373 NDCG@20: 0.01730 
09/05/2026,02:49:13: Epoch [34/1000]
09/05/2026,02:49:13: Negative sampling...
09/05/2026,02:49:15: Model's personal time...
09/05/2026,02:49:15: Training...
09/05/2026,02:49:17: Evaluating...
09/05/2026,02:49:17: 	Train Loss: 3957797.7500 (base: 405.8036, kd: 7914.7842), Elapsed: train 3.82 test 0.63 *
09/05/2026,02:49:17: 	Recall@10: 0.06243 Recall@20: 0.09081 NDCG@10: 0.03727 NDCG@20: 0.04504 
09/05/2026,02:49:17: 	Recall@10: 0.02412 Recall@20: 0.03723 NDCG@10: 0.01369 NDCG@20: 0.01728 
09/05/2026,02:49:17: Epoch [35/1000]
09/05/2026,02:49:17: Negative sampling...
09/05/2026,02:49:20: Model's personal time...
09/05/2026,02:49:20: Training...
09/05/2026,02:49:22: Evaluating...
09/05/2026,02:49:22: 	Train Loss: 3955528.0000 (base: 393.6158, kd: 7910.2690), Elapsed: train 4.20 test 0.61
09/05/2026,02:49:22: 	Recall@10: 0.06218 Recall@20: 0.09042 NDCG@10: 0.03718 NDCG@20: 0.04495 
09/05/2026,02:49:22: 	Recall@10: 0.02444 Recall@20: 0.03766 NDCG@10: 0.01389 NDCG@20: 0.01752 
09/05/2026,02:49:22: Epoch [36/1000]
09/05/2026,02:49:22: Negative sampling...
09/05/2026,02:49:24: Model's personal time...
09/05/2026,02:49:24: Training...
09/05/2026,02:49:26: Evaluating...
09/05/2026,02:49:27: 	Train Loss: 3952340.7500 (base: 383.3702, kd: 7903.9155), Elapsed: train 3.84 test 0.52
09/05/2026,02:49:27: 	Recall@10: 0.06222 Recall@20: 0.09052 NDCG@10: 0.03719 NDCG@20: 0.04499 
09/05/2026,02:49:27: 	Recall@10: 0.02496 Recall@20: 0.03791 NDCG@10: 0.01411 NDCG@20: 0.01767 
09/05/2026,02:49:27: Epoch [37/1000]
09/05/2026,02:49:27: Negative sampling...
09/05/2026,02:49:28: Model's personal time...
09/05/2026,02:49:28: Training...
09/05/2026,02:49:30: Evaluating...
09/05/2026,02:49:31: 	Train Loss: 3949735.7500 (base: 372.8161, kd: 7898.7256), Elapsed: train 3.72 test 0.77 *
09/05/2026,02:49:31: 	Recall@10: 0.06313 Recall@20: 0.09046 NDCG@10: 0.03748 NDCG@20: 0.04504 
09/05/2026,02:49:31: 	Recall@10: 0.02457 Recall@20: 0.03883 NDCG@10: 0.01377 NDCG@20: 0.01768 
09/05/2026,02:49:31: Epoch [38/1000]
09/05/2026,02:49:31: Negative sampling...
09/05/2026,02:49:33: Model's personal time...
09/05/2026,02:49:33: Training...
09/05/2026,02:49:35: Evaluating...
09/05/2026,02:49:36: 	Train Loss: 3948366.2500 (base: 362.8331, kd: 7896.0073), Elapsed: train 3.82 test 1.02 *
09/05/2026,02:49:36: 	Recall@10: 0.06261 Recall@20: 0.09070 NDCG@10: 0.03743 NDCG@20: 0.04523 
09/05/2026,02:49:36: 	Recall@10: 0.02467 Recall@20: 0.03866 NDCG@10: 0.01390 NDCG@20: 0.01775 
09/05/2026,02:49:36: Epoch [39/1000]
09/05/2026,02:49:36: Negative sampling...
09/05/2026,02:49:38: Model's personal time...
09/05/2026,02:49:38: Training...
09/05/2026,02:49:39: Evaluating...
09/05/2026,02:49:41: 	Train Loss: 3946340.7500 (base: 356.1776, kd: 7891.9692), Elapsed: train 3.44 test 1.14 *
09/05/2026,02:49:41: 	Recall@10: 0.06353 Recall@20: 0.09052 NDCG@10: 0.03793 NDCG@20: 0.04533 
09/05/2026,02:49:41: 	Recall@10: 0.02526 Recall@20: 0.03943 NDCG@10: 0.01403 NDCG@20: 0.01789 
09/05/2026,02:49:41: Epoch [40/1000]
09/05/2026,02:49:41: Negative sampling...
09/05/2026,02:49:43: Model's personal time...
09/05/2026,02:49:43: Training...
09/05/2026,02:49:44: Evaluating...
09/05/2026,02:49:45: 	Train Loss: 3944624.5000 (base: 346.8418, kd: 7888.5562), Elapsed: train 3.80 test 1.01
09/05/2026,02:49:45: 	Recall@10: 0.06351 Recall@20: 0.09069 NDCG@10: 0.03768 NDCG@20: 0.04520 
09/05/2026,02:49:45: 	Recall@10: 0.02567 Recall@20: 0.03885 NDCG@10: 0.01419 NDCG@20: 0.01779 
09/05/2026,02:49:45: Epoch [41/1000]
09/05/2026,02:49:45: Negative sampling...
09/05/2026,02:49:47: Model's personal time...
09/05/2026,02:49:47: Training...
09/05/2026,02:49:49: Evaluating...
09/05/2026,02:49:49: 	Train Loss: 3942536.7500 (base: 338.3068, kd: 7884.3970), Elapsed: train 3.27 test 0.57 *
09/05/2026,02:49:49: 	Recall@10: 0.06327 Recall@20: 0.09092 NDCG@10: 0.03776 NDCG@20: 0.04535 
09/05/2026,02:49:49: 	Recall@10: 0.02488 Recall@20: 0.03943 NDCG@10: 0.01396 NDCG@20: 0.01792 
09/05/2026,02:49:49: Epoch [42/1000]
09/05/2026,02:49:49: Negative sampling...
09/05/2026,02:49:51: Model's personal time...
09/05/2026,02:49:51: Training...
09/05/2026,02:49:53: Evaluating...
09/05/2026,02:49:54: 	Train Loss: 3941276.0000 (base: 329.6575, kd: 7881.8926), Elapsed: train 3.94 test 0.48
09/05/2026,02:49:54: 	Recall@10: 0.06384 Recall@20: 0.09079 NDCG@10: 0.03783 NDCG@20: 0.04531 
09/05/2026,02:49:54: 	Recall@10: 0.02462 Recall@20: 0.04019 NDCG@10: 0.01392 NDCG@20: 0.01816 
09/05/2026,02:49:54: Epoch [43/1000]
09/05/2026,02:49:54: Negative sampling...
09/05/2026,02:49:56: Model's personal time...
09/05/2026,02:49:56: Training...
09/05/2026,02:49:57: Evaluating...
09/05/2026,02:49:58: 	Train Loss: 3939801.0000 (base: 323.4013, kd: 7878.9561), Elapsed: train 3.77 test 0.39
09/05/2026,02:49:58: 	Recall@10: 0.06350 Recall@20: 0.09022 NDCG@10: 0.03795 NDCG@20: 0.04534 
09/05/2026,02:49:58: 	Recall@10: 0.02515 Recall@20: 0.04015 NDCG@10: 0.01416 NDCG@20: 0.01820 
09/05/2026,02:49:58: Epoch [44/1000]
09/05/2026,02:49:58: Negative sampling...
09/05/2026,02:50:00: Model's personal time...
09/05/2026,02:50:00: Training...
09/05/2026,02:50:01: Evaluating...
09/05/2026,02:50:02: 	Train Loss: 3939207.7500 (base: 314.5612, kd: 7877.7861), Elapsed: train 3.67 test 0.89
09/05/2026,02:50:02: 	Recall@10: 0.06479 Recall@20: 0.09040 NDCG@10: 0.03824 NDCG@20: 0.04535 
09/05/2026,02:50:02: 	Recall@10: 0.02490 Recall@20: 0.03975 NDCG@10: 0.01415 NDCG@20: 0.01820 
09/05/2026,02:50:02: Epoch [45/1000]
09/05/2026,02:50:02: Negative sampling...
09/05/2026,02:50:05: Model's personal time...
09/05/2026,02:50:05: Training...
09/05/2026,02:50:06: Evaluating...
09/05/2026,02:50:07: 	Train Loss: 3937888.0000 (base: 309.4192, kd: 7875.1582), Elapsed: train 4.11 test 0.71 *
09/05/2026,02:50:07: 	Recall@10: 0.06453 Recall@20: 0.09060 NDCG@10: 0.03833 NDCG@20: 0.04549 
09/05/2026,02:50:07: 	Recall@10: 0.02470 Recall@20: 0.04066 NDCG@10: 0.01408 NDCG@20: 0.01840 
09/05/2026,02:50:07: Epoch [46/1000]
09/05/2026,02:50:07: Negative sampling...
09/05/2026,02:50:09: Model's personal time...
09/05/2026,02:50:09: Training...
09/05/2026,02:50:11: Evaluating...
09/05/2026,02:50:11: 	Train Loss: 3935338.2500 (base: 302.5316, kd: 7870.0718), Elapsed: train 3.32 test 0.82 *
09/05/2026,02:50:11: 	Recall@10: 0.06481 Recall@20: 0.09109 NDCG@10: 0.03824 NDCG@20: 0.04550 
09/05/2026,02:50:11: 	Recall@10: 0.02527 Recall@20: 0.04078 NDCG@10: 0.01419 NDCG@20: 0.01836 
09/05/2026,02:50:11: Epoch [47/1000]
09/05/2026,02:50:11: Negative sampling...
09/05/2026,02:50:13: Model's personal time...
09/05/2026,02:50:14: Training...
09/05/2026,02:50:15: Evaluating...
09/05/2026,02:50:16: 	Train Loss: 3933967.5000 (base: 296.1074, kd: 7867.3428), Elapsed: train 3.84 test 0.34 *
09/05/2026,02:50:16: 	Recall@10: 0.06487 Recall@20: 0.09169 NDCG@10: 0.03848 NDCG@20: 0.04578 
09/05/2026,02:50:16: 	Recall@10: 0.02518 Recall@20: 0.04105 NDCG@10: 0.01432 NDCG@20: 0.01862 
09/05/2026,02:50:16: Epoch [48/1000]
09/05/2026,02:50:16: Negative sampling...
09/05/2026,02:50:18: Model's personal time...
09/05/2026,02:50:18: Training...
09/05/2026,02:50:20: Evaluating...
09/05/2026,02:50:20: 	Train Loss: 3934109.2500 (base: 289.8354, kd: 7867.6387), Elapsed: train 4.16 test 0.41
09/05/2026,02:50:20: 	Recall@10: 0.06510 Recall@20: 0.09090 NDCG@10: 0.03863 NDCG@20: 0.04575 
09/05/2026,02:50:20: 	Recall@10: 0.02559 Recall@20: 0.04157 NDCG@10: 0.01440 NDCG@20: 0.01876 
09/05/2026,02:50:20: Epoch [49/1000]
09/05/2026,02:50:20: Negative sampling...
09/05/2026,02:50:22: Model's personal time...
09/05/2026,02:50:22: Training...
09/05/2026,02:50:24: Evaluating...
09/05/2026,02:50:25: 	Train Loss: 3931946.0000 (base: 284.4796, kd: 7863.3232), Elapsed: train 4.00 test 0.50 *
09/05/2026,02:50:25: 	Recall@10: 0.06422 Recall@20: 0.09162 NDCG@10: 0.03827 NDCG@20: 0.04586 
09/05/2026,02:50:25: 	Recall@10: 0.02547 Recall@20: 0.04109 NDCG@10: 0.01420 NDCG@20: 0.01848 
09/05/2026,02:50:25: Epoch [50/1000]
09/05/2026,02:50:25: Negative sampling...
09/05/2026,02:50:26: Model's personal time...
09/05/2026,02:50:26: Training...
09/05/2026,02:50:28: Evaluating...
09/05/2026,02:50:29: 	Train Loss: 3931725.0000 (base: 280.6935, kd: 7862.8882), Elapsed: train 3.48 test 0.61 *
09/05/2026,02:50:29: 	Recall@10: 0.06525 Recall@20: 0.09184 NDCG@10: 0.03873 NDCG@20: 0.04608 
09/05/2026,02:50:29: 	Recall@10: 0.02585 Recall@20: 0.04122 NDCG@10: 0.01446 NDCG@20: 0.01865 
09/05/2026,02:50:29: Epoch [51/1000]
09/05/2026,02:50:29: Negative sampling...
09/05/2026,02:50:30: Model's personal time...
09/05/2026,02:50:30: Training...
09/05/2026,02:50:32: Evaluating...
09/05/2026,02:50:33: 	Train Loss: 3930357.7500 (base: 274.8279, kd: 7860.1670), Elapsed: train 3.19 test 0.71 *
09/05/2026,02:50:33: 	Recall@10: 0.06443 Recall@20: 0.09225 NDCG@10: 0.03847 NDCG@20: 0.04618 
09/05/2026,02:50:33: 	Recall@10: 0.02582 Recall@20: 0.04134 NDCG@10: 0.01435 NDCG@20: 0.01861 
09/05/2026,02:50:33: Epoch [52/1000]
09/05/2026,02:50:33: Negative sampling...
09/05/2026,02:50:35: Model's personal time...
09/05/2026,02:50:35: Training...
09/05/2026,02:50:37: Evaluating...
09/05/2026,02:50:38: 	Train Loss: 3930176.0000 (base: 271.7705, kd: 7859.8086), Elapsed: train 4.17 test 0.93 *
09/05/2026,02:50:38: 	Recall@10: 0.06500 Recall@20: 0.09154 NDCG@10: 0.03889 NDCG@20: 0.04619 
09/05/2026,02:50:38: 	Recall@10: 0.02606 Recall@20: 0.04147 NDCG@10: 0.01449 NDCG@20: 0.01870 
09/05/2026,02:50:38: Epoch [53/1000]
09/05/2026,02:50:38: Negative sampling...
09/05/2026,02:50:39: Model's personal time...
09/05/2026,02:50:39: Training...
09/05/2026,02:50:41: Evaluating...
09/05/2026,02:50:42: 	Train Loss: 3929107.2500 (base: 266.4043, kd: 7857.6816), Elapsed: train 3.59 test 0.89 *
09/05/2026,02:50:42: 	Recall@10: 0.06512 Recall@20: 0.09223 NDCG@10: 0.03872 NDCG@20: 0.04628 
09/05/2026,02:50:42: 	Recall@10: 0.02596 Recall@20: 0.04160 NDCG@10: 0.01451 NDCG@20: 0.01879 
09/05/2026,02:50:42: Epoch [54/1000]
09/05/2026,02:50:42: Negative sampling...
09/05/2026,02:50:44: Model's personal time...
09/05/2026,02:50:44: Training...
09/05/2026,02:50:46: Evaluating...
09/05/2026,02:50:46: 	Train Loss: 3927427.2500 (base: 261.5910, kd: 7854.3315), Elapsed: train 3.71 test 0.54 *
09/05/2026,02:50:46: 	Recall@10: 0.06513 Recall@20: 0.09222 NDCG@10: 0.03902 NDCG@20: 0.04648 
09/05/2026,02:50:46: 	Recall@10: 0.02650 Recall@20: 0.04174 NDCG@10: 0.01474 NDCG@20: 0.01890 
09/05/2026,02:50:46: Epoch [55/1000]
09/05/2026,02:50:46: Negative sampling...
09/05/2026,02:50:48: Model's personal time...
09/05/2026,02:50:48: Training...
09/05/2026,02:50:50: Evaluating...
09/05/2026,02:50:51: 	Train Loss: 3927100.2500 (base: 255.7709, kd: 7853.6895), Elapsed: train 3.40 test 1.03
09/05/2026,02:50:51: 	Recall@10: 0.06533 Recall@20: 0.09179 NDCG@10: 0.03899 NDCG@20: 0.04632 
09/05/2026,02:50:51: 	Recall@10: 0.02673 Recall@20: 0.04178 NDCG@10: 0.01470 NDCG@20: 0.01880 
09/05/2026,02:50:51: Epoch [56/1000]
09/05/2026,02:50:51: Negative sampling...
09/05/2026,02:50:53: Model's personal time...
09/05/2026,02:50:53: Training...
09/05/2026,02:50:55: Evaluating...
09/05/2026,02:50:56: 	Train Loss: 3925120.5000 (base: 251.7531, kd: 7849.7373), Elapsed: train 4.24 test 0.91
09/05/2026,02:50:56: 	Recall@10: 0.06470 Recall@20: 0.09159 NDCG@10: 0.03878 NDCG@20: 0.04626 
09/05/2026,02:50:56: 	Recall@10: 0.02695 Recall@20: 0.04174 NDCG@10: 0.01478 NDCG@20: 0.01880 
09/05/2026,02:50:56: Epoch [57/1000]
09/05/2026,02:50:56: Negative sampling...
09/05/2026,02:50:58: Model's personal time...
09/05/2026,02:50:58: Training...
09/05/2026,02:50:59: Evaluating...
09/05/2026,02:51:00: 	Train Loss: 3924497.0000 (base: 248.2532, kd: 7848.4971), Elapsed: train 3.19 test 0.43 *
09/05/2026,02:51:00: 	Recall@10: 0.06543 Recall@20: 0.09355 NDCG@10: 0.03890 NDCG@20: 0.04664 
09/05/2026,02:51:00: 	Recall@10: 0.02689 Recall@20: 0.04187 NDCG@10: 0.01469 NDCG@20: 0.01874 
09/05/2026,02:51:00: Epoch [58/1000]
09/05/2026,02:51:00: Negative sampling...
09/05/2026,02:51:02: Model's personal time...
09/05/2026,02:51:02: Training...
09/05/2026,02:51:03: Evaluating...
09/05/2026,02:51:04: 	Train Loss: 3924721.0000 (base: 245.0972, kd: 7848.9521), Elapsed: train 3.74 test 0.48
09/05/2026,02:51:04: 	Recall@10: 0.06550 Recall@20: 0.09262 NDCG@10: 0.03903 NDCG@20: 0.04659 
09/05/2026,02:51:04: 	Recall@10: 0.02699 Recall@20: 0.04180 NDCG@10: 0.01490 NDCG@20: 0.01892 
09/05/2026,02:51:04: Epoch [59/1000]
09/05/2026,02:51:04: Negative sampling...
09/05/2026,02:51:06: Model's personal time...
09/05/2026,02:51:06: Training...
09/05/2026,02:51:08: Evaluating...
09/05/2026,02:51:08: 	Train Loss: 3923446.0000 (base: 240.9493, kd: 7846.4106), Elapsed: train 3.83 test 0.47
09/05/2026,02:51:08: 	Recall@10: 0.06519 Recall@20: 0.09285 NDCG@10: 0.03879 NDCG@20: 0.04645 
09/05/2026,02:51:08: 	Recall@10: 0.02705 Recall@20: 0.04127 NDCG@10: 0.01473 NDCG@20: 0.01858 
09/05/2026,02:51:08: Epoch [60/1000]
09/05/2026,02:51:08: Negative sampling...
09/05/2026,02:51:10: Model's personal time...
09/05/2026,02:51:10: Training...
09/05/2026,02:51:12: Evaluating...
09/05/2026,02:51:13: 	Train Loss: 3925258.7500 (base: 235.6400, kd: 7850.0464), Elapsed: train 4.01 test 0.48
09/05/2026,02:51:13: 	Recall@10: 0.06576 Recall@20: 0.09255 NDCG@10: 0.03906 NDCG@20: 0.04649 
09/05/2026,02:51:13: 	Recall@10: 0.02708 Recall@20: 0.04167 NDCG@10: 0.01488 NDCG@20: 0.01887 
09/05/2026,02:51:13: Epoch [61/1000]
09/05/2026,02:51:13: Negative sampling...
09/05/2026,02:51:14: Model's personal time...
09/05/2026,02:51:15: Training...
09/05/2026,02:51:17: Evaluating...
09/05/2026,02:51:17: 	Train Loss: 3922931.5000 (base: 231.6694, kd: 7845.4004), Elapsed: train 3.96 test 0.54 *
09/05/2026,02:51:17: 	Recall@10: 0.06523 Recall@20: 0.09429 NDCG@10: 0.03869 NDCG@20: 0.04667 
09/05/2026,02:51:17: 	Recall@10: 0.02711 Recall@20: 0.04165 NDCG@10: 0.01480 NDCG@20: 0.01875 
09/05/2026,02:51:17: Epoch [62/1000]
09/05/2026,02:51:17: Negative sampling...
09/05/2026,02:51:19: Model's personal time...
09/05/2026,02:51:19: Training...
09/05/2026,02:51:21: Evaluating...
09/05/2026,02:51:22: 	Train Loss: 3922829.0000 (base: 229.4873, kd: 7845.1987), Elapsed: train 3.91 test 0.50 *
09/05/2026,02:51:22: 	Recall@10: 0.06547 Recall@20: 0.09416 NDCG@10: 0.03903 NDCG@20: 0.04695 
09/05/2026,02:51:22: 	Recall@10: 0.02673 Recall@20: 0.04171 NDCG@10: 0.01475 NDCG@20: 0.01880 
09/05/2026,02:51:22: Epoch [63/1000]
09/05/2026,02:51:22: Negative sampling...
09/05/2026,02:51:23: Model's personal time...
09/05/2026,02:51:23: Training...
09/05/2026,02:51:25: Evaluating...
09/05/2026,02:51:25: 	Train Loss: 3922117.2500 (base: 227.5930, kd: 7843.7793), Elapsed: train 3.43 test 0.43
09/05/2026,02:51:25: 	Recall@10: 0.06565 Recall@20: 0.09316 NDCG@10: 0.03902 NDCG@20: 0.04662 
09/05/2026,02:51:25: 	Recall@10: 0.02663 Recall@20: 0.04165 NDCG@10: 0.01464 NDCG@20: 0.01872 
09/05/2026,02:51:25: Epoch [64/1000]
09/05/2026,02:51:25: Negative sampling...
09/05/2026,02:51:27: Model's personal time...
09/05/2026,02:51:27: Training...
09/05/2026,02:51:29: Evaluating...
09/05/2026,02:51:30: 	Train Loss: 3921421.7500 (base: 222.4057, kd: 7842.3984), Elapsed: train 3.85 test 0.59 *
09/05/2026,02:51:30: 	Recall@10: 0.06516 Recall@20: 0.09474 NDCG@10: 0.03902 NDCG@20: 0.04714 
09/05/2026,02:51:30: 	Recall@10: 0.02721 Recall@20: 0.04110 NDCG@10: 0.01480 NDCG@20: 0.01861 
09/05/2026,02:51:30: Epoch [65/1000]
09/05/2026,02:51:30: Negative sampling...
09/05/2026,02:51:32: Model's personal time...
09/05/2026,02:51:32: Training...
09/05/2026,02:51:33: Evaluating...
09/05/2026,02:51:34: 	Train Loss: 3919438.2500 (base: 218.9950, kd: 7838.4385), Elapsed: train 3.49 test 0.85 *
09/05/2026,02:51:34: 	Recall@10: 0.06554 Recall@20: 0.09538 NDCG@10: 0.03927 NDCG@20: 0.04741 
09/05/2026,02:51:34: 	Recall@10: 0.02719 Recall@20: 0.04088 NDCG@10: 0.01481 NDCG@20: 0.01857 
09/05/2026,02:51:34: Epoch [66/1000]
09/05/2026,02:51:34: Negative sampling...
09/05/2026,02:51:36: Model's personal time...
09/05/2026,02:51:36: Training...
09/05/2026,02:51:38: Evaluating...
09/05/2026,02:51:39: 	Train Loss: 3919849.0000 (base: 218.3482, kd: 7839.2612), Elapsed: train 3.86 test 0.53
09/05/2026,02:51:39: 	Recall@10: 0.06595 Recall@20: 0.09501 NDCG@10: 0.03907 NDCG@20: 0.04703 
09/05/2026,02:51:39: 	Recall@10: 0.02721 Recall@20: 0.04155 NDCG@10: 0.01480 NDCG@20: 0.01866 
09/05/2026,02:51:39: Epoch [67/1000]
09/05/2026,02:51:39: Negative sampling...
09/05/2026,02:51:41: Model's personal time...
09/05/2026,02:51:41: Training...
09/05/2026,02:51:42: Evaluating...
09/05/2026,02:51:43: 	Train Loss: 3919488.5000 (base: 214.5820, kd: 7838.5483), Elapsed: train 3.87 test 0.65 *
09/05/2026,02:51:43: 	Recall@10: 0.06654 Recall@20: 0.09604 NDCG@10: 0.03953 NDCG@20: 0.04755 
09/05/2026,02:51:43: 	Recall@10: 0.02681 Recall@20: 0.04123 NDCG@10: 0.01473 NDCG@20: 0.01868 
09/05/2026,02:51:43: Epoch [68/1000]
09/05/2026,02:51:43: Negative sampling...
09/05/2026,02:51:45: Model's personal time...
09/05/2026,02:51:45: Training...
09/05/2026,02:51:47: Evaluating...
09/05/2026,02:51:47: 	Train Loss: 3924001.5000 (base: 211.7592, kd: 7847.5796), Elapsed: train 3.52 test 0.74
09/05/2026,02:51:47: 	Recall@10: 0.06529 Recall@20: 0.09590 NDCG@10: 0.03904 NDCG@20: 0.04739 
09/05/2026,02:51:47: 	Recall@10: 0.02714 Recall@20: 0.04168 NDCG@10: 0.01488 NDCG@20: 0.01883 
09/05/2026,02:51:47: Epoch [69/1000]
09/05/2026,02:51:47: Negative sampling...
09/05/2026,02:51:49: Model's personal time...
09/05/2026,02:51:49: Training...
09/05/2026,02:51:51: Evaluating...
09/05/2026,02:51:52: 	Train Loss: 3922323.5000 (base: 208.7269, kd: 7844.2295), Elapsed: train 3.67 test 1.03
09/05/2026,02:51:52: 	Recall@10: 0.06612 Recall@20: 0.09531 NDCG@10: 0.03941 NDCG@20: 0.04741 
09/05/2026,02:51:52: 	Recall@10: 0.02781 Recall@20: 0.04273 NDCG@10: 0.01507 NDCG@20: 0.01909 
09/05/2026,02:51:52: Epoch [70/1000]
09/05/2026,02:51:52: Negative sampling...
09/05/2026,02:51:54: Model's personal time...
09/05/2026,02:51:54: Training...
09/05/2026,02:51:56: Evaluating...
09/05/2026,02:51:57: 	Train Loss: 3918054.7500 (base: 207.8717, kd: 7835.6938), Elapsed: train 3.53 test 1.66
09/05/2026,02:51:57: 	Recall@10: 0.06550 Recall@20: 0.09549 NDCG@10: 0.03916 NDCG@20: 0.04740 
09/05/2026,02:51:57: 	Recall@10: 0.02711 Recall@20: 0.04206 NDCG@10: 0.01488 NDCG@20: 0.01891 
09/05/2026,02:51:57: Epoch [71/1000]
09/05/2026,02:51:57: Negative sampling...
09/05/2026,02:51:59: Model's personal time...
09/05/2026,02:51:59: Training...
09/05/2026,02:52:01: Evaluating...
09/05/2026,02:52:02: 	Train Loss: 3917432.5000 (base: 205.2106, kd: 7834.4541), Elapsed: train 4.21 test 0.74
09/05/2026,02:52:02: 	Recall@10: 0.06568 Recall@20: 0.09543 NDCG@10: 0.03915 NDCG@20: 0.04733 
09/05/2026,02:52:02: 	Recall@10: 0.02724 Recall@20: 0.04278 NDCG@10: 0.01485 NDCG@20: 0.01904 
09/05/2026,02:52:02: Epoch [72/1000]
09/05/2026,02:52:02: Negative sampling...
09/05/2026,02:52:04: Model's personal time...
09/05/2026,02:52:04: Training...
09/05/2026,02:52:06: Evaluating...
09/05/2026,02:52:07: 	Train Loss: 3917131.0000 (base: 202.9763, kd: 7833.8555), Elapsed: train 4.26 test 0.61
09/05/2026,02:52:07: 	Recall@10: 0.06580 Recall@20: 0.09588 NDCG@10: 0.03917 NDCG@20: 0.04741 
09/05/2026,02:52:07: 	Recall@10: 0.02743 Recall@20: 0.04270 NDCG@10: 0.01489 NDCG@20: 0.01901 
09/05/2026,02:52:07: Epoch [73/1000]
09/05/2026,02:52:07: Negative sampling...
09/05/2026,02:52:09: Model's personal time...
09/05/2026,02:52:09: Training...
09/05/2026,02:52:11: Evaluating...
09/05/2026,02:52:11: 	Train Loss: 3916926.2500 (base: 198.8050, kd: 7833.4551), Elapsed: train 3.75 test 0.57
09/05/2026,02:52:11: 	Recall@10: 0.06486 Recall@20: 0.09626 NDCG@10: 0.03872 NDCG@20: 0.04738 
09/05/2026,02:52:11: 	Recall@10: 0.02724 Recall@20: 0.04315 NDCG@10: 0.01489 NDCG@20: 0.01919 
09/05/2026,02:52:11: Epoch [74/1000]
09/05/2026,02:52:11: Negative sampling...
09/05/2026,02:52:14: Model's personal time...
09/05/2026,02:52:14: Training...
09/05/2026,02:52:16: Evaluating...
09/05/2026,02:52:17: 	Train Loss: 3916480.5000 (base: 198.1428, kd: 7832.5649), Elapsed: train 4.64 test 0.63
09/05/2026,02:52:17: 	Recall@10: 0.06480 Recall@20: 0.09654 NDCG@10: 0.03880 NDCG@20: 0.04749 
09/05/2026,02:52:17: 	Recall@10: 0.02752 Recall@20: 0.04320 NDCG@10: 0.01496 NDCG@20: 0.01922 
09/05/2026,02:52:17: Epoch [75/1000]
09/05/2026,02:52:17: Negative sampling...
09/05/2026,02:52:19: Model's personal time...
09/05/2026,02:52:19: Training...
09/05/2026,02:52:20: Evaluating...
09/05/2026,02:52:21: 	Train Loss: 3915563.7500 (base: 194.5079, kd: 7830.7383), Elapsed: train 3.35 test 1.29
09/05/2026,02:52:21: 	Recall@10: 0.06496 Recall@20: 0.09684 NDCG@10: 0.03868 NDCG@20: 0.04741 
09/05/2026,02:52:21: 	Recall@10: 0.02781 Recall@20: 0.04299 NDCG@10: 0.01501 NDCG@20: 0.01912 
09/05/2026,02:52:21: Epoch [76/1000]
09/05/2026,02:52:21: Negative sampling...
09/05/2026,02:52:23: Model's personal time...
09/05/2026,02:52:23: Training...
09/05/2026,02:52:25: Evaluating...
09/05/2026,02:52:26: 	Train Loss: 3916551.0000 (base: 192.9070, kd: 7832.7168), Elapsed: train 3.65 test 0.60 *
09/05/2026,02:52:26: 	Recall@10: 0.06578 Recall@20: 0.09701 NDCG@10: 0.03911 NDCG@20: 0.04763 
09/05/2026,02:52:26: 	Recall@10: 0.02800 Recall@20: 0.04337 NDCG@10: 0.01496 NDCG@20: 0.01912 
09/05/2026,02:52:26: Epoch [77/1000]
09/05/2026,02:52:26: Negative sampling...
09/05/2026,02:52:28: Model's personal time...
09/05/2026,02:52:28: Training...
09/05/2026,02:52:29: Evaluating...
09/05/2026,02:52:30: 	Train Loss: 3916220.2500 (base: 193.1094, kd: 7832.0542), Elapsed: train 3.74 test 0.70
09/05/2026,02:52:30: 	Recall@10: 0.06545 Recall@20: 0.09657 NDCG@10: 0.03893 NDCG@20: 0.04743 
09/05/2026,02:52:30: 	Recall@10: 0.02705 Recall@20: 0.04281 NDCG@10: 0.01473 NDCG@20: 0.01904 
09/05/2026,02:52:30: Epoch [78/1000]
09/05/2026,02:52:30: Negative sampling...
09/05/2026,02:52:33: Model's personal time...
09/05/2026,02:52:33: Training...
09/05/2026,02:52:34: Evaluating...
09/05/2026,02:52:35: 	Train Loss: 3915231.5000 (base: 189.0548, kd: 7830.0854), Elapsed: train 4.39 test 1.10
09/05/2026,02:52:35: 	Recall@10: 0.06569 Recall@20: 0.09721 NDCG@10: 0.03902 NDCG@20: 0.04755 
09/05/2026,02:52:35: 	Recall@10: 0.02752 Recall@20: 0.04305 NDCG@10: 0.01483 NDCG@20: 0.01904 
09/05/2026,02:52:35: Epoch [79/1000]
09/05/2026,02:52:35: Negative sampling...
09/05/2026,02:52:37: Model's personal time...
09/05/2026,02:52:37: Training...
09/05/2026,02:52:39: Evaluating...
09/05/2026,02:52:39: 	Train Loss: 3915550.2500 (base: 188.4433, kd: 7830.7236), Elapsed: train 3.09 test 0.55
09/05/2026,02:52:39: 	Recall@10: 0.06586 Recall@20: 0.09680 NDCG@10: 0.03907 NDCG@20: 0.04752 
09/05/2026,02:52:39: 	Recall@10: 0.02762 Recall@20: 0.04320 NDCG@10: 0.01497 NDCG@20: 0.01917 
09/05/2026,02:52:39: Epoch [80/1000]
09/05/2026,02:52:39: Negative sampling...
09/05/2026,02:52:41: Model's personal time...
09/05/2026,02:52:41: Training...
09/05/2026,02:52:43: Evaluating...
09/05/2026,02:52:43: 	Train Loss: 3914384.5000 (base: 185.2393, kd: 7828.3984), Elapsed: train 3.44 test 0.60 *
09/05/2026,02:52:43: 	Recall@10: 0.06558 Recall@20: 0.09753 NDCG@10: 0.03900 NDCG@20: 0.04772 
09/05/2026,02:52:43: 	Recall@10: 0.02733 Recall@20: 0.04335 NDCG@10: 0.01476 NDCG@20: 0.01908 
09/05/2026,02:52:43: Epoch [81/1000]
09/05/2026,02:52:43: Negative sampling...
09/05/2026,02:52:45: Model's personal time...
09/05/2026,02:52:45: Training...
09/05/2026,02:52:47: Evaluating...
09/05/2026,02:52:47: 	Train Loss: 3914456.5000 (base: 182.0298, kd: 7828.5483), Elapsed: train 3.57 test 0.49 *
09/05/2026,02:52:47: 	Recall@10: 0.06547 Recall@20: 0.09748 NDCG@10: 0.03908 NDCG@20: 0.04779 
09/05/2026,02:52:47: 	Recall@10: 0.02730 Recall@20: 0.04322 NDCG@10: 0.01475 NDCG@20: 0.01904 
09/05/2026,02:52:47: Epoch [82/1000]
09/05/2026,02:52:47: Negative sampling...
09/05/2026,02:52:50: Model's personal time...
09/05/2026,02:52:50: Training...
09/05/2026,02:52:51: Evaluating...
09/05/2026,02:52:52: 	Train Loss: 3913634.2500 (base: 179.6098, kd: 7826.9092), Elapsed: train 3.67 test 0.90 *
09/05/2026,02:52:52: 	Recall@10: 0.06549 Recall@20: 0.09831 NDCG@10: 0.03897 NDCG@20: 0.04786 
09/05/2026,02:52:52: 	Recall@10: 0.02723 Recall@20: 0.04339 NDCG@10: 0.01473 NDCG@20: 0.01910 
09/05/2026,02:52:52: Epoch [83/1000]
09/05/2026,02:52:52: Negative sampling...
09/05/2026,02:52:54: Model's personal time...
09/05/2026,02:52:54: Training...
09/05/2026,02:52:56: Evaluating...
09/05/2026,02:52:56: 	Train Loss: 3913230.2500 (base: 181.4901, kd: 7826.0977), Elapsed: train 3.83 test 0.42
09/05/2026,02:52:56: 	Recall@10: 0.06492 Recall@20: 0.09706 NDCG@10: 0.03866 NDCG@20: 0.04749 
09/05/2026,02:52:56: 	Recall@10: 0.02730 Recall@20: 0.04363 NDCG@10: 0.01482 NDCG@20: 0.01921 
09/05/2026,02:52:56: Epoch [84/1000]
09/05/2026,02:52:56: Negative sampling...
09/05/2026,02:52:58: Model's personal time...
09/05/2026,02:52:58: Training...
09/05/2026,02:53:00: Evaluating...
09/05/2026,02:53:00: 	Train Loss: 3912724.2500 (base: 176.1185, kd: 7825.0957), Elapsed: train 3.86 test 0.54
09/05/2026,02:53:00: 	Recall@10: 0.06516 Recall@20: 0.09688 NDCG@10: 0.03868 NDCG@20: 0.04736 
09/05/2026,02:53:00: 	Recall@10: 0.02701 Recall@20: 0.04344 NDCG@10: 0.01474 NDCG@20: 0.01918 
09/05/2026,02:53:00: Epoch [85/1000]
09/05/2026,02:53:00: Negative sampling...
09/05/2026,02:53:03: Model's personal time...
09/05/2026,02:53:03: Training...
09/05/2026,02:53:04: Evaluating...
09/05/2026,02:53:04: 	Train Loss: 3912631.7500 (base: 177.1467, kd: 7824.9092), Elapsed: train 3.34 test 0.59
09/05/2026,02:53:04: 	Recall@10: 0.06646 Recall@20: 0.09769 NDCG@10: 0.03917 NDCG@20: 0.04763 
09/05/2026,02:53:04: 	Recall@10: 0.02692 Recall@20: 0.04347 NDCG@10: 0.01482 NDCG@20: 0.01929 
09/05/2026,02:53:04: Epoch [86/1000]
09/05/2026,02:53:04: Negative sampling...
09/05/2026,02:53:06: Model's personal time...
09/05/2026,02:53:06: Training...
09/05/2026,02:53:08: Evaluating...
09/05/2026,02:53:09: 	Train Loss: 3913224.7500 (base: 175.7879, kd: 7826.0981), Elapsed: train 3.70 test 0.53
09/05/2026,02:53:09: 	Recall@10: 0.06607 Recall@20: 0.09767 NDCG@10: 0.03905 NDCG@20: 0.04764 
09/05/2026,02:53:09: 	Recall@10: 0.02657 Recall@20: 0.04316 NDCG@10: 0.01483 NDCG@20: 0.01931 
09/05/2026,02:53:09: Epoch [87/1000]
09/05/2026,02:53:09: Negative sampling...
09/05/2026,02:53:11: Model's personal time...
09/05/2026,02:53:11: Training...
09/05/2026,02:53:12: Evaluating...
09/05/2026,02:53:13: 	Train Loss: 3911424.5000 (base: 173.4521, kd: 7822.5020), Elapsed: train 3.87 test 0.64
09/05/2026,02:53:13: 	Recall@10: 0.06626 Recall@20: 0.09712 NDCG@10: 0.03917 NDCG@20: 0.04762 
09/05/2026,02:53:13: 	Recall@10: 0.02749 Recall@20: 0.04354 NDCG@10: 0.01495 NDCG@20: 0.01929 
09/05/2026,02:53:13: Epoch [88/1000]
09/05/2026,02:53:13: Negative sampling...
09/05/2026,02:53:15: Model's personal time...
09/05/2026,02:53:15: Training...
09/05/2026,02:53:17: Evaluating...
09/05/2026,02:53:17: 	Train Loss: 3912753.2500 (base: 172.0794, kd: 7825.1626), Elapsed: train 3.83 test 0.47
09/05/2026,02:53:17: 	Recall@10: 0.06641 Recall@20: 0.09683 NDCG@10: 0.03905 NDCG@20: 0.04740 
09/05/2026,02:53:17: 	Recall@10: 0.02663 Recall@20: 0.04367 NDCG@10: 0.01468 NDCG@20: 0.01928 
09/05/2026,02:53:17: Epoch [89/1000]
09/05/2026,02:53:17: Negative sampling...
09/05/2026,02:53:20: Model's personal time...
09/05/2026,02:53:20: Training...
09/05/2026,02:53:21: Evaluating...
09/05/2026,02:53:22: 	Train Loss: 3912444.0000 (base: 168.8783, kd: 7824.5503), Elapsed: train 3.74 test 0.44 *
09/05/2026,02:53:22: 	Recall@10: 0.06605 Recall@20: 0.09816 NDCG@10: 0.03922 NDCG@20: 0.04800 
09/05/2026,02:53:22: 	Recall@10: 0.02682 Recall@20: 0.04367 NDCG@10: 0.01472 NDCG@20: 0.01928 
09/05/2026,02:53:22: Epoch [90/1000]
09/05/2026,02:53:22: Negative sampling...
09/05/2026,02:53:24: Model's personal time...
09/05/2026,02:53:24: Training...
09/05/2026,02:53:25: Evaluating...
09/05/2026,02:53:26: 	Train Loss: 3911337.0000 (base: 165.9648, kd: 7822.3418), Elapsed: train 3.47 test 0.63
09/05/2026,02:53:26: 	Recall@10: 0.06696 Recall@20: 0.09760 NDCG@10: 0.03936 NDCG@20: 0.04772 
09/05/2026,02:53:26: 	Recall@10: 0.02692 Recall@20: 0.04319 NDCG@10: 0.01477 NDCG@20: 0.01917 
09/05/2026,02:53:26: Epoch [91/1000]
09/05/2026,02:53:26: Negative sampling...
09/05/2026,02:53:28: Model's personal time...
09/05/2026,02:53:28: Training...
09/05/2026,02:53:30: Evaluating...
09/05/2026,02:53:31: 	Train Loss: 3914676.7500 (base: 167.0828, kd: 7829.0190), Elapsed: train 3.85 test 0.95
09/05/2026,02:53:31: 	Recall@10: 0.06602 Recall@20: 0.09800 NDCG@10: 0.03915 NDCG@20: 0.04796 
09/05/2026,02:53:31: 	Recall@10: 0.02708 Recall@20: 0.04316 NDCG@10: 0.01489 NDCG@20: 0.01925 
09/05/2026,02:53:31: Epoch [92/1000]
09/05/2026,02:53:31: Negative sampling...
09/05/2026,02:53:33: Model's personal time...
09/05/2026,02:53:33: Training...
09/05/2026,02:53:34: Evaluating...
09/05/2026,02:53:35: 	Train Loss: 3909839.5000 (base: 167.3595, kd: 7819.3442), Elapsed: train 3.65 test 0.50
09/05/2026,02:53:35: 	Recall@10: 0.06615 Recall@20: 0.09750 NDCG@10: 0.03925 NDCG@20: 0.04790 
09/05/2026,02:53:35: 	Recall@10: 0.02765 Recall@20: 0.04365 NDCG@10: 0.01499 NDCG@20: 0.01931 
09/05/2026,02:53:35: Epoch [93/1000]
09/05/2026,02:53:35: Negative sampling...
09/05/2026,02:53:37: Model's personal time...
09/05/2026,02:53:37: Training...
09/05/2026,02:53:39: Evaluating...
09/05/2026,02:53:39: 	Train Loss: 3910431.2500 (base: 160.0856, kd: 7820.5420), Elapsed: train 3.87 test 0.53 *
09/05/2026,02:53:39: 	Recall@10: 0.06648 Recall@20: 0.09824 NDCG@10: 0.03941 NDCG@20: 0.04808 
09/05/2026,02:53:39: 	Recall@10: 0.02759 Recall@20: 0.04354 NDCG@10: 0.01504 NDCG@20: 0.01935 
09/05/2026,02:53:39: Epoch [94/1000]
09/05/2026,02:53:39: Negative sampling...
09/05/2026,02:53:41: Model's personal time...
09/05/2026,02:53:41: Training...
09/05/2026,02:53:43: Evaluating...
09/05/2026,02:53:43: 	Train Loss: 3914954.7500 (base: 162.6108, kd: 7829.5840), Elapsed: train 3.51 test 0.54 *
09/05/2026,02:53:43: 	Recall@10: 0.06720 Recall@20: 0.09866 NDCG@10: 0.03976 NDCG@20: 0.04840 
09/05/2026,02:53:43: 	Recall@10: 0.02804 Recall@20: 0.04271 NDCG@10: 0.01532 NDCG@20: 0.01929 
09/05/2026,02:53:43: Epoch [95/1000]
09/05/2026,02:53:43: Negative sampling...
09/05/2026,02:53:45: Model's personal time...
09/05/2026,02:53:45: Training...
09/05/2026,02:53:47: Evaluating...
09/05/2026,02:53:47: 	Train Loss: 3911780.7500 (base: 161.7536, kd: 7823.2383), Elapsed: train 3.55 test 0.52
09/05/2026,02:53:47: 	Recall@10: 0.06672 Recall@20: 0.09854 NDCG@10: 0.03951 NDCG@20: 0.04824 
09/05/2026,02:53:47: 	Recall@10: 0.02691 Recall@20: 0.04284 NDCG@10: 0.01483 NDCG@20: 0.01920 
09/05/2026,02:53:47: Epoch [96/1000]
09/05/2026,02:53:47: Negative sampling...
09/05/2026,02:53:49: Model's personal time...
09/05/2026,02:53:49: Training...
09/05/2026,02:53:51: Evaluating...
09/05/2026,02:53:51: 	Train Loss: 3910346.2500 (base: 158.1277, kd: 7820.3760), Elapsed: train 3.30 test 0.41 *
09/05/2026,02:53:51: 	Recall@10: 0.06689 Recall@20: 0.09874 NDCG@10: 0.03980 NDCG@20: 0.04848 
09/05/2026,02:53:51: 	Recall@10: 0.02756 Recall@20: 0.04354 NDCG@10: 0.01509 NDCG@20: 0.01941 
09/05/2026,02:53:51: Epoch [97/1000]
09/05/2026,02:53:51: Negative sampling...
09/05/2026,02:53:53: Model's personal time...
09/05/2026,02:53:53: Training...
09/05/2026,02:53:54: Evaluating...
09/05/2026,02:53:55: 	Train Loss: 3909579.2500 (base: 157.0924, kd: 7818.8447), Elapsed: train 3.41 test 0.62 *
09/05/2026,02:53:55: 	Recall@10: 0.06689 Recall@20: 0.09886 NDCG@10: 0.03975 NDCG@20: 0.04855 
09/05/2026,02:53:55: 	Recall@10: 0.02794 Recall@20: 0.04338 NDCG@10: 0.01529 NDCG@20: 0.01947 
09/05/2026,02:53:55: Epoch [98/1000]
09/05/2026,02:53:55: Negative sampling...
09/05/2026,02:53:57: Model's personal time...
09/05/2026,02:53:57: Training...
09/05/2026,02:53:59: Evaluating...
09/05/2026,02:53:59: 	Train Loss: 3911392.0000 (base: 157.2563, kd: 7822.4692), Elapsed: train 3.77 test 0.37
09/05/2026,02:53:59: 	Recall@10: 0.06745 Recall@20: 0.09829 NDCG@10: 0.03978 NDCG@20: 0.04830 
09/05/2026,02:53:59: 	Recall@10: 0.02736 Recall@20: 0.04411 NDCG@10: 0.01505 NDCG@20: 0.01958 
09/05/2026,02:53:59: Epoch [99/1000]
09/05/2026,02:53:59: Negative sampling...
09/05/2026,02:54:01: Model's personal time...
09/05/2026,02:54:01: Training...
09/05/2026,02:54:02: Evaluating...
09/05/2026,02:54:03: 	Train Loss: 3914219.7500 (base: 156.1506, kd: 7828.1274), Elapsed: train 3.31 test 0.51
09/05/2026,02:54:03: 	Recall@10: 0.06735 Recall@20: 0.09793 NDCG@10: 0.03964 NDCG@20: 0.04814 
09/05/2026,02:54:03: 	Recall@10: 0.02713 Recall@20: 0.04376 NDCG@10: 0.01497 NDCG@20: 0.01948 
09/05/2026,02:54:03: Epoch [100/1000]
09/05/2026,02:54:03: Negative sampling...
09/05/2026,02:54:04: Model's personal time...
09/05/2026,02:54:04: Training...
09/05/2026,02:54:06: Evaluating...
09/05/2026,02:54:07: 	Train Loss: 3911227.2500 (base: 153.2181, kd: 7822.1489), Elapsed: train 3.37 test 0.56
09/05/2026,02:54:07: 	Recall@10: 0.06778 Recall@20: 0.09783 NDCG@10: 0.03994 NDCG@20: 0.04825 
09/05/2026,02:54:07: 	Recall@10: 0.02746 Recall@20: 0.04328 NDCG@10: 0.01519 NDCG@20: 0.01950 
09/05/2026,02:54:07: Epoch [101/1000]
09/05/2026,02:54:07: Negative sampling...
09/05/2026,02:54:08: Model's personal time...
09/05/2026,02:54:08: Training...
09/05/2026,02:54:11: Evaluating...
09/05/2026,02:54:11: 	Train Loss: 3910526.5000 (base: 151.5625, kd: 7820.7490), Elapsed: train 3.70 test 0.44
09/05/2026,02:54:11: 	Recall@10: 0.06796 Recall@20: 0.09837 NDCG@10: 0.04004 NDCG@20: 0.04838 
09/05/2026,02:54:11: 	Recall@10: 0.02703 Recall@20: 0.04338 NDCG@10: 0.01502 NDCG@20: 0.01948 
09/05/2026,02:54:11: Epoch [102/1000]
09/05/2026,02:54:11: Negative sampling...
09/05/2026,02:54:13: Model's personal time...
09/05/2026,02:54:13: Training...
09/05/2026,02:54:14: Evaluating...
09/05/2026,02:54:15: 	Train Loss: 3909368.0000 (base: 152.2736, kd: 7818.4312), Elapsed: train 3.38 test 0.44
09/05/2026,02:54:15: 	Recall@10: 0.06755 Recall@20: 0.09862 NDCG@10: 0.03967 NDCG@20: 0.04824 
09/05/2026,02:54:15: 	Recall@10: 0.02732 Recall@20: 0.04367 NDCG@10: 0.01501 NDCG@20: 0.01945 
09/05/2026,02:54:15: Epoch [103/1000]
09/05/2026,02:54:15: Negative sampling...
09/05/2026,02:54:16: Model's personal time...
09/05/2026,02:54:16: Training...
09/05/2026,02:54:18: Evaluating...
09/05/2026,02:54:18: 	Train Loss: 3913778.7500 (base: 150.7475, kd: 7827.2563), Elapsed: train 3.17 test 0.44 *
09/05/2026,02:54:18: 	Recall@10: 0.06802 Recall@20: 0.09882 NDCG@10: 0.04009 NDCG@20: 0.04857 
09/05/2026,02:54:18: 	Recall@10: 0.02655 Recall@20: 0.04345 NDCG@10: 0.01482 NDCG@20: 0.01942 
09/05/2026,02:54:18: Epoch [104/1000]
09/05/2026,02:54:18: Negative sampling...
09/05/2026,02:54:20: Model's personal time...
09/05/2026,02:54:20: Training...
09/05/2026,02:54:22: Evaluating...
09/05/2026,02:54:22: 	Train Loss: 3908043.7500 (base: 149.0702, kd: 7815.7900), Elapsed: train 3.31 test 0.54
09/05/2026,02:54:22: 	Recall@10: 0.06727 Recall@20: 0.09873 NDCG@10: 0.03965 NDCG@20: 0.04827 
09/05/2026,02:54:22: 	Recall@10: 0.02770 Recall@20: 0.04348 NDCG@10: 0.01509 NDCG@20: 0.01937 
09/05/2026,02:54:22: Epoch [105/1000]
09/05/2026,02:54:22: Negative sampling...
09/05/2026,02:54:24: Model's personal time...
09/05/2026,02:54:24: Training...
09/05/2026,02:54:26: Evaluating...
09/05/2026,02:54:26: 	Train Loss: 3909539.5000 (base: 147.4982, kd: 7818.7842), Elapsed: train 3.58 test 0.55
09/05/2026,02:54:26: 	Recall@10: 0.06837 Recall@20: 0.09832 NDCG@10: 0.04017 NDCG@20: 0.04843 
09/05/2026,02:54:26: 	Recall@10: 0.02732 Recall@20: 0.04403 NDCG@10: 0.01503 NDCG@20: 0.01957 
09/05/2026,02:54:26: Epoch [106/1000]
09/05/2026,02:54:26: Negative sampling...
09/05/2026,02:54:28: Model's personal time...
09/05/2026,02:54:28: Training...
09/05/2026,02:54:29: Evaluating...
09/05/2026,02:54:30: 	Train Loss: 3908766.0000 (base: 149.1879, kd: 7817.2334), Elapsed: train 3.01 test 0.48
09/05/2026,02:54:30: 	Recall@10: 0.06847 Recall@20: 0.09856 NDCG@10: 0.04008 NDCG@20: 0.04838 
09/05/2026,02:54:30: 	Recall@10: 0.02713 Recall@20: 0.04405 NDCG@10: 0.01493 NDCG@20: 0.01952 
09/05/2026,02:54:30: Epoch [107/1000]
09/05/2026,02:54:30: Negative sampling...
09/05/2026,02:54:31: Model's personal time...
09/05/2026,02:54:31: Training...
09/05/2026,02:54:33: Evaluating...
09/05/2026,02:54:34: 	Train Loss: 3910344.0000 (base: 145.7605, kd: 7820.3965), Elapsed: train 3.26 test 0.52
09/05/2026,02:54:34: 	Recall@10: 0.06727 Recall@20: 0.09810 NDCG@10: 0.03992 NDCG@20: 0.04843 
09/05/2026,02:54:34: 	Recall@10: 0.02719 Recall@20: 0.04393 NDCG@10: 0.01489 NDCG@20: 0.01945 
09/05/2026,02:54:34: Epoch [108/1000]
09/05/2026,02:54:34: Negative sampling...
09/05/2026,02:54:35: Model's personal time...
09/05/2026,02:54:35: Training...
09/05/2026,02:54:37: Evaluating...
09/05/2026,02:54:37: 	Train Loss: 3909967.5000 (base: 143.7084, kd: 7819.6479), Elapsed: train 3.25 test 0.39
09/05/2026,02:54:37: 	Recall@10: 0.06727 Recall@20: 0.09755 NDCG@10: 0.03966 NDCG@20: 0.04799 
09/05/2026,02:54:37: 	Recall@10: 0.02716 Recall@20: 0.04405 NDCG@10: 0.01497 NDCG@20: 0.01955 
09/05/2026,02:54:37: Epoch [109/1000]
09/05/2026,02:54:37: Negative sampling...
09/05/2026,02:54:39: Model's personal time...
09/05/2026,02:54:39: Training...
09/05/2026,02:54:41: Evaluating...
09/05/2026,02:54:41: 	Train Loss: 3910549.2500 (base: 144.8773, kd: 7820.8086), Elapsed: train 3.43 test 0.55
09/05/2026,02:54:41: 	Recall@10: 0.06717 Recall@20: 0.09829 NDCG@10: 0.03972 NDCG@20: 0.04834 
09/05/2026,02:54:41: 	Recall@10: 0.02735 Recall@20: 0.04349 NDCG@10: 0.01501 NDCG@20: 0.01941 
09/05/2026,02:54:41: Epoch [110/1000]
09/05/2026,02:54:41: Negative sampling...
09/05/2026,02:54:43: Model's personal time...
09/05/2026,02:54:43: Training...
09/05/2026,02:54:44: Evaluating...
09/05/2026,02:54:45: 	Train Loss: 3907692.7500 (base: 144.3981, kd: 7815.0967), Elapsed: train 3.12 test 0.58
09/05/2026,02:54:45: 	Recall@10: 0.06657 Recall@20: 0.09773 NDCG@10: 0.03929 NDCG@20: 0.04793 
09/05/2026,02:54:45: 	Recall@10: 0.02722 Recall@20: 0.04431 NDCG@10: 0.01515 NDCG@20: 0.01976 
09/05/2026,02:54:45: Epoch [111/1000]
09/05/2026,02:54:45: Negative sampling...
09/05/2026,02:54:47: Model's personal time...
09/05/2026,02:54:47: Training...
09/05/2026,02:54:49: Evaluating...
09/05/2026,02:54:49: 	Train Loss: 3908000.5000 (base: 144.0599, kd: 7815.7129), Elapsed: train 3.65 test 0.51
09/05/2026,02:54:49: 	Recall@10: 0.06697 Recall@20: 0.09860 NDCG@10: 0.03944 NDCG@20: 0.04820 
09/05/2026,02:54:49: 	Recall@10: 0.02688 Recall@20: 0.04301 NDCG@10: 0.01486 NDCG@20: 0.01928 
09/05/2026,02:54:49: Epoch [112/1000]
09/05/2026,02:54:49: Negative sampling...
09/05/2026,02:54:51: Model's personal time...
09/05/2026,02:54:51: Training...
09/05/2026,02:54:53: Evaluating...
09/05/2026,02:54:53: 	Train Loss: 3912984.0000 (base: 142.5903, kd: 7825.6821), Elapsed: train 3.50 test 0.54
09/05/2026,02:54:53: 	Recall@10: 0.06686 Recall@20: 0.09838 NDCG@10: 0.03963 NDCG@20: 0.04825 
09/05/2026,02:54:53: 	Recall@10: 0.02658 Recall@20: 0.04318 NDCG@10: 0.01484 NDCG@20: 0.01939 
09/05/2026,02:54:53: Epoch [113/1000]
09/05/2026,02:54:53: Negative sampling...
09/05/2026,02:54:55: Model's personal time...
09/05/2026,02:54:55: Training...
09/05/2026,02:54:56: Evaluating...
09/05/2026,02:54:57: 	Train Loss: 3907363.2500 (base: 139.1607, kd: 7814.4482), Elapsed: train 3.14 test 0.41
09/05/2026,02:54:57: 	Recall@10: 0.06691 Recall@20: 0.09776 NDCG@10: 0.03969 NDCG@20: 0.04827 
09/05/2026,02:54:57: 	Recall@10: 0.02722 Recall@20: 0.04333 NDCG@10: 0.01501 NDCG@20: 0.01943 
09/05/2026,02:54:57: Epoch [114/1000]
09/05/2026,02:54:57: Negative sampling...
09/05/2026,02:54:58: Model's personal time...
09/05/2026,02:54:58: Training...
09/05/2026,02:55:00: Evaluating...
09/05/2026,02:55:00: 	Train Loss: 3908709.7500 (base: 139.4307, kd: 7817.1401), Elapsed: train 2.96 test 0.55
09/05/2026,02:55:00: 	Recall@10: 0.06679 Recall@20: 0.09883 NDCG@10: 0.03955 NDCG@20: 0.04830 
09/05/2026,02:55:00: 	Recall@10: 0.02670 Recall@20: 0.04367 NDCG@10: 0.01472 NDCG@20: 0.01938 
09/05/2026,02:55:00: Epoch [115/1000]
09/05/2026,02:55:00: Negative sampling...
09/05/2026,02:55:02: Model's personal time...
09/05/2026,02:55:02: Training...
09/05/2026,02:55:04: Evaluating...
09/05/2026,02:55:04: 	Train Loss: 3907659.0000 (base: 140.9529, kd: 7815.0366), Elapsed: train 3.45 test 0.51
09/05/2026,02:55:04: 	Recall@10: 0.06724 Recall@20: 0.09813 NDCG@10: 0.03974 NDCG@20: 0.04827 
09/05/2026,02:55:04: 	Recall@10: 0.02664 Recall@20: 0.04382 NDCG@10: 0.01484 NDCG@20: 0.01954 
09/05/2026,02:55:04: Epoch [116/1000]
09/05/2026,02:55:04: Negative sampling...
09/05/2026,02:55:06: Model's personal time...
09/05/2026,02:55:06: Training...
09/05/2026,02:55:08: Evaluating...
09/05/2026,02:55:08: 	Train Loss: 3914114.5000 (base: 136.0448, kd: 7827.9570), Elapsed: train 3.39 test 0.53
09/05/2026,02:55:08: 	Recall@10: 0.06648 Recall@20: 0.09732 NDCG@10: 0.03921 NDCG@20: 0.04776 
09/05/2026,02:55:08: 	Recall@10: 0.02722 Recall@20: 0.04338 NDCG@10: 0.01514 NDCG@20: 0.01956 
09/05/2026,02:55:08: Epoch [117/1000]
09/05/2026,02:55:08: Negative sampling...
09/05/2026,02:55:10: Model's personal time...
09/05/2026,02:55:10: Training...
09/05/2026,02:55:12: Evaluating...
09/05/2026,02:55:12: 	Train Loss: 3912800.0000 (base: 137.2151, kd: 7825.3257), Elapsed: train 3.44 test 0.58
09/05/2026,02:55:12: 	Recall@10: 0.06687 Recall@20: 0.09763 NDCG@10: 0.03940 NDCG@20: 0.04786 
09/05/2026,02:55:12: 	Recall@10: 0.02722 Recall@20: 0.04301 NDCG@10: 0.01503 NDCG@20: 0.01935 
09/05/2026,02:55:12: Epoch [118/1000]
09/05/2026,02:55:12: Negative sampling...
09/05/2026,02:55:14: Model's personal time...
09/05/2026,02:55:14: Training...
09/05/2026,02:55:15: Evaluating...
09/05/2026,02:55:16: 	Train Loss: 3909184.2500 (base: 136.2652, kd: 7818.0962), Elapsed: train 3.15 test 0.49
09/05/2026,02:55:16: 	Recall@10: 0.06695 Recall@20: 0.09817 NDCG@10: 0.03964 NDCG@20: 0.04820 
09/05/2026,02:55:16: 	Recall@10: 0.02717 Recall@20: 0.04259 NDCG@10: 0.01497 NDCG@20: 0.01922 
09/05/2026,02:55:16: Epoch [119/1000]
09/05/2026,02:55:16: Negative sampling...
09/05/2026,02:55:17: Model's personal time...
09/05/2026,02:55:17: Training...
09/05/2026,02:55:19: Evaluating...
09/05/2026,02:55:19: 	Train Loss: 3907379.7500 (base: 134.9087, kd: 7814.4897), Elapsed: train 3.07 test 0.42
09/05/2026,02:55:19: 	Recall@10: 0.06626 Recall@20: 0.09810 NDCG@10: 0.03915 NDCG@20: 0.04793 
09/05/2026,02:55:19: 	Recall@10: 0.02722 Recall@20: 0.04312 NDCG@10: 0.01517 NDCG@20: 0.01952 
09/05/2026,02:55:19: Epoch [120/1000]
09/05/2026,02:55:19: Negative sampling...
09/05/2026,02:55:21: Model's personal time...
09/05/2026,02:55:21: Training...
09/05/2026,02:55:22: Evaluating...
09/05/2026,02:55:23: 	Train Loss: 3912998.5000 (base: 132.3032, kd: 7825.7324), Elapsed: train 2.98 test 0.41
09/05/2026,02:55:23: 	Recall@10: 0.06686 Recall@20: 0.09773 NDCG@10: 0.03956 NDCG@20: 0.04809 
09/05/2026,02:55:23: 	Recall@10: 0.02720 Recall@20: 0.04309 NDCG@10: 0.01519 NDCG@20: 0.01957 
09/05/2026,02:55:23: Epoch [121/1000]
09/05/2026,02:55:23: Negative sampling...
09/05/2026,02:55:24: Model's personal time...
09/05/2026,02:55:24: Training...
09/05/2026,02:55:26: Evaluating...
09/05/2026,02:55:26: 	Train Loss: 3907316.7500 (base: 132.4593, kd: 7814.3691), Elapsed: train 2.90 test 0.68
09/05/2026,02:55:26: 	Recall@10: 0.06695 Recall@20: 0.09759 NDCG@10: 0.03965 NDCG@20: 0.04816 
09/05/2026,02:55:26: 	Recall@10: 0.02725 Recall@20: 0.04305 NDCG@10: 0.01525 NDCG@20: 0.01957 
09/05/2026,02:55:26: Epoch [122/1000]
09/05/2026,02:55:26: Negative sampling...
09/05/2026,02:55:28: Model's personal time...
09/05/2026,02:55:28: Training...
09/05/2026,02:55:29: Evaluating...
09/05/2026,02:55:30: 	Train Loss: 3908389.2500 (base: 133.1554, kd: 7816.5117), Elapsed: train 2.99 test 0.37
09/05/2026,02:55:30: 	Recall@10: 0.06693 Recall@20: 0.09696 NDCG@10: 0.03969 NDCG@20: 0.04800 
09/05/2026,02:55:30: 	Recall@10: 0.02730 Recall@20: 0.04291 NDCG@10: 0.01522 NDCG@20: 0.01950 
09/05/2026,02:55:30: Epoch [123/1000]
09/05/2026,02:55:30: Negative sampling...
09/05/2026,02:55:31: Model's personal time...
09/05/2026,02:55:31: Training...
09/05/2026,02:55:33: Evaluating...
09/05/2026,02:55:33: 	Train Loss: 3907526.5000 (base: 132.9866, kd: 7814.7866), Elapsed: train 3.18 test 0.51
09/05/2026,02:55:33: 	Recall@10: 0.06737 Recall@20: 0.09787 NDCG@10: 0.03989 NDCG@20: 0.04835 
09/05/2026,02:55:33: 	Recall@10: 0.02697 Recall@20: 0.04375 NDCG@10: 0.01516 NDCG@20: 0.01975 
09/05/2026,02:55:33: Epoch [124/1000]
09/05/2026,02:55:33: Negative sampling...
09/05/2026,02:55:35: Model's personal time...
09/05/2026,02:55:35: Training...
09/05/2026,02:55:37: Evaluating...
09/05/2026,02:55:38: 	Train Loss: 3908783.0000 (base: 131.1696, kd: 7817.3042), Elapsed: train 3.35 test 0.94
09/05/2026,02:55:38: 	Recall@10: 0.06733 Recall@20: 0.09801 NDCG@10: 0.03982 NDCG@20: 0.04831 
09/05/2026,02:55:38: 	Recall@10: 0.02696 Recall@20: 0.04350 NDCG@10: 0.01517 NDCG@20: 0.01971 
09/05/2026,02:55:38: Epoch [125/1000]
09/05/2026,02:55:38: Negative sampling...
09/05/2026,02:55:39: Model's personal time...
09/05/2026,02:55:39: Training...
09/05/2026,02:55:41: Evaluating...
09/05/2026,02:55:41: 	Train Loss: 3907029.7500 (base: 130.1263, kd: 7813.8003), Elapsed: train 3.10 test 0.46
09/05/2026,02:55:41: 	Recall@10: 0.06784 Recall@20: 0.09696 NDCG@10: 0.04004 NDCG@20: 0.04811 
09/05/2026,02:55:41: 	Recall@10: 0.02725 Recall@20: 0.04365 NDCG@10: 0.01522 NDCG@20: 0.01970 
09/05/2026,02:55:41: Epoch [126/1000]
09/05/2026,02:55:41: Negative sampling...
09/05/2026,02:55:43: Model's personal time...
09/05/2026,02:55:43: Training...
09/05/2026,02:55:44: Evaluating...
09/05/2026,02:55:45: 	Train Loss: 3905673.0000 (base: 129.2461, kd: 7811.0879), Elapsed: train 2.95 test 0.42
09/05/2026,02:55:45: 	Recall@10: 0.06723 Recall@20: 0.09773 NDCG@10: 0.03991 NDCG@20: 0.04834 
09/05/2026,02:55:45: 	Recall@10: 0.02735 Recall@20: 0.04293 NDCG@10: 0.01512 NDCG@20: 0.01941 
09/05/2026,02:55:45: Epoch [127/1000]
09/05/2026,02:55:45: Negative sampling...
09/05/2026,02:55:46: Model's personal time...
09/05/2026,02:55:46: Training...
09/05/2026,02:55:48: Evaluating...
09/05/2026,02:55:49: 	Train Loss: 3909075.5000 (base: 130.0297, kd: 7817.8906), Elapsed: train 3.58 test 0.66
09/05/2026,02:55:49: 	Recall@10: 0.06691 Recall@20: 0.09827 NDCG@10: 0.03963 NDCG@20: 0.04823 
09/05/2026,02:55:49: 	Recall@10: 0.02730 Recall@20: 0.04369 NDCG@10: 0.01527 NDCG@20: 0.01979 
09/05/2026,02:55:49: Epoch [128/1000]
09/05/2026,02:55:49: Negative sampling...
09/05/2026,02:55:50: Model's personal time...
09/05/2026,02:55:50: Training...
09/05/2026,02:55:52: Evaluating...
09/05/2026,02:55:53: 	Train Loss: 3909977.0000 (base: 127.3383, kd: 7819.6992), Elapsed: train 3.50 test 0.47
09/05/2026,02:55:53: 	Recall@10: 0.06633 Recall@20: 0.09830 NDCG@10: 0.03955 NDCG@20: 0.04839 
09/05/2026,02:55:53: 	Recall@10: 0.02706 Recall@20: 0.04308 NDCG@10: 0.01525 NDCG@20: 0.01966 
09/05/2026,02:55:53: Epoch [129/1000]
09/05/2026,02:55:53: Negative sampling...
09/05/2026,02:55:54: Model's personal time...
09/05/2026,02:55:54: Training...
09/05/2026,02:55:56: Evaluating...
09/05/2026,02:55:56: 	Train Loss: 3908586.7500 (base: 128.7981, kd: 7816.9155), Elapsed: train 3.07 test 0.59
09/05/2026,02:55:56: 	Recall@10: 0.06696 Recall@20: 0.09770 NDCG@10: 0.03980 NDCG@20: 0.04829 
09/05/2026,02:55:56: 	Recall@10: 0.02666 Recall@20: 0.04356 NDCG@10: 0.01513 NDCG@20: 0.01980 
09/05/2026,02:55:56: Epoch [130/1000]
09/05/2026,02:55:56: Negative sampling...
09/05/2026,02:55:58: Model's personal time...
09/05/2026,02:55:58: Training...
09/05/2026,02:55:59: Evaluating...
09/05/2026,02:56:00: 	Train Loss: 3906506.7500 (base: 126.0124, kd: 7812.7612), Elapsed: train 3.02 test 0.54
09/05/2026,02:56:00: 	Recall@10: 0.06608 Recall@20: 0.09826 NDCG@10: 0.03961 NDCG@20: 0.04849 
09/05/2026,02:56:00: 	Recall@10: 0.02707 Recall@20: 0.04316 NDCG@10: 0.01519 NDCG@20: 0.01959 
09/05/2026,02:56:00: Epoch [131/1000]
09/05/2026,02:56:00: Negative sampling...
09/05/2026,02:56:02: Model's personal time...
09/05/2026,02:56:02: Training...
09/05/2026,02:56:03: Evaluating...
09/05/2026,02:56:04: 	Train Loss: 3908018.7500 (base: 125.4122, kd: 7815.7866), Elapsed: train 3.09 test 0.53
09/05/2026,02:56:04: 	Recall@10: 0.06656 Recall@20: 0.09671 NDCG@10: 0.03953 NDCG@20: 0.04786 
09/05/2026,02:56:04: 	Recall@10: 0.02720 Recall@20: 0.04331 NDCG@10: 0.01502 NDCG@20: 0.01946 
09/05/2026,02:56:04: Epoch [132/1000]
09/05/2026,02:56:04: Negative sampling...
09/05/2026,02:56:05: Model's personal time...
09/05/2026,02:56:05: Training...
09/05/2026,02:56:07: Evaluating...
09/05/2026,02:56:07: 	Train Loss: 3910211.2500 (base: 125.1002, kd: 7820.1719), Elapsed: train 3.14 test 0.38
09/05/2026,02:56:07: 	Recall@10: 0.06583 Recall@20: 0.09773 NDCG@10: 0.03930 NDCG@20: 0.04811 
09/05/2026,02:56:07: 	Recall@10: 0.02717 Recall@20: 0.04314 NDCG@10: 0.01509 NDCG@20: 0.01950 
09/05/2026,02:56:07: Epoch [133/1000]
09/05/2026,02:56:07: Negative sampling...
09/05/2026,02:56:09: Model's personal time...
09/05/2026,02:56:09: Training...
09/05/2026,02:56:10: Evaluating...
09/05/2026,02:56:11: 	Train Loss: 3907191.0000 (base: 126.0092, kd: 7814.1299), Elapsed: train 2.96 test 0.48
09/05/2026,02:56:11: 	Recall@10: 0.06619 Recall@20: 0.09753 NDCG@10: 0.03934 NDCG@20: 0.04798 
09/05/2026,02:56:11: 	Recall@10: 0.02725 Recall@20: 0.04312 NDCG@10: 0.01512 NDCG@20: 0.01949 
09/05/2026,02:56:11: ------------------------------
09/05/2026,02:56:11: valid Recall@10: 0.06802 Recall@20: 0.09882 NDCG@10: 0.04009 NDCG@20: 0.04857
09/05/2026,02:56:11: test Recall@10: 0.02655 Recall@20: 0.04345 NDCG@10: 0.01482 NDCG@20: 0.01942
