----------------------------------------TEACHER----------------------------------------
init_std                                 0.01
embedding_dim                            400
----------------------------------------TEACHER----------------------------------------
----------------------------------------STUDENT----------------------------------------
init_std                                 0.01
embedding_dim                            80
----------------------------------------STUDENT----------------------------------------
----------------------------------------ARGUMENTS----------------------------------------
run_all                                  False
seed                                     0
gpu_id                                   0
no_log                                   False
no_save                                  False
suffix                                   capacity_d80_k100_l50_seed0
verbose                                  False
ablation                                 False
task                                     rec
dataset                                  citeulike
batch_size                               2048
num_ns                                   1
neg_sampling_on_all                      False
T_backbone                               bpr
S_backbone                               bpr
model                                    rcekd
preload                                  False
postsave                                 False
train_teacher                            False
ckpt_interval                            -1
epochs                                   1000
lr                                       0.001
wd                                       1e-05
lmbda                                    500
srce_alpha                               1.0
srce_s                                   20.0
srce_eta                                 1.0
srce_Lu                                  20
srce_mode                                union
srce_kappa                               0.0
eval_period                              1
K_list                                   [10, 20]
early_stop_metric                        NDCG
early_stop_K                             20
early_stop_patience                      30
LOG_DIR                                  logs/
CONFIG_DIR                               configs/
DATA_DIR                                 data/
CKPT_DIR                                 checkpoints/
CRAFT_DIR                                crafts/
mkd_tau                                  1
mkd_K                                    100
mkd_L                                    50
mkd_T                                    10
mkd_mxK                                  200
mkd_beta                                 3
sample_rank                              False
----------------------------------------ARGUMENTS----------------------------------------
----------------------------------------Teacher----------------------------------------
09/05/2026,02:47:20: ------------------------------
09/05/2026,02:47:20: valid Recall@10: 0.06778 Recall@20: 0.10315 NDCG@10: 0.04052 NDCG@20: 0.05027
09/05/2026,02:47:20: test Recall@10: 0.02747 Recall@20: 0.04385 NDCG@10: 0.01551 NDCG@20: 0.02003
----------------------------------------------------------------------------------------
09/05/2026,02:47:20: Epoch [1/1000]
09/05/2026,02:47:20: Negative sampling...
09/05/2026,02:47:22: Model's personal time...
09/05/2026,02:47:22: Training...
09/05/2026,02:47:24: Evaluating...
09/05/2026,02:47:25: 	Train Loss: 5008243.5000 (base: 1388.4727, kd: 10013.7090), Elapsed: train 4.06 test 0.83 *
09/05/2026,02:47:25: 	Recall@10: 0.03432 Recall@20: 0.05206 NDCG@10: 0.02113 NDCG@20: 0.02591 
09/05/2026,02:47:25: 	Recall@10: 0.01350 Recall@20: 0.02155 NDCG@10: 0.00815 NDCG@20: 0.01037 
09/05/2026,02:47:25: Epoch [2/1000]
09/05/2026,02:47:25: Negative sampling...
09/05/2026,02:47:27: Model's personal time...
09/05/2026,02:47:27: Training...
09/05/2026,02:47:29: Evaluating...
09/05/2026,02:47:30: 	Train Loss: 4692260.0000 (base: 1359.1782, kd: 9381.8018), Elapsed: train 3.77 test 0.72 *
09/05/2026,02:47:30: 	Recall@10: 0.04668 Recall@20: 0.06699 NDCG@10: 0.02842 NDCG@20: 0.03390 
09/05/2026,02:47:30: 	Recall@10: 0.01950 Recall@20: 0.02945 NDCG@10: 0.01062 NDCG@20: 0.01338 
09/05/2026,02:47:30: Epoch [3/1000]
09/05/2026,02:47:30: Negative sampling...
09/05/2026,02:47:32: Model's personal time...
09/05/2026,02:47:32: Training...
09/05/2026,02:47:33: Evaluating...
09/05/2026,02:47:34: 	Train Loss: 4446359.0000 (base: 1298.1466, kd: 8890.1221), Elapsed: train 3.73 test 0.75 *
09/05/2026,02:47:34: 	Recall@10: 0.04854 Recall@20: 0.06940 NDCG@10: 0.03004 NDCG@20: 0.03561 
09/05/2026,02:47:34: 	Recall@10: 0.02024 Recall@20: 0.03050 NDCG@10: 0.01129 NDCG@20: 0.01415 
09/05/2026,02:47:34: Epoch [4/1000]
09/05/2026,02:47:34: Negative sampling...
09/05/2026,02:47:36: Model's personal time...
09/05/2026,02:47:36: Training...
09/05/2026,02:47:38: Evaluating...
09/05/2026,02:47:39: 	Train Loss: 4239253.0000 (base: 1213.4370, kd: 8476.0791), Elapsed: train 3.96 test 0.94 *
09/05/2026,02:47:39: 	Recall@10: 0.05222 Recall@20: 0.07511 NDCG@10: 0.03162 NDCG@20: 0.03782 
09/05/2026,02:47:39: 	Recall@10: 0.02091 Recall@20: 0.03257 NDCG@10: 0.01173 NDCG@20: 0.01494 
09/05/2026,02:47:39: Epoch [5/1000]
09/05/2026,02:47:39: Negative sampling...
09/05/2026,02:47:41: Model's personal time...
09/05/2026,02:47:41: Training...
09/05/2026,02:47:43: Evaluating...
09/05/2026,02:47:44: 	Train Loss: 4114110.2500 (base: 1100.1318, kd: 8226.0205), Elapsed: train 3.92 test 0.68 *
09/05/2026,02:47:44: 	Recall@10: 0.05418 Recall@20: 0.08000 NDCG@10: 0.03287 NDCG@20: 0.03992 
09/05/2026,02:47:44: 	Recall@10: 0.02184 Recall@20: 0.03378 NDCG@10: 0.01194 NDCG@20: 0.01519 
09/05/2026,02:47:44: Epoch [6/1000]
09/05/2026,02:47:44: Negative sampling...
09/05/2026,02:47:45: Model's personal time...
09/05/2026,02:47:45: Training...
09/05/2026,02:47:47: Evaluating...
09/05/2026,02:47:48: 	Train Loss: 4022813.7500 (base: 985.8181, kd: 8043.6553), Elapsed: train 3.50 test 0.67 *
09/05/2026,02:47:48: 	Recall@10: 0.05716 Recall@20: 0.08549 NDCG@10: 0.03434 NDCG@20: 0.04198 
09/05/2026,02:47:48: 	Recall@10: 0.02347 Recall@20: 0.03467 NDCG@10: 0.01292 NDCG@20: 0.01591 
09/05/2026,02:47:48: Epoch [7/1000]
09/05/2026,02:47:48: Negative sampling...
09/05/2026,02:47:50: Model's personal time...
09/05/2026,02:47:50: Training...
09/05/2026,02:47:51: Evaluating...
09/05/2026,02:47:53: 	Train Loss: 3977936.0000 (base: 889.0642, kd: 7954.0928), Elapsed: train 3.52 test 1.41 *
09/05/2026,02:47:53: 	Recall@10: 0.06057 Recall@20: 0.08887 NDCG@10: 0.03647 NDCG@20: 0.04414 
09/05/2026,02:47:53: 	Recall@10: 0.02344 Recall@20: 0.03622 NDCG@10: 0.01315 NDCG@20: 0.01662 
09/05/2026,02:47:53: Epoch [8/1000]
09/05/2026,02:47:53: Negative sampling...
09/05/2026,02:47:55: Model's personal time...
09/05/2026,02:47:55: Training...
09/05/2026,02:47:57: Evaluating...
09/05/2026,02:47:57: 	Train Loss: 3953304.7500 (base: 806.7449, kd: 7904.9956), Elapsed: train 3.75 test 0.74 *
09/05/2026,02:47:57: 	Recall@10: 0.06125 Recall@20: 0.09255 NDCG@10: 0.03692 NDCG@20: 0.04541 
09/05/2026,02:47:57: 	Recall@10: 0.02404 Recall@20: 0.03792 NDCG@10: 0.01337 NDCG@20: 0.01712 
09/05/2026,02:47:57: Epoch [9/1000]
09/05/2026,02:47:57: Negative sampling...
09/05/2026,02:47:59: Model's personal time...
09/05/2026,02:47:59: Training...
09/05/2026,02:48:01: Evaluating...
09/05/2026,02:48:02: 	Train Loss: 3935290.0000 (base: 735.3756, kd: 7869.1094), Elapsed: train 3.83 test 0.79 *
09/05/2026,02:48:02: 	Recall@10: 0.06364 Recall@20: 0.09363 NDCG@10: 0.03788 NDCG@20: 0.04601 
09/05/2026,02:48:02: 	Recall@10: 0.02463 Recall@20: 0.03907 NDCG@10: 0.01376 NDCG@20: 0.01764 
09/05/2026,02:48:02: Epoch [10/1000]
09/05/2026,02:48:02: Negative sampling...
09/05/2026,02:48:04: Model's personal time...
09/05/2026,02:48:04: Training...
09/05/2026,02:48:06: Evaluating...
09/05/2026,02:48:07: 	Train Loss: 3922734.5000 (base: 674.0260, kd: 7844.1211), Elapsed: train 4.02 test 0.72 *
09/05/2026,02:48:07: 	Recall@10: 0.06447 Recall@20: 0.09429 NDCG@10: 0.03846 NDCG@20: 0.04665 
09/05/2026,02:48:07: 	Recall@10: 0.02495 Recall@20: 0.03909 NDCG@10: 0.01368 NDCG@20: 0.01755 
09/05/2026,02:48:07: Epoch [11/1000]
09/05/2026,02:48:07: Negative sampling...
09/05/2026,02:48:09: Model's personal time...
09/05/2026,02:48:09: Training...
09/05/2026,02:48:10: Evaluating...
09/05/2026,02:48:11: 	Train Loss: 3914044.7500 (base: 621.9967, kd: 7826.8457), Elapsed: train 3.82 test 0.84 *
09/05/2026,02:48:11: 	Recall@10: 0.06492 Recall@20: 0.09578 NDCG@10: 0.03852 NDCG@20: 0.04708 
09/05/2026,02:48:11: 	Recall@10: 0.02523 Recall@20: 0.04068 NDCG@10: 0.01396 NDCG@20: 0.01819 
09/05/2026,02:48:11: Epoch [12/1000]
09/05/2026,02:48:11: Negative sampling...
09/05/2026,02:48:13: Model's personal time...
09/05/2026,02:48:13: Training...
09/05/2026,02:48:15: Evaluating...
09/05/2026,02:48:15: 	Train Loss: 3903933.2500 (base: 576.2302, kd: 7806.7144), Elapsed: train 3.62 test 0.41 *
09/05/2026,02:48:15: 	Recall@10: 0.06546 Recall@20: 0.09582 NDCG@10: 0.03939 NDCG@20: 0.04769 
09/05/2026,02:48:15: 	Recall@10: 0.02517 Recall@20: 0.04210 NDCG@10: 0.01404 NDCG@20: 0.01868 
09/05/2026,02:48:15: Epoch [13/1000]
09/05/2026,02:48:15: Negative sampling...
09/05/2026,02:48:17: Model's personal time...
09/05/2026,02:48:17: Training...
09/05/2026,02:48:19: Evaluating...
09/05/2026,02:48:19: 	Train Loss: 3897127.0000 (base: 536.1547, kd: 7793.1831), Elapsed: train 3.58 test 0.46 *
09/05/2026,02:48:19: 	Recall@10: 0.06711 Recall@20: 0.09628 NDCG@10: 0.03986 NDCG@20: 0.04788 
09/05/2026,02:48:19: 	Recall@10: 0.02577 Recall@20: 0.04266 NDCG@10: 0.01415 NDCG@20: 0.01878 
09/05/2026,02:48:19: Epoch [14/1000]
09/05/2026,02:48:19: Negative sampling...
09/05/2026,02:48:21: Model's personal time...
09/05/2026,02:48:21: Training...
09/05/2026,02:48:23: Evaluating...
09/05/2026,02:48:24: 	Train Loss: 3891064.5000 (base: 501.8807, kd: 7781.1250), Elapsed: train 3.52 test 1.06 *
09/05/2026,02:48:24: 	Recall@10: 0.06725 Recall@20: 0.09911 NDCG@10: 0.04008 NDCG@20: 0.04872 
09/05/2026,02:48:24: 	Recall@10: 0.02749 Recall@20: 0.04291 NDCG@10: 0.01490 NDCG@20: 0.01909 
09/05/2026,02:48:24: Epoch [15/1000]
09/05/2026,02:48:24: Negative sampling...
09/05/2026,02:48:26: Model's personal time...
09/05/2026,02:48:26: Training...
09/05/2026,02:48:28: Evaluating...
09/05/2026,02:48:28: 	Train Loss: 3888080.2500 (base: 469.6247, kd: 7775.2212), Elapsed: train 3.75 test 0.53 *
09/05/2026,02:48:28: 	Recall@10: 0.06749 Recall@20: 0.09935 NDCG@10: 0.04020 NDCG@20: 0.04890 
09/05/2026,02:48:28: 	Recall@10: 0.02682 Recall@20: 0.04333 NDCG@10: 0.01487 NDCG@20: 0.01935 
09/05/2026,02:48:28: Epoch [16/1000]
09/05/2026,02:48:28: Negative sampling...
09/05/2026,02:48:30: Model's personal time...
09/05/2026,02:48:30: Training...
09/05/2026,02:48:32: Evaluating...
09/05/2026,02:48:33: 	Train Loss: 3884011.7500 (base: 444.5738, kd: 7767.1343), Elapsed: train 3.83 test 0.50 *
09/05/2026,02:48:33: 	Recall@10: 0.06810 Recall@20: 0.10033 NDCG@10: 0.04047 NDCG@20: 0.04926 
09/05/2026,02:48:33: 	Recall@10: 0.02655 Recall@20: 0.04361 NDCG@10: 0.01464 NDCG@20: 0.01927 
09/05/2026,02:48:33: Epoch [17/1000]
09/05/2026,02:48:33: Negative sampling...
09/05/2026,02:48:34: Model's personal time...
09/05/2026,02:48:35: Training...
09/05/2026,02:48:36: Evaluating...
09/05/2026,02:48:37: 	Train Loss: 3881449.7500 (base: 420.5524, kd: 7762.0581), Elapsed: train 3.77 test 0.61
09/05/2026,02:48:37: 	Recall@10: 0.06919 Recall@20: 0.09939 NDCG@10: 0.04074 NDCG@20: 0.04907 
09/05/2026,02:48:37: 	Recall@10: 0.02677 Recall@20: 0.04459 NDCG@10: 0.01471 NDCG@20: 0.01955 
09/05/2026,02:48:37: Epoch [18/1000]
09/05/2026,02:48:37: Negative sampling...
09/05/2026,02:48:39: Model's personal time...
09/05/2026,02:48:39: Training...
09/05/2026,02:48:41: Evaluating...
09/05/2026,02:48:41: 	Train Loss: 3878967.7500 (base: 400.0516, kd: 7757.1362), Elapsed: train 3.57 test 0.47 *
09/05/2026,02:48:41: 	Recall@10: 0.07008 Recall@20: 0.10011 NDCG@10: 0.04120 NDCG@20: 0.04942 
09/05/2026,02:48:41: 	Recall@10: 0.02687 Recall@20: 0.04331 NDCG@10: 0.01466 NDCG@20: 0.01915 
09/05/2026,02:48:41: Epoch [19/1000]
09/05/2026,02:48:41: Negative sampling...
09/05/2026,02:48:43: Model's personal time...
09/05/2026,02:48:43: Training...
09/05/2026,02:48:45: Evaluating...
09/05/2026,02:48:45: 	Train Loss: 3877890.5000 (base: 382.0717, kd: 7755.0166), Elapsed: train 3.84 test 0.42 *
09/05/2026,02:48:45: 	Recall@10: 0.06965 Recall@20: 0.10074 NDCG@10: 0.04119 NDCG@20: 0.04977 
09/05/2026,02:48:45: 	Recall@10: 0.02754 Recall@20: 0.04343 NDCG@10: 0.01495 NDCG@20: 0.01930 
09/05/2026,02:48:45: Epoch [20/1000]
09/05/2026,02:48:45: Negative sampling...
09/05/2026,02:48:47: Model's personal time...
09/05/2026,02:48:47: Training...
09/05/2026,02:48:49: Evaluating...
09/05/2026,02:48:50: 	Train Loss: 3876692.7500 (base: 366.6417, kd: 7752.6528), Elapsed: train 3.74 test 0.73 *
09/05/2026,02:48:50: 	Recall@10: 0.06966 Recall@20: 0.10198 NDCG@10: 0.04118 NDCG@20: 0.05002 
09/05/2026,02:48:50: 	Recall@10: 0.02709 Recall@20: 0.04398 NDCG@10: 0.01485 NDCG@20: 0.01946 
09/05/2026,02:48:50: Epoch [21/1000]
09/05/2026,02:48:50: Negative sampling...
09/05/2026,02:48:51: Model's personal time...
09/05/2026,02:48:51: Training...
09/05/2026,02:48:53: Evaluating...
09/05/2026,02:48:54: 	Train Loss: 3875305.7500 (base: 352.1686, kd: 7749.9072), Elapsed: train 3.40 test 1.04
09/05/2026,02:48:54: 	Recall@10: 0.06907 Recall@20: 0.10140 NDCG@10: 0.04089 NDCG@20: 0.04972 
09/05/2026,02:48:54: 	Recall@10: 0.02696 Recall@20: 0.04392 NDCG@10: 0.01490 NDCG@20: 0.01954 
09/05/2026,02:48:54: Epoch [22/1000]
09/05/2026,02:48:54: Negative sampling...
09/05/2026,02:48:56: Model's personal time...
09/05/2026,02:48:56: Training...
09/05/2026,02:48:58: Evaluating...
09/05/2026,02:48:59: 	Train Loss: 3875789.7500 (base: 339.0354, kd: 7750.9019), Elapsed: train 4.02 test 0.65
09/05/2026,02:48:59: 	Recall@10: 0.06955 Recall@20: 0.10186 NDCG@10: 0.04098 NDCG@20: 0.04986 
09/05/2026,02:48:59: 	Recall@10: 0.02718 Recall@20: 0.04528 NDCG@10: 0.01513 NDCG@20: 0.02006 
09/05/2026,02:48:59: Epoch [23/1000]
09/05/2026,02:48:59: Negative sampling...
09/05/2026,02:49:01: Model's personal time...
09/05/2026,02:49:01: Training...
09/05/2026,02:49:03: Evaluating...
09/05/2026,02:49:03: 	Train Loss: 3875825.5000 (base: 329.2973, kd: 7750.9922), Elapsed: train 3.94 test 0.69
09/05/2026,02:49:03: 	Recall@10: 0.06956 Recall@20: 0.10165 NDCG@10: 0.04097 NDCG@20: 0.04983 
09/05/2026,02:49:03: 	Recall@10: 0.02743 Recall@20: 0.04571 NDCG@10: 0.01527 NDCG@20: 0.02021 
09/05/2026,02:49:03: Epoch [24/1000]
09/05/2026,02:49:03: Negative sampling...
09/05/2026,02:49:06: Model's personal time...
09/05/2026,02:49:06: Training...
09/05/2026,02:49:07: Evaluating...
09/05/2026,02:49:08: 	Train Loss: 3874562.0000 (base: 317.6931, kd: 7748.4883), Elapsed: train 3.93 test 0.51 *
09/05/2026,02:49:08: 	Recall@10: 0.06972 Recall@20: 0.10198 NDCG@10: 0.04116 NDCG@20: 0.05007 
09/05/2026,02:49:08: 	Recall@10: 0.02733 Recall@20: 0.04566 NDCG@10: 0.01533 NDCG@20: 0.02031 
09/05/2026,02:49:08: Epoch [25/1000]
09/05/2026,02:49:08: Negative sampling...
09/05/2026,02:49:10: Model's personal time...
09/05/2026,02:49:10: Training...
09/05/2026,02:49:11: Evaluating...
09/05/2026,02:49:12: 	Train Loss: 3875984.0000 (base: 309.0196, kd: 7751.3501), Elapsed: train 3.38 test 0.59
09/05/2026,02:49:12: 	Recall@10: 0.06955 Recall@20: 0.10184 NDCG@10: 0.04097 NDCG@20: 0.04994 
09/05/2026,02:49:12: 	Recall@10: 0.02733 Recall@20: 0.04550 NDCG@10: 0.01541 NDCG@20: 0.02034 
09/05/2026,02:49:12: Epoch [26/1000]
09/05/2026,02:49:12: Negative sampling...
09/05/2026,02:49:14: Model's personal time...
09/05/2026,02:49:14: Training...
09/05/2026,02:49:16: Evaluating...
09/05/2026,02:49:17: 	Train Loss: 3876300.2500 (base: 301.4595, kd: 7751.9980), Elapsed: train 4.14 test 0.54
09/05/2026,02:49:17: 	Recall@10: 0.06981 Recall@20: 0.10167 NDCG@10: 0.04115 NDCG@20: 0.04999 
09/05/2026,02:49:17: 	Recall@10: 0.02767 Recall@20: 0.04558 NDCG@10: 0.01543 NDCG@20: 0.02030 
09/05/2026,02:49:17: Epoch [27/1000]
09/05/2026,02:49:17: Negative sampling...
09/05/2026,02:49:19: Model's personal time...
09/05/2026,02:49:19: Training...
09/05/2026,02:49:21: Evaluating...
09/05/2026,02:49:21: 	Train Loss: 3877140.2500 (base: 293.4477, kd: 7753.6929), Elapsed: train 4.12 test 0.47
09/05/2026,02:49:21: 	Recall@10: 0.06975 Recall@20: 0.10265 NDCG@10: 0.04089 NDCG@20: 0.04999 
09/05/2026,02:49:21: 	Recall@10: 0.02761 Recall@20: 0.04504 NDCG@10: 0.01543 NDCG@20: 0.02021 
09/05/2026,02:49:21: Epoch [28/1000]
09/05/2026,02:49:21: Negative sampling...
09/05/2026,02:49:23: Model's personal time...
09/05/2026,02:49:23: Training...
09/05/2026,02:49:25: Evaluating...
09/05/2026,02:49:26: 	Train Loss: 3877260.0000 (base: 284.9420, kd: 7753.9502), Elapsed: train 3.85 test 0.67
09/05/2026,02:49:26: 	Recall@10: 0.06941 Recall@20: 0.10200 NDCG@10: 0.04085 NDCG@20: 0.04985 
09/05/2026,02:49:26: 	Recall@10: 0.02790 Recall@20: 0.04491 NDCG@10: 0.01561 NDCG@20: 0.02027 
09/05/2026,02:49:26: Epoch [29/1000]
09/05/2026,02:49:26: Negative sampling...
09/05/2026,02:49:28: Model's personal time...
09/05/2026,02:49:28: Training...
09/05/2026,02:49:29: Evaluating...
09/05/2026,02:49:30: 	Train Loss: 3876243.5000 (base: 279.2794, kd: 7751.9282), Elapsed: train 3.66 test 0.49
09/05/2026,02:49:30: 	Recall@10: 0.06897 Recall@20: 0.10169 NDCG@10: 0.04061 NDCG@20: 0.04967 
09/05/2026,02:49:30: 	Recall@10: 0.02775 Recall@20: 0.04485 NDCG@10: 0.01551 NDCG@20: 0.02018 
09/05/2026,02:49:30: Epoch [30/1000]
09/05/2026,02:49:30: Negative sampling...
09/05/2026,02:49:32: Model's personal time...
09/05/2026,02:49:32: Training...
09/05/2026,02:49:34: Evaluating...
09/05/2026,02:49:34: 	Train Loss: 3878996.2500 (base: 272.7524, kd: 7757.4468), Elapsed: train 3.70 test 0.50
09/05/2026,02:49:34: 	Recall@10: 0.06800 Recall@20: 0.10101 NDCG@10: 0.04031 NDCG@20: 0.04944 
09/05/2026,02:49:34: 	Recall@10: 0.02780 Recall@20: 0.04494 NDCG@10: 0.01567 NDCG@20: 0.02037 
09/05/2026,02:49:34: Epoch [31/1000]
09/05/2026,02:49:34: Negative sampling...
09/05/2026,02:49:36: Model's personal time...
09/05/2026,02:49:36: Training...
09/05/2026,02:49:38: Evaluating...
09/05/2026,02:49:39: 	Train Loss: 3875417.5000 (base: 267.5344, kd: 7750.2998), Elapsed: train 4.26 test 0.51
09/05/2026,02:49:39: 	Recall@10: 0.06801 Recall@20: 0.10073 NDCG@10: 0.04028 NDCG@20: 0.04933 
09/05/2026,02:49:39: 	Recall@10: 0.02766 Recall@20: 0.04462 NDCG@10: 0.01559 NDCG@20: 0.02025 
09/05/2026,02:49:39: Epoch [32/1000]
09/05/2026,02:49:39: Negative sampling...
09/05/2026,02:49:41: Model's personal time...
09/05/2026,02:49:41: Training...
09/05/2026,02:49:43: Evaluating...
09/05/2026,02:49:44: 	Train Loss: 3876258.7500 (base: 261.5891, kd: 7751.9946), Elapsed: train 4.41 test 0.58
09/05/2026,02:49:44: 	Recall@10: 0.06763 Recall@20: 0.10084 NDCG@10: 0.04024 NDCG@20: 0.04941 
09/05/2026,02:49:44: 	Recall@10: 0.02764 Recall@20: 0.04482 NDCG@10: 0.01555 NDCG@20: 0.02029 
09/05/2026,02:49:44: Epoch [33/1000]
09/05/2026,02:49:44: Negative sampling...
09/05/2026,02:49:47: Model's personal time...
09/05/2026,02:49:47: Training...
09/05/2026,02:49:48: Evaluating...
09/05/2026,02:49:49: 	Train Loss: 3881296.2500 (base: 256.7504, kd: 7762.0796), Elapsed: train 4.27 test 0.50
09/05/2026,02:49:49: 	Recall@10: 0.06768 Recall@20: 0.10065 NDCG@10: 0.04021 NDCG@20: 0.04934 
09/05/2026,02:49:49: 	Recall@10: 0.02797 Recall@20: 0.04502 NDCG@10: 0.01563 NDCG@20: 0.02031 
09/05/2026,02:49:49: Epoch [34/1000]
09/05/2026,02:49:49: Negative sampling...
09/05/2026,02:49:51: Model's personal time...
09/05/2026,02:49:51: Training...
09/05/2026,02:49:53: Evaluating...
09/05/2026,02:49:53: 	Train Loss: 3877061.7500 (base: 252.2930, kd: 7753.6187), Elapsed: train 4.04 test 0.83
09/05/2026,02:49:53: 	Recall@10: 0.06806 Recall@20: 0.10110 NDCG@10: 0.04014 NDCG@20: 0.04930 
09/05/2026,02:49:53: 	Recall@10: 0.02760 Recall@20: 0.04550 NDCG@10: 0.01553 NDCG@20: 0.02042 
09/05/2026,02:49:53: Epoch [35/1000]
09/05/2026,02:49:53: Negative sampling...
09/05/2026,02:49:56: Model's personal time...
09/05/2026,02:49:56: Training...
09/05/2026,02:49:57: Evaluating...
09/05/2026,02:49:58: 	Train Loss: 3878356.2500 (base: 247.2394, kd: 7756.2178), Elapsed: train 3.66 test 0.72
09/05/2026,02:49:58: 	Recall@10: 0.06856 Recall@20: 0.10142 NDCG@10: 0.04042 NDCG@20: 0.04949 
09/05/2026,02:49:58: 	Recall@10: 0.02726 Recall@20: 0.04498 NDCG@10: 0.01539 NDCG@20: 0.02026 
09/05/2026,02:49:58: Epoch [36/1000]
09/05/2026,02:49:58: Negative sampling...
09/05/2026,02:50:00: Model's personal time...
09/05/2026,02:50:00: Training...
09/05/2026,02:50:02: Evaluating...
09/05/2026,02:50:03: 	Train Loss: 3883383.5000 (base: 242.1120, kd: 7766.2832), Elapsed: train 4.22 test 0.49
09/05/2026,02:50:03: 	Recall@10: 0.06821 Recall@20: 0.10171 NDCG@10: 0.04026 NDCG@20: 0.04953 
09/05/2026,02:50:03: 	Recall@10: 0.02748 Recall@20: 0.04466 NDCG@10: 0.01541 NDCG@20: 0.02016 
09/05/2026,02:50:03: Epoch [37/1000]
09/05/2026,02:50:03: Negative sampling...
09/05/2026,02:50:05: Model's personal time...
09/05/2026,02:50:05: Training...
09/05/2026,02:50:06: Evaluating...
09/05/2026,02:50:07: 	Train Loss: 3882522.0000 (base: 238.4796, kd: 7764.5674), Elapsed: train 3.76 test 0.93
09/05/2026,02:50:07: 	Recall@10: 0.06863 Recall@20: 0.10128 NDCG@10: 0.04042 NDCG@20: 0.04945 
09/05/2026,02:50:07: 	Recall@10: 0.02754 Recall@20: 0.04476 NDCG@10: 0.01547 NDCG@20: 0.02021 
09/05/2026,02:50:07: Epoch [38/1000]
09/05/2026,02:50:07: Negative sampling...
09/05/2026,02:50:09: Model's personal time...
09/05/2026,02:50:09: Training...
09/05/2026,02:50:11: Evaluating...
09/05/2026,02:50:11: 	Train Loss: 3882077.0000 (base: 235.1097, kd: 7763.6836), Elapsed: train 3.67 test 0.50
09/05/2026,02:50:11: 	Recall@10: 0.06871 Recall@20: 0.10174 NDCG@10: 0.04056 NDCG@20: 0.04967 
09/05/2026,02:50:11: 	Recall@10: 0.02733 Recall@20: 0.04510 NDCG@10: 0.01536 NDCG@20: 0.02026 
09/05/2026,02:50:11: Epoch [39/1000]
09/05/2026,02:50:11: Negative sampling...
09/05/2026,02:50:13: Model's personal time...
09/05/2026,02:50:13: Training...
09/05/2026,02:50:15: Evaluating...
09/05/2026,02:50:15: 	Train Loss: 3877906.2500 (base: 231.7871, kd: 7755.3486), Elapsed: train 3.43 test 0.69
09/05/2026,02:50:15: 	Recall@10: 0.06885 Recall@20: 0.10185 NDCG@10: 0.04066 NDCG@20: 0.04978 
09/05/2026,02:50:15: 	Recall@10: 0.02748 Recall@20: 0.04474 NDCG@10: 0.01538 NDCG@20: 0.02013 
09/05/2026,02:50:15: Epoch [40/1000]
09/05/2026,02:50:15: Negative sampling...
09/05/2026,02:50:18: Model's personal time...
09/05/2026,02:50:18: Training...
09/05/2026,02:50:19: Evaluating...
09/05/2026,02:50:20: 	Train Loss: 3882607.0000 (base: 228.8820, kd: 7764.7563), Elapsed: train 3.61 test 0.58
09/05/2026,02:50:20: 	Recall@10: 0.06899 Recall@20: 0.10211 NDCG@10: 0.04070 NDCG@20: 0.04983 
09/05/2026,02:50:20: 	Recall@10: 0.02726 Recall@20: 0.04479 NDCG@10: 0.01533 NDCG@20: 0.02017 
09/05/2026,02:50:20: Epoch [41/1000]
09/05/2026,02:50:20: Negative sampling...
09/05/2026,02:50:21: Model's personal time...
09/05/2026,02:50:21: Training...
09/05/2026,02:50:23: Evaluating...
09/05/2026,02:50:24: 	Train Loss: 3876813.7500 (base: 225.7645, kd: 7753.1758), Elapsed: train 3.10 test 1.01
09/05/2026,02:50:24: 	Recall@10: 0.06928 Recall@20: 0.10137 NDCG@10: 0.04079 NDCG@20: 0.04967 
09/05/2026,02:50:24: 	Recall@10: 0.02719 Recall@20: 0.04470 NDCG@10: 0.01530 NDCG@20: 0.02012 
09/05/2026,02:50:24: Epoch [42/1000]
09/05/2026,02:50:24: Negative sampling...
09/05/2026,02:50:26: Model's personal time...
09/05/2026,02:50:26: Training...
09/05/2026,02:50:27: Evaluating...
09/05/2026,02:50:28: 	Train Loss: 3881570.5000 (base: 221.6210, kd: 7762.6982), Elapsed: train 3.41 test 0.67
09/05/2026,02:50:28: 	Recall@10: 0.06836 Recall@20: 0.10157 NDCG@10: 0.04054 NDCG@20: 0.04968 
09/05/2026,02:50:28: 	Recall@10: 0.02726 Recall@20: 0.04450 NDCG@10: 0.01533 NDCG@20: 0.02010 
09/05/2026,02:50:28: Epoch [43/1000]
09/05/2026,02:50:28: Negative sampling...
09/05/2026,02:50:30: Model's personal time...
09/05/2026,02:50:30: Training...
09/05/2026,02:50:31: Evaluating...
09/05/2026,02:50:32: 	Train Loss: 3882646.7500 (base: 218.8311, kd: 7764.8555), Elapsed: train 3.45 test 0.46
09/05/2026,02:50:32: 	Recall@10: 0.06912 Recall@20: 0.10220 NDCG@10: 0.04072 NDCG@20: 0.04982 
09/05/2026,02:50:32: 	Recall@10: 0.02744 Recall@20: 0.04481 NDCG@10: 0.01540 NDCG@20: 0.02019 
09/05/2026,02:50:32: Epoch [44/1000]
09/05/2026,02:50:32: Negative sampling...
09/05/2026,02:50:34: Model's personal time...
09/05/2026,02:50:34: Training...
09/05/2026,02:50:36: Evaluating...
09/05/2026,02:50:37: 	Train Loss: 3878890.2500 (base: 215.2604, kd: 7757.3506), Elapsed: train 4.22 test 0.56
09/05/2026,02:50:37: 	Recall@10: 0.06900 Recall@20: 0.10155 NDCG@10: 0.04076 NDCG@20: 0.04976 
09/05/2026,02:50:37: 	Recall@10: 0.02725 Recall@20: 0.04450 NDCG@10: 0.01529 NDCG@20: 0.02007 
09/05/2026,02:50:37: Epoch [45/1000]
09/05/2026,02:50:37: Negative sampling...
09/05/2026,02:50:39: Model's personal time...
09/05/2026,02:50:39: Training...
09/05/2026,02:50:40: Evaluating...
09/05/2026,02:50:41: 	Train Loss: 3880815.5000 (base: 211.6741, kd: 7761.2085), Elapsed: train 3.63 test 0.57
09/05/2026,02:50:41: 	Recall@10: 0.06835 Recall@20: 0.10218 NDCG@10: 0.04057 NDCG@20: 0.04987 
09/05/2026,02:50:41: 	Recall@10: 0.02715 Recall@20: 0.04463 NDCG@10: 0.01531 NDCG@20: 0.02013 
09/05/2026,02:50:41: Epoch [46/1000]
09/05/2026,02:50:41: Negative sampling...
09/05/2026,02:50:43: Model's personal time...
09/05/2026,02:50:43: Training...
09/05/2026,02:50:45: Evaluating...
09/05/2026,02:50:45: 	Train Loss: 3878364.2500 (base: 209.2894, kd: 7756.3096), Elapsed: train 4.08 test 0.46
09/05/2026,02:50:45: 	Recall@10: 0.06926 Recall@20: 0.10220 NDCG@10: 0.04087 NDCG@20: 0.04995 
09/05/2026,02:50:45: 	Recall@10: 0.02706 Recall@20: 0.04431 NDCG@10: 0.01526 NDCG@20: 0.02004 
09/05/2026,02:50:45: Epoch [47/1000]
09/05/2026,02:50:45: Negative sampling...
09/05/2026,02:50:47: Model's personal time...
09/05/2026,02:50:47: Training...
09/05/2026,02:50:49: Evaluating...
09/05/2026,02:50:50: 	Train Loss: 3879078.0000 (base: 205.8328, kd: 7757.7441), Elapsed: train 3.84 test 0.51
09/05/2026,02:50:50: 	Recall@10: 0.06864 Recall@20: 0.10303 NDCG@10: 0.04051 NDCG@20: 0.04996 
09/05/2026,02:50:50: 	Recall@10: 0.02735 Recall@20: 0.04443 NDCG@10: 0.01538 NDCG@20: 0.02010 
09/05/2026,02:50:50: Epoch [48/1000]
09/05/2026,02:50:50: Negative sampling...
09/05/2026,02:50:52: Model's personal time...
09/05/2026,02:50:52: Training...
09/05/2026,02:50:54: Evaluating...
09/05/2026,02:50:54: 	Train Loss: 3880249.0000 (base: 203.1509, kd: 7760.0918), Elapsed: train 4.08 test 0.56 *
09/05/2026,02:50:54: 	Recall@10: 0.06820 Recall@20: 0.10350 NDCG@10: 0.04049 NDCG@20: 0.05018 
09/05/2026,02:50:54: 	Recall@10: 0.02715 Recall@20: 0.04478 NDCG@10: 0.01525 NDCG@20: 0.02012 
09/05/2026,02:50:54: Epoch [49/1000]
09/05/2026,02:50:54: Negative sampling...
09/05/2026,02:50:56: Model's personal time...
09/05/2026,02:50:56: Training...
09/05/2026,02:50:58: Evaluating...
09/05/2026,02:50:59: 	Train Loss: 3879339.0000 (base: 201.0932, kd: 7758.2759), Elapsed: train 3.70 test 0.51
09/05/2026,02:50:59: 	Recall@10: 0.06836 Recall@20: 0.10336 NDCG@10: 0.04057 NDCG@20: 0.05014 
09/05/2026,02:50:59: 	Recall@10: 0.02734 Recall@20: 0.04468 NDCG@10: 0.01533 NDCG@20: 0.02014 
09/05/2026,02:50:59: Epoch [50/1000]
09/05/2026,02:50:59: Negative sampling...
09/05/2026,02:51:00: Model's personal time...
09/05/2026,02:51:00: Training...
09/05/2026,02:51:02: Evaluating...
09/05/2026,02:51:02: 	Train Loss: 3879509.7500 (base: 198.2434, kd: 7758.6230), Elapsed: train 3.28 test 0.63
09/05/2026,02:51:02: 	Recall@10: 0.06793 Recall@20: 0.10217 NDCG@10: 0.04041 NDCG@20: 0.04984 
09/05/2026,02:51:02: 	Recall@10: 0.02722 Recall@20: 0.04437 NDCG@10: 0.01531 NDCG@20: 0.02007 
09/05/2026,02:51:02: Epoch [51/1000]
09/05/2026,02:51:02: Negative sampling...
09/05/2026,02:51:04: Model's personal time...
09/05/2026,02:51:04: Training...
09/05/2026,02:51:06: Evaluating...
09/05/2026,02:51:07: 	Train Loss: 3879531.2500 (base: 196.5970, kd: 7758.6694), Elapsed: train 3.36 test 0.74
09/05/2026,02:51:07: 	Recall@10: 0.06821 Recall@20: 0.10300 NDCG@10: 0.04046 NDCG@20: 0.05001 
09/05/2026,02:51:07: 	Recall@10: 0.02687 Recall@20: 0.04454 NDCG@10: 0.01520 NDCG@20: 0.02010 
09/05/2026,02:51:07: Epoch [52/1000]
09/05/2026,02:51:07: Negative sampling...
09/05/2026,02:51:08: Model's personal time...
09/05/2026,02:51:08: Training...
09/05/2026,02:51:10: Evaluating...
09/05/2026,02:51:11: 	Train Loss: 3880184.7500 (base: 193.8490, kd: 7759.9814), Elapsed: train 3.58 test 1.27
09/05/2026,02:51:11: 	Recall@10: 0.06798 Recall@20: 0.10306 NDCG@10: 0.04046 NDCG@20: 0.05009 
09/05/2026,02:51:11: 	Recall@10: 0.02744 Recall@20: 0.04478 NDCG@10: 0.01540 NDCG@20: 0.02020 
09/05/2026,02:51:11: Epoch [53/1000]
09/05/2026,02:51:11: Negative sampling...
09/05/2026,02:51:13: Model's personal time...
09/05/2026,02:51:13: Training...
09/05/2026,02:51:15: Evaluating...
09/05/2026,02:51:16: 	Train Loss: 3879832.0000 (base: 191.6284, kd: 7759.2803), Elapsed: train 3.34 test 1.16
09/05/2026,02:51:16: 	Recall@10: 0.06760 Recall@20: 0.10305 NDCG@10: 0.04031 NDCG@20: 0.05000 
09/05/2026,02:51:16: 	Recall@10: 0.02741 Recall@20: 0.04487 NDCG@10: 0.01539 NDCG@20: 0.02021 
09/05/2026,02:51:16: Epoch [54/1000]
09/05/2026,02:51:16: Negative sampling...
09/05/2026,02:51:18: Model's personal time...
09/05/2026,02:51:18: Training...
09/05/2026,02:51:19: Evaluating...
09/05/2026,02:51:20: 	Train Loss: 3878935.7500 (base: 188.9211, kd: 7757.4937), Elapsed: train 3.37 test 0.46 *
09/05/2026,02:51:20: 	Recall@10: 0.06788 Recall@20: 0.10379 NDCG@10: 0.04039 NDCG@20: 0.05020 
09/05/2026,02:51:20: 	Recall@10: 0.02703 Recall@20: 0.04478 NDCG@10: 0.01527 NDCG@20: 0.02015 
09/05/2026,02:51:20: Epoch [55/1000]
09/05/2026,02:51:20: Negative sampling...
09/05/2026,02:51:22: Model's personal time...
09/05/2026,02:51:22: Training...
09/05/2026,02:51:23: Evaluating...
09/05/2026,02:51:24: 	Train Loss: 3879493.7500 (base: 187.0653, kd: 7758.6133), Elapsed: train 3.41 test 0.52 *
09/05/2026,02:51:24: 	Recall@10: 0.06821 Recall@20: 0.10356 NDCG@10: 0.04054 NDCG@20: 0.05022 
09/05/2026,02:51:24: 	Recall@10: 0.02683 Recall@20: 0.04479 NDCG@10: 0.01529 NDCG@20: 0.02024 
09/05/2026,02:51:24: Epoch [56/1000]
09/05/2026,02:51:24: Negative sampling...
09/05/2026,02:51:26: Model's personal time...
09/05/2026,02:51:26: Training...
09/05/2026,02:51:27: Evaluating...
09/05/2026,02:51:28: 	Train Loss: 3878720.0000 (base: 183.9780, kd: 7757.0728), Elapsed: train 3.30 test 0.66
09/05/2026,02:51:28: 	Recall@10: 0.06772 Recall@20: 0.10284 NDCG@10: 0.04023 NDCG@20: 0.04989 
09/05/2026,02:51:28: 	Recall@10: 0.02693 Recall@20: 0.04463 NDCG@10: 0.01521 NDCG@20: 0.02009 
09/05/2026,02:51:28: Epoch [57/1000]
09/05/2026,02:51:28: Negative sampling...
09/05/2026,02:51:30: Model's personal time...
09/05/2026,02:51:30: Training...
09/05/2026,02:51:31: Evaluating...
09/05/2026,02:51:32: 	Train Loss: 3883102.0000 (base: 180.2731, kd: 7765.8428), Elapsed: train 3.67 test 0.69
09/05/2026,02:51:32: 	Recall@10: 0.06815 Recall@20: 0.10336 NDCG@10: 0.04038 NDCG@20: 0.05004 
09/05/2026,02:51:32: 	Recall@10: 0.02712 Recall@20: 0.04472 NDCG@10: 0.01529 NDCG@20: 0.02014 
09/05/2026,02:51:32: Epoch [58/1000]
09/05/2026,02:51:32: Negative sampling...
09/05/2026,02:51:34: Model's personal time...
09/05/2026,02:51:34: Training...
09/05/2026,02:51:35: Evaluating...
09/05/2026,02:51:36: 	Train Loss: 3879434.2500 (base: 178.6303, kd: 7758.5112), Elapsed: train 3.35 test 0.66
09/05/2026,02:51:36: 	Recall@10: 0.06792 Recall@20: 0.10329 NDCG@10: 0.04029 NDCG@20: 0.04999 
09/05/2026,02:51:36: 	Recall@10: 0.02679 Recall@20: 0.04477 NDCG@10: 0.01524 NDCG@20: 0.02019 
09/05/2026,02:51:36: Epoch [59/1000]
09/05/2026,02:51:36: Negative sampling...
09/05/2026,02:51:38: Model's personal time...
09/05/2026,02:51:38: Training...
09/05/2026,02:51:40: Evaluating...
09/05/2026,02:51:40: 	Train Loss: 3880171.2500 (base: 176.3011, kd: 7759.9907), Elapsed: train 3.57 test 0.49
09/05/2026,02:51:40: 	Recall@10: 0.06795 Recall@20: 0.10294 NDCG@10: 0.04044 NDCG@20: 0.05006 
09/05/2026,02:51:40: 	Recall@10: 0.02688 Recall@20: 0.04446 NDCG@10: 0.01527 NDCG@20: 0.02011 
09/05/2026,02:51:40: Epoch [60/1000]
09/05/2026,02:51:40: Negative sampling...
09/05/2026,02:51:42: Model's personal time...
09/05/2026,02:51:42: Training...
09/05/2026,02:51:43: Evaluating...
09/05/2026,02:51:44: 	Train Loss: 3881099.7500 (base: 175.1374, kd: 7761.8491), Elapsed: train 3.18 test 0.62
09/05/2026,02:51:44: 	Recall@10: 0.06784 Recall@20: 0.10318 NDCG@10: 0.04030 NDCG@20: 0.04997 
09/05/2026,02:51:44: 	Recall@10: 0.02669 Recall@20: 0.04498 NDCG@10: 0.01523 NDCG@20: 0.02025 
09/05/2026,02:51:44: Epoch [61/1000]
09/05/2026,02:51:44: Negative sampling...
09/05/2026,02:51:46: Model's personal time...
09/05/2026,02:51:46: Training...
09/05/2026,02:51:47: Evaluating...
09/05/2026,02:51:48: 	Train Loss: 3879742.5000 (base: 171.5017, kd: 7759.1426), Elapsed: train 3.54 test 0.71
09/05/2026,02:51:48: 	Recall@10: 0.06789 Recall@20: 0.10325 NDCG@10: 0.04024 NDCG@20: 0.04998 
09/05/2026,02:51:48: 	Recall@10: 0.02688 Recall@20: 0.04454 NDCG@10: 0.01530 NDCG@20: 0.02017 
09/05/2026,02:51:48: Epoch [62/1000]
09/05/2026,02:51:48: Negative sampling...
09/05/2026,02:51:50: Model's personal time...
09/05/2026,02:51:50: Training...
09/05/2026,02:51:52: Evaluating...
09/05/2026,02:51:53: 	Train Loss: 3881662.5000 (base: 170.1325, kd: 7762.9854), Elapsed: train 4.06 test 0.62
09/05/2026,02:51:53: 	Recall@10: 0.06770 Recall@20: 0.10324 NDCG@10: 0.04015 NDCG@20: 0.04991 
09/05/2026,02:51:53: 	Recall@10: 0.02698 Recall@20: 0.04470 NDCG@10: 0.01533 NDCG@20: 0.02021 
09/05/2026,02:51:53: Epoch [63/1000]
09/05/2026,02:51:53: Negative sampling...
09/05/2026,02:51:54: Model's personal time...
09/05/2026,02:51:54: Training...
09/05/2026,02:51:56: Evaluating...
09/05/2026,02:51:57: 	Train Loss: 3879270.5000 (base: 168.6988, kd: 7758.2041), Elapsed: train 3.30 test 1.18
09/05/2026,02:51:57: 	Recall@10: 0.06770 Recall@20: 0.10318 NDCG@10: 0.04021 NDCG@20: 0.04996 
09/05/2026,02:51:57: 	Recall@10: 0.02703 Recall@20: 0.04438 NDCG@10: 0.01536 NDCG@20: 0.02011 
09/05/2026,02:51:57: Epoch [64/1000]
09/05/2026,02:51:57: Negative sampling...
09/05/2026,02:51:59: Model's personal time...
09/05/2026,02:51:59: Training...
09/05/2026,02:52:00: Evaluating...
09/05/2026,02:52:02: 	Train Loss: 3879241.0000 (base: 165.5371, kd: 7758.1519), Elapsed: train 3.08 test 1.33
09/05/2026,02:52:02: 	Recall@10: 0.06733 Recall@20: 0.10324 NDCG@10: 0.04017 NDCG@20: 0.05006 
09/05/2026,02:52:02: 	Recall@10: 0.02688 Recall@20: 0.04438 NDCG@10: 0.01530 NDCG@20: 0.02011 
09/05/2026,02:52:02: Epoch [65/1000]
09/05/2026,02:52:02: Negative sampling...
09/05/2026,02:52:04: Model's personal time...
09/05/2026,02:52:04: Training...
09/05/2026,02:52:05: Evaluating...
09/05/2026,02:52:05: 	Train Loss: 3878032.2500 (base: 163.7086, kd: 7755.7373), Elapsed: train 3.17 test 0.49
09/05/2026,02:52:05: 	Recall@10: 0.06775 Recall@20: 0.10288 NDCG@10: 0.04024 NDCG@20: 0.04989 
09/05/2026,02:52:05: 	Recall@10: 0.02688 Recall@20: 0.04465 NDCG@10: 0.01528 NDCG@20: 0.02016 
09/05/2026,02:52:05: Epoch [66/1000]
09/05/2026,02:52:05: Negative sampling...
09/05/2026,02:52:08: Model's personal time...
09/05/2026,02:52:08: Training...
09/05/2026,02:52:09: Evaluating...
09/05/2026,02:52:10: 	Train Loss: 3884389.2500 (base: 161.5530, kd: 7768.4551), Elapsed: train 3.76 test 0.44
09/05/2026,02:52:10: 	Recall@10: 0.06776 Recall@20: 0.10249 NDCG@10: 0.04030 NDCG@20: 0.04986 
09/05/2026,02:52:10: 	Recall@10: 0.02707 Recall@20: 0.04441 NDCG@10: 0.01531 NDCG@20: 0.02008 
09/05/2026,02:52:10: Epoch [67/1000]
09/05/2026,02:52:10: Negative sampling...
09/05/2026,02:52:12: Model's personal time...
09/05/2026,02:52:12: Training...
09/05/2026,02:52:13: Evaluating...
09/05/2026,02:52:14: 	Train Loss: 3880090.7500 (base: 160.6699, kd: 7759.8604), Elapsed: train 3.85 test 0.67
09/05/2026,02:52:14: 	Recall@10: 0.06774 Recall@20: 0.10300 NDCG@10: 0.04034 NDCG@20: 0.05005 
09/05/2026,02:52:14: 	Recall@10: 0.02688 Recall@20: 0.04454 NDCG@10: 0.01529 NDCG@20: 0.02016 
09/05/2026,02:52:14: Epoch [68/1000]
09/05/2026,02:52:14: Negative sampling...
09/05/2026,02:52:16: Model's personal time...
09/05/2026,02:52:16: Training...
09/05/2026,02:52:18: Evaluating...
09/05/2026,02:52:18: 	Train Loss: 3884088.5000 (base: 158.1715, kd: 7767.8604), Elapsed: train 3.84 test 0.58
09/05/2026,02:52:18: 	Recall@10: 0.06777 Recall@20: 0.10280 NDCG@10: 0.04025 NDCG@20: 0.04992 
09/05/2026,02:52:18: 	Recall@10: 0.02689 Recall@20: 0.04489 NDCG@10: 0.01523 NDCG@20: 0.02016 
09/05/2026,02:52:18: Epoch [69/1000]
09/05/2026,02:52:18: Negative sampling...
09/05/2026,02:52:20: Model's personal time...
09/05/2026,02:52:20: Training...
09/05/2026,02:52:23: Evaluating...
09/05/2026,02:52:23: 	Train Loss: 3882945.2500 (base: 155.9891, kd: 7765.5781), Elapsed: train 4.14 test 0.66
09/05/2026,02:52:23: 	Recall@10: 0.06749 Recall@20: 0.10293 NDCG@10: 0.04021 NDCG@20: 0.04997 
09/05/2026,02:52:23: 	Recall@10: 0.02698 Recall@20: 0.04508 NDCG@10: 0.01530 NDCG@20: 0.02024 
09/05/2026,02:52:23: Epoch [70/1000]
09/05/2026,02:52:23: Negative sampling...
09/05/2026,02:52:25: Model's personal time...
09/05/2026,02:52:25: Training...
09/05/2026,02:52:27: Evaluating...
09/05/2026,02:52:28: 	Train Loss: 3879720.7500 (base: 153.3521, kd: 7759.1353), Elapsed: train 3.56 test 0.83
09/05/2026,02:52:28: 	Recall@10: 0.06765 Recall@20: 0.10309 NDCG@10: 0.04025 NDCG@20: 0.04999 
09/05/2026,02:52:28: 	Recall@10: 0.02679 Recall@20: 0.04470 NDCG@10: 0.01523 NDCG@20: 0.02014 
09/05/2026,02:52:28: Epoch [71/1000]
09/05/2026,02:52:28: Negative sampling...
09/05/2026,02:52:29: Model's personal time...
09/05/2026,02:52:29: Training...
09/05/2026,02:52:32: Evaluating...
09/05/2026,02:52:33: 	Train Loss: 3879111.0000 (base: 152.1419, kd: 7757.9175), Elapsed: train 3.89 test 1.06
09/05/2026,02:52:33: 	Recall@10: 0.06703 Recall@20: 0.10297 NDCG@10: 0.03995 NDCG@20: 0.04985 
09/05/2026,02:52:33: 	Recall@10: 0.02689 Recall@20: 0.04449 NDCG@10: 0.01530 NDCG@20: 0.02014 
09/05/2026,02:52:33: Epoch [72/1000]
09/05/2026,02:52:33: Negative sampling...
09/05/2026,02:52:34: Model's personal time...
09/05/2026,02:52:34: Training...
09/05/2026,02:52:36: Evaluating...
09/05/2026,02:52:37: 	Train Loss: 3879376.5000 (base: 149.8800, kd: 7758.4531), Elapsed: train 3.57 test 0.68
09/05/2026,02:52:37: 	Recall@10: 0.06728 Recall@20: 0.10278 NDCG@10: 0.04021 NDCG@20: 0.05001 
09/05/2026,02:52:37: 	Recall@10: 0.02718 Recall@20: 0.04432 NDCG@10: 0.01534 NDCG@20: 0.02004 
09/05/2026,02:52:37: Epoch [73/1000]
09/05/2026,02:52:37: Negative sampling...
09/05/2026,02:52:38: Model's personal time...
09/05/2026,02:52:39: Training...
09/05/2026,02:52:40: Evaluating...
09/05/2026,02:52:41: 	Train Loss: 3880958.0000 (base: 147.6208, kd: 7761.6196), Elapsed: train 3.49 test 0.74
09/05/2026,02:52:41: 	Recall@10: 0.06698 Recall@20: 0.10243 NDCG@10: 0.04001 NDCG@20: 0.04979 
09/05/2026,02:52:41: 	Recall@10: 0.02699 Recall@20: 0.04489 NDCG@10: 0.01541 NDCG@20: 0.02029 
09/05/2026,02:52:41: Epoch [74/1000]
09/05/2026,02:52:41: Negative sampling...
09/05/2026,02:52:43: Model's personal time...
09/05/2026,02:52:43: Training...
09/05/2026,02:52:44: Evaluating...
09/05/2026,02:52:45: 	Train Loss: 3878918.7500 (base: 146.2723, kd: 7757.5449), Elapsed: train 3.41 test 0.55
09/05/2026,02:52:45: 	Recall@10: 0.06765 Recall@20: 0.10318 NDCG@10: 0.04031 NDCG@20: 0.05008 
09/05/2026,02:52:45: 	Recall@10: 0.02717 Recall@20: 0.04383 NDCG@10: 0.01539 NDCG@20: 0.01997 
09/05/2026,02:52:45: Epoch [75/1000]
09/05/2026,02:52:45: Negative sampling...
09/05/2026,02:52:47: Model's personal time...
09/05/2026,02:52:47: Training...
09/05/2026,02:52:48: Evaluating...
09/05/2026,02:52:49: 	Train Loss: 3877660.7500 (base: 144.6438, kd: 7755.0322), Elapsed: train 3.33 test 0.42
09/05/2026,02:52:49: 	Recall@10: 0.06771 Recall@20: 0.10278 NDCG@10: 0.04025 NDCG@20: 0.04988 
09/05/2026,02:52:49: 	Recall@10: 0.02708 Recall@20: 0.04425 NDCG@10: 0.01533 NDCG@20: 0.02006 
09/05/2026,02:52:49: Epoch [76/1000]
09/05/2026,02:52:49: Negative sampling...
09/05/2026,02:52:50: Model's personal time...
09/05/2026,02:52:51: Training...
09/05/2026,02:52:52: Evaluating...
09/05/2026,02:52:53: 	Train Loss: 3880278.7500 (base: 142.7585, kd: 7760.2729), Elapsed: train 3.49 test 0.90
09/05/2026,02:52:53: 	Recall@10: 0.06713 Recall@20: 0.10228 NDCG@10: 0.04011 NDCG@20: 0.04981 
09/05/2026,02:52:53: 	Recall@10: 0.02698 Recall@20: 0.04412 NDCG@10: 0.01531 NDCG@20: 0.02001 
09/05/2026,02:52:53: Epoch [77/1000]
09/05/2026,02:52:53: Negative sampling...
09/05/2026,02:52:55: Model's personal time...
09/05/2026,02:52:55: Training...
09/05/2026,02:52:56: Evaluating...
09/05/2026,02:52:57: 	Train Loss: 3885158.5000 (base: 141.2825, kd: 7770.0342), Elapsed: train 3.30 test 0.68
09/05/2026,02:52:57: 	Recall@10: 0.06706 Recall@20: 0.10267 NDCG@10: 0.04018 NDCG@20: 0.04997 
09/05/2026,02:52:57: 	Recall@10: 0.02688 Recall@20: 0.04389 NDCG@10: 0.01526 NDCG@20: 0.01994 
09/05/2026,02:52:57: Epoch [78/1000]
09/05/2026,02:52:57: Negative sampling...
09/05/2026,02:52:59: Model's personal time...
09/05/2026,02:52:59: Training...
09/05/2026,02:53:00: Evaluating...
09/05/2026,02:53:01: 	Train Loss: 3877724.0000 (base: 139.7005, kd: 7755.1680), Elapsed: train 3.22 test 0.34
09/05/2026,02:53:01: 	Recall@10: 0.06764 Recall@20: 0.10293 NDCG@10: 0.04034 NDCG@20: 0.05005 
09/05/2026,02:53:01: 	Recall@10: 0.02708 Recall@20: 0.04383 NDCG@10: 0.01532 NDCG@20: 0.01994 
09/05/2026,02:53:01: Epoch [79/1000]
09/05/2026,02:53:01: Negative sampling...
09/05/2026,02:53:03: Model's personal time...
09/05/2026,02:53:03: Training...
09/05/2026,02:53:04: Evaluating...
09/05/2026,02:53:05: 	Train Loss: 3877765.2500 (base: 137.1952, kd: 7755.2563), Elapsed: train 3.74 test 0.55
09/05/2026,02:53:05: 	Recall@10: 0.06730 Recall@20: 0.10315 NDCG@10: 0.04019 NDCG@20: 0.05004 
09/05/2026,02:53:05: 	Recall@10: 0.02679 Recall@20: 0.04392 NDCG@10: 0.01519 NDCG@20: 0.01991 
09/05/2026,02:53:05: Epoch [80/1000]
09/05/2026,02:53:05: Negative sampling...
09/05/2026,02:53:07: Model's personal time...
09/05/2026,02:53:07: Training...
09/05/2026,02:53:09: Evaluating...
09/05/2026,02:53:09: 	Train Loss: 3877390.5000 (base: 134.9878, kd: 7754.5112), Elapsed: train 3.70 test 0.46
09/05/2026,02:53:09: 	Recall@10: 0.06697 Recall@20: 0.10316 NDCG@10: 0.04005 NDCG@20: 0.05001 
09/05/2026,02:53:09: 	Recall@10: 0.02708 Recall@20: 0.04356 NDCG@10: 0.01531 NDCG@20: 0.01987 
09/05/2026,02:53:09: Epoch [81/1000]
09/05/2026,02:53:09: Negative sampling...
09/05/2026,02:53:11: Model's personal time...
09/05/2026,02:53:11: Training...
09/05/2026,02:53:13: Evaluating...
09/05/2026,02:53:14: 	Train Loss: 3879134.2500 (base: 133.6089, kd: 7758.0010), Elapsed: train 3.95 test 0.55
09/05/2026,02:53:14: 	Recall@10: 0.06725 Recall@20: 0.10284 NDCG@10: 0.04014 NDCG@20: 0.04996 
09/05/2026,02:53:14: 	Recall@10: 0.02717 Recall@20: 0.04354 NDCG@10: 0.01529 NDCG@20: 0.01981 
09/05/2026,02:53:14: Epoch [82/1000]
09/05/2026,02:53:14: Negative sampling...
09/05/2026,02:53:16: Model's personal time...
09/05/2026,02:53:16: Training...
09/05/2026,02:53:17: Evaluating...
09/05/2026,02:53:18: 	Train Loss: 3879715.2500 (base: 132.0588, kd: 7759.1655), Elapsed: train 3.80 test 0.56
09/05/2026,02:53:18: 	Recall@10: 0.06746 Recall@20: 0.10354 NDCG@10: 0.04023 NDCG@20: 0.05011 
09/05/2026,02:53:18: 	Recall@10: 0.02717 Recall@20: 0.04347 NDCG@10: 0.01529 NDCG@20: 0.01979 
09/05/2026,02:53:18: Epoch [83/1000]
09/05/2026,02:53:18: Negative sampling...
09/05/2026,02:53:20: Model's personal time...
09/05/2026,02:53:20: Training...
09/05/2026,02:53:22: Evaluating...
09/05/2026,02:53:22: 	Train Loss: 3877413.5000 (base: 129.6856, kd: 7754.5674), Elapsed: train 3.66 test 0.40
09/05/2026,02:53:22: 	Recall@10: 0.06787 Recall@20: 0.10357 NDCG@10: 0.04039 NDCG@20: 0.05015 
09/05/2026,02:53:22: 	Recall@10: 0.02698 Recall@20: 0.04388 NDCG@10: 0.01531 NDCG@20: 0.01996 
09/05/2026,02:53:22: Epoch [84/1000]
09/05/2026,02:53:22: Negative sampling...
09/05/2026,02:53:24: Model's personal time...
09/05/2026,02:53:24: Training...
09/05/2026,02:53:26: Evaluating...
09/05/2026,02:53:26: 	Train Loss: 3878500.5000 (base: 128.8217, kd: 7756.7437), Elapsed: train 3.81 test 0.32
09/05/2026,02:53:26: 	Recall@10: 0.06751 Recall@20: 0.10366 NDCG@10: 0.04019 NDCG@20: 0.05010 
09/05/2026,02:53:26: 	Recall@10: 0.02707 Recall@20: 0.04390 NDCG@10: 0.01533 NDCG@20: 0.01995 
09/05/2026,02:53:26: Epoch [85/1000]
09/05/2026,02:53:26: Negative sampling...
09/05/2026,02:53:28: Model's personal time...
09/05/2026,02:53:28: Training...
09/05/2026,02:53:30: Evaluating...
09/05/2026,02:53:31: 	Train Loss: 3877243.2500 (base: 126.7349, kd: 7754.2334), Elapsed: train 3.72 test 0.55
09/05/2026,02:53:31: 	Recall@10: 0.06741 Recall@20: 0.10323 NDCG@10: 0.04022 NDCG@20: 0.05005 
09/05/2026,02:53:31: 	Recall@10: 0.02707 Recall@20: 0.04380 NDCG@10: 0.01533 NDCG@20: 0.01993 
09/05/2026,02:53:31: ------------------------------
09/05/2026,02:53:31: valid Recall@10: 0.06821 Recall@20: 0.10356 NDCG@10: 0.04054 NDCG@20: 0.05022
09/05/2026,02:53:31: test Recall@10: 0.02683 Recall@20: 0.04479 NDCG@10: 0.01529 NDCG@20: 0.02024
