----------------------------------------TEACHER----------------------------------------
init_std                                 0.1
keep_prob                                0.6
A_split                                  False
dropout                                  False
embedding_dim                            2000
num_layers                               3
----------------------------------------TEACHER----------------------------------------
----------------------------------------STUDENT----------------------------------------
init_std                                 0.01
embedding_dim                            20
----------------------------------------STUDENT----------------------------------------
----------------------------------------ARGUMENTS----------------------------------------
run_all                                  False
seed                                     0
gpu_id                                   0
no_log                                   False
no_save                                  False
suffix                                   het_mxK400_seed0
verbose                                  False
ablation                                 False
task                                     rec
dataset                                  citeulike
batch_size                               2048
num_ns                                   1
neg_sampling_on_all                      False
T_backbone                               lightgcn
S_backbone                               bpr
model                                    rcekd
preload                                  False
postsave                                 False
train_teacher                            False
ckpt_interval                            -1
epochs                                   1000
lr                                       0.001
wd                                       1e-07
lmbda                                    100
srce_alpha                               1.0
srce_s                                   20.0
srce_eta                                 1.0
srce_Lu                                  20
srce_mode                                union
eval_period                              1
K_list                                   [10, 20]
early_stop_metric                        NDCG
early_stop_K                             20
early_stop_patience                      30
LOG_DIR                                  logs/
CONFIG_DIR                               configs/
DATA_DIR                                 data/
CKPT_DIR                                 checkpoints/
CRAFT_DIR                                crafts/
mkd_tau                                  10
mkd_K                                    50
mkd_L                                    50
mkd_T                                    10
mkd_mxK                                  400
mkd_beta                                 5
sample_rank                              False
----------------------------------------ARGUMENTS----------------------------------------
----------------------------------------Teacher----------------------------------------
09/05/2026,00:13:12: ------------------------------
09/05/2026,00:13:12: valid Recall@10: 0.07235 Recall@20: 0.10546 NDCG@10: 0.04227 NDCG@20: 0.05124
09/05/2026,00:13:12: test Recall@10: 0.02811 Recall@20: 0.04513 NDCG@10: 0.01583 NDCG@20: 0.02045
----------------------------------------------------------------------------------------
09/05/2026,00:13:12: Epoch [1/1000]
09/05/2026,00:13:12: Negative sampling...
09/05/2026,00:13:14: Model's personal time...
09/05/2026,00:13:14: Training...
09/05/2026,00:13:18: Evaluating...
09/05/2026,00:13:18: 	Train Loss: 924252.9375 (base: 1390.6558, kd: 9228.6240), Elapsed: train 5.49 test 0.43 *
09/05/2026,00:13:18: 	Recall@10: 0.00975 Recall@20: 0.01544 NDCG@10: 0.00597 NDCG@20: 0.00752 
09/05/2026,00:13:18: 	Recall@10: 0.00360 Recall@20: 0.00469 NDCG@10: 0.00212 NDCG@20: 0.00246 
09/05/2026,00:13:18: Epoch [2/1000]
09/05/2026,00:13:18: Negative sampling...
09/05/2026,00:13:19: Model's personal time...
09/05/2026,00:13:20: Training...
09/05/2026,00:13:23: Evaluating...
09/05/2026,00:13:24: 	Train Loss: 856718.9375 (base: 1378.3657, kd: 8553.4053), Elapsed: train 5.34 test 0.53 *
09/05/2026,00:13:24: 	Recall@10: 0.02546 Recall@20: 0.03749 NDCG@10: 0.01383 NDCG@20: 0.01720 
09/05/2026,00:13:24: 	Recall@10: 0.00951 Recall@20: 0.01415 NDCG@10: 0.00473 NDCG@20: 0.00602 
09/05/2026,00:13:24: Epoch [3/1000]
09/05/2026,00:13:24: Negative sampling...
09/05/2026,00:13:25: Model's personal time...
09/05/2026,00:13:26: Training...
09/05/2026,00:13:29: Evaluating...
09/05/2026,00:13:30: 	Train Loss: 834667.4375 (base: 1352.1616, kd: 8333.1523), Elapsed: train 5.38 test 0.43 *
09/05/2026,00:13:30: 	Recall@10: 0.03054 Recall@20: 0.04372 NDCG@10: 0.01685 NDCG@20: 0.02047 
09/05/2026,00:13:30: 	Recall@10: 0.01060 Recall@20: 0.01464 NDCG@10: 0.00511 NDCG@20: 0.00623 
09/05/2026,00:13:30: Epoch [4/1000]
09/05/2026,00:13:30: Negative sampling...
09/05/2026,00:13:31: Model's personal time...
09/05/2026,00:13:31: Training...
09/05/2026,00:13:35: Evaluating...
09/05/2026,00:13:36: 	Train Loss: 825903.8125 (base: 1314.7805, kd: 8245.8906), Elapsed: train 5.61 test 0.70 *
09/05/2026,00:13:36: 	Recall@10: 0.03265 Recall@20: 0.04905 NDCG@10: 0.01873 NDCG@20: 0.02319 
09/05/2026,00:13:36: 	Recall@10: 0.01165 Recall@20: 0.01728 NDCG@10: 0.00621 NDCG@20: 0.00772 
09/05/2026,00:13:36: Epoch [5/1000]
09/05/2026,00:13:36: Negative sampling...
09/05/2026,00:13:37: Model's personal time...
09/05/2026,00:13:38: Training...
09/05/2026,00:13:43: Evaluating...
09/05/2026,00:13:44: 	Train Loss: 820638.7500 (base: 1268.0198, kd: 8193.7070), Elapsed: train 6.67 test 1.18 *
09/05/2026,00:13:44: 	Recall@10: 0.03568 Recall@20: 0.05002 NDCG@10: 0.02003 NDCG@20: 0.02389 
09/05/2026,00:13:44: 	Recall@10: 0.01309 Recall@20: 0.01992 NDCG@10: 0.00676 NDCG@20: 0.00860 
09/05/2026,00:13:44: Epoch [6/1000]
09/05/2026,00:13:44: Negative sampling...
09/05/2026,00:13:45: Model's personal time...
09/05/2026,00:13:46: Training...
09/05/2026,00:13:50: Evaluating...
09/05/2026,00:13:51: 	Train Loss: 816505.0625 (base: 1216.7913, kd: 8152.8823), Elapsed: train 5.87 test 1.19 *
09/05/2026,00:13:51: 	Recall@10: 0.03626 Recall@20: 0.05316 NDCG@10: 0.02148 NDCG@20: 0.02612 
09/05/2026,00:13:51: 	Recall@10: 0.01394 Recall@20: 0.02103 NDCG@10: 0.00714 NDCG@20: 0.00910 
09/05/2026,00:13:51: Epoch [7/1000]
09/05/2026,00:13:51: Negative sampling...
09/05/2026,00:13:52: Model's personal time...
09/05/2026,00:13:54: Training...
09/05/2026,00:13:58: Evaluating...
09/05/2026,00:14:00: 	Train Loss: 813700.1250 (base: 1160.8330, kd: 8125.3926), Elapsed: train 7.24 test 1.94
09/05/2026,00:14:00: 	Recall@10: 0.03723 Recall@20: 0.05390 NDCG@10: 0.02093 NDCG@20: 0.02547 
09/05/2026,00:14:00: 	Recall@10: 0.01482 Recall@20: 0.02132 NDCG@10: 0.00778 NDCG@20: 0.00955 
09/05/2026,00:14:00: Epoch [8/1000]
09/05/2026,00:14:00: Negative sampling...
09/05/2026,00:14:01: Model's personal time...
09/05/2026,00:14:03: Training...
09/05/2026,00:14:06: Evaluating...
09/05/2026,00:14:07: 	Train Loss: 811884.5000 (base: 1103.5376, kd: 8107.8096), Elapsed: train 6.33 test 0.84 *
09/05/2026,00:14:07: 	Recall@10: 0.03959 Recall@20: 0.05547 NDCG@10: 0.02242 NDCG@20: 0.02683 
09/05/2026,00:14:07: 	Recall@10: 0.01507 Recall@20: 0.02131 NDCG@10: 0.00787 NDCG@20: 0.00953 
09/05/2026,00:14:07: Epoch [9/1000]
09/05/2026,00:14:07: Negative sampling...
09/05/2026,00:14:09: Model's personal time...
09/05/2026,00:14:10: Training...
09/05/2026,00:14:15: Evaluating...
09/05/2026,00:14:15: 	Train Loss: 810015.8125 (base: 1045.6105, kd: 8089.7021), Elapsed: train 7.20 test 0.79 *
09/05/2026,00:14:15: 	Recall@10: 0.03837 Recall@20: 0.05868 NDCG@10: 0.02219 NDCG@20: 0.02785 
09/05/2026,00:14:15: 	Recall@10: 0.01458 Recall@20: 0.02117 NDCG@10: 0.00774 NDCG@20: 0.00955 
09/05/2026,00:14:15: Epoch [10/1000]
09/05/2026,00:14:15: Negative sampling...
09/05/2026,00:14:17: Model's personal time...
09/05/2026,00:14:18: Training...
09/05/2026,00:14:24: Evaluating...
09/05/2026,00:14:25: 	Train Loss: 808552.6250 (base: 988.0032, kd: 8075.6460), Elapsed: train 9.07 test 0.68 *
09/05/2026,00:14:25: 	Recall@10: 0.04024 Recall@20: 0.05996 NDCG@10: 0.02419 NDCG@20: 0.02962 
09/05/2026,00:14:25: 	Recall@10: 0.01389 Recall@20: 0.02221 NDCG@10: 0.00726 NDCG@20: 0.00951 
09/05/2026,00:14:25: Epoch [11/1000]
09/05/2026,00:14:25: Negative sampling...
09/05/2026,00:14:26: Model's personal time...
09/05/2026,00:14:28: Training...
09/05/2026,00:14:34: Evaluating...
09/05/2026,00:14:35: 	Train Loss: 807139.5625 (base: 932.5548, kd: 8062.0713), Elapsed: train 9.04 test 1.07 *
09/05/2026,00:14:35: 	Recall@10: 0.04105 Recall@20: 0.06115 NDCG@10: 0.02447 NDCG@20: 0.02993 
09/05/2026,00:14:35: 	Recall@10: 0.01423 Recall@20: 0.02118 NDCG@10: 0.00771 NDCG@20: 0.00962 
09/05/2026,00:14:35: Epoch [12/1000]
09/05/2026,00:14:35: Negative sampling...
09/05/2026,00:14:37: Model's personal time...
09/05/2026,00:14:37: Training...
09/05/2026,00:14:43: Evaluating...
09/05/2026,00:14:45: 	Train Loss: 805807.1875 (base: 878.2988, kd: 8049.2881), Elapsed: train 7.65 test 2.49 *
09/05/2026,00:14:45: 	Recall@10: 0.04030 Recall@20: 0.06289 NDCG@10: 0.02420 NDCG@20: 0.03042 
09/05/2026,00:14:45: 	Recall@10: 0.01514 Recall@20: 0.02083 NDCG@10: 0.00823 NDCG@20: 0.00984 
09/05/2026,00:14:45: Epoch [13/1000]
09/05/2026,00:14:45: Negative sampling...
09/05/2026,00:14:47: Model's personal time...
09/05/2026,00:14:47: Training...
09/05/2026,00:14:52: Evaluating...
09/05/2026,00:14:55: 	Train Loss: 804710.1875 (base: 827.0387, kd: 8038.8311), Elapsed: train 7.03 test 2.76 *
09/05/2026,00:14:55: 	Recall@10: 0.04207 Recall@20: 0.06389 NDCG@10: 0.02495 NDCG@20: 0.03099 
09/05/2026,00:14:55: 	Recall@10: 0.01528 Recall@20: 0.02267 NDCG@10: 0.00851 NDCG@20: 0.01056 
09/05/2026,00:14:55: Epoch [14/1000]
09/05/2026,00:14:55: Negative sampling...
09/05/2026,00:14:57: Model's personal time...
09/05/2026,00:14:57: Training...
09/05/2026,00:15:04: Evaluating...
09/05/2026,00:15:06: 	Train Loss: 803676.2500 (base: 780.6107, kd: 8028.9565), Elapsed: train 8.61 test 1.98 *
09/05/2026,00:15:06: 	Recall@10: 0.04405 Recall@20: 0.06434 NDCG@10: 0.02587 NDCG@20: 0.03155 
09/05/2026,00:15:06: 	Recall@10: 0.01596 Recall@20: 0.02339 NDCG@10: 0.00889 NDCG@20: 0.01095 
09/05/2026,00:15:06: Epoch [15/1000]
09/05/2026,00:15:06: Negative sampling...
09/05/2026,00:15:07: Model's personal time...
09/05/2026,00:15:08: Training...
09/05/2026,00:15:15: Evaluating...
09/05/2026,00:15:16: 	Train Loss: 802600.9375 (base: 735.3929, kd: 8018.6562), Elapsed: train 9.29 test 1.49 *
09/05/2026,00:15:16: 	Recall@10: 0.04495 Recall@20: 0.06641 NDCG@10: 0.02677 NDCG@20: 0.03266 
09/05/2026,00:15:16: 	Recall@10: 0.01654 Recall@20: 0.02354 NDCG@10: 0.00936 NDCG@20: 0.01132 
09/05/2026,00:15:16: Epoch [16/1000]
09/05/2026,00:15:16: Negative sampling...
09/05/2026,00:15:18: Model's personal time...
09/05/2026,00:15:19: Training...
09/05/2026,00:15:26: Evaluating...
09/05/2026,00:15:27: 	Train Loss: 801846.6875 (base: 695.1373, kd: 8011.5151), Elapsed: train 9.27 test 1.76 *
09/05/2026,00:15:27: 	Recall@10: 0.04669 Recall@20: 0.06707 NDCG@10: 0.02722 NDCG@20: 0.03283 
09/05/2026,00:15:27: 	Recall@10: 0.01612 Recall@20: 0.02399 NDCG@10: 0.00909 NDCG@20: 0.01128 
09/05/2026,00:15:27: Epoch [17/1000]
09/05/2026,00:15:27: Negative sampling...
09/05/2026,00:15:29: Model's personal time...
09/05/2026,00:15:31: Training...
09/05/2026,00:15:37: Evaluating...
09/05/2026,00:15:38: 	Train Loss: 800979.5625 (base: 655.6964, kd: 8003.2383), Elapsed: train 9.43 test 0.88 *
09/05/2026,00:15:38: 	Recall@10: 0.04805 Recall@20: 0.06895 NDCG@10: 0.02802 NDCG@20: 0.03375 
09/05/2026,00:15:38: 	Recall@10: 0.01620 Recall@20: 0.02487 NDCG@10: 0.00921 NDCG@20: 0.01163 
09/05/2026,00:15:38: Epoch [18/1000]
09/05/2026,00:15:38: Negative sampling...
09/05/2026,00:15:39: Model's personal time...
09/05/2026,00:15:41: Training...
09/05/2026,00:15:47: Evaluating...
09/05/2026,00:15:48: 	Train Loss: 800492.5000 (base: 620.6373, kd: 7998.7178), Elapsed: train 9.33 test 0.85 *
09/05/2026,00:15:48: 	Recall@10: 0.04976 Recall@20: 0.06931 NDCG@10: 0.02873 NDCG@20: 0.03412 
09/05/2026,00:15:48: 	Recall@10: 0.01656 Recall@20: 0.02586 NDCG@10: 0.00939 NDCG@20: 0.01198 
09/05/2026,00:15:48: Epoch [19/1000]
09/05/2026,00:15:48: Negative sampling...
09/05/2026,00:15:49: Model's personal time...
09/05/2026,00:15:50: Training...
09/05/2026,00:15:57: Evaluating...
09/05/2026,00:15:59: 	Train Loss: 799648.2500 (base: 587.4415, kd: 7990.6074), Elapsed: train 9.29 test 1.54 *
09/05/2026,00:15:59: 	Recall@10: 0.04941 Recall@20: 0.06966 NDCG@10: 0.02876 NDCG@20: 0.03439 
09/05/2026,00:15:59: 	Recall@10: 0.01691 Recall@20: 0.02578 NDCG@10: 0.00952 NDCG@20: 0.01200 
09/05/2026,00:15:59: Epoch [20/1000]
09/05/2026,00:15:59: Negative sampling...
09/05/2026,00:16:00: Model's personal time...
09/05/2026,00:16:00: Training...
09/05/2026,00:16:05: Evaluating...
09/05/2026,00:16:08: 	Train Loss: 799067.6875 (base: 556.6890, kd: 7985.1094), Elapsed: train 5.93 test 3.56 *
09/05/2026,00:16:08: 	Recall@10: 0.05040 Recall@20: 0.07159 NDCG@10: 0.02964 NDCG@20: 0.03555 
09/05/2026,00:16:08: 	Recall@10: 0.01730 Recall@20: 0.02567 NDCG@10: 0.00964 NDCG@20: 0.01198 
09/05/2026,00:16:08: Epoch [21/1000]
09/05/2026,00:16:08: Negative sampling...
09/05/2026,00:16:10: Model's personal time...
09/05/2026,00:16:10: Training...
09/05/2026,00:16:16: Evaluating...
09/05/2026,00:16:17: 	Train Loss: 798428.9375 (base: 530.9516, kd: 7978.9805), Elapsed: train 7.61 test 0.70 *
09/05/2026,00:16:17: 	Recall@10: 0.05035 Recall@20: 0.07236 NDCG@10: 0.02983 NDCG@20: 0.03603 
09/05/2026,00:16:17: 	Recall@10: 0.01733 Recall@20: 0.02618 NDCG@10: 0.00944 NDCG@20: 0.01192 
09/05/2026,00:16:17: Epoch [22/1000]
09/05/2026,00:16:17: Negative sampling...
09/05/2026,00:16:18: Model's personal time...
09/05/2026,00:16:18: Training...
09/05/2026,00:16:22: Evaluating...
09/05/2026,00:16:26: 	Train Loss: 798114.6250 (base: 504.3090, kd: 7976.1025), Elapsed: train 5.36 test 3.88 *
09/05/2026,00:16:26: 	Recall@10: 0.05003 Recall@20: 0.07230 NDCG@10: 0.02999 NDCG@20: 0.03625 
09/05/2026,00:16:26: 	Recall@10: 0.01718 Recall@20: 0.02709 NDCG@10: 0.00972 NDCG@20: 0.01247 
09/05/2026,00:16:26: Epoch [23/1000]
09/05/2026,00:16:26: Negative sampling...
09/05/2026,00:16:27: Model's personal time...
09/05/2026,00:16:27: Training...
09/05/2026,00:16:33: Evaluating...
09/05/2026,00:16:35: 	Train Loss: 797539.0000 (base: 481.3946, kd: 7970.5762), Elapsed: train 7.14 test 1.99 *
09/05/2026,00:16:35: 	Recall@10: 0.04973 Recall@20: 0.07351 NDCG@10: 0.02968 NDCG@20: 0.03630 
09/05/2026,00:16:35: 	Recall@10: 0.01708 Recall@20: 0.02689 NDCG@10: 0.00957 NDCG@20: 0.01235 
09/05/2026,00:16:35: Epoch [24/1000]
09/05/2026,00:16:35: Negative sampling...
09/05/2026,00:16:36: Model's personal time...
09/05/2026,00:16:36: Training...
09/05/2026,00:16:42: Evaluating...
09/05/2026,00:16:45: 	Train Loss: 797033.3750 (base: 458.5870, kd: 7965.7485), Elapsed: train 7.39 test 2.61 *
09/05/2026,00:16:45: 	Recall@10: 0.04995 Recall@20: 0.07421 NDCG@10: 0.03002 NDCG@20: 0.03678 
09/05/2026,00:16:45: 	Recall@10: 0.01734 Recall@20: 0.02808 NDCG@10: 0.00959 NDCG@20: 0.01258 
09/05/2026,00:16:45: Epoch [25/1000]
09/05/2026,00:16:45: Negative sampling...
09/05/2026,00:16:46: Model's personal time...
09/05/2026,00:16:46: Training...
09/05/2026,00:16:52: Evaluating...
09/05/2026,00:16:55: 	Train Loss: 796684.6250 (base: 438.9779, kd: 7962.4565), Elapsed: train 6.92 test 3.11 *
09/05/2026,00:16:55: 	Recall@10: 0.05015 Recall@20: 0.07421 NDCG@10: 0.03025 NDCG@20: 0.03699 
09/05/2026,00:16:55: 	Recall@10: 0.01686 Recall@20: 0.02824 NDCG@10: 0.00957 NDCG@20: 0.01272 
09/05/2026,00:16:55: Epoch [26/1000]
09/05/2026,00:16:55: Negative sampling...
09/05/2026,00:16:56: Model's personal time...
09/05/2026,00:16:57: Training...
09/05/2026,00:17:04: Evaluating...
09/05/2026,00:17:06: 	Train Loss: 796160.5000 (base: 419.6800, kd: 7957.4082), Elapsed: train 9.31 test 1.43 *
09/05/2026,00:17:06: 	Recall@10: 0.05134 Recall@20: 0.07675 NDCG@10: 0.03079 NDCG@20: 0.03784 
09/05/2026,00:17:06: 	Recall@10: 0.01766 Recall@20: 0.02879 NDCG@10: 0.00992 NDCG@20: 0.01300 
09/05/2026,00:17:06: Epoch [27/1000]
09/05/2026,00:17:06: Negative sampling...
09/05/2026,00:17:07: Model's personal time...
09/05/2026,00:17:07: Training...
09/05/2026,00:17:14: Evaluating...
09/05/2026,00:17:16: 	Train Loss: 795793.8750 (base: 400.8510, kd: 7953.9302), Elapsed: train 8.37 test 2.12 *
09/05/2026,00:17:16: 	Recall@10: 0.05171 Recall@20: 0.07703 NDCG@10: 0.03147 NDCG@20: 0.03852 
09/05/2026,00:17:16: 	Recall@10: 0.01756 Recall@20: 0.02878 NDCG@10: 0.00989 NDCG@20: 0.01302 
09/05/2026,00:17:16: Epoch [28/1000]
09/05/2026,00:17:16: Negative sampling...
09/05/2026,00:17:18: Model's personal time...
09/05/2026,00:17:18: Training...
09/05/2026,00:17:25: Evaluating...
09/05/2026,00:17:27: 	Train Loss: 795389.1875 (base: 383.2936, kd: 7950.0596), Elapsed: train 8.54 test 2.08
09/05/2026,00:17:27: 	Recall@10: 0.05259 Recall@20: 0.07790 NDCG@10: 0.03121 NDCG@20: 0.03827 
09/05/2026,00:17:27: 	Recall@10: 0.01811 Recall@20: 0.03028 NDCG@10: 0.01009 NDCG@20: 0.01343 
09/05/2026,00:17:27: Epoch [29/1000]
09/05/2026,00:17:27: Negative sampling...
09/05/2026,00:17:28: Model's personal time...
09/05/2026,00:17:29: Training...
09/05/2026,00:17:36: Evaluating...
09/05/2026,00:17:38: 	Train Loss: 795127.5000 (base: 367.4970, kd: 7947.5991), Elapsed: train 9.38 test 1.45 *
09/05/2026,00:17:38: 	Recall@10: 0.05379 Recall@20: 0.07830 NDCG@10: 0.03185 NDCG@20: 0.03870 
09/05/2026,00:17:38: 	Recall@10: 0.01901 Recall@20: 0.03088 NDCG@10: 0.01046 NDCG@20: 0.01372 
09/05/2026,00:17:38: Epoch [30/1000]
09/05/2026,00:17:38: Negative sampling...
09/05/2026,00:17:39: Model's personal time...
09/05/2026,00:17:40: Training...
09/05/2026,00:17:47: Evaluating...
09/05/2026,00:17:48: 	Train Loss: 794768.0000 (base: 355.4764, kd: 7944.1250), Elapsed: train 8.95 test 1.79 *
09/05/2026,00:17:48: 	Recall@10: 0.05375 Recall@20: 0.07888 NDCG@10: 0.03210 NDCG@20: 0.03917 
09/05/2026,00:17:48: 	Recall@10: 0.01897 Recall@20: 0.03145 NDCG@10: 0.01058 NDCG@20: 0.01399 
09/05/2026,00:17:48: Epoch [31/1000]
09/05/2026,00:17:48: Negative sampling...
09/05/2026,00:17:50: Model's personal time...
09/05/2026,00:17:51: Training...
09/05/2026,00:17:58: Evaluating...
09/05/2026,00:17:59: 	Train Loss: 794508.0625 (base: 340.4714, kd: 7941.6753), Elapsed: train 9.38 test 1.28
09/05/2026,00:17:59: 	Recall@10: 0.05456 Recall@20: 0.07934 NDCG@10: 0.03218 NDCG@20: 0.03912 
09/05/2026,00:17:59: 	Recall@10: 0.01905 Recall@20: 0.03072 NDCG@10: 0.01050 NDCG@20: 0.01372 
09/05/2026,00:17:59: Epoch [32/1000]
09/05/2026,00:17:59: Negative sampling...
09/05/2026,00:18:00: Model's personal time...
09/05/2026,00:18:01: Training...
09/05/2026,00:18:08: Evaluating...
09/05/2026,00:18:10: 	Train Loss: 794160.3750 (base: 328.5766, kd: 7938.3188), Elapsed: train 8.69 test 1.99 *
09/05/2026,00:18:10: 	Recall@10: 0.05544 Recall@20: 0.07942 NDCG@10: 0.03277 NDCG@20: 0.03950 
09/05/2026,00:18:10: 	Recall@10: 0.02022 Recall@20: 0.03193 NDCG@10: 0.01104 NDCG@20: 0.01420 
09/05/2026,00:18:10: Epoch [33/1000]
09/05/2026,00:18:10: Negative sampling...
09/05/2026,00:18:11: Model's personal time...
09/05/2026,00:18:12: Training...
09/05/2026,00:18:18: Evaluating...
09/05/2026,00:18:21: 	Train Loss: 793938.7500 (base: 318.3086, kd: 7936.2051), Elapsed: train 8.62 test 2.19 *
09/05/2026,00:18:21: 	Recall@10: 0.05652 Recall@20: 0.07956 NDCG@10: 0.03335 NDCG@20: 0.03974 
09/05/2026,00:18:21: 	Recall@10: 0.02041 Recall@20: 0.03208 NDCG@10: 0.01107 NDCG@20: 0.01422 
09/05/2026,00:18:21: Epoch [34/1000]
09/05/2026,00:18:21: Negative sampling...
09/05/2026,00:18:22: Model's personal time...
09/05/2026,00:18:23: Training...
09/05/2026,00:18:29: Evaluating...
09/05/2026,00:18:32: 	Train Loss: 793692.5625 (base: 307.0784, kd: 7933.8545), Elapsed: train 8.74 test 2.22 *
09/05/2026,00:18:32: 	Recall@10: 0.05643 Recall@20: 0.08140 NDCG@10: 0.03331 NDCG@20: 0.04021 
09/05/2026,00:18:32: 	Recall@10: 0.02028 Recall@20: 0.03309 NDCG@10: 0.01121 NDCG@20: 0.01466 
09/05/2026,00:18:32: Epoch [35/1000]
09/05/2026,00:18:32: Negative sampling...
09/05/2026,00:18:33: Model's personal time...
09/05/2026,00:18:34: Training...
09/05/2026,00:18:41: Evaluating...
09/05/2026,00:18:42: 	Train Loss: 793467.3125 (base: 296.8905, kd: 7931.7041), Elapsed: train 9.40 test 1.42 *
09/05/2026,00:18:42: 	Recall@10: 0.05735 Recall@20: 0.08112 NDCG@10: 0.03372 NDCG@20: 0.04030 
09/05/2026,00:18:42: 	Recall@10: 0.02060 Recall@20: 0.03287 NDCG@10: 0.01114 NDCG@20: 0.01443 
09/05/2026,00:18:42: Epoch [36/1000]
09/05/2026,00:18:42: Negative sampling...
09/05/2026,00:18:44: Model's personal time...
09/05/2026,00:18:44: Training...
09/05/2026,00:18:52: Evaluating...
09/05/2026,00:18:53: 	Train Loss: 793217.9375 (base: 284.3062, kd: 7929.3364), Elapsed: train 9.44 test 1.37 *
09/05/2026,00:18:53: 	Recall@10: 0.05688 Recall@20: 0.08103 NDCG@10: 0.03354 NDCG@20: 0.04031 
09/05/2026,00:18:53: 	Recall@10: 0.02091 Recall@20: 0.03255 NDCG@10: 0.01131 NDCG@20: 0.01447 
09/05/2026,00:18:53: Epoch [37/1000]
09/05/2026,00:18:53: Negative sampling...
09/05/2026,00:18:55: Model's personal time...
09/05/2026,00:18:55: Training...
09/05/2026,00:19:02: Evaluating...
09/05/2026,00:19:04: 	Train Loss: 792998.0000 (base: 278.0254, kd: 7927.2002), Elapsed: train 8.43 test 2.08
09/05/2026,00:19:04: 	Recall@10: 0.05762 Recall@20: 0.08137 NDCG@10: 0.03367 NDCG@20: 0.04027 
09/05/2026,00:19:04: 	Recall@10: 0.02036 Recall@20: 0.03222 NDCG@10: 0.01131 NDCG@20: 0.01457 
09/05/2026,00:19:04: Epoch [38/1000]
09/05/2026,00:19:04: Negative sampling...
09/05/2026,00:19:05: Model's personal time...
09/05/2026,00:19:05: Training...
09/05/2026,00:19:12: Evaluating...
09/05/2026,00:19:14: 	Train Loss: 792680.5625 (base: 267.3717, kd: 7924.1318), Elapsed: train 8.32 test 2.06 *
09/05/2026,00:19:14: 	Recall@10: 0.05842 Recall@20: 0.08253 NDCG@10: 0.03408 NDCG@20: 0.04080 
09/05/2026,00:19:14: 	Recall@10: 0.02051 Recall@20: 0.03417 NDCG@10: 0.01129 NDCG@20: 0.01498 
09/05/2026,00:19:14: Epoch [39/1000]
09/05/2026,00:19:14: Negative sampling...
09/05/2026,00:19:16: Model's personal time...
09/05/2026,00:19:16: Training...
09/05/2026,00:19:24: Evaluating...
09/05/2026,00:19:25: 	Train Loss: 792499.2500 (base: 259.4478, kd: 7922.3984), Elapsed: train 9.42 test 1.45 *
09/05/2026,00:19:25: 	Recall@10: 0.05889 Recall@20: 0.08215 NDCG@10: 0.03442 NDCG@20: 0.04083 
09/05/2026,00:19:25: 	Recall@10: 0.02135 Recall@20: 0.03368 NDCG@10: 0.01158 NDCG@20: 0.01493 
09/05/2026,00:19:25: Epoch [40/1000]
09/05/2026,00:19:25: Negative sampling...
09/05/2026,00:19:26: Model's personal time...
09/05/2026,00:19:26: Training...
09/05/2026,00:19:33: Evaluating...
09/05/2026,00:19:36: 	Train Loss: 792301.8750 (base: 251.0834, kd: 7920.5073), Elapsed: train 7.85 test 2.71 *
09/05/2026,00:19:36: 	Recall@10: 0.05877 Recall@20: 0.08329 NDCG@10: 0.03436 NDCG@20: 0.04111 
09/05/2026,00:19:36: 	Recall@10: 0.02116 Recall@20: 0.03316 NDCG@10: 0.01148 NDCG@20: 0.01474 
09/05/2026,00:19:36: Epoch [41/1000]
09/05/2026,00:19:36: Negative sampling...
09/05/2026,00:19:37: Model's personal time...
09/05/2026,00:19:38: Training...
09/05/2026,00:19:45: Evaluating...
09/05/2026,00:19:46: 	Train Loss: 791954.1250 (base: 246.9854, kd: 7917.0713), Elapsed: train 9.48 test 1.47 *
09/05/2026,00:19:46: 	Recall@10: 0.05926 Recall@20: 0.08386 NDCG@10: 0.03445 NDCG@20: 0.04123 
09/05/2026,00:19:46: 	Recall@10: 0.02154 Recall@20: 0.03417 NDCG@10: 0.01158 NDCG@20: 0.01502 
09/05/2026,00:19:46: Epoch [42/1000]
09/05/2026,00:19:46: Negative sampling...
09/05/2026,00:19:48: Model's personal time...
09/05/2026,00:19:49: Training...
09/05/2026,00:19:56: Evaluating...
09/05/2026,00:19:57: 	Train Loss: 791958.3750 (base: 242.0846, kd: 7917.1631), Elapsed: train 9.31 test 1.41 *
09/05/2026,00:19:57: 	Recall@10: 0.05931 Recall@20: 0.08475 NDCG@10: 0.03471 NDCG@20: 0.04166 
09/05/2026,00:19:57: 	Recall@10: 0.02186 Recall@20: 0.03362 NDCG@10: 0.01179 NDCG@20: 0.01496 
09/05/2026,00:19:57: Epoch [43/1000]
09/05/2026,00:19:57: Negative sampling...
09/05/2026,00:19:59: Model's personal time...
09/05/2026,00:19:59: Training...
09/05/2026,00:20:07: Evaluating...
09/05/2026,00:20:08: 	Train Loss: 791580.1250 (base: 232.4724, kd: 7913.4761), Elapsed: train 9.40 test 1.41
09/05/2026,00:20:08: 	Recall@10: 0.05989 Recall@20: 0.08432 NDCG@10: 0.03460 NDCG@20: 0.04130 
09/05/2026,00:20:08: 	Recall@10: 0.02196 Recall@20: 0.03421 NDCG@10: 0.01169 NDCG@20: 0.01503 
09/05/2026,00:20:08: Epoch [44/1000]
09/05/2026,00:20:08: Negative sampling...
09/05/2026,00:20:09: Model's personal time...
09/05/2026,00:20:10: Training...
09/05/2026,00:20:17: Evaluating...
09/05/2026,00:20:19: 	Train Loss: 791442.9375 (base: 226.3176, kd: 7912.1655), Elapsed: train 8.55 test 2.10
09/05/2026,00:20:19: 	Recall@10: 0.06031 Recall@20: 0.08513 NDCG@10: 0.03483 NDCG@20: 0.04162 
09/05/2026,00:20:19: 	Recall@10: 0.02224 Recall@20: 0.03470 NDCG@10: 0.01186 NDCG@20: 0.01523 
09/05/2026,00:20:19: Epoch [45/1000]
09/05/2026,00:20:19: Negative sampling...
09/05/2026,00:20:20: Model's personal time...
09/05/2026,00:20:20: Training...
09/05/2026,00:20:27: Evaluating...
09/05/2026,00:20:29: 	Train Loss: 791306.9375 (base: 217.1287, kd: 7910.8979), Elapsed: train 8.28 test 2.12 *
09/05/2026,00:20:29: 	Recall@10: 0.06058 Recall@20: 0.08615 NDCG@10: 0.03497 NDCG@20: 0.04197 
09/05/2026,00:20:29: 	Recall@10: 0.02247 Recall@20: 0.03518 NDCG@10: 0.01196 NDCG@20: 0.01539 
09/05/2026,00:20:29: Epoch [46/1000]
09/05/2026,00:20:29: Negative sampling...
09/05/2026,00:20:30: Model's personal time...
09/05/2026,00:20:31: Training...
09/05/2026,00:20:37: Evaluating...
09/05/2026,00:20:40: 	Train Loss: 791201.9375 (base: 211.9235, kd: 7909.9004), Elapsed: train 8.24 test 2.24 *
09/05/2026,00:20:40: 	Recall@10: 0.06071 Recall@20: 0.08644 NDCG@10: 0.03495 NDCG@20: 0.04202 
09/05/2026,00:20:40: 	Recall@10: 0.02263 Recall@20: 0.03512 NDCG@10: 0.01199 NDCG@20: 0.01536 
09/05/2026,00:20:40: Epoch [47/1000]
09/05/2026,00:20:40: Negative sampling...
09/05/2026,00:20:41: Model's personal time...
09/05/2026,00:20:42: Training...
09/05/2026,00:20:49: Evaluating...
09/05/2026,00:20:50: 	Train Loss: 790991.0000 (base: 207.6995, kd: 7907.8325), Elapsed: train 9.30 test 1.45 *
09/05/2026,00:20:50: 	Recall@10: 0.06063 Recall@20: 0.08779 NDCG@10: 0.03488 NDCG@20: 0.04224 
09/05/2026,00:20:50: 	Recall@10: 0.02301 Recall@20: 0.03522 NDCG@10: 0.01219 NDCG@20: 0.01548 
09/05/2026,00:20:50: Epoch [48/1000]
09/05/2026,00:20:50: Negative sampling...
09/05/2026,00:20:52: Model's personal time...
09/05/2026,00:20:53: Training...
09/05/2026,00:21:00: Evaluating...
09/05/2026,00:21:01: 	Train Loss: 790839.6875 (base: 201.5886, kd: 7906.3813), Elapsed: train 9.25 test 1.21 *
09/05/2026,00:21:01: 	Recall@10: 0.06057 Recall@20: 0.08886 NDCG@10: 0.03485 NDCG@20: 0.04251 
09/05/2026,00:21:01: 	Recall@10: 0.02301 Recall@20: 0.03531 NDCG@10: 0.01223 NDCG@20: 0.01554 
09/05/2026,00:21:01: Epoch [49/1000]
09/05/2026,00:21:01: Negative sampling...
09/05/2026,00:21:02: Model's personal time...
09/05/2026,00:21:03: Training...
09/05/2026,00:21:10: Evaluating...
09/05/2026,00:21:12: 	Train Loss: 790685.3750 (base: 196.3296, kd: 7904.8901), Elapsed: train 9.38 test 1.41 *
09/05/2026,00:21:12: 	Recall@10: 0.06144 Recall@20: 0.08888 NDCG@10: 0.03528 NDCG@20: 0.04272 
09/05/2026,00:21:12: 	Recall@10: 0.02224 Recall@20: 0.03611 NDCG@10: 0.01205 NDCG@20: 0.01574 
09/05/2026,00:21:12: Epoch [50/1000]
09/05/2026,00:21:12: Negative sampling...
09/05/2026,00:21:13: Model's personal time...
09/05/2026,00:21:14: Training...
09/05/2026,00:21:21: Evaluating...
09/05/2026,00:21:22: 	Train Loss: 790542.3750 (base: 195.2318, kd: 7903.4717), Elapsed: train 9.07 test 1.42 *
09/05/2026,00:21:22: 	Recall@10: 0.06136 Recall@20: 0.08976 NDCG@10: 0.03558 NDCG@20: 0.04324 
09/05/2026,00:21:22: 	Recall@10: 0.02301 Recall@20: 0.03559 NDCG@10: 0.01230 NDCG@20: 0.01567 
09/05/2026,00:21:22: Epoch [51/1000]
09/05/2026,00:21:22: Negative sampling...
09/05/2026,00:21:24: Model's personal time...
09/05/2026,00:21:26: Training...
09/05/2026,00:21:31: Evaluating...
09/05/2026,00:21:32: 	Train Loss: 790440.0000 (base: 191.6053, kd: 7902.4844), Elapsed: train 9.28 test 0.76
09/05/2026,00:21:32: 	Recall@10: 0.06097 Recall@20: 0.08901 NDCG@10: 0.03540 NDCG@20: 0.04312 
09/05/2026,00:21:32: 	Recall@10: 0.02350 Recall@20: 0.03605 NDCG@10: 0.01245 NDCG@20: 0.01579 
09/05/2026,00:21:32: Epoch [52/1000]
09/05/2026,00:21:32: Negative sampling...
09/05/2026,00:21:34: Model's personal time...
09/05/2026,00:21:36: Training...
09/05/2026,00:21:41: Evaluating...
09/05/2026,00:21:42: 	Train Loss: 790345.3125 (base: 184.9961, kd: 7901.6030), Elapsed: train 9.32 test 0.65 *
09/05/2026,00:21:42: 	Recall@10: 0.06119 Recall@20: 0.09088 NDCG@10: 0.03553 NDCG@20: 0.04365 
09/05/2026,00:21:42: 	Recall@10: 0.02338 Recall@20: 0.03637 NDCG@10: 0.01262 NDCG@20: 0.01608 
09/05/2026,00:21:42: Epoch [53/1000]
09/05/2026,00:21:42: Negative sampling...
09/05/2026,00:21:43: Model's personal time...
09/05/2026,00:21:45: Training...
09/05/2026,00:21:51: Evaluating...
09/05/2026,00:21:52: 	Train Loss: 790100.3125 (base: 182.1611, kd: 7899.1812), Elapsed: train 9.01 test 0.90 *
09/05/2026,00:21:52: 	Recall@10: 0.06216 Recall@20: 0.09138 NDCG@10: 0.03598 NDCG@20: 0.04389 
09/05/2026,00:21:52: 	Recall@10: 0.02341 Recall@20: 0.03589 NDCG@10: 0.01250 NDCG@20: 0.01587 
09/05/2026,00:21:52: Epoch [54/1000]
09/05/2026,00:21:52: Negative sampling...
09/05/2026,00:21:53: Model's personal time...
09/05/2026,00:21:54: Training...
09/05/2026,00:22:01: Evaluating...
09/05/2026,00:22:02: 	Train Loss: 789992.2500 (base: 180.4918, kd: 7898.1177), Elapsed: train 8.96 test 1.48
09/05/2026,00:22:02: 	Recall@10: 0.06167 Recall@20: 0.08986 NDCG@10: 0.03594 NDCG@20: 0.04363 
09/05/2026,00:22:02: 	Recall@10: 0.02360 Recall@20: 0.03517 NDCG@10: 0.01255 NDCG@20: 0.01569 
09/05/2026,00:22:02: Epoch [55/1000]
09/05/2026,00:22:02: Negative sampling...
09/05/2026,00:22:04: Model's personal time...
09/05/2026,00:22:04: Training...
09/05/2026,00:22:11: Evaluating...
09/05/2026,00:22:13: 	Train Loss: 789900.5625 (base: 173.3788, kd: 7897.2720), Elapsed: train 8.71 test 2.11 *
09/05/2026,00:22:13: 	Recall@10: 0.06250 Recall@20: 0.09180 NDCG@10: 0.03640 NDCG@20: 0.04439 
09/05/2026,00:22:13: 	Recall@10: 0.02390 Recall@20: 0.03507 NDCG@10: 0.01273 NDCG@20: 0.01577 
09/05/2026,00:22:13: Epoch [56/1000]
09/05/2026,00:22:13: Negative sampling...
09/05/2026,00:22:15: Model's personal time...
09/05/2026,00:22:15: Training...
09/05/2026,00:22:22: Evaluating...
09/05/2026,00:22:24: 	Train Loss: 789834.6250 (base: 171.8593, kd: 7896.6274), Elapsed: train 8.49 test 2.15
09/05/2026,00:22:24: 	Recall@10: 0.06273 Recall@20: 0.09063 NDCG@10: 0.03670 NDCG@20: 0.04431 
09/05/2026,00:22:24: 	Recall@10: 0.02383 Recall@20: 0.03521 NDCG@10: 0.01287 NDCG@20: 0.01596 
09/05/2026,00:22:24: Epoch [57/1000]
09/05/2026,00:22:24: Negative sampling...
09/05/2026,00:22:25: Model's personal time...
09/05/2026,00:22:26: Training...
09/05/2026,00:22:33: Evaluating...
09/05/2026,00:22:35: 	Train Loss: 789745.0625 (base: 164.9572, kd: 7895.8008), Elapsed: train 9.36 test 1.43 *
09/05/2026,00:22:35: 	Recall@10: 0.06224 Recall@20: 0.09209 NDCG@10: 0.03642 NDCG@20: 0.04460 
09/05/2026,00:22:35: 	Recall@10: 0.02450 Recall@20: 0.03525 NDCG@10: 0.01298 NDCG@20: 0.01589 
09/05/2026,00:22:35: Epoch [58/1000]
09/05/2026,00:22:35: Negative sampling...
09/05/2026,00:22:36: Model's personal time...
09/05/2026,00:22:36: Training...
09/05/2026,00:22:43: Evaluating...
09/05/2026,00:22:45: 	Train Loss: 789600.5000 (base: 165.9836, kd: 7894.3442), Elapsed: train 8.58 test 2.15 *
09/05/2026,00:22:45: 	Recall@10: 0.06324 Recall@20: 0.09221 NDCG@10: 0.03690 NDCG@20: 0.04486 
09/05/2026,00:22:45: 	Recall@10: 0.02430 Recall@20: 0.03535 NDCG@10: 0.01294 NDCG@20: 0.01592 
09/05/2026,00:22:45: Epoch [59/1000]
09/05/2026,00:22:45: Negative sampling...
09/05/2026,00:22:47: Model's personal time...
09/05/2026,00:22:48: Training...
09/05/2026,00:22:55: Evaluating...
09/05/2026,00:22:56: 	Train Loss: 789526.3750 (base: 159.7705, kd: 7893.6655), Elapsed: train 9.14 test 1.30
09/05/2026,00:22:56: 	Recall@10: 0.06269 Recall@20: 0.09154 NDCG@10: 0.03677 NDCG@20: 0.04470 
09/05/2026,00:22:56: 	Recall@10: 0.02415 Recall@20: 0.03545 NDCG@10: 0.01297 NDCG@20: 0.01602 
09/05/2026,00:22:56: Epoch [60/1000]
09/05/2026,00:22:56: Negative sampling...
09/05/2026,00:22:57: Model's personal time...
09/05/2026,00:22:58: Training...
09/05/2026,00:23:05: Evaluating...
09/05/2026,00:23:07: 	Train Loss: 789340.5000 (base: 160.8585, kd: 7891.7964), Elapsed: train 9.42 test 1.70 *
09/05/2026,00:23:07: 	Recall@10: 0.06362 Recall@20: 0.09250 NDCG@10: 0.03706 NDCG@20: 0.04502 
09/05/2026,00:23:07: 	Recall@10: 0.02413 Recall@20: 0.03532 NDCG@10: 0.01305 NDCG@20: 0.01613 
09/05/2026,00:23:07: Epoch [61/1000]
09/05/2026,00:23:07: Negative sampling...
09/05/2026,00:23:08: Model's personal time...
09/05/2026,00:23:10: Training...
09/05/2026,00:23:16: Evaluating...
09/05/2026,00:23:18: 	Train Loss: 789224.6250 (base: 153.3665, kd: 7890.7114), Elapsed: train 9.37 test 1.40
09/05/2026,00:23:18: 	Recall@10: 0.06330 Recall@20: 0.09174 NDCG@10: 0.03702 NDCG@20: 0.04483 
09/05/2026,00:23:18: 	Recall@10: 0.02459 Recall@20: 0.03631 NDCG@10: 0.01300 NDCG@20: 0.01615 
09/05/2026,00:23:18: Epoch [62/1000]
09/05/2026,00:23:18: Negative sampling...
09/05/2026,00:23:19: Model's personal time...
09/05/2026,00:23:20: Training...
09/05/2026,00:23:27: Evaluating...
09/05/2026,00:23:28: 	Train Loss: 789175.8125 (base: 149.9153, kd: 7890.2588), Elapsed: train 9.02 test 1.49
09/05/2026,00:23:28: 	Recall@10: 0.06399 Recall@20: 0.09221 NDCG@10: 0.03715 NDCG@20: 0.04491 
09/05/2026,00:23:28: 	Recall@10: 0.02469 Recall@20: 0.03644 NDCG@10: 0.01325 NDCG@20: 0.01642 
09/05/2026,00:23:28: Epoch [63/1000]
09/05/2026,00:23:28: Negative sampling...
09/05/2026,00:23:30: Model's personal time...
09/05/2026,00:23:30: Training...
09/05/2026,00:23:37: Evaluating...
09/05/2026,00:23:39: 	Train Loss: 789104.1250 (base: 148.1952, kd: 7889.5605), Elapsed: train 8.58 test 2.43 *
09/05/2026,00:23:39: 	Recall@10: 0.06507 Recall@20: 0.09327 NDCG@10: 0.03751 NDCG@20: 0.04532 
09/05/2026,00:23:39: 	Recall@10: 0.02500 Recall@20: 0.03644 NDCG@10: 0.01334 NDCG@20: 0.01643 
09/05/2026,00:23:39: Epoch [64/1000]
09/05/2026,00:23:39: Negative sampling...
09/05/2026,00:23:41: Model's personal time...
09/05/2026,00:23:42: Training...
09/05/2026,00:23:48: Evaluating...
09/05/2026,00:23:50: 	Train Loss: 789002.6875 (base: 146.8961, kd: 7888.5571), Elapsed: train 9.12 test 1.38
09/05/2026,00:23:50: 	Recall@10: 0.06477 Recall@20: 0.09419 NDCG@10: 0.03703 NDCG@20: 0.04519 
09/05/2026,00:23:50: 	Recall@10: 0.02527 Recall@20: 0.03646 NDCG@10: 0.01341 NDCG@20: 0.01639 
09/05/2026,00:23:50: Epoch [65/1000]
09/05/2026,00:23:50: Negative sampling...
09/05/2026,00:23:51: Model's personal time...
09/05/2026,00:23:53: Training...
09/05/2026,00:23:59: Evaluating...
09/05/2026,00:24:00: 	Train Loss: 788887.8125 (base: 145.0212, kd: 7887.4277), Elapsed: train 9.03 test 1.10 *
09/05/2026,00:24:00: 	Recall@10: 0.06457 Recall@20: 0.09402 NDCG@10: 0.03721 NDCG@20: 0.04538 
09/05/2026,00:24:00: 	Recall@10: 0.02521 Recall@20: 0.03616 NDCG@10: 0.01350 NDCG@20: 0.01647 
09/05/2026,00:24:00: Epoch [66/1000]
09/05/2026,00:24:00: Negative sampling...
09/05/2026,00:24:01: Model's personal time...
09/05/2026,00:24:02: Training...
09/05/2026,00:24:09: Evaluating...
09/05/2026,00:24:10: 	Train Loss: 788812.5000 (base: 141.7843, kd: 7886.7075), Elapsed: train 8.99 test 1.34 *
09/05/2026,00:24:10: 	Recall@10: 0.06611 Recall@20: 0.09372 NDCG@10: 0.03784 NDCG@20: 0.04544 
09/05/2026,00:24:10: 	Recall@10: 0.02535 Recall@20: 0.03621 NDCG@10: 0.01367 NDCG@20: 0.01661 
09/05/2026,00:24:10: Epoch [67/1000]
09/05/2026,00:24:10: Negative sampling...
09/05/2026,00:24:12: Model's personal time...
09/05/2026,00:24:12: Training...
09/05/2026,00:24:19: Evaluating...
09/05/2026,00:24:21: 	Train Loss: 788677.3750 (base: 137.9880, kd: 7885.3940), Elapsed: train 8.60 test 2.16 *
09/05/2026,00:24:21: 	Recall@10: 0.06608 Recall@20: 0.09399 NDCG@10: 0.03783 NDCG@20: 0.04549 
09/05/2026,00:24:21: 	Recall@10: 0.02572 Recall@20: 0.03698 NDCG@10: 0.01378 NDCG@20: 0.01678 
09/05/2026,00:24:21: Epoch [68/1000]
09/05/2026,00:24:21: Negative sampling...
09/05/2026,00:24:23: Model's personal time...
09/05/2026,00:24:24: Training...
09/05/2026,00:24:30: Evaluating...
09/05/2026,00:24:32: 	Train Loss: 788615.5000 (base: 135.7010, kd: 7884.7983), Elapsed: train 9.43 test 1.31 *
09/05/2026,00:24:32: 	Recall@10: 0.06631 Recall@20: 0.09425 NDCG@10: 0.03816 NDCG@20: 0.04585 
09/05/2026,00:24:32: 	Recall@10: 0.02555 Recall@20: 0.03660 NDCG@10: 0.01385 NDCG@20: 0.01680 
09/05/2026,00:24:32: Epoch [69/1000]
09/05/2026,00:24:32: Negative sampling...
09/05/2026,00:24:33: Model's personal time...
09/05/2026,00:24:34: Training...
09/05/2026,00:24:41: Evaluating...
09/05/2026,00:24:42: 	Train Loss: 788483.7500 (base: 134.4827, kd: 7883.4937), Elapsed: train 9.07 test 1.42 *
09/05/2026,00:24:42: 	Recall@10: 0.06600 Recall@20: 0.09481 NDCG@10: 0.03822 NDCG@20: 0.04622 
09/05/2026,00:24:42: 	Recall@10: 0.02577 Recall@20: 0.03689 NDCG@10: 0.01375 NDCG@20: 0.01671 
09/05/2026,00:24:42: Epoch [70/1000]
09/05/2026,00:24:42: Negative sampling...
09/05/2026,00:24:44: Model's personal time...
09/05/2026,00:24:46: Training...
09/05/2026,00:24:52: Evaluating...
09/05/2026,00:24:52: 	Train Loss: 788422.6875 (base: 129.8190, kd: 7882.9282), Elapsed: train 9.40 test 0.62 *
09/05/2026,00:24:52: 	Recall@10: 0.06618 Recall@20: 0.09597 NDCG@10: 0.03839 NDCG@20: 0.04654 
09/05/2026,00:24:52: 	Recall@10: 0.02551 Recall@20: 0.03633 NDCG@10: 0.01387 NDCG@20: 0.01678 
09/05/2026,00:24:52: Epoch [71/1000]
09/05/2026,00:24:52: Negative sampling...
09/05/2026,00:24:54: Model's personal time...
09/05/2026,00:24:55: Training...
09/05/2026,00:25:01: Evaluating...
09/05/2026,00:25:02: 	Train Loss: 788362.6875 (base: 132.2058, kd: 7882.3047), Elapsed: train 9.06 test 0.68
09/05/2026,00:25:02: 	Recall@10: 0.06586 Recall@20: 0.09580 NDCG@10: 0.03809 NDCG@20: 0.04631 
09/05/2026,00:25:02: 	Recall@10: 0.02563 Recall@20: 0.03665 NDCG@10: 0.01393 NDCG@20: 0.01688 
09/05/2026,00:25:02: Epoch [72/1000]
09/05/2026,00:25:02: Negative sampling...
09/05/2026,00:25:03: Model's personal time...
09/05/2026,00:25:04: Training...
09/05/2026,00:25:12: Evaluating...
09/05/2026,00:25:13: 	Train Loss: 788280.6250 (base: 129.8779, kd: 7881.5083), Elapsed: train 9.75 test 1.37 *
09/05/2026,00:25:13: 	Recall@10: 0.06629 Recall@20: 0.09633 NDCG@10: 0.03856 NDCG@20: 0.04685 
09/05/2026,00:25:13: 	Recall@10: 0.02544 Recall@20: 0.03696 NDCG@10: 0.01372 NDCG@20: 0.01684 
09/05/2026,00:25:13: Epoch [73/1000]
09/05/2026,00:25:13: Negative sampling...
09/05/2026,00:25:14: Model's personal time...
09/05/2026,00:25:16: Training...
09/05/2026,00:25:23: Evaluating...
09/05/2026,00:25:24: 	Train Loss: 788247.0000 (base: 128.1900, kd: 7881.1885), Elapsed: train 9.56 test 1.37
09/05/2026,00:25:24: 	Recall@10: 0.06614 Recall@20: 0.09661 NDCG@10: 0.03829 NDCG@20: 0.04670 
09/05/2026,00:25:24: 	Recall@10: 0.02576 Recall@20: 0.03662 NDCG@10: 0.01379 NDCG@20: 0.01670 
09/05/2026,00:25:24: Epoch [74/1000]
09/05/2026,00:25:24: Negative sampling...
09/05/2026,00:25:25: Model's personal time...
09/05/2026,00:25:27: Training...
09/05/2026,00:25:33: Evaluating...
09/05/2026,00:25:35: 	Train Loss: 788128.0000 (base: 123.4116, kd: 7880.0449), Elapsed: train 9.34 test 1.41 *
09/05/2026,00:25:35: 	Recall@10: 0.06679 Recall@20: 0.09633 NDCG@10: 0.03888 NDCG@20: 0.04703 
09/05/2026,00:25:35: 	Recall@10: 0.02514 Recall@20: 0.03687 NDCG@10: 0.01363 NDCG@20: 0.01682 
09/05/2026,00:25:35: Epoch [75/1000]
09/05/2026,00:25:35: Negative sampling...
09/05/2026,00:25:36: Model's personal time...
09/05/2026,00:25:37: Training...
09/05/2026,00:25:44: Evaluating...
09/05/2026,00:25:45: 	Train Loss: 788067.4375 (base: 121.6741, kd: 7879.4570), Elapsed: train 9.04 test 1.41 *
09/05/2026,00:25:45: 	Recall@10: 0.06728 Recall@20: 0.09677 NDCG@10: 0.03928 NDCG@20: 0.04747 
09/05/2026,00:25:45: 	Recall@10: 0.02540 Recall@20: 0.03745 NDCG@10: 0.01374 NDCG@20: 0.01700 
09/05/2026,00:25:45: Epoch [76/1000]
09/05/2026,00:25:45: Negative sampling...
09/05/2026,00:25:47: Model's personal time...
09/05/2026,00:25:48: Training...
09/05/2026,00:25:55: Evaluating...
09/05/2026,00:25:56: 	Train Loss: 788009.1875 (base: 120.0018, kd: 7878.8926), Elapsed: train 9.35 test 1.43
09/05/2026,00:25:56: 	Recall@10: 0.06729 Recall@20: 0.09720 NDCG@10: 0.03924 NDCG@20: 0.04744 
09/05/2026,00:25:56: 	Recall@10: 0.02517 Recall@20: 0.03658 NDCG@10: 0.01369 NDCG@20: 0.01680 
09/05/2026,00:25:56: Epoch [77/1000]
09/05/2026,00:25:56: Negative sampling...
09/05/2026,00:25:58: Model's personal time...
09/05/2026,00:26:00: Training...
09/05/2026,00:26:05: Evaluating...
09/05/2026,00:26:06: 	Train Loss: 787902.9375 (base: 120.7097, kd: 7877.8218), Elapsed: train 9.34 test 0.92 *
09/05/2026,00:26:06: 	Recall@10: 0.06793 Recall@20: 0.09699 NDCG@10: 0.03967 NDCG@20: 0.04773 
09/05/2026,00:26:06: 	Recall@10: 0.02577 Recall@20: 0.03759 NDCG@10: 0.01397 NDCG@20: 0.01718 
09/05/2026,00:26:06: Epoch [78/1000]
09/05/2026,00:26:06: Negative sampling...
09/05/2026,00:26:08: Model's personal time...
09/05/2026,00:26:08: Training...
09/05/2026,00:26:13: Evaluating...
09/05/2026,00:26:16: 	Train Loss: 787889.0625 (base: 117.9264, kd: 7877.7114), Elapsed: train 6.58 test 3.41
09/05/2026,00:26:16: 	Recall@10: 0.06796 Recall@20: 0.09746 NDCG@10: 0.03939 NDCG@20: 0.04754 
09/05/2026,00:26:16: 	Recall@10: 0.02511 Recall@20: 0.03703 NDCG@10: 0.01381 NDCG@20: 0.01705 
09/05/2026,00:26:16: Epoch [79/1000]
09/05/2026,00:26:16: Negative sampling...
09/05/2026,00:26:18: Model's personal time...
09/05/2026,00:26:18: Training...
09/05/2026,00:26:24: Evaluating...
09/05/2026,00:26:27: 	Train Loss: 787903.1875 (base: 118.3885, kd: 7877.8477), Elapsed: train 8.22 test 2.26
09/05/2026,00:26:27: 	Recall@10: 0.06772 Recall@20: 0.09733 NDCG@10: 0.03933 NDCG@20: 0.04750 
09/05/2026,00:26:27: 	Recall@10: 0.02537 Recall@20: 0.03769 NDCG@10: 0.01395 NDCG@20: 0.01726 
09/05/2026,00:26:27: Epoch [80/1000]
09/05/2026,00:26:27: Negative sampling...
09/05/2026,00:26:28: Model's personal time...
09/05/2026,00:26:29: Training...
09/05/2026,00:26:36: Evaluating...
09/05/2026,00:26:37: 	Train Loss: 787753.5625 (base: 114.2175, kd: 7876.3936), Elapsed: train 9.11 test 1.32 *
09/05/2026,00:26:37: 	Recall@10: 0.06734 Recall@20: 0.09794 NDCG@10: 0.03931 NDCG@20: 0.04780 
09/05/2026,00:26:37: 	Recall@10: 0.02545 Recall@20: 0.03786 NDCG@10: 0.01385 NDCG@20: 0.01719 
09/05/2026,00:26:37: Epoch [81/1000]
09/05/2026,00:26:37: Negative sampling...
09/05/2026,00:26:39: Model's personal time...
09/05/2026,00:26:39: Training...
09/05/2026,00:26:47: Evaluating...
09/05/2026,00:26:48: 	Train Loss: 787695.3125 (base: 112.7690, kd: 7875.8252), Elapsed: train 9.51 test 1.52
09/05/2026,00:26:48: 	Recall@10: 0.06747 Recall@20: 0.09716 NDCG@10: 0.03954 NDCG@20: 0.04777 
09/05/2026,00:26:48: 	Recall@10: 0.02580 Recall@20: 0.03696 NDCG@10: 0.01408 NDCG@20: 0.01709 
09/05/2026,00:26:48: Epoch [82/1000]
09/05/2026,00:26:48: Negative sampling...
09/05/2026,00:26:50: Model's personal time...
09/05/2026,00:26:53: Training...
09/05/2026,00:26:58: Evaluating...
09/05/2026,00:26:58: 	Train Loss: 787561.1250 (base: 111.7240, kd: 7874.4941), Elapsed: train 9.54 test 0.71 *
09/05/2026,00:26:58: 	Recall@10: 0.06763 Recall@20: 0.09793 NDCG@10: 0.03964 NDCG@20: 0.04801 
09/05/2026,00:26:58: 	Recall@10: 0.02587 Recall@20: 0.03752 NDCG@10: 0.01399 NDCG@20: 0.01711 
09/05/2026,00:26:58: Epoch [83/1000]
09/05/2026,00:26:58: Negative sampling...
09/05/2026,00:27:00: Model's personal time...
09/05/2026,00:27:01: Training...
09/05/2026,00:27:07: Evaluating...
09/05/2026,00:27:09: 	Train Loss: 787579.0625 (base: 115.5926, kd: 7874.6343), Elapsed: train 9.00 test 1.41 *
09/05/2026,00:27:09: 	Recall@10: 0.06707 Recall@20: 0.09826 NDCG@10: 0.03940 NDCG@20: 0.04807 
09/05/2026,00:27:09: 	Recall@10: 0.02616 Recall@20: 0.03790 NDCG@10: 0.01417 NDCG@20: 0.01731 
09/05/2026,00:27:09: Epoch [84/1000]
09/05/2026,00:27:09: Negative sampling...
09/05/2026,00:27:10: Model's personal time...
09/05/2026,00:27:11: Training...
09/05/2026,00:27:18: Evaluating...
09/05/2026,00:27:19: 	Train Loss: 787462.0000 (base: 108.8505, kd: 7873.5322), Elapsed: train 9.27 test 1.34 *
09/05/2026,00:27:19: 	Recall@10: 0.06796 Recall@20: 0.09841 NDCG@10: 0.03985 NDCG@20: 0.04830 
09/05/2026,00:27:19: 	Recall@10: 0.02521 Recall@20: 0.03776 NDCG@10: 0.01382 NDCG@20: 0.01719 
09/05/2026,00:27:19: Epoch [85/1000]
09/05/2026,00:27:19: Negative sampling...
09/05/2026,00:27:21: Model's personal time...
09/05/2026,00:27:21: Training...
09/05/2026,00:27:26: Evaluating...
09/05/2026,00:27:30: 	Train Loss: 787448.3125 (base: 110.1990, kd: 7873.3813), Elapsed: train 6.80 test 3.33 *
09/05/2026,00:27:30: 	Recall@10: 0.06773 Recall@20: 0.09829 NDCG@10: 0.03988 NDCG@20: 0.04837 
09/05/2026,00:27:30: 	Recall@10: 0.02575 Recall@20: 0.03838 NDCG@10: 0.01403 NDCG@20: 0.01740 
09/05/2026,00:27:30: Epoch [86/1000]
09/05/2026,00:27:30: Negative sampling...
09/05/2026,00:27:31: Model's personal time...
09/05/2026,00:27:31: Training...
09/05/2026,00:27:38: Evaluating...
09/05/2026,00:27:40: 	Train Loss: 787408.0625 (base: 107.1525, kd: 7873.0093), Elapsed: train 8.51 test 2.33
09/05/2026,00:27:40: 	Recall@10: 0.06812 Recall@20: 0.09801 NDCG@10: 0.04001 NDCG@20: 0.04834 
09/05/2026,00:27:40: 	Recall@10: 0.02598 Recall@20: 0.03783 NDCG@10: 0.01391 NDCG@20: 0.01711 
09/05/2026,00:27:40: Epoch [87/1000]
09/05/2026,00:27:40: Negative sampling...
09/05/2026,00:27:42: Model's personal time...
09/05/2026,00:27:43: Training...
09/05/2026,00:27:50: Evaluating...
09/05/2026,00:27:52: 	Train Loss: 787334.8125 (base: 105.8631, kd: 7872.2905), Elapsed: train 9.40 test 1.70
09/05/2026,00:27:52: 	Recall@10: 0.06761 Recall@20: 0.09858 NDCG@10: 0.03967 NDCG@20: 0.04829 
09/05/2026,00:27:52: 	Recall@10: 0.02610 Recall@20: 0.03804 NDCG@10: 0.01397 NDCG@20: 0.01721 
09/05/2026,00:27:52: Epoch [88/1000]
09/05/2026,00:27:52: Negative sampling...
09/05/2026,00:27:53: Model's personal time...
09/05/2026,00:27:54: Training...
09/05/2026,00:28:01: Evaluating...
09/05/2026,00:28:02: 	Train Loss: 787303.2500 (base: 102.6935, kd: 7872.0054), Elapsed: train 9.09 test 1.28 *
09/05/2026,00:28:02: 	Recall@10: 0.06749 Recall@20: 0.09952 NDCG@10: 0.03963 NDCG@20: 0.04847 
09/05/2026,00:28:02: 	Recall@10: 0.02578 Recall@20: 0.03823 NDCG@10: 0.01393 NDCG@20: 0.01729 
09/05/2026,00:28:02: Epoch [89/1000]
09/05/2026,00:28:02: Negative sampling...
09/05/2026,00:28:03: Model's personal time...
09/05/2026,00:28:04: Training...
09/05/2026,00:28:11: Evaluating...
09/05/2026,00:28:13: 	Train Loss: 787151.0000 (base: 103.9512, kd: 7870.4707), Elapsed: train 9.24 test 1.41 *
09/05/2026,00:28:13: 	Recall@10: 0.06825 Recall@20: 0.09940 NDCG@10: 0.04008 NDCG@20: 0.04866 
09/05/2026,00:28:13: 	Recall@10: 0.02575 Recall@20: 0.03767 NDCG@10: 0.01379 NDCG@20: 0.01704 
09/05/2026,00:28:13: Epoch [90/1000]
09/05/2026,00:28:13: Negative sampling...
09/05/2026,00:28:14: Model's personal time...
09/05/2026,00:28:15: Training...
09/05/2026,00:28:22: Evaluating...
09/05/2026,00:28:23: 	Train Loss: 787118.1875 (base: 103.8028, kd: 7870.1440), Elapsed: train 9.04 test 1.46 *
09/05/2026,00:28:23: 	Recall@10: 0.06775 Recall@20: 0.09932 NDCG@10: 0.04002 NDCG@20: 0.04887 
09/05/2026,00:28:23: 	Recall@10: 0.02589 Recall@20: 0.03878 NDCG@10: 0.01394 NDCG@20: 0.01743 
09/05/2026,00:28:23: Epoch [91/1000]
09/05/2026,00:28:23: Negative sampling...
09/05/2026,00:28:25: Model's personal time...
09/05/2026,00:28:26: Training...
09/05/2026,00:28:32: Evaluating...
09/05/2026,00:28:34: 	Train Loss: 787104.0000 (base: 103.0389, kd: 7870.0103), Elapsed: train 9.29 test 1.57
09/05/2026,00:28:34: 	Recall@10: 0.06804 Recall@20: 0.09945 NDCG@10: 0.04011 NDCG@20: 0.04884 
09/05/2026,00:28:34: 	Recall@10: 0.02564 Recall@20: 0.03778 NDCG@10: 0.01385 NDCG@20: 0.01714 
09/05/2026,00:28:34: Epoch [92/1000]
09/05/2026,00:28:34: Negative sampling...
09/05/2026,00:28:36: Model's personal time...
09/05/2026,00:28:37: Training...
09/05/2026,00:28:43: Evaluating...
09/05/2026,00:28:44: 	Train Loss: 787085.9375 (base: 100.8857, kd: 7869.8506), Elapsed: train 9.22 test 0.89
09/05/2026,00:28:44: 	Recall@10: 0.06738 Recall@20: 0.09996 NDCG@10: 0.03978 NDCG@20: 0.04883 
09/05/2026,00:28:44: 	Recall@10: 0.02595 Recall@20: 0.03851 NDCG@10: 0.01395 NDCG@20: 0.01736 
09/05/2026,00:28:44: Epoch [93/1000]
09/05/2026,00:28:44: Negative sampling...
09/05/2026,00:28:46: Model's personal time...
09/05/2026,00:28:48: Training...
09/05/2026,00:28:53: Evaluating...
09/05/2026,00:28:54: 	Train Loss: 787012.5625 (base: 98.6390, kd: 7869.1387), Elapsed: train 9.22 test 0.76
09/05/2026,00:28:54: 	Recall@10: 0.06806 Recall@20: 0.09966 NDCG@10: 0.03975 NDCG@20: 0.04855 
09/05/2026,00:28:54: 	Recall@10: 0.02561 Recall@20: 0.03806 NDCG@10: 0.01375 NDCG@20: 0.01713 
09/05/2026,00:28:54: Epoch [94/1000]
09/05/2026,00:28:54: Negative sampling...
09/05/2026,00:28:56: Model's personal time...
09/05/2026,00:28:56: Training...
09/05/2026,00:29:03: Evaluating...
09/05/2026,00:29:04: 	Train Loss: 786955.6875 (base: 97.8929, kd: 7868.5776), Elapsed: train 8.84 test 1.43
09/05/2026,00:29:04: 	Recall@10: 0.06890 Recall@20: 0.09910 NDCG@10: 0.03995 NDCG@20: 0.04839 
09/05/2026,00:29:04: 	Recall@10: 0.02613 Recall@20: 0.03896 NDCG@10: 0.01391 NDCG@20: 0.01738 
09/05/2026,00:29:04: Epoch [95/1000]
09/05/2026,00:29:04: Negative sampling...
09/05/2026,00:29:06: Model's personal time...
09/05/2026,00:29:06: Training...
09/05/2026,00:29:14: Evaluating...
09/05/2026,00:29:15: 	Train Loss: 786859.0000 (base: 94.0172, kd: 7867.6499), Elapsed: train 9.50 test 1.40
09/05/2026,00:29:15: 	Recall@10: 0.06843 Recall@20: 0.09966 NDCG@10: 0.03979 NDCG@20: 0.04857 
09/05/2026,00:29:15: 	Recall@10: 0.02622 Recall@20: 0.03878 NDCG@10: 0.01396 NDCG@20: 0.01739 
09/05/2026,00:29:15: Epoch [96/1000]
09/05/2026,00:29:15: Negative sampling...
09/05/2026,00:29:17: Model's personal time...
09/05/2026,00:29:18: Training...
09/05/2026,00:29:25: Evaluating...
09/05/2026,00:29:26: 	Train Loss: 786818.7500 (base: 94.2025, kd: 7867.2466), Elapsed: train 9.49 test 1.47
09/05/2026,00:29:26: 	Recall@10: 0.06897 Recall@20: 0.10038 NDCG@10: 0.04007 NDCG@20: 0.04886 
09/05/2026,00:29:26: 	Recall@10: 0.02581 Recall@20: 0.03963 NDCG@10: 0.01393 NDCG@20: 0.01767 
09/05/2026,00:29:26: Epoch [97/1000]
09/05/2026,00:29:26: Negative sampling...
09/05/2026,00:29:28: Model's personal time...
09/05/2026,00:29:29: Training...
09/05/2026,00:29:36: Evaluating...
09/05/2026,00:29:37: 	Train Loss: 786852.8750 (base: 96.6739, kd: 7867.5625), Elapsed: train 9.35 test 1.33 *
09/05/2026,00:29:37: 	Recall@10: 0.06975 Recall@20: 0.10138 NDCG@10: 0.04029 NDCG@20: 0.04914 
09/05/2026,00:29:37: 	Recall@10: 0.02621 Recall@20: 0.03966 NDCG@10: 0.01411 NDCG@20: 0.01773 
09/05/2026,00:29:37: Epoch [98/1000]
09/05/2026,00:29:37: Negative sampling...
09/05/2026,00:29:38: Model's personal time...
09/05/2026,00:29:38: Training...
09/05/2026,00:29:45: Evaluating...
09/05/2026,00:29:48: 	Train Loss: 786761.7500 (base: 93.1633, kd: 7866.6875), Elapsed: train 8.34 test 2.34
09/05/2026,00:29:48: 	Recall@10: 0.06970 Recall@20: 0.10070 NDCG@10: 0.04048 NDCG@20: 0.04910 
09/05/2026,00:29:48: 	Recall@10: 0.02570 Recall@20: 0.03962 NDCG@10: 0.01394 NDCG@20: 0.01770 
09/05/2026,00:29:48: Epoch [99/1000]
09/05/2026,00:29:48: Negative sampling...
09/05/2026,00:29:49: Model's personal time...
09/05/2026,00:29:49: Training...
09/05/2026,00:29:55: Evaluating...
09/05/2026,00:29:57: 	Train Loss: 786779.5625 (base: 93.3983, kd: 7866.8623), Elapsed: train 7.72 test 2.23 *
09/05/2026,00:29:57: 	Recall@10: 0.06905 Recall@20: 0.10028 NDCG@10: 0.04055 NDCG@20: 0.04924 
09/05/2026,00:29:57: 	Recall@10: 0.02625 Recall@20: 0.04006 NDCG@10: 0.01405 NDCG@20: 0.01775 
09/05/2026,00:29:57: Epoch [100/1000]
09/05/2026,00:29:57: Negative sampling...
09/05/2026,00:29:59: Model's personal time...
09/05/2026,00:30:00: Training...
09/05/2026,00:30:07: Evaluating...
09/05/2026,00:30:08: 	Train Loss: 786708.8750 (base: 91.9255, kd: 7866.1689), Elapsed: train 9.25 test 1.35 *
09/05/2026,00:30:08: 	Recall@10: 0.06930 Recall@20: 0.10096 NDCG@10: 0.04052 NDCG@20: 0.04927 
09/05/2026,00:30:08: 	Recall@10: 0.02611 Recall@20: 0.03908 NDCG@10: 0.01401 NDCG@20: 0.01754 
09/05/2026,00:30:08: Epoch [101/1000]
09/05/2026,00:30:08: Negative sampling...
09/05/2026,00:30:09: Model's personal time...
09/05/2026,00:30:11: Training...
09/05/2026,00:30:17: Evaluating...
09/05/2026,00:30:19: 	Train Loss: 786687.2500 (base: 88.0043, kd: 7865.9922), Elapsed: train 9.19 test 1.30 *
09/05/2026,00:30:19: 	Recall@10: 0.06993 Recall@20: 0.10148 NDCG@10: 0.04079 NDCG@20: 0.04955 
09/05/2026,00:30:19: 	Recall@10: 0.02629 Recall@20: 0.04047 NDCG@10: 0.01405 NDCG@20: 0.01786 
09/05/2026,00:30:19: Epoch [102/1000]
09/05/2026,00:30:19: Negative sampling...
09/05/2026,00:30:20: Model's personal time...
09/05/2026,00:30:21: Training...
09/05/2026,00:30:28: Evaluating...
09/05/2026,00:30:29: 	Train Loss: 786641.3750 (base: 87.0612, kd: 7865.5430), Elapsed: train 9.20 test 1.39 *
09/05/2026,00:30:29: 	Recall@10: 0.06917 Recall@20: 0.10187 NDCG@10: 0.04051 NDCG@20: 0.04964 
09/05/2026,00:30:29: 	Recall@10: 0.02618 Recall@20: 0.03936 NDCG@10: 0.01401 NDCG@20: 0.01757 
09/05/2026,00:30:29: Epoch [103/1000]
09/05/2026,00:30:29: Negative sampling...
09/05/2026,00:30:31: Model's personal time...
09/05/2026,00:30:31: Training...
09/05/2026,00:30:37: Evaluating...
09/05/2026,00:30:40: 	Train Loss: 786575.0000 (base: 89.0749, kd: 7864.8594), Elapsed: train 8.34 test 2.22
09/05/2026,00:30:40: 	Recall@10: 0.07008 Recall@20: 0.10107 NDCG@10: 0.04077 NDCG@20: 0.04938 
09/05/2026,00:30:40: 	Recall@10: 0.02636 Recall@20: 0.04049 NDCG@10: 0.01407 NDCG@20: 0.01786 
09/05/2026,00:30:40: Epoch [104/1000]
09/05/2026,00:30:40: Negative sampling...
09/05/2026,00:30:41: Model's personal time...
09/05/2026,00:30:42: Training...
09/05/2026,00:30:49: Evaluating...
09/05/2026,00:30:51: 	Train Loss: 786498.7500 (base: 88.3621, kd: 7864.1030), Elapsed: train 8.79 test 2.22
09/05/2026,00:30:51: 	Recall@10: 0.06924 Recall@20: 0.10134 NDCG@10: 0.04047 NDCG@20: 0.04941 
09/05/2026,00:30:51: 	Recall@10: 0.02606 Recall@20: 0.04035 NDCG@10: 0.01407 NDCG@20: 0.01793 
09/05/2026,00:30:51: Epoch [105/1000]
09/05/2026,00:30:51: Negative sampling...
09/05/2026,00:30:52: Model's personal time...
09/05/2026,00:30:53: Training...
09/05/2026,00:31:00: Evaluating...
09/05/2026,00:31:01: 	Train Loss: 786512.1250 (base: 90.7964, kd: 7864.2129), Elapsed: train 9.18 test 1.43
09/05/2026,00:31:01: 	Recall@10: 0.07114 Recall@20: 0.10193 NDCG@10: 0.04102 NDCG@20: 0.04962 
09/05/2026,00:31:01: 	Recall@10: 0.02606 Recall@20: 0.04078 NDCG@10: 0.01414 NDCG@20: 0.01816 
09/05/2026,00:31:01: Epoch [106/1000]
09/05/2026,00:31:01: Negative sampling...
09/05/2026,00:31:03: Model's personal time...
09/05/2026,00:31:04: Training...
09/05/2026,00:31:11: Evaluating...
09/05/2026,00:31:11: 	Train Loss: 786451.3125 (base: 86.9526, kd: 7863.6440), Elapsed: train 9.25 test 0.88 *
09/05/2026,00:31:11: 	Recall@10: 0.07075 Recall@20: 0.10249 NDCG@10: 0.04099 NDCG@20: 0.04975 
09/05/2026,00:31:11: 	Recall@10: 0.02595 Recall@20: 0.03999 NDCG@10: 0.01399 NDCG@20: 0.01781 
09/05/2026,00:31:11: Epoch [107/1000]
09/05/2026,00:31:11: Negative sampling...
09/05/2026,00:31:13: Model's personal time...
09/05/2026,00:31:14: Training...
09/05/2026,00:31:21: Evaluating...
09/05/2026,00:31:22: 	Train Loss: 786440.6250 (base: 85.0344, kd: 7863.5562), Elapsed: train 9.05 test 1.31
09/05/2026,00:31:22: 	Recall@10: 0.07075 Recall@20: 0.10179 NDCG@10: 0.04108 NDCG@20: 0.04970 
09/05/2026,00:31:22: 	Recall@10: 0.02601 Recall@20: 0.04032 NDCG@10: 0.01401 NDCG@20: 0.01791 
09/05/2026,00:31:22: Epoch [108/1000]
09/05/2026,00:31:22: Negative sampling...
09/05/2026,00:31:23: Model's personal time...
09/05/2026,00:31:25: Training...
09/05/2026,00:31:31: Evaluating...
09/05/2026,00:31:33: 	Train Loss: 786353.4375 (base: 86.0173, kd: 7862.6748), Elapsed: train 9.37 test 1.30 *
09/05/2026,00:31:33: 	Recall@10: 0.07087 Recall@20: 0.10205 NDCG@10: 0.04113 NDCG@20: 0.04978 
09/05/2026,00:31:33: 	Recall@10: 0.02673 Recall@20: 0.04046 NDCG@10: 0.01423 NDCG@20: 0.01800 
09/05/2026,00:31:33: Epoch [109/1000]
09/05/2026,00:31:33: Negative sampling...
09/05/2026,00:31:34: Model's personal time...
09/05/2026,00:31:34: Training...
09/05/2026,00:31:42: Evaluating...
09/05/2026,00:31:43: 	Train Loss: 786328.9375 (base: 84.6322, kd: 7862.4429), Elapsed: train 9.30 test 1.42 *
09/05/2026,00:31:43: 	Recall@10: 0.07040 Recall@20: 0.10272 NDCG@10: 0.04112 NDCG@20: 0.05003 
09/05/2026,00:31:43: 	Recall@10: 0.02695 Recall@20: 0.04076 NDCG@10: 0.01421 NDCG@20: 0.01800 
09/05/2026,00:31:43: Epoch [110/1000]
09/05/2026,00:31:43: Negative sampling...
09/05/2026,00:31:45: Model's personal time...
09/05/2026,00:31:45: Training...
09/05/2026,00:31:52: Evaluating...
09/05/2026,00:31:54: 	Train Loss: 786310.5000 (base: 83.5174, kd: 7862.2700), Elapsed: train 8.67 test 2.19
09/05/2026,00:31:54: 	Recall@10: 0.07115 Recall@20: 0.10276 NDCG@10: 0.04121 NDCG@20: 0.05000 
09/05/2026,00:31:54: 	Recall@10: 0.02642 Recall@20: 0.04062 NDCG@10: 0.01407 NDCG@20: 0.01792 
09/05/2026,00:31:54: Epoch [111/1000]
09/05/2026,00:31:54: Negative sampling...
09/05/2026,00:31:55: Model's personal time...
09/05/2026,00:31:56: Training...
09/05/2026,00:32:03: Evaluating...
09/05/2026,00:32:05: 	Train Loss: 786269.1875 (base: 85.3543, kd: 7861.8379), Elapsed: train 8.60 test 2.01
09/05/2026,00:32:05: 	Recall@10: 0.07066 Recall@20: 0.10269 NDCG@10: 0.04113 NDCG@20: 0.04996 
09/05/2026,00:32:05: 	Recall@10: 0.02711 Recall@20: 0.04066 NDCG@10: 0.01439 NDCG@20: 0.01803 
09/05/2026,00:32:05: Epoch [112/1000]
09/05/2026,00:32:05: Negative sampling...
09/05/2026,00:32:06: Model's personal time...
09/05/2026,00:32:06: Training...
09/05/2026,00:32:13: Evaluating...
09/05/2026,00:32:15: 	Train Loss: 786248.1250 (base: 82.4373, kd: 7861.6582), Elapsed: train 8.41 test 2.06
09/05/2026,00:32:15: 	Recall@10: 0.07223 Recall@20: 0.10264 NDCG@10: 0.04168 NDCG@20: 0.05000 
09/05/2026,00:32:15: 	Recall@10: 0.02691 Recall@20: 0.04089 NDCG@10: 0.01429 NDCG@20: 0.01810 
09/05/2026,00:32:15: Epoch [113/1000]
09/05/2026,00:32:15: Negative sampling...
09/05/2026,00:32:17: Model's personal time...
09/05/2026,00:32:17: Training...
09/05/2026,00:32:25: Evaluating...
09/05/2026,00:32:26: 	Train Loss: 786177.1250 (base: 82.8597, kd: 7860.9424), Elapsed: train 9.42 test 1.37 *
09/05/2026,00:32:26: 	Recall@10: 0.07170 Recall@20: 0.10277 NDCG@10: 0.04165 NDCG@20: 0.05017 
09/05/2026,00:32:26: 	Recall@10: 0.02677 Recall@20: 0.04048 NDCG@10: 0.01434 NDCG@20: 0.01809 
09/05/2026,00:32:26: Epoch [114/1000]
09/05/2026,00:32:26: Negative sampling...
09/05/2026,00:32:27: Model's personal time...
09/05/2026,00:32:28: Training...
09/05/2026,00:32:35: Evaluating...
09/05/2026,00:32:37: 	Train Loss: 786188.0000 (base: 83.4028, kd: 7861.0449), Elapsed: train 8.53 test 2.28
09/05/2026,00:32:37: 	Recall@10: 0.07204 Recall@20: 0.10248 NDCG@10: 0.04160 NDCG@20: 0.04992 
09/05/2026,00:32:37: 	Recall@10: 0.02732 Recall@20: 0.04035 NDCG@10: 0.01455 NDCG@20: 0.01810 
09/05/2026,00:32:37: Epoch [115/1000]
09/05/2026,00:32:37: Negative sampling...
09/05/2026,00:32:38: Model's personal time...
09/05/2026,00:32:39: Training...
09/05/2026,00:32:46: Evaluating...
09/05/2026,00:32:48: 	Train Loss: 786152.6875 (base: 77.2940, kd: 7860.7544), Elapsed: train 9.59 test 1.51 *
09/05/2026,00:32:48: 	Recall@10: 0.07232 Recall@20: 0.10321 NDCG@10: 0.04190 NDCG@20: 0.05034 
09/05/2026,00:32:48: 	Recall@10: 0.02710 Recall@20: 0.04046 NDCG@10: 0.01451 NDCG@20: 0.01813 
09/05/2026,00:32:48: Epoch [116/1000]
09/05/2026,00:32:48: Negative sampling...
09/05/2026,00:32:49: Model's personal time...
09/05/2026,00:32:50: Training...
09/05/2026,00:32:56: Evaluating...
09/05/2026,00:32:59: 	Train Loss: 786107.6875 (base: 81.7692, kd: 7860.2583), Elapsed: train 8.46 test 2.18
09/05/2026,00:32:59: 	Recall@10: 0.07153 Recall@20: 0.10223 NDCG@10: 0.04132 NDCG@20: 0.04978 
09/05/2026,00:32:59: 	Recall@10: 0.02737 Recall@20: 0.04035 NDCG@10: 0.01440 NDCG@20: 0.01789 
09/05/2026,00:32:59: Epoch [117/1000]
09/05/2026,00:32:59: Negative sampling...
09/05/2026,00:33:00: Model's personal time...
09/05/2026,00:33:01: Training...
09/05/2026,00:33:08: Evaluating...
09/05/2026,00:33:09: 	Train Loss: 786062.5000 (base: 77.7318, kd: 7859.8481), Elapsed: train 9.17 test 1.46
09/05/2026,00:33:09: 	Recall@10: 0.07258 Recall@20: 0.10251 NDCG@10: 0.04173 NDCG@20: 0.05001 
09/05/2026,00:33:09: 	Recall@10: 0.02734 Recall@20: 0.04046 NDCG@10: 0.01433 NDCG@20: 0.01790 
09/05/2026,00:33:09: Epoch [118/1000]
09/05/2026,00:33:09: Negative sampling...
09/05/2026,00:33:11: Model's personal time...
09/05/2026,00:33:12: Training...
09/05/2026,00:33:18: Evaluating...
09/05/2026,00:33:20: 	Train Loss: 786040.5625 (base: 81.0609, kd: 7859.5957), Elapsed: train 9.16 test 1.18
09/05/2026,00:33:20: 	Recall@10: 0.07206 Recall@20: 0.10300 NDCG@10: 0.04162 NDCG@20: 0.05017 
09/05/2026,00:33:20: 	Recall@10: 0.02714 Recall@20: 0.04079 NDCG@10: 0.01437 NDCG@20: 0.01805 
09/05/2026,00:33:20: Epoch [119/1000]
09/05/2026,00:33:20: Negative sampling...
09/05/2026,00:33:21: Model's personal time...
09/05/2026,00:33:22: Training...
09/05/2026,00:33:29: Evaluating...
09/05/2026,00:33:30: 	Train Loss: 785998.8125 (base: 79.8367, kd: 7859.1899), Elapsed: train 9.26 test 1.32 *
09/05/2026,00:33:30: 	Recall@10: 0.07229 Recall@20: 0.10304 NDCG@10: 0.04182 NDCG@20: 0.05035 
09/05/2026,00:33:30: 	Recall@10: 0.02744 Recall@20: 0.04015 NDCG@10: 0.01437 NDCG@20: 0.01782 
09/05/2026,00:33:30: Epoch [120/1000]
09/05/2026,00:33:30: Negative sampling...
09/05/2026,00:33:31: Model's personal time...
09/05/2026,00:33:33: Training...
09/05/2026,00:33:39: Evaluating...
09/05/2026,00:33:41: 	Train Loss: 785981.5625 (base: 77.3981, kd: 7859.0420), Elapsed: train 9.38 test 1.38
09/05/2026,00:33:41: 	Recall@10: 0.07213 Recall@20: 0.10239 NDCG@10: 0.04183 NDCG@20: 0.05011 
09/05/2026,00:33:41: 	Recall@10: 0.02725 Recall@20: 0.04021 NDCG@10: 0.01444 NDCG@20: 0.01795 
09/05/2026,00:33:41: Epoch [121/1000]
09/05/2026,00:33:41: Negative sampling...
09/05/2026,00:33:42: Model's personal time...
09/05/2026,00:33:43: Training...
09/05/2026,00:33:50: Evaluating...
09/05/2026,00:33:52: 	Train Loss: 785952.0000 (base: 78.1696, kd: 7858.7383), Elapsed: train 8.69 test 2.13
09/05/2026,00:33:52: 	Recall@10: 0.07206 Recall@20: 0.10298 NDCG@10: 0.04167 NDCG@20: 0.05010 
09/05/2026,00:33:52: 	Recall@10: 0.02727 Recall@20: 0.04014 NDCG@10: 0.01440 NDCG@20: 0.01790 
09/05/2026,00:33:52: Epoch [122/1000]
09/05/2026,00:33:52: Negative sampling...
09/05/2026,00:33:53: Model's personal time...
09/05/2026,00:33:53: Training...
09/05/2026,00:34:00: Evaluating...
09/05/2026,00:34:02: 	Train Loss: 785929.1250 (base: 75.2822, kd: 7858.5381), Elapsed: train 8.31 test 2.24
09/05/2026,00:34:02: 	Recall@10: 0.07217 Recall@20: 0.10268 NDCG@10: 0.04161 NDCG@20: 0.04999 
09/05/2026,00:34:02: 	Recall@10: 0.02694 Recall@20: 0.04032 NDCG@10: 0.01431 NDCG@20: 0.01789 
09/05/2026,00:34:02: Epoch [123/1000]
09/05/2026,00:34:02: Negative sampling...
09/05/2026,00:34:04: Model's personal time...
09/05/2026,00:34:04: Training...
09/05/2026,00:34:12: Evaluating...
09/05/2026,00:34:13: 	Train Loss: 785857.6250 (base: 77.2000, kd: 7857.8042), Elapsed: train 9.40 test 1.50
09/05/2026,00:34:13: 	Recall@10: 0.07213 Recall@20: 0.10278 NDCG@10: 0.04156 NDCG@20: 0.05001 
09/05/2026,00:34:13: 	Recall@10: 0.02701 Recall@20: 0.04001 NDCG@10: 0.01441 NDCG@20: 0.01797 
09/05/2026,00:34:13: Epoch [124/1000]
09/05/2026,00:34:13: Negative sampling...
09/05/2026,00:34:15: Model's personal time...
09/05/2026,00:34:16: Training...
09/05/2026,00:34:22: Evaluating...
09/05/2026,00:34:24: 	Train Loss: 785910.6875 (base: 76.2087, kd: 7858.3442), Elapsed: train 9.37 test 1.46
09/05/2026,00:34:24: 	Recall@10: 0.07221 Recall@20: 0.10330 NDCG@10: 0.04149 NDCG@20: 0.05004 
09/05/2026,00:34:24: 	Recall@10: 0.02701 Recall@20: 0.04078 NDCG@10: 0.01462 NDCG@20: 0.01834 
09/05/2026,00:34:24: Epoch [125/1000]
09/05/2026,00:34:24: Negative sampling...
09/05/2026,00:34:25: Model's personal time...
09/05/2026,00:34:26: Training...
09/05/2026,00:34:32: Evaluating...
09/05/2026,00:34:34: 	Train Loss: 785859.5625 (base: 72.3408, kd: 7857.8716), Elapsed: train 8.14 test 2.38
09/05/2026,00:34:34: 	Recall@10: 0.07209 Recall@20: 0.10191 NDCG@10: 0.04153 NDCG@20: 0.04970 
09/05/2026,00:34:34: 	Recall@10: 0.02674 Recall@20: 0.04075 NDCG@10: 0.01447 NDCG@20: 0.01826 
09/05/2026,00:34:34: Epoch [126/1000]
09/05/2026,00:34:34: Negative sampling...
09/05/2026,00:34:36: Model's personal time...
09/05/2026,00:34:36: Training...
09/05/2026,00:34:42: Evaluating...
09/05/2026,00:34:44: 	Train Loss: 785818.4375 (base: 73.0562, kd: 7857.4526), Elapsed: train 7.61 test 2.37
09/05/2026,00:34:44: 	Recall@10: 0.07207 Recall@20: 0.10172 NDCG@10: 0.04154 NDCG@20: 0.04963 
09/05/2026,00:34:44: 	Recall@10: 0.02640 Recall@20: 0.04040 NDCG@10: 0.01419 NDCG@20: 0.01802 
09/05/2026,00:34:44: Epoch [127/1000]
09/05/2026,00:34:44: Negative sampling...
09/05/2026,00:34:46: Model's personal time...
09/05/2026,00:34:47: Training...
09/05/2026,00:34:54: Evaluating...
09/05/2026,00:34:55: 	Train Loss: 785745.6250 (base: 72.9986, kd: 7856.7271), Elapsed: train 9.56 test 1.44
09/05/2026,00:34:55: 	Recall@10: 0.07228 Recall@20: 0.10256 NDCG@10: 0.04183 NDCG@20: 0.05009 
09/05/2026,00:34:55: 	Recall@10: 0.02654 Recall@20: 0.04110 NDCG@10: 0.01434 NDCG@20: 0.01831 
09/05/2026,00:34:55: Epoch [128/1000]
09/05/2026,00:34:55: Negative sampling...
09/05/2026,00:34:57: Model's personal time...
09/05/2026,00:34:58: Training...
09/05/2026,00:35:05: Evaluating...
09/05/2026,00:35:06: 	Train Loss: 785746.6875 (base: 74.9487, kd: 7856.7178), Elapsed: train 9.50 test 1.43
09/05/2026,00:35:06: 	Recall@10: 0.07189 Recall@20: 0.10151 NDCG@10: 0.04158 NDCG@20: 0.04976 
09/05/2026,00:35:06: 	Recall@10: 0.02648 Recall@20: 0.03957 NDCG@10: 0.01427 NDCG@20: 0.01789 
09/05/2026,00:35:06: Epoch [129/1000]
09/05/2026,00:35:06: Negative sampling...
09/05/2026,00:35:08: Model's personal time...
09/05/2026,00:35:08: Training...
09/05/2026,00:35:15: Evaluating...
09/05/2026,00:35:17: 	Train Loss: 785730.8125 (base: 73.0996, kd: 7856.5771), Elapsed: train 8.24 test 2.36
09/05/2026,00:35:17: 	Recall@10: 0.07287 Recall@20: 0.10248 NDCG@10: 0.04206 NDCG@20: 0.05014 
09/05/2026,00:35:17: 	Recall@10: 0.02628 Recall@20: 0.04047 NDCG@10: 0.01421 NDCG@20: 0.01809 
09/05/2026,00:35:17: Epoch [130/1000]
09/05/2026,00:35:17: Negative sampling...
09/05/2026,00:35:18: Model's personal time...
09/05/2026,00:35:19: Training...
09/05/2026,00:35:25: Evaluating...
09/05/2026,00:35:28: 	Train Loss: 785708.9375 (base: 71.1054, kd: 7856.3779), Elapsed: train 8.45 test 2.14
09/05/2026,00:35:28: 	Recall@10: 0.07269 Recall@20: 0.10262 NDCG@10: 0.04209 NDCG@20: 0.05030 
09/05/2026,00:35:28: 	Recall@10: 0.02669 Recall@20: 0.04111 NDCG@10: 0.01439 NDCG@20: 0.01832 
09/05/2026,00:35:28: Epoch [131/1000]
09/05/2026,00:35:28: Negative sampling...
09/05/2026,00:35:29: Model's personal time...
09/05/2026,00:35:30: Training...
09/05/2026,00:35:37: Evaluating...
09/05/2026,00:35:39: 	Train Loss: 785750.8125 (base: 70.8645, kd: 7856.7998), Elapsed: train 9.31 test 1.66 *
09/05/2026,00:35:39: 	Recall@10: 0.07235 Recall@20: 0.10337 NDCG@10: 0.04185 NDCG@20: 0.05035 
09/05/2026,00:35:39: 	Recall@10: 0.02659 Recall@20: 0.04054 NDCG@10: 0.01441 NDCG@20: 0.01821 
09/05/2026,00:35:39: Epoch [132/1000]
09/05/2026,00:35:39: Negative sampling...
09/05/2026,00:35:40: Model's personal time...
09/05/2026,00:35:41: Training...
09/05/2026,00:35:48: Evaluating...
09/05/2026,00:35:50: 	Train Loss: 785655.8125 (base: 70.3091, kd: 7855.8555), Elapsed: train 9.69 test 1.39
09/05/2026,00:35:50: 	Recall@10: 0.07243 Recall@20: 0.10251 NDCG@10: 0.04162 NDCG@20: 0.04994 
09/05/2026,00:35:50: 	Recall@10: 0.02696 Recall@20: 0.04036 NDCG@10: 0.01434 NDCG@20: 0.01799 
09/05/2026,00:35:50: Epoch [133/1000]
09/05/2026,00:35:50: Negative sampling...
09/05/2026,00:35:51: Model's personal time...
09/05/2026,00:35:51: Training...
09/05/2026,00:35:57: Evaluating...
09/05/2026,00:35:59: 	Train Loss: 785633.3125 (base: 68.2263, kd: 7855.6509), Elapsed: train 7.23 test 2.37 *
09/05/2026,00:35:59: 	Recall@10: 0.07243 Recall@20: 0.10372 NDCG@10: 0.04178 NDCG@20: 0.05039 
09/05/2026,00:35:59: 	Recall@10: 0.02679 Recall@20: 0.04161 NDCG@10: 0.01437 NDCG@20: 0.01839 
09/05/2026,00:35:59: Epoch [134/1000]
09/05/2026,00:35:59: Negative sampling...
09/05/2026,00:36:01: Model's personal time...
09/05/2026,00:36:01: Training...
09/05/2026,00:36:08: Evaluating...
09/05/2026,00:36:10: 	Train Loss: 785598.6250 (base: 70.2145, kd: 7855.2837), Elapsed: train 8.32 test 2.23
09/05/2026,00:36:10: 	Recall@10: 0.07248 Recall@20: 0.10222 NDCG@10: 0.04160 NDCG@20: 0.04983 
09/05/2026,00:36:10: 	Recall@10: 0.02747 Recall@20: 0.04104 NDCG@10: 0.01461 NDCG@20: 0.01831 
09/05/2026,00:36:10: Epoch [135/1000]
09/05/2026,00:36:10: Negative sampling...
09/05/2026,00:36:11: Model's personal time...
09/05/2026,00:36:12: Training...
09/05/2026,00:36:19: Evaluating...
09/05/2026,00:36:21: 	Train Loss: 785596.2500 (base: 71.1194, kd: 7855.2510), Elapsed: train 9.48 test 1.46
09/05/2026,00:36:21: 	Recall@10: 0.07335 Recall@20: 0.10236 NDCG@10: 0.04207 NDCG@20: 0.05009 
09/05/2026,00:36:21: 	Recall@10: 0.02728 Recall@20: 0.04121 NDCG@10: 0.01450 NDCG@20: 0.01831 
09/05/2026,00:36:21: Epoch [136/1000]
09/05/2026,00:36:21: Negative sampling...
09/05/2026,00:36:22: Model's personal time...
09/05/2026,00:36:23: Training...
09/05/2026,00:36:30: Evaluating...
09/05/2026,00:36:32: 	Train Loss: 785535.8125 (base: 70.6644, kd: 7854.6519), Elapsed: train 9.36 test 1.53
09/05/2026,00:36:32: 	Recall@10: 0.07273 Recall@20: 0.10209 NDCG@10: 0.04195 NDCG@20: 0.05008 
09/05/2026,00:36:32: 	Recall@10: 0.02762 Recall@20: 0.04193 NDCG@10: 0.01464 NDCG@20: 0.01851 
09/05/2026,00:36:32: Epoch [137/1000]
09/05/2026,00:36:32: Negative sampling...
09/05/2026,00:36:33: Model's personal time...
09/05/2026,00:36:34: Training...
09/05/2026,00:36:41: Evaluating...
09/05/2026,00:36:42: 	Train Loss: 785560.6250 (base: 67.0176, kd: 7854.9365), Elapsed: train 9.43 test 1.35 *
09/05/2026,00:36:42: 	Recall@10: 0.07251 Recall@20: 0.10401 NDCG@10: 0.04213 NDCG@20: 0.05072 
09/05/2026,00:36:42: 	Recall@10: 0.02718 Recall@20: 0.04073 NDCG@10: 0.01456 NDCG@20: 0.01825 
09/05/2026,00:36:42: Epoch [138/1000]
09/05/2026,00:36:42: Negative sampling...
09/05/2026,00:36:44: Model's personal time...
09/05/2026,00:36:45: Training...
09/05/2026,00:36:52: Evaluating...
09/05/2026,00:36:53: 	Train Loss: 785535.8750 (base: 67.1765, kd: 7854.6875), Elapsed: train 9.23 test 1.44
09/05/2026,00:36:53: 	Recall@10: 0.07308 Recall@20: 0.10301 NDCG@10: 0.04234 NDCG@20: 0.05054 
09/05/2026,00:36:53: 	Recall@10: 0.02679 Recall@20: 0.04025 NDCG@10: 0.01453 NDCG@20: 0.01823 
09/05/2026,00:36:53: Epoch [139/1000]
09/05/2026,00:36:53: Negative sampling...
09/05/2026,00:36:54: Model's personal time...
09/05/2026,00:36:56: Training...
09/05/2026,00:37:02: Evaluating...
09/05/2026,00:37:04: 	Train Loss: 785475.0000 (base: 68.9434, kd: 7854.0610), Elapsed: train 9.42 test 1.41
09/05/2026,00:37:04: 	Recall@10: 0.07295 Recall@20: 0.10324 NDCG@10: 0.04229 NDCG@20: 0.05061 
09/05/2026,00:37:04: 	Recall@10: 0.02725 Recall@20: 0.04073 NDCG@10: 0.01467 NDCG@20: 0.01834 
09/05/2026,00:37:04: Epoch [140/1000]
09/05/2026,00:37:04: Negative sampling...
09/05/2026,00:37:05: Model's personal time...
09/05/2026,00:37:06: Training...
09/05/2026,00:37:13: Evaluating...
09/05/2026,00:37:15: 	Train Loss: 785492.2500 (base: 68.4891, kd: 7854.2373), Elapsed: train 9.29 test 1.71
09/05/2026,00:37:15: 	Recall@10: 0.07305 Recall@20: 0.10367 NDCG@10: 0.04226 NDCG@20: 0.05060 
09/05/2026,00:37:15: 	Recall@10: 0.02721 Recall@20: 0.04104 NDCG@10: 0.01446 NDCG@20: 0.01825 
09/05/2026,00:37:15: Epoch [141/1000]
09/05/2026,00:37:15: Negative sampling...
09/05/2026,00:37:16: Model's personal time...
09/05/2026,00:37:17: Training...
09/05/2026,00:37:24: Evaluating...
09/05/2026,00:37:26: 	Train Loss: 785466.0000 (base: 64.7681, kd: 7854.0127), Elapsed: train 9.47 test 1.59
09/05/2026,00:37:26: 	Recall@10: 0.07253 Recall@20: 0.10333 NDCG@10: 0.04185 NDCG@20: 0.05030 
09/05/2026,00:37:26: 	Recall@10: 0.02773 Recall@20: 0.04149 NDCG@10: 0.01470 NDCG@20: 0.01845 
09/05/2026,00:37:26: Epoch [142/1000]
09/05/2026,00:37:26: Negative sampling...
09/05/2026,00:37:27: Model's personal time...
09/05/2026,00:37:27: Training...
09/05/2026,00:37:31: Evaluating...
09/05/2026,00:37:32: 	Train Loss: 785435.0000 (base: 67.5486, kd: 7853.6748), Elapsed: train 5.21 test 0.43
09/05/2026,00:37:32: 	Recall@10: 0.07314 Recall@20: 0.10360 NDCG@10: 0.04209 NDCG@20: 0.05046 
09/05/2026,00:37:32: 	Recall@10: 0.02734 Recall@20: 0.04115 NDCG@10: 0.01461 NDCG@20: 0.01842 
09/05/2026,00:37:32: Epoch [143/1000]
09/05/2026,00:37:32: Negative sampling...
09/05/2026,00:37:33: Model's personal time...
09/05/2026,00:37:33: Training...
09/05/2026,00:37:37: Evaluating...
09/05/2026,00:37:37: 	Train Loss: 785400.6250 (base: 66.7994, kd: 7853.3384), Elapsed: train 5.28 test 0.43
09/05/2026,00:37:37: 	Recall@10: 0.07273 Recall@20: 0.10379 NDCG@10: 0.04181 NDCG@20: 0.05034 
09/05/2026,00:37:37: 	Recall@10: 0.02698 Recall@20: 0.04126 NDCG@10: 0.01466 NDCG@20: 0.01856 
09/05/2026,00:37:37: Epoch [144/1000]
09/05/2026,00:37:37: Negative sampling...
09/05/2026,00:37:39: Model's personal time...
09/05/2026,00:37:39: Training...
09/05/2026,00:37:42: Evaluating...
09/05/2026,00:37:43: 	Train Loss: 785404.1250 (base: 69.6248, kd: 7853.3457), Elapsed: train 5.14 test 0.44
09/05/2026,00:37:43: 	Recall@10: 0.07341 Recall@20: 0.10424 NDCG@10: 0.04211 NDCG@20: 0.05057 
09/05/2026,00:37:43: 	Recall@10: 0.02680 Recall@20: 0.04142 NDCG@10: 0.01453 NDCG@20: 0.01852 
09/05/2026,00:37:43: Epoch [145/1000]
09/05/2026,00:37:43: Negative sampling...
09/05/2026,00:37:44: Model's personal time...
09/05/2026,00:37:44: Training...
09/05/2026,00:37:48: Evaluating...
09/05/2026,00:37:49: 	Train Loss: 785395.0625 (base: 70.5349, kd: 7853.2446), Elapsed: train 5.23 test 0.42
09/05/2026,00:37:49: 	Recall@10: 0.07304 Recall@20: 0.10472 NDCG@10: 0.04206 NDCG@20: 0.05071 
09/05/2026,00:37:49: 	Recall@10: 0.02638 Recall@20: 0.04095 NDCG@10: 0.01444 NDCG@20: 0.01848 
09/05/2026,00:37:49: Epoch [146/1000]
09/05/2026,00:37:49: Negative sampling...
09/05/2026,00:37:50: Model's personal time...
09/05/2026,00:37:50: Training...
09/05/2026,00:37:54: Evaluating...
09/05/2026,00:37:54: 	Train Loss: 785369.6875 (base: 67.0317, kd: 7853.0269), Elapsed: train 5.13 test 0.44
09/05/2026,00:37:54: 	Recall@10: 0.07336 Recall@20: 0.10399 NDCG@10: 0.04223 NDCG@20: 0.05068 
09/05/2026,00:37:54: 	Recall@10: 0.02698 Recall@20: 0.04115 NDCG@10: 0.01447 NDCG@20: 0.01839 
09/05/2026,00:37:54: Epoch [147/1000]
09/05/2026,00:37:54: Negative sampling...
09/05/2026,00:37:55: Model's personal time...
09/05/2026,00:37:56: Training...
09/05/2026,00:37:59: Evaluating...
09/05/2026,00:38:00: 	Train Loss: 785328.8750 (base: 67.6557, kd: 7852.6123), Elapsed: train 5.10 test 0.42 *
09/05/2026,00:38:00: 	Recall@10: 0.07301 Recall@20: 0.10443 NDCG@10: 0.04217 NDCG@20: 0.05080 
09/05/2026,00:38:00: 	Recall@10: 0.02682 Recall@20: 0.04111 NDCG@10: 0.01475 NDCG@20: 0.01871 
09/05/2026,00:38:00: Epoch [148/1000]
09/05/2026,00:38:00: Negative sampling...
09/05/2026,00:38:01: Model's personal time...
09/05/2026,00:38:01: Training...
09/05/2026,00:38:05: Evaluating...
09/05/2026,00:38:05: 	Train Loss: 785289.4375 (base: 69.0033, kd: 7852.2041), Elapsed: train 5.20 test 0.42
09/05/2026,00:38:05: 	Recall@10: 0.07266 Recall@20: 0.10359 NDCG@10: 0.04185 NDCG@20: 0.05038 
09/05/2026,00:38:05: 	Recall@10: 0.02695 Recall@20: 0.04172 NDCG@10: 0.01463 NDCG@20: 0.01866 
09/05/2026,00:38:05: Epoch [149/1000]
09/05/2026,00:38:05: Negative sampling...
09/05/2026,00:38:07: Model's personal time...
09/05/2026,00:38:07: Training...
09/05/2026,00:38:10: Evaluating...
09/05/2026,00:38:11: 	Train Loss: 785238.8125 (base: 67.2762, kd: 7851.7153), Elapsed: train 5.19 test 0.44
09/05/2026,00:38:11: 	Recall@10: 0.07307 Recall@20: 0.10389 NDCG@10: 0.04228 NDCG@20: 0.05070 
09/05/2026,00:38:11: 	Recall@10: 0.02730 Recall@20: 0.04073 NDCG@10: 0.01463 NDCG@20: 0.01828 
09/05/2026,00:38:11: Epoch [150/1000]
09/05/2026,00:38:11: Negative sampling...
09/05/2026,00:38:12: Model's personal time...
09/05/2026,00:38:12: Training...
09/05/2026,00:38:16: Evaluating...
09/05/2026,00:38:17: 	Train Loss: 785279.6875 (base: 66.7986, kd: 7852.1289), Elapsed: train 5.41 test 0.43
09/05/2026,00:38:17: 	Recall@10: 0.07333 Recall@20: 0.10422 NDCG@10: 0.04207 NDCG@20: 0.05049 
09/05/2026,00:38:17: 	Recall@10: 0.02713 Recall@20: 0.04054 NDCG@10: 0.01459 NDCG@20: 0.01828 
09/05/2026,00:38:17: Epoch [151/1000]
09/05/2026,00:38:17: Negative sampling...
09/05/2026,00:38:18: Model's personal time...
09/05/2026,00:38:18: Training...
09/05/2026,00:38:22: Evaluating...
09/05/2026,00:38:22: 	Train Loss: 785315.4375 (base: 66.5625, kd: 7852.4883), Elapsed: train 5.15 test 0.42
09/05/2026,00:38:22: 	Recall@10: 0.07318 Recall@20: 0.10414 NDCG@10: 0.04224 NDCG@20: 0.05074 
09/05/2026,00:38:22: 	Recall@10: 0.02751 Recall@20: 0.04110 NDCG@10: 0.01485 NDCG@20: 0.01856 
09/05/2026,00:38:22: Epoch [152/1000]
09/05/2026,00:38:22: Negative sampling...
09/05/2026,00:38:24: Model's personal time...
09/05/2026,00:38:24: Training...
09/05/2026,00:38:27: Evaluating...
09/05/2026,00:38:28: 	Train Loss: 785182.7500 (base: 66.4319, kd: 7851.1631), Elapsed: train 5.14 test 0.42
09/05/2026,00:38:28: 	Recall@10: 0.07292 Recall@20: 0.10218 NDCG@10: 0.04189 NDCG@20: 0.04989 
09/05/2026,00:38:28: 	Recall@10: 0.02710 Recall@20: 0.04216 NDCG@10: 0.01449 NDCG@20: 0.01857 
09/05/2026,00:38:28: Epoch [153/1000]
09/05/2026,00:38:28: Negative sampling...
09/05/2026,00:38:29: Model's personal time...
09/05/2026,00:38:29: Training...
09/05/2026,00:38:33: Evaluating...
09/05/2026,00:38:33: 	Train Loss: 785220.6875 (base: 64.6132, kd: 7851.5610), Elapsed: train 5.13 test 0.41
09/05/2026,00:38:33: 	Recall@10: 0.07261 Recall@20: 0.10392 NDCG@10: 0.04171 NDCG@20: 0.05030 
09/05/2026,00:38:33: 	Recall@10: 0.02722 Recall@20: 0.04112 NDCG@10: 0.01463 NDCG@20: 0.01843 
09/05/2026,00:38:33: Epoch [154/1000]
09/05/2026,00:38:33: Negative sampling...
09/05/2026,00:38:35: Model's personal time...
09/05/2026,00:38:35: Training...
09/05/2026,00:38:39: Evaluating...
09/05/2026,00:38:39: 	Train Loss: 785189.9375 (base: 65.6036, kd: 7851.2437), Elapsed: train 5.13 test 0.43
09/05/2026,00:38:39: 	Recall@10: 0.07327 Recall@20: 0.10459 NDCG@10: 0.04210 NDCG@20: 0.05066 
09/05/2026,00:38:39: 	Recall@10: 0.02722 Recall@20: 0.04126 NDCG@10: 0.01468 NDCG@20: 0.01853 
09/05/2026,00:38:39: Epoch [155/1000]
09/05/2026,00:38:39: Negative sampling...
09/05/2026,00:38:40: Model's personal time...
09/05/2026,00:38:40: Training...
09/05/2026,00:38:44: Evaluating...
09/05/2026,00:38:45: 	Train Loss: 785172.2500 (base: 62.6802, kd: 7851.0947), Elapsed: train 5.24 test 0.43
09/05/2026,00:38:45: 	Recall@10: 0.07193 Recall@20: 0.10429 NDCG@10: 0.04172 NDCG@20: 0.05062 
09/05/2026,00:38:45: 	Recall@10: 0.02674 Recall@20: 0.04130 NDCG@10: 0.01457 NDCG@20: 0.01856 
09/05/2026,00:38:45: Epoch [156/1000]
09/05/2026,00:38:45: Negative sampling...
09/05/2026,00:38:46: Model's personal time...
09/05/2026,00:38:46: Training...
09/05/2026,00:38:50: Evaluating...
09/05/2026,00:38:50: 	Train Loss: 785182.1875 (base: 65.7575, kd: 7851.1646), Elapsed: train 5.27 test 0.42
09/05/2026,00:38:50: 	Recall@10: 0.07165 Recall@20: 0.10408 NDCG@10: 0.04141 NDCG@20: 0.05030 
09/05/2026,00:38:50: 	Recall@10: 0.02690 Recall@20: 0.04103 NDCG@10: 0.01458 NDCG@20: 0.01848 
09/05/2026,00:38:50: Epoch [157/1000]
09/05/2026,00:38:50: Negative sampling...
09/05/2026,00:38:52: Model's personal time...
09/05/2026,00:38:52: Training...
09/05/2026,00:38:56: Evaluating...
09/05/2026,00:38:56: 	Train Loss: 785121.3125 (base: 64.8527, kd: 7850.5649), Elapsed: train 5.20 test 0.43
09/05/2026,00:38:56: 	Recall@10: 0.07217 Recall@20: 0.10561 NDCG@10: 0.04157 NDCG@20: 0.05069 
09/05/2026,00:38:56: 	Recall@10: 0.02787 Recall@20: 0.04114 NDCG@10: 0.01481 NDCG@20: 0.01839 
09/05/2026,00:38:56: Epoch [158/1000]
09/05/2026,00:38:56: Negative sampling...
09/05/2026,00:38:57: Model's personal time...
09/05/2026,00:38:57: Training...
09/05/2026,00:39:01: Evaluating...
09/05/2026,00:39:02: 	Train Loss: 785132.5625 (base: 61.0928, kd: 7850.7144), Elapsed: train 5.12 test 0.42
09/05/2026,00:39:02: 	Recall@10: 0.07164 Recall@20: 0.10389 NDCG@10: 0.04146 NDCG@20: 0.05026 
09/05/2026,00:39:02: 	Recall@10: 0.02672 Recall@20: 0.04174 NDCG@10: 0.01452 NDCG@20: 0.01860 
09/05/2026,00:39:02: Epoch [159/1000]
09/05/2026,00:39:02: Negative sampling...
09/05/2026,00:39:03: Model's personal time...
09/05/2026,00:39:03: Training...
09/05/2026,00:39:07: Evaluating...
09/05/2026,00:39:07: 	Train Loss: 785119.8750 (base: 65.4095, kd: 7850.5449), Elapsed: train 5.11 test 0.42
09/05/2026,00:39:07: 	Recall@10: 0.07234 Recall@20: 0.10370 NDCG@10: 0.04151 NDCG@20: 0.05010 
09/05/2026,00:39:07: 	Recall@10: 0.02712 Recall@20: 0.04152 NDCG@10: 0.01463 NDCG@20: 0.01854 
09/05/2026,00:39:07: Epoch [160/1000]
09/05/2026,00:39:07: Negative sampling...
09/05/2026,00:39:08: Model's personal time...
09/05/2026,00:39:09: Training...
09/05/2026,00:39:12: Evaluating...
09/05/2026,00:39:13: 	Train Loss: 785090.4375 (base: 63.8573, kd: 7850.2666), Elapsed: train 5.15 test 0.42
09/05/2026,00:39:13: 	Recall@10: 0.07231 Recall@20: 0.10383 NDCG@10: 0.04146 NDCG@20: 0.05005 
09/05/2026,00:39:13: 	Recall@10: 0.02722 Recall@20: 0.04113 NDCG@10: 0.01482 NDCG@20: 0.01857 
09/05/2026,00:39:13: Epoch [161/1000]
09/05/2026,00:39:13: Negative sampling...
09/05/2026,00:39:14: Model's personal time...
09/05/2026,00:39:14: Training...
09/05/2026,00:39:18: Evaluating...
09/05/2026,00:39:18: 	Train Loss: 785113.9375 (base: 64.5634, kd: 7850.4941), Elapsed: train 5.12 test 0.44
09/05/2026,00:39:18: 	Recall@10: 0.07227 Recall@20: 0.10543 NDCG@10: 0.04141 NDCG@20: 0.05051 
09/05/2026,00:39:18: 	Recall@10: 0.02659 Recall@20: 0.04208 NDCG@10: 0.01446 NDCG@20: 0.01867 
09/05/2026,00:39:18: Epoch [162/1000]
09/05/2026,00:39:18: Negative sampling...
09/05/2026,00:39:20: Model's personal time...
09/05/2026,00:39:20: Training...
09/05/2026,00:39:23: Evaluating...
09/05/2026,00:39:24: 	Train Loss: 785027.8750 (base: 63.7170, kd: 7849.6421), Elapsed: train 5.10 test 0.44
09/05/2026,00:39:24: 	Recall@10: 0.07280 Recall@20: 0.10476 NDCG@10: 0.04194 NDCG@20: 0.05069 
09/05/2026,00:39:24: 	Recall@10: 0.02710 Recall@20: 0.04206 NDCG@10: 0.01459 NDCG@20: 0.01863 
09/05/2026,00:39:24: Epoch [163/1000]
09/05/2026,00:39:24: Negative sampling...
09/05/2026,00:39:25: Model's personal time...
09/05/2026,00:39:25: Training...
09/05/2026,00:39:29: Evaluating...
09/05/2026,00:39:29: 	Train Loss: 785050.3750 (base: 61.2558, kd: 7849.8906), Elapsed: train 5.23 test 0.45
09/05/2026,00:39:29: 	Recall@10: 0.07244 Recall@20: 0.10327 NDCG@10: 0.04168 NDCG@20: 0.05012 
09/05/2026,00:39:29: 	Recall@10: 0.02646 Recall@20: 0.04262 NDCG@10: 0.01443 NDCG@20: 0.01878 
09/05/2026,00:39:29: Epoch [164/1000]
09/05/2026,00:39:29: Negative sampling...
09/05/2026,00:39:31: Model's personal time...
09/05/2026,00:39:31: Training...
09/05/2026,00:39:35: Evaluating...
09/05/2026,00:39:35: 	Train Loss: 785036.3750 (base: 65.1072, kd: 7849.7129), Elapsed: train 5.11 test 0.44
09/05/2026,00:39:35: 	Recall@10: 0.07325 Recall@20: 0.10449 NDCG@10: 0.04195 NDCG@20: 0.05047 
09/05/2026,00:39:35: 	Recall@10: 0.02604 Recall@20: 0.04255 NDCG@10: 0.01446 NDCG@20: 0.01893 
09/05/2026,00:39:35: Epoch [165/1000]
09/05/2026,00:39:35: Negative sampling...
09/05/2026,00:39:36: Model's personal time...
09/05/2026,00:39:36: Training...
09/05/2026,00:39:40: Evaluating...
09/05/2026,00:39:41: 	Train Loss: 784994.7500 (base: 59.9218, kd: 7849.3481), Elapsed: train 5.11 test 0.45
09/05/2026,00:39:41: 	Recall@10: 0.07227 Recall@20: 0.10396 NDCG@10: 0.04139 NDCG@20: 0.05005 
09/05/2026,00:39:41: 	Recall@10: 0.02623 Recall@20: 0.04169 NDCG@10: 0.01449 NDCG@20: 0.01871 
09/05/2026,00:39:41: Epoch [166/1000]
09/05/2026,00:39:41: Negative sampling...
09/05/2026,00:39:42: Model's personal time...
09/05/2026,00:39:42: Training...
09/05/2026,00:39:46: Evaluating...
09/05/2026,00:39:46: 	Train Loss: 784978.7500 (base: 59.6131, kd: 7849.1914), Elapsed: train 5.11 test 0.41
09/05/2026,00:39:46: 	Recall@10: 0.07280 Recall@20: 0.10441 NDCG@10: 0.04164 NDCG@20: 0.05028 
09/05/2026,00:39:46: 	Recall@10: 0.02659 Recall@20: 0.04297 NDCG@10: 0.01454 NDCG@20: 0.01896 
09/05/2026,00:39:46: Epoch [167/1000]
09/05/2026,00:39:46: Negative sampling...
09/05/2026,00:39:47: Model's personal time...
09/05/2026,00:39:48: Training...
09/05/2026,00:39:51: Evaluating...
09/05/2026,00:39:52: 	Train Loss: 784980.0000 (base: 58.7543, kd: 7849.2129), Elapsed: train 5.21 test 0.43
09/05/2026,00:39:52: 	Recall@10: 0.07199 Recall@20: 0.10337 NDCG@10: 0.04151 NDCG@20: 0.05010 
09/05/2026,00:39:52: 	Recall@10: 0.02559 Recall@20: 0.04123 NDCG@10: 0.01429 NDCG@20: 0.01856 
09/05/2026,00:39:52: Epoch [168/1000]
09/05/2026,00:39:52: Negative sampling...
09/05/2026,00:39:53: Model's personal time...
09/05/2026,00:39:53: Training...
09/05/2026,00:39:57: Evaluating...
09/05/2026,00:39:57: 	Train Loss: 784933.8750 (base: 60.1627, kd: 7848.7373), Elapsed: train 5.16 test 0.42
09/05/2026,00:39:57: 	Recall@10: 0.07275 Recall@20: 0.10455 NDCG@10: 0.04173 NDCG@20: 0.05038 
09/05/2026,00:39:57: 	Recall@10: 0.02639 Recall@20: 0.04244 NDCG@10: 0.01460 NDCG@20: 0.01894 
09/05/2026,00:39:57: Epoch [169/1000]
09/05/2026,00:39:57: Negative sampling...
09/05/2026,00:39:59: Model's personal time...
09/05/2026,00:39:59: Training...
09/05/2026,00:40:02: Evaluating...
09/05/2026,00:40:03: 	Train Loss: 784936.1250 (base: 60.5139, kd: 7848.7563), Elapsed: train 5.18 test 0.43
09/05/2026,00:40:03: 	Recall@10: 0.07263 Recall@20: 0.10426 NDCG@10: 0.04200 NDCG@20: 0.05059 
09/05/2026,00:40:03: 	Recall@10: 0.02677 Recall@20: 0.04178 NDCG@10: 0.01475 NDCG@20: 0.01886 
09/05/2026,00:40:03: Epoch [170/1000]
09/05/2026,00:40:03: Negative sampling...
09/05/2026,00:40:04: Model's personal time...
09/05/2026,00:40:04: Training...
09/05/2026,00:40:08: Evaluating...
09/05/2026,00:40:09: 	Train Loss: 784950.1875 (base: 60.8953, kd: 7848.8936), Elapsed: train 5.24 test 0.42
09/05/2026,00:40:09: 	Recall@10: 0.07250 Recall@20: 0.10520 NDCG@10: 0.04168 NDCG@20: 0.05059 
09/05/2026,00:40:09: 	Recall@10: 0.02692 Recall@20: 0.04097 NDCG@10: 0.01468 NDCG@20: 0.01855 
09/05/2026,00:40:09: Epoch [171/1000]
09/05/2026,00:40:09: Negative sampling...
09/05/2026,00:40:10: Model's personal time...
09/05/2026,00:40:10: Training...
09/05/2026,00:40:14: Evaluating...
09/05/2026,00:40:14: 	Train Loss: 784918.7500 (base: 57.7227, kd: 7848.6108), Elapsed: train 5.12 test 0.44
09/05/2026,00:40:14: 	Recall@10: 0.07193 Recall@20: 0.10353 NDCG@10: 0.04166 NDCG@20: 0.05027 
09/05/2026,00:40:14: 	Recall@10: 0.02717 Recall@20: 0.04128 NDCG@10: 0.01471 NDCG@20: 0.01854 
09/05/2026,00:40:14: Epoch [172/1000]
09/05/2026,00:40:14: Negative sampling...
09/05/2026,00:40:15: Model's personal time...
09/05/2026,00:40:16: Training...
09/05/2026,00:40:19: Evaluating...
09/05/2026,00:40:20: 	Train Loss: 784897.6250 (base: 60.0431, kd: 7848.3755), Elapsed: train 5.17 test 0.45
09/05/2026,00:40:20: 	Recall@10: 0.07243 Recall@20: 0.10421 NDCG@10: 0.04164 NDCG@20: 0.05026 
09/05/2026,00:40:20: 	Recall@10: 0.02698 Recall@20: 0.04176 NDCG@10: 0.01468 NDCG@20: 0.01868 
09/05/2026,00:40:20: Epoch [173/1000]
09/05/2026,00:40:20: Negative sampling...
09/05/2026,00:40:21: Model's personal time...
09/05/2026,00:40:21: Training...
09/05/2026,00:40:25: Evaluating...
09/05/2026,00:40:25: 	Train Loss: 784896.6250 (base: 59.8291, kd: 7848.3677), Elapsed: train 5.13 test 0.43
09/05/2026,00:40:25: 	Recall@10: 0.07240 Recall@20: 0.10469 NDCG@10: 0.04156 NDCG@20: 0.05030 
09/05/2026,00:40:25: 	Recall@10: 0.02683 Recall@20: 0.04144 NDCG@10: 0.01465 NDCG@20: 0.01862 
09/05/2026,00:40:25: Epoch [174/1000]
09/05/2026,00:40:25: Negative sampling...
09/05/2026,00:40:27: Model's personal time...
09/05/2026,00:40:27: Training...
09/05/2026,00:40:30: Evaluating...
09/05/2026,00:40:31: 	Train Loss: 784867.1875 (base: 58.0777, kd: 7848.0903), Elapsed: train 5.11 test 0.43
09/05/2026,00:40:31: 	Recall@10: 0.07248 Recall@20: 0.10353 NDCG@10: 0.04183 NDCG@20: 0.05033 
09/05/2026,00:40:31: 	Recall@10: 0.02696 Recall@20: 0.04228 NDCG@10: 0.01477 NDCG@20: 0.01891 
09/05/2026,00:40:31: Epoch [175/1000]
09/05/2026,00:40:31: Negative sampling...
09/05/2026,00:40:32: Model's personal time...
09/05/2026,00:40:32: Training...
09/05/2026,00:40:36: Evaluating...
09/05/2026,00:40:36: 	Train Loss: 784882.7500 (base: 58.0351, kd: 7848.2480), Elapsed: train 5.15 test 0.46
09/05/2026,00:40:36: 	Recall@10: 0.07244 Recall@20: 0.10391 NDCG@10: 0.04176 NDCG@20: 0.05034 
09/05/2026,00:40:36: 	Recall@10: 0.02666 Recall@20: 0.04190 NDCG@10: 0.01453 NDCG@20: 0.01868 
09/05/2026,00:40:36: Epoch [176/1000]
09/05/2026,00:40:36: Negative sampling...
09/05/2026,00:40:38: Model's personal time...
09/05/2026,00:40:38: Training...
09/05/2026,00:40:42: Evaluating...
09/05/2026,00:40:42: 	Train Loss: 784811.8125 (base: 59.0389, kd: 7847.5278), Elapsed: train 5.17 test 0.43
09/05/2026,00:40:42: 	Recall@10: 0.07300 Recall@20: 0.10356 NDCG@10: 0.04184 NDCG@20: 0.05018 
09/05/2026,00:40:42: 	Recall@10: 0.02669 Recall@20: 0.04174 NDCG@10: 0.01465 NDCG@20: 0.01875 
09/05/2026,00:40:42: Epoch [177/1000]
09/05/2026,00:40:42: Negative sampling...
09/05/2026,00:40:43: Model's personal time...
09/05/2026,00:40:44: Training...
09/05/2026,00:40:47: Evaluating...
09/05/2026,00:40:48: 	Train Loss: 784800.6250 (base: 56.9710, kd: 7847.4360), Elapsed: train 5.23 test 0.44
09/05/2026,00:40:48: 	Recall@10: 0.07301 Recall@20: 0.10334 NDCG@10: 0.04199 NDCG@20: 0.05024 
09/05/2026,00:40:48: 	Recall@10: 0.02675 Recall@20: 0.04196 NDCG@10: 0.01462 NDCG@20: 0.01879 
09/05/2026,00:40:48: ------------------------------
09/05/2026,00:40:48: valid Recall@10: 0.07301 Recall@20: 0.10443 NDCG@10: 0.04217 NDCG@20: 0.05080
09/05/2026,00:40:48: test Recall@10: 0.02682 Recall@20: 0.04111 NDCG@10: 0.01475 NDCG@20: 0.01871
