----------------------------------------TEACHER----------------------------------------
init_std                                 0.01
embedding_dim                            400
----------------------------------------TEACHER----------------------------------------
----------------------------------------STUDENT----------------------------------------
init_std                                 0.01
embedding_dim                            20
----------------------------------------STUDENT----------------------------------------
----------------------------------------ARGUMENTS----------------------------------------
run_all                                  False
seed                                     0
gpu_id                                   0
no_log                                   False
no_save                                  False
suffix                                   
verbose                                  False
ablation                                 False
task                                     rec
dataset                                  citeulike
batch_size                               2048
num_ns                                   1
neg_sampling_on_all                      False
T_backbone                               bpr
S_backbone                               bpr
model                                    rcekd
preload                                  False
postsave                                 False
train_teacher                            False
ckpt_interval                            -1
epochs                                   1000
lr                                       0.001
wd                                       1e-05
lmbda                                    500
eval_period                              1
K_list                                   [10, 20]
early_stop_metric                        NDCG
early_stop_K                             20
early_stop_patience                      30
LOG_DIR                                  logs/
CONFIG_DIR                               configs/
DATA_DIR                                 data/
CKPT_DIR                                 checkpoints/
CRAFT_DIR                                crafts/
mkd_tau                                  1
mkd_K                                    50
mkd_L                                    50
mkd_T                                    10
mkd_mxK                                  200
mkd_beta                                 3
sample_rank                              False
----------------------------------------ARGUMENTS----------------------------------------
----------------------------------------Teacher----------------------------------------
08/24/2026,01:26:43: ------------------------------
08/24/2026,01:26:43: valid Recall@10: 0.06778 Recall@20: 0.10315 NDCG@10: 0.04052 NDCG@20: 0.05027
08/24/2026,01:26:43: test Recall@10: 0.02747 Recall@20: 0.04385 NDCG@10: 0.01551 NDCG@20: 0.02003
----------------------------------------------------------------------------------------
08/24/2026,01:26:43: Epoch [1/1000]
08/24/2026,01:26:43: Negative sampling...
08/24/2026,01:26:44: Model's personal time...
08/24/2026,01:26:44: Training...
08/24/2026,01:26:45: Evaluating...
08/24/2026,01:26:46: 	Train Loss: 4614714.5000 (base: 1390.9984, kd: 9226.6465), Elapsed: train 2.69 test 0.40 *
08/24/2026,01:26:46: 	Recall@10: 0.01817 Recall@20: 0.02531 NDCG@10: 0.01157 NDCG@20: 0.01345 
08/24/2026,01:26:46: 	Recall@10: 0.00801 Recall@20: 0.00991 NDCG@10: 0.00495 NDCG@20: 0.00546 
08/24/2026,01:26:46: Epoch [2/1000]
08/24/2026,01:26:46: Negative sampling...
08/24/2026,01:26:47: Model's personal time...
08/24/2026,01:26:47: Training...
08/24/2026,01:26:49: Evaluating...
08/24/2026,01:26:49: 	Train Loss: 4339808.0000 (base: 1381.2781, kd: 8676.8535), Elapsed: train 2.86 test 0.40 *
08/24/2026,01:26:49: 	Recall@10: 0.03431 Recall@20: 0.05306 NDCG@10: 0.02111 NDCG@20: 0.02611 
08/24/2026,01:26:49: 	Recall@10: 0.01331 Recall@20: 0.02199 NDCG@10: 0.00788 NDCG@20: 0.01026 
08/24/2026,01:26:49: Epoch [3/1000]
08/24/2026,01:26:49: Negative sampling...
08/24/2026,01:26:50: Model's personal time...
08/24/2026,01:26:50: Training...
08/24/2026,01:26:51: Evaluating...
08/24/2026,01:26:52: 	Train Loss: 4204538.0000 (base: 1361.6721, kd: 8406.3525), Elapsed: train 2.50 test 0.48 *
08/24/2026,01:26:52: 	Recall@10: 0.03460 Recall@20: 0.05413 NDCG@10: 0.02309 NDCG@20: 0.02837 
08/24/2026,01:26:52: 	Recall@10: 0.01454 Recall@20: 0.02346 NDCG@10: 0.00872 NDCG@20: 0.01116 
08/24/2026,01:26:52: Epoch [4/1000]
08/24/2026,01:26:52: Negative sampling...
08/24/2026,01:26:54: Model's personal time...
08/24/2026,01:26:54: Training...
08/24/2026,01:26:55: Evaluating...
08/24/2026,01:26:55: 	Train Loss: 4140256.0000 (base: 1337.6064, kd: 8277.8369), Elapsed: train 2.79 test 0.39 *
08/24/2026,01:26:55: 	Recall@10: 0.03945 Recall@20: 0.05837 NDCG@10: 0.02556 NDCG@20: 0.03065 
08/24/2026,01:26:55: 	Recall@10: 0.01533 Recall@20: 0.02416 NDCG@10: 0.00958 NDCG@20: 0.01203 
08/24/2026,01:26:55: Epoch [5/1000]
08/24/2026,01:26:55: Negative sampling...
08/24/2026,01:26:56: Model's personal time...
08/24/2026,01:26:57: Training...
08/24/2026,01:26:58: Evaluating...
08/24/2026,01:26:58: 	Train Loss: 4055216.0000 (base: 1304.8318, kd: 8107.8218), Elapsed: train 2.47 test 0.39
08/24/2026,01:26:58: 	Recall@10: 0.04026 Recall@20: 0.05829 NDCG@10: 0.02515 NDCG@20: 0.03009 
08/24/2026,01:26:58: 	Recall@10: 0.01656 Recall@20: 0.02525 NDCG@10: 0.00967 NDCG@20: 0.01214 
08/24/2026,01:26:58: Epoch [6/1000]
08/24/2026,01:26:58: Negative sampling...
08/24/2026,01:26:59: Model's personal time...
08/24/2026,01:26:59: Training...
08/24/2026,01:27:00: Evaluating...
08/24/2026,01:27:01: 	Train Loss: 3959598.5000 (base: 1267.9309, kd: 7916.6606), Elapsed: train 2.49 test 0.39
08/24/2026,01:27:01: 	Recall@10: 0.04090 Recall@20: 0.06057 NDCG@10: 0.02518 NDCG@20: 0.03057 
08/24/2026,01:27:01: 	Recall@10: 0.01532 Recall@20: 0.02624 NDCG@10: 0.00910 NDCG@20: 0.01210 
08/24/2026,01:27:01: Epoch [7/1000]
08/24/2026,01:27:01: Negative sampling...
08/24/2026,01:27:02: Model's personal time...
08/24/2026,01:27:02: Training...
08/24/2026,01:27:03: Evaluating...
08/24/2026,01:27:04: 	Train Loss: 3899723.7500 (base: 1226.5433, kd: 7796.9941), Elapsed: train 2.51 test 0.49 *
08/24/2026,01:27:04: 	Recall@10: 0.04272 Recall@20: 0.06072 NDCG@10: 0.02591 NDCG@20: 0.03077 
08/24/2026,01:27:04: 	Recall@10: 0.01773 Recall@20: 0.02673 NDCG@10: 0.00974 NDCG@20: 0.01221 
08/24/2026,01:27:04: Epoch [8/1000]
08/24/2026,01:27:04: Negative sampling...
08/24/2026,01:27:06: Model's personal time...
08/24/2026,01:27:06: Training...
08/24/2026,01:27:07: Evaluating...
08/24/2026,01:27:07: 	Train Loss: 3809357.7500 (base: 1182.8107, kd: 7616.3491), Elapsed: train 2.99 test 0.40 *
08/24/2026,01:27:07: 	Recall@10: 0.04560 Recall@20: 0.06397 NDCG@10: 0.02668 NDCG@20: 0.03169 
08/24/2026,01:27:07: 	Recall@10: 0.01843 Recall@20: 0.02669 NDCG@10: 0.00992 NDCG@20: 0.01222 
08/24/2026,01:27:07: Epoch [9/1000]
08/24/2026,01:27:07: Negative sampling...
08/24/2026,01:27:09: Model's personal time...
08/24/2026,01:27:09: Training...
08/24/2026,01:27:10: Evaluating...
08/24/2026,01:27:10: 	Train Loss: 3760412.0000 (base: 1137.0546, kd: 7518.5503), Elapsed: train 2.37 test 0.40 *
08/24/2026,01:27:10: 	Recall@10: 0.04636 Recall@20: 0.06449 NDCG@10: 0.02733 NDCG@20: 0.03228 
08/24/2026,01:27:10: 	Recall@10: 0.01790 Recall@20: 0.02750 NDCG@10: 0.00964 NDCG@20: 0.01230 
08/24/2026,01:27:10: Epoch [10/1000]
08/24/2026,01:27:10: Negative sampling...
08/24/2026,01:27:11: Model's personal time...
08/24/2026,01:27:11: Training...
08/24/2026,01:27:13: Evaluating...
08/24/2026,01:27:13: 	Train Loss: 3709092.5000 (base: 1091.0916, kd: 7416.0029), Elapsed: train 2.59 test 0.49 *
08/24/2026,01:27:13: 	Recall@10: 0.04845 Recall@20: 0.06825 NDCG@10: 0.02846 NDCG@20: 0.03388 
08/24/2026,01:27:13: 	Recall@10: 0.01896 Recall@20: 0.02906 NDCG@10: 0.01005 NDCG@20: 0.01283 
08/24/2026,01:27:13: Epoch [11/1000]
08/24/2026,01:27:13: Negative sampling...
08/24/2026,01:27:15: Model's personal time...
08/24/2026,01:27:15: Training...
08/24/2026,01:27:16: Evaluating...
08/24/2026,01:27:17: 	Train Loss: 3678079.2500 (base: 1046.0643, kd: 7354.0664), Elapsed: train 3.04 test 0.49 *
08/24/2026,01:27:17: 	Recall@10: 0.04944 Recall@20: 0.06945 NDCG@10: 0.02942 NDCG@20: 0.03488 
08/24/2026,01:27:17: 	Recall@10: 0.01913 Recall@20: 0.02881 NDCG@10: 0.01038 NDCG@20: 0.01306 
08/24/2026,01:27:17: Epoch [12/1000]
08/24/2026,01:27:17: Negative sampling...
08/24/2026,01:27:18: Model's personal time...
08/24/2026,01:27:18: Training...
08/24/2026,01:27:19: Evaluating...
08/24/2026,01:27:20: 	Train Loss: 3648891.7500 (base: 1002.4328, kd: 7295.7783), Elapsed: train 2.68 test 0.49 *
08/24/2026,01:27:20: 	Recall@10: 0.05127 Recall@20: 0.07186 NDCG@10: 0.03022 NDCG@20: 0.03586 
08/24/2026,01:27:20: 	Recall@10: 0.02031 Recall@20: 0.02981 NDCG@10: 0.01081 NDCG@20: 0.01343 
08/24/2026,01:27:20: Epoch [13/1000]
08/24/2026,01:27:20: Negative sampling...
08/24/2026,01:27:21: Model's personal time...
08/24/2026,01:27:21: Training...
08/24/2026,01:27:22: Evaluating...
08/24/2026,01:27:23: 	Train Loss: 3629160.5000 (base: 961.7131, kd: 7256.3979), Elapsed: train 2.44 test 0.40 *
08/24/2026,01:27:23: 	Recall@10: 0.05192 Recall@20: 0.07274 NDCG@10: 0.03090 NDCG@20: 0.03658 
08/24/2026,01:27:23: 	Recall@10: 0.02035 Recall@20: 0.03053 NDCG@10: 0.01116 NDCG@20: 0.01395 
08/24/2026,01:27:23: Epoch [14/1000]
08/24/2026,01:27:23: Negative sampling...
08/24/2026,01:27:24: Model's personal time...
08/24/2026,01:27:24: Training...
08/24/2026,01:27:25: Evaluating...
08/24/2026,01:27:26: 	Train Loss: 3608697.5000 (base: 921.8260, kd: 7215.5508), Elapsed: train 2.53 test 0.49 *
08/24/2026,01:27:26: 	Recall@10: 0.05265 Recall@20: 0.07572 NDCG@10: 0.03133 NDCG@20: 0.03765 
08/24/2026,01:27:26: 	Recall@10: 0.02141 Recall@20: 0.03206 NDCG@10: 0.01180 NDCG@20: 0.01472 
08/24/2026,01:27:26: Epoch [15/1000]
08/24/2026,01:27:26: Negative sampling...
08/24/2026,01:27:27: Model's personal time...
08/24/2026,01:27:27: Training...
08/24/2026,01:27:29: Evaluating...
08/24/2026,01:27:29: 	Train Loss: 3597995.7500 (base: 884.4316, kd: 7194.2227), Elapsed: train 3.01 test 0.48 *
08/24/2026,01:27:29: 	Recall@10: 0.05308 Recall@20: 0.07784 NDCG@10: 0.03196 NDCG@20: 0.03875 
08/24/2026,01:27:29: 	Recall@10: 0.02181 Recall@20: 0.03221 NDCG@10: 0.01211 NDCG@20: 0.01492 
08/24/2026,01:27:29: Epoch [16/1000]
08/24/2026,01:27:29: Negative sampling...
08/24/2026,01:27:31: Model's personal time...
08/24/2026,01:27:31: Training...
08/24/2026,01:27:32: Evaluating...
08/24/2026,01:27:32: 	Train Loss: 3581016.0000 (base: 847.6131, kd: 7160.3374), Elapsed: train 2.71 test 0.39 *
08/24/2026,01:27:32: 	Recall@10: 0.05508 Recall@20: 0.07883 NDCG@10: 0.03321 NDCG@20: 0.03970 
08/24/2026,01:27:32: 	Recall@10: 0.02152 Recall@20: 0.03243 NDCG@10: 0.01214 NDCG@20: 0.01511 
08/24/2026,01:27:32: Epoch [17/1000]
08/24/2026,01:27:32: Negative sampling...
08/24/2026,01:27:34: Model's personal time...
08/24/2026,01:27:34: Training...
08/24/2026,01:27:35: Evaluating...
08/24/2026,01:27:35: 	Train Loss: 3567693.0000 (base: 815.6485, kd: 7133.7549), Elapsed: train 2.47 test 0.46 *
08/24/2026,01:27:35: 	Recall@10: 0.05480 Recall@20: 0.08140 NDCG@10: 0.03316 NDCG@20: 0.04038 
08/24/2026,01:27:35: 	Recall@10: 0.02177 Recall@20: 0.03285 NDCG@10: 0.01223 NDCG@20: 0.01524 
08/24/2026,01:27:35: Epoch [18/1000]
08/24/2026,01:27:35: Negative sampling...
08/24/2026,01:27:37: Model's personal time...
08/24/2026,01:27:37: Training...
08/24/2026,01:27:38: Evaluating...
08/24/2026,01:27:39: 	Train Loss: 3559908.5000 (base: 786.7349, kd: 7118.2437), Elapsed: train 3.05 test 0.48 *
08/24/2026,01:27:39: 	Recall@10: 0.05592 Recall@20: 0.08142 NDCG@10: 0.03386 NDCG@20: 0.04085 
08/24/2026,01:27:39: 	Recall@10: 0.02229 Recall@20: 0.03364 NDCG@10: 0.01247 NDCG@20: 0.01555 
08/24/2026,01:27:39: Epoch [19/1000]
08/24/2026,01:27:39: Negative sampling...
08/24/2026,01:27:40: Model's personal time...
08/24/2026,01:27:40: Training...
08/24/2026,01:27:41: Evaluating...
08/24/2026,01:27:42: 	Train Loss: 3549268.2500 (base: 757.5239, kd: 7097.0215), Elapsed: train 2.77 test 0.48 *
08/24/2026,01:27:42: 	Recall@10: 0.05633 Recall@20: 0.08345 NDCG@10: 0.03418 NDCG@20: 0.04154 
08/24/2026,01:27:42: 	Recall@10: 0.02278 Recall@20: 0.03379 NDCG@10: 0.01270 NDCG@20: 0.01571 
08/24/2026,01:27:42: Epoch [20/1000]
08/24/2026,01:27:42: Negative sampling...
08/24/2026,01:27:44: Model's personal time...
08/24/2026,01:27:44: Training...
08/24/2026,01:27:45: Evaluating...
08/24/2026,01:27:45: 	Train Loss: 3541616.2500 (base: 729.7462, kd: 7081.7729), Elapsed: train 2.91 test 0.40 *
08/24/2026,01:27:45: 	Recall@10: 0.05875 Recall@20: 0.08466 NDCG@10: 0.03531 NDCG@20: 0.04234 
08/24/2026,01:27:45: 	Recall@10: 0.02305 Recall@20: 0.03426 NDCG@10: 0.01284 NDCG@20: 0.01588 
08/24/2026,01:27:45: Epoch [21/1000]
08/24/2026,01:27:45: Negative sampling...
08/24/2026,01:27:47: Model's personal time...
08/24/2026,01:27:47: Training...
08/24/2026,01:27:48: Evaluating...
08/24/2026,01:27:48: 	Train Loss: 3534432.0000 (base: 703.5845, kd: 7067.4565), Elapsed: train 2.49 test 0.42 *
08/24/2026,01:27:48: 	Recall@10: 0.05836 Recall@20: 0.08509 NDCG@10: 0.03522 NDCG@20: 0.04244 
08/24/2026,01:27:48: 	Recall@10: 0.02310 Recall@20: 0.03455 NDCG@10: 0.01285 NDCG@20: 0.01596 
08/24/2026,01:27:48: Epoch [22/1000]
08/24/2026,01:27:48: Negative sampling...
08/24/2026,01:27:50: Model's personal time...
08/24/2026,01:27:50: Training...
08/24/2026,01:27:51: Evaluating...
08/24/2026,01:27:51: 	Train Loss: 3528697.7500 (base: 681.7700, kd: 7056.0322), Elapsed: train 2.45 test 0.48 *
08/24/2026,01:27:51: 	Recall@10: 0.05995 Recall@20: 0.08586 NDCG@10: 0.03572 NDCG@20: 0.04275 
08/24/2026,01:27:51: 	Recall@10: 0.02393 Recall@20: 0.03524 NDCG@10: 0.01313 NDCG@20: 0.01623 
08/24/2026,01:27:51: Epoch [23/1000]
08/24/2026,01:27:51: Negative sampling...
08/24/2026,01:27:53: Model's personal time...
08/24/2026,01:27:53: Training...
08/24/2026,01:27:54: Evaluating...
08/24/2026,01:27:55: 	Train Loss: 3523458.5000 (base: 659.2976, kd: 7045.5986), Elapsed: train 2.96 test 0.48 *
08/24/2026,01:27:55: 	Recall@10: 0.06047 Recall@20: 0.08778 NDCG@10: 0.03578 NDCG@20: 0.04320 
08/24/2026,01:27:55: 	Recall@10: 0.02352 Recall@20: 0.03641 NDCG@10: 0.01310 NDCG@20: 0.01659 
08/24/2026,01:27:55: Epoch [24/1000]
08/24/2026,01:27:55: Negative sampling...
08/24/2026,01:27:56: Model's personal time...
08/24/2026,01:27:56: Training...
08/24/2026,01:27:58: Evaluating...
08/24/2026,01:27:58: 	Train Loss: 3517456.2500 (base: 636.1317, kd: 7033.6406), Elapsed: train 2.98 test 0.46 *
08/24/2026,01:27:58: 	Recall@10: 0.06102 Recall@20: 0.08710 NDCG@10: 0.03623 NDCG@20: 0.04336 
08/24/2026,01:27:58: 	Recall@10: 0.02322 Recall@20: 0.03657 NDCG@10: 0.01299 NDCG@20: 0.01665 
08/24/2026,01:27:58: Epoch [25/1000]
08/24/2026,01:27:58: Negative sampling...
08/24/2026,01:27:59: Model's personal time...
08/24/2026,01:27:59: Training...
08/24/2026,01:28:01: Evaluating...
08/24/2026,01:28:01: 	Train Loss: 3511902.5000 (base: 618.4549, kd: 7022.5688), Elapsed: train 2.58 test 0.48 *
08/24/2026,01:28:01: 	Recall@10: 0.06079 Recall@20: 0.08851 NDCG@10: 0.03593 NDCG@20: 0.04356 
08/24/2026,01:28:01: 	Recall@10: 0.02331 Recall@20: 0.03690 NDCG@10: 0.01301 NDCG@20: 0.01669 
08/24/2026,01:28:01: Epoch [26/1000]
08/24/2026,01:28:01: Negative sampling...
08/24/2026,01:28:03: Model's personal time...
08/24/2026,01:28:03: Training...
08/24/2026,01:28:04: Evaluating...
08/24/2026,01:28:04: 	Train Loss: 3506563.5000 (base: 598.4975, kd: 7011.9297), Elapsed: train 2.94 test 0.41 *
08/24/2026,01:28:04: 	Recall@10: 0.06168 Recall@20: 0.08835 NDCG@10: 0.03630 NDCG@20: 0.04366 
08/24/2026,01:28:04: 	Recall@10: 0.02342 Recall@20: 0.03674 NDCG@10: 0.01308 NDCG@20: 0.01671 
08/24/2026,01:28:04: Epoch [27/1000]
08/24/2026,01:28:04: Negative sampling...
08/24/2026,01:28:06: Model's personal time...
08/24/2026,01:28:06: Training...
08/24/2026,01:28:07: Evaluating...
08/24/2026,01:28:07: 	Train Loss: 3502355.2500 (base: 581.5497, kd: 7003.5479), Elapsed: train 2.51 test 0.40 *
08/24/2026,01:28:07: 	Recall@10: 0.06226 Recall@20: 0.08928 NDCG@10: 0.03670 NDCG@20: 0.04415 
08/24/2026,01:28:07: 	Recall@10: 0.02363 Recall@20: 0.03716 NDCG@10: 0.01332 NDCG@20: 0.01700 
08/24/2026,01:28:07: Epoch [28/1000]
08/24/2026,01:28:07: Negative sampling...
08/24/2026,01:28:09: Model's personal time...
08/24/2026,01:28:09: Training...
08/24/2026,01:28:10: Evaluating...
08/24/2026,01:28:10: 	Train Loss: 3500129.0000 (base: 564.0023, kd: 6999.1299), Elapsed: train 2.61 test 0.44 *
08/24/2026,01:28:10: 	Recall@10: 0.06203 Recall@20: 0.08991 NDCG@10: 0.03673 NDCG@20: 0.04433 
08/24/2026,01:28:10: 	Recall@10: 0.02392 Recall@20: 0.03708 NDCG@10: 0.01331 NDCG@20: 0.01691 
08/24/2026,01:28:10: Epoch [29/1000]
08/24/2026,01:28:10: Negative sampling...
08/24/2026,01:28:12: Model's personal time...
08/24/2026,01:28:12: Training...
08/24/2026,01:28:13: Evaluating...
08/24/2026,01:28:14: 	Train Loss: 3493850.7500 (base: 549.5487, kd: 6986.6021), Elapsed: train 2.64 test 0.47 *
08/24/2026,01:28:14: 	Recall@10: 0.06194 Recall@20: 0.09039 NDCG@10: 0.03673 NDCG@20: 0.04453 
08/24/2026,01:28:14: 	Recall@10: 0.02455 Recall@20: 0.03722 NDCG@10: 0.01367 NDCG@20: 0.01714 
08/24/2026,01:28:14: Epoch [30/1000]
08/24/2026,01:28:14: Negative sampling...
08/24/2026,01:28:15: Model's personal time...
08/24/2026,01:28:15: Training...
08/24/2026,01:28:16: Evaluating...
08/24/2026,01:28:17: 	Train Loss: 3491216.2500 (base: 532.6868, kd: 6981.3672), Elapsed: train 2.95 test 0.41 *
08/24/2026,01:28:17: 	Recall@10: 0.06243 Recall@20: 0.09060 NDCG@10: 0.03700 NDCG@20: 0.04468 
08/24/2026,01:28:17: 	Recall@10: 0.02434 Recall@20: 0.03775 NDCG@10: 0.01347 NDCG@20: 0.01716 
08/24/2026,01:28:17: Epoch [31/1000]
08/24/2026,01:28:17: Negative sampling...
08/24/2026,01:28:18: Model's personal time...
08/24/2026,01:28:18: Training...
08/24/2026,01:28:19: Evaluating...
08/24/2026,01:28:20: 	Train Loss: 3487638.7500 (base: 520.1265, kd: 6974.2373), Elapsed: train 2.62 test 0.48
08/24/2026,01:28:20: 	Recall@10: 0.06314 Recall@20: 0.09090 NDCG@10: 0.03701 NDCG@20: 0.04462 
08/24/2026,01:28:20: 	Recall@10: 0.02449 Recall@20: 0.03764 NDCG@10: 0.01358 NDCG@20: 0.01717 
08/24/2026,01:28:20: Epoch [32/1000]
08/24/2026,01:28:20: Negative sampling...
08/24/2026,01:28:22: Model's personal time...
08/24/2026,01:28:22: Training...
08/24/2026,01:28:23: Evaluating...
08/24/2026,01:28:23: 	Train Loss: 3484915.5000 (base: 507.7537, kd: 6968.8164), Elapsed: train 2.91 test 0.40 *
08/24/2026,01:28:23: 	Recall@10: 0.06374 Recall@20: 0.09161 NDCG@10: 0.03753 NDCG@20: 0.04510 
08/24/2026,01:28:23: 	Recall@10: 0.02437 Recall@20: 0.03745 NDCG@10: 0.01355 NDCG@20: 0.01712 
08/24/2026,01:28:23: Epoch [33/1000]
08/24/2026,01:28:23: Negative sampling...
08/24/2026,01:28:25: Model's personal time...
08/24/2026,01:28:25: Training...
08/24/2026,01:28:26: Evaluating...
08/24/2026,01:28:26: 	Train Loss: 3482275.7500 (base: 493.8620, kd: 6963.5635), Elapsed: train 2.55 test 0.46 *
08/24/2026,01:28:26: 	Recall@10: 0.06408 Recall@20: 0.09177 NDCG@10: 0.03775 NDCG@20: 0.04533 
08/24/2026,01:28:26: 	Recall@10: 0.02469 Recall@20: 0.03864 NDCG@10: 0.01386 NDCG@20: 0.01764 
08/24/2026,01:28:26: Epoch [34/1000]
08/24/2026,01:28:26: Negative sampling...
08/24/2026,01:28:28: Model's personal time...
08/24/2026,01:28:28: Training...
08/24/2026,01:28:29: Evaluating...
08/24/2026,01:28:30: 	Train Loss: 3478889.7500 (base: 483.1151, kd: 6956.8135), Elapsed: train 2.76 test 0.46 *
08/24/2026,01:28:30: 	Recall@10: 0.06433 Recall@20: 0.09251 NDCG@10: 0.03791 NDCG@20: 0.04556 
08/24/2026,01:28:30: 	Recall@10: 0.02445 Recall@20: 0.03883 NDCG@10: 0.01385 NDCG@20: 0.01777 
08/24/2026,01:28:30: Epoch [35/1000]
08/24/2026,01:28:30: Negative sampling...
08/24/2026,01:28:31: Model's personal time...
08/24/2026,01:28:31: Training...
08/24/2026,01:28:32: Evaluating...
08/24/2026,01:28:33: 	Train Loss: 3476278.7500 (base: 471.2657, kd: 6951.6152), Elapsed: train 2.63 test 0.48
08/24/2026,01:28:33: 	Recall@10: 0.06414 Recall@20: 0.09250 NDCG@10: 0.03780 NDCG@20: 0.04555 
08/24/2026,01:28:33: 	Recall@10: 0.02500 Recall@20: 0.03921 NDCG@10: 0.01398 NDCG@20: 0.01783 
08/24/2026,01:28:33: Epoch [36/1000]
08/24/2026,01:28:33: Negative sampling...
08/24/2026,01:28:34: Model's personal time...
08/24/2026,01:28:34: Training...
08/24/2026,01:28:35: Evaluating...
08/24/2026,01:28:36: 	Train Loss: 3474157.0000 (base: 460.5731, kd: 6947.3936), Elapsed: train 2.77 test 0.40
08/24/2026,01:28:36: 	Recall@10: 0.06356 Recall@20: 0.09214 NDCG@10: 0.03772 NDCG@20: 0.04553 
08/24/2026,01:28:36: 	Recall@10: 0.02454 Recall@20: 0.03980 NDCG@10: 0.01376 NDCG@20: 0.01791 
08/24/2026,01:28:36: Epoch [37/1000]
08/24/2026,01:28:36: Negative sampling...
08/24/2026,01:28:37: Model's personal time...
08/24/2026,01:28:37: Training...
08/24/2026,01:28:38: Evaluating...
08/24/2026,01:28:39: 	Train Loss: 3472984.5000 (base: 450.1861, kd: 6945.0688), Elapsed: train 2.46 test 0.39 *
08/24/2026,01:28:39: 	Recall@10: 0.06441 Recall@20: 0.09261 NDCG@10: 0.03805 NDCG@20: 0.04584 
08/24/2026,01:28:39: 	Recall@10: 0.02488 Recall@20: 0.04065 NDCG@10: 0.01383 NDCG@20: 0.01809 
08/24/2026,01:28:39: Epoch [38/1000]
08/24/2026,01:28:39: Negative sampling...
08/24/2026,01:28:40: Model's personal time...
08/24/2026,01:28:40: Training...
08/24/2026,01:28:41: Evaluating...
08/24/2026,01:28:41: 	Train Loss: 3471558.2500 (base: 439.5743, kd: 6942.2373), Elapsed: train 2.46 test 0.40
08/24/2026,01:28:41: 	Recall@10: 0.06442 Recall@20: 0.09221 NDCG@10: 0.03805 NDCG@20: 0.04571 
08/24/2026,01:28:41: 	Recall@10: 0.02514 Recall@20: 0.04089 NDCG@10: 0.01392 NDCG@20: 0.01817 
08/24/2026,01:28:41: Epoch [39/1000]
08/24/2026,01:28:41: Negative sampling...
08/24/2026,01:28:43: Model's personal time...
08/24/2026,01:28:43: Training...
08/24/2026,01:28:44: Evaluating...
08/24/2026,01:28:44: 	Train Loss: 3469702.2500 (base: 431.2879, kd: 6938.5415), Elapsed: train 2.54 test 0.47 *
08/24/2026,01:28:44: 	Recall@10: 0.06404 Recall@20: 0.09282 NDCG@10: 0.03796 NDCG@20: 0.04587 
08/24/2026,01:28:44: 	Recall@10: 0.02511 Recall@20: 0.04131 NDCG@10: 0.01380 NDCG@20: 0.01817 
08/24/2026,01:28:44: Epoch [40/1000]
08/24/2026,01:28:44: Negative sampling...
08/24/2026,01:28:46: Model's personal time...
08/24/2026,01:28:46: Training...
08/24/2026,01:28:47: Evaluating...
08/24/2026,01:28:47: 	Train Loss: 3466637.0000 (base: 422.5947, kd: 6932.4282), Elapsed: train 2.49 test 0.40 *
08/24/2026,01:28:47: 	Recall@10: 0.06399 Recall@20: 0.09248 NDCG@10: 0.03847 NDCG@20: 0.04635 
08/24/2026,01:28:47: 	Recall@10: 0.02530 Recall@20: 0.04143 NDCG@10: 0.01391 NDCG@20: 0.01826 
08/24/2026,01:28:47: Epoch [41/1000]
08/24/2026,01:28:47: Negative sampling...
08/24/2026,01:28:49: Model's personal time...
08/24/2026,01:28:49: Training...
08/24/2026,01:28:50: Evaluating...
08/24/2026,01:28:50: 	Train Loss: 3465850.0000 (base: 414.7001, kd: 6930.8706), Elapsed: train 2.48 test 0.40 *
08/24/2026,01:28:50: 	Recall@10: 0.06384 Recall@20: 0.09380 NDCG@10: 0.03826 NDCG@20: 0.04648 
08/24/2026,01:28:50: 	Recall@10: 0.02560 Recall@20: 0.04128 NDCG@10: 0.01388 NDCG@20: 0.01814 
08/24/2026,01:28:50: Epoch [42/1000]
08/24/2026,01:28:50: Negative sampling...
08/24/2026,01:28:52: Model's personal time...
08/24/2026,01:28:52: Training...
08/24/2026,01:28:53: Evaluating...
08/24/2026,01:28:53: 	Train Loss: 3464413.2500 (base: 406.9989, kd: 6928.0132), Elapsed: train 2.45 test 0.39
08/24/2026,01:28:53: 	Recall@10: 0.06355 Recall@20: 0.09433 NDCG@10: 0.03802 NDCG@20: 0.04641 
08/24/2026,01:28:53: 	Recall@10: 0.02576 Recall@20: 0.04146 NDCG@10: 0.01395 NDCG@20: 0.01819 
08/24/2026,01:28:53: Epoch [43/1000]
08/24/2026,01:28:53: Negative sampling...
08/24/2026,01:28:54: Model's personal time...
08/24/2026,01:28:55: Training...
08/24/2026,01:28:56: Evaluating...
08/24/2026,01:28:56: 	Train Loss: 3462762.5000 (base: 400.5818, kd: 6924.7231), Elapsed: train 2.46 test 0.39 *
08/24/2026,01:28:56: 	Recall@10: 0.06374 Recall@20: 0.09450 NDCG@10: 0.03818 NDCG@20: 0.04660 
08/24/2026,01:28:56: 	Recall@10: 0.02602 Recall@20: 0.04164 NDCG@10: 0.01423 NDCG@20: 0.01842 
08/24/2026,01:28:56: Epoch [44/1000]
08/24/2026,01:28:56: Negative sampling...
08/24/2026,01:28:57: Model's personal time...
08/24/2026,01:28:57: Training...
08/24/2026,01:28:58: Evaluating...
08/24/2026,01:28:59: 	Train Loss: 3462406.7500 (base: 392.4971, kd: 6924.0283), Elapsed: train 2.50 test 0.39
08/24/2026,01:28:59: 	Recall@10: 0.06437 Recall@20: 0.09409 NDCG@10: 0.03845 NDCG@20: 0.04659 
08/24/2026,01:28:59: 	Recall@10: 0.02567 Recall@20: 0.04230 NDCG@10: 0.01396 NDCG@20: 0.01846 
08/24/2026,01:28:59: Epoch [45/1000]
08/24/2026,01:28:59: Negative sampling...
08/24/2026,01:29:00: Model's personal time...
08/24/2026,01:29:00: Training...
08/24/2026,01:29:01: Evaluating...
08/24/2026,01:29:02: 	Train Loss: 3461580.0000 (base: 384.2679, kd: 6922.3916), Elapsed: train 2.48 test 0.40
08/24/2026,01:29:02: 	Recall@10: 0.06401 Recall@20: 0.09419 NDCG@10: 0.03830 NDCG@20: 0.04656 
08/24/2026,01:29:02: 	Recall@10: 0.02658 Recall@20: 0.04243 NDCG@10: 0.01450 NDCG@20: 0.01875 
08/24/2026,01:29:02: Epoch [46/1000]
08/24/2026,01:29:02: Negative sampling...
08/24/2026,01:29:03: Model's personal time...
08/24/2026,01:29:03: Training...
08/24/2026,01:29:04: Evaluating...
08/24/2026,01:29:05: 	Train Loss: 3458482.7500 (base: 375.8647, kd: 6916.2144), Elapsed: train 2.58 test 0.48 *
08/24/2026,01:29:05: 	Recall@10: 0.06370 Recall@20: 0.09477 NDCG@10: 0.03819 NDCG@20: 0.04671 
08/24/2026,01:29:05: 	Recall@10: 0.02527 Recall@20: 0.04278 NDCG@10: 0.01399 NDCG@20: 0.01870 
08/24/2026,01:29:05: Epoch [47/1000]
08/24/2026,01:29:05: Negative sampling...
08/24/2026,01:29:06: Model's personal time...
08/24/2026,01:29:07: Training...
08/24/2026,01:29:08: Evaluating...
08/24/2026,01:29:08: 	Train Loss: 3458346.5000 (base: 370.3747, kd: 6915.9521), Elapsed: train 2.86 test 0.39 *
08/24/2026,01:29:08: 	Recall@10: 0.06320 Recall@20: 0.09446 NDCG@10: 0.03823 NDCG@20: 0.04690 
08/24/2026,01:29:08: 	Recall@10: 0.02565 Recall@20: 0.04250 NDCG@10: 0.01402 NDCG@20: 0.01860 
08/24/2026,01:29:08: Epoch [48/1000]
08/24/2026,01:29:08: Negative sampling...
08/24/2026,01:29:09: Model's personal time...
08/24/2026,01:29:09: Training...
08/24/2026,01:29:11: Evaluating...
08/24/2026,01:29:11: 	Train Loss: 3458153.0000 (base: 363.9096, kd: 6915.5781), Elapsed: train 2.52 test 0.48 *
08/24/2026,01:29:11: 	Recall@10: 0.06289 Recall@20: 0.09513 NDCG@10: 0.03819 NDCG@20: 0.04706 
08/24/2026,01:29:11: 	Recall@10: 0.02587 Recall@20: 0.04243 NDCG@10: 0.01406 NDCG@20: 0.01856 
08/24/2026,01:29:11: Epoch [49/1000]
08/24/2026,01:29:11: Negative sampling...
08/24/2026,01:29:13: Model's personal time...
08/24/2026,01:29:13: Training...
08/24/2026,01:29:14: Evaluating...
08/24/2026,01:29:14: 	Train Loss: 3456863.2500 (base: 359.2583, kd: 6913.0088), Elapsed: train 2.81 test 0.39 *
08/24/2026,01:29:14: 	Recall@10: 0.06380 Recall@20: 0.09517 NDCG@10: 0.03842 NDCG@20: 0.04709 
08/24/2026,01:29:14: 	Recall@10: 0.02571 Recall@20: 0.04320 NDCG@10: 0.01408 NDCG@20: 0.01882 
08/24/2026,01:29:14: Epoch [50/1000]
08/24/2026,01:29:14: Negative sampling...
08/24/2026,01:29:16: Model's personal time...
08/24/2026,01:29:16: Training...
08/24/2026,01:29:17: Evaluating...
08/24/2026,01:29:17: 	Train Loss: 3455297.2500 (base: 355.2467, kd: 6909.8838), Elapsed: train 2.41 test 0.40 *
08/24/2026,01:29:17: 	Recall@10: 0.06335 Recall@20: 0.09655 NDCG@10: 0.03860 NDCG@20: 0.04777 
08/24/2026,01:29:17: 	Recall@10: 0.02629 Recall@20: 0.04230 NDCG@10: 0.01426 NDCG@20: 0.01863 
08/24/2026,01:29:17: Epoch [51/1000]
08/24/2026,01:29:17: Negative sampling...
08/24/2026,01:29:18: Model's personal time...
08/24/2026,01:29:18: Training...
08/24/2026,01:29:19: Evaluating...
08/24/2026,01:29:20: 	Train Loss: 3454621.0000 (base: 347.2912, kd: 6908.5479), Elapsed: train 2.41 test 0.39
08/24/2026,01:29:20: 	Recall@10: 0.06410 Recall@20: 0.09612 NDCG@10: 0.03855 NDCG@20: 0.04737 
08/24/2026,01:29:20: 	Recall@10: 0.02616 Recall@20: 0.04327 NDCG@10: 0.01443 NDCG@20: 0.01908 
08/24/2026,01:29:20: Epoch [52/1000]
08/24/2026,01:29:20: Negative sampling...
08/24/2026,01:29:21: Model's personal time...
08/24/2026,01:29:21: Training...
08/24/2026,01:29:22: Evaluating...
08/24/2026,01:29:23: 	Train Loss: 3453512.5000 (base: 343.0697, kd: 6906.3394), Elapsed: train 2.48 test 0.48
08/24/2026,01:29:23: 	Recall@10: 0.06308 Recall@20: 0.09588 NDCG@10: 0.03848 NDCG@20: 0.04758 
08/24/2026,01:29:23: 	Recall@10: 0.02623 Recall@20: 0.04240 NDCG@10: 0.01438 NDCG@20: 0.01878 
08/24/2026,01:29:23: Epoch [53/1000]
08/24/2026,01:29:23: Negative sampling...
08/24/2026,01:29:24: Model's personal time...
08/24/2026,01:29:25: Training...
08/24/2026,01:29:26: Evaluating...
08/24/2026,01:29:26: 	Train Loss: 3452122.0000 (base: 338.2507, kd: 6903.5674), Elapsed: train 2.94 test 0.47
08/24/2026,01:29:26: 	Recall@10: 0.06328 Recall@20: 0.09602 NDCG@10: 0.03841 NDCG@20: 0.04749 
08/24/2026,01:29:26: 	Recall@10: 0.02671 Recall@20: 0.04287 NDCG@10: 0.01462 NDCG@20: 0.01902 
08/24/2026,01:29:26: Epoch [54/1000]
08/24/2026,01:29:26: Negative sampling...
08/24/2026,01:29:28: Model's personal time...
08/24/2026,01:29:28: Training...
08/24/2026,01:29:29: Evaluating...
08/24/2026,01:29:29: 	Train Loss: 3452450.7500 (base: 332.1258, kd: 6904.2373), Elapsed: train 2.47 test 0.40
08/24/2026,01:29:29: 	Recall@10: 0.06325 Recall@20: 0.09574 NDCG@10: 0.03841 NDCG@20: 0.04744 
08/24/2026,01:29:29: 	Recall@10: 0.02671 Recall@20: 0.04257 NDCG@10: 0.01481 NDCG@20: 0.01911 
08/24/2026,01:29:29: Epoch [55/1000]
08/24/2026,01:29:29: Negative sampling...
08/24/2026,01:29:30: Model's personal time...
08/24/2026,01:29:31: Training...
08/24/2026,01:29:32: Evaluating...
08/24/2026,01:29:32: 	Train Loss: 3450834.5000 (base: 328.2308, kd: 6901.0122), Elapsed: train 2.48 test 0.39
08/24/2026,01:29:32: 	Recall@10: 0.06355 Recall@20: 0.09637 NDCG@10: 0.03861 NDCG@20: 0.04769 
08/24/2026,01:29:32: 	Recall@10: 0.02703 Recall@20: 0.04241 NDCG@10: 0.01467 NDCG@20: 0.01883 
08/24/2026,01:29:32: Epoch [56/1000]
08/24/2026,01:29:32: Negative sampling...
08/24/2026,01:29:33: Model's personal time...
08/24/2026,01:29:33: Training...
08/24/2026,01:29:34: Evaluating...
08/24/2026,01:29:35: 	Train Loss: 3450780.7500 (base: 322.4822, kd: 6900.9170), Elapsed: train 2.48 test 0.39
08/24/2026,01:29:35: 	Recall@10: 0.06413 Recall@20: 0.09631 NDCG@10: 0.03859 NDCG@20: 0.04746 
08/24/2026,01:29:35: 	Recall@10: 0.02676 Recall@20: 0.04226 NDCG@10: 0.01467 NDCG@20: 0.01888 
08/24/2026,01:29:35: Epoch [57/1000]
08/24/2026,01:29:35: Negative sampling...
08/24/2026,01:29:36: Model's personal time...
08/24/2026,01:29:36: Training...
08/24/2026,01:29:37: Evaluating...
08/24/2026,01:29:38: 	Train Loss: 3450010.5000 (base: 319.7209, kd: 6899.3813), Elapsed: train 2.56 test 0.46
08/24/2026,01:29:38: 	Recall@10: 0.06465 Recall@20: 0.09662 NDCG@10: 0.03878 NDCG@20: 0.04760 
08/24/2026,01:29:38: 	Recall@10: 0.02638 Recall@20: 0.04237 NDCG@10: 0.01464 NDCG@20: 0.01899 
08/24/2026,01:29:38: Epoch [58/1000]
08/24/2026,01:29:38: Negative sampling...
08/24/2026,01:29:39: Model's personal time...
08/24/2026,01:29:40: Training...
08/24/2026,01:29:40: Evaluating...
08/24/2026,01:29:41: 	Train Loss: 3449327.0000 (base: 314.9514, kd: 6898.0249), Elapsed: train 2.67 test 0.39
08/24/2026,01:29:41: 	Recall@10: 0.06390 Recall@20: 0.09648 NDCG@10: 0.03852 NDCG@20: 0.04752 
08/24/2026,01:29:41: 	Recall@10: 0.02687 Recall@20: 0.04237 NDCG@10: 0.01476 NDCG@20: 0.01894 
08/24/2026,01:29:41: Epoch [59/1000]
08/24/2026,01:29:41: Negative sampling...
08/24/2026,01:29:42: Model's personal time...
08/24/2026,01:29:42: Training...
08/24/2026,01:29:43: Evaluating...
08/24/2026,01:29:44: 	Train Loss: 3449674.0000 (base: 310.4612, kd: 6898.7275), Elapsed: train 2.49 test 0.39
08/24/2026,01:29:44: 	Recall@10: 0.06409 Recall@20: 0.09687 NDCG@10: 0.03842 NDCG@20: 0.04748 
08/24/2026,01:29:44: 	Recall@10: 0.02649 Recall@20: 0.04278 NDCG@10: 0.01464 NDCG@20: 0.01904 
08/24/2026,01:29:44: Epoch [60/1000]
08/24/2026,01:29:44: Negative sampling...
08/24/2026,01:29:45: Model's personal time...
08/24/2026,01:29:45: Training...
08/24/2026,01:29:46: Evaluating...
08/24/2026,01:29:47: 	Train Loss: 3448249.7500 (base: 307.5802, kd: 6895.8843), Elapsed: train 2.38 test 0.40
08/24/2026,01:29:47: 	Recall@10: 0.06386 Recall@20: 0.09553 NDCG@10: 0.03864 NDCG@20: 0.04743 
08/24/2026,01:29:47: 	Recall@10: 0.02655 Recall@20: 0.04296 NDCG@10: 0.01468 NDCG@20: 0.01908 
08/24/2026,01:29:47: Epoch [61/1000]
08/24/2026,01:29:47: Negative sampling...
08/24/2026,01:29:48: Model's personal time...
08/24/2026,01:29:48: Training...
08/24/2026,01:29:49: Evaluating...
08/24/2026,01:29:49: 	Train Loss: 3447826.2500 (base: 303.0522, kd: 6895.0459), Elapsed: train 2.47 test 0.40
08/24/2026,01:29:49: 	Recall@10: 0.06431 Recall@20: 0.09612 NDCG@10: 0.03859 NDCG@20: 0.04736 
08/24/2026,01:29:49: 	Recall@10: 0.02661 Recall@20: 0.04239 NDCG@10: 0.01468 NDCG@20: 0.01893 
08/24/2026,01:29:49: Epoch [62/1000]
08/24/2026,01:29:49: Negative sampling...
08/24/2026,01:29:51: Model's personal time...
08/24/2026,01:29:51: Training...
08/24/2026,01:29:52: Evaluating...
08/24/2026,01:29:52: 	Train Loss: 3446979.2500 (base: 297.2669, kd: 6893.3633), Elapsed: train 2.49 test 0.39 *
08/24/2026,01:29:52: 	Recall@10: 0.06442 Recall@20: 0.09645 NDCG@10: 0.03909 NDCG@20: 0.04785 
08/24/2026,01:29:52: 	Recall@10: 0.02681 Recall@20: 0.04183 NDCG@10: 0.01466 NDCG@20: 0.01870 
08/24/2026,01:29:52: Epoch [63/1000]
08/24/2026,01:29:52: Negative sampling...
08/24/2026,01:29:54: Model's personal time...
08/24/2026,01:29:54: Training...
08/24/2026,01:29:55: Evaluating...
08/24/2026,01:29:55: 	Train Loss: 3446171.2500 (base: 296.5854, kd: 6891.7500), Elapsed: train 2.43 test 0.39
08/24/2026,01:29:55: 	Recall@10: 0.06499 Recall@20: 0.09638 NDCG@10: 0.03897 NDCG@20: 0.04765 
08/24/2026,01:29:55: 	Recall@10: 0.02642 Recall@20: 0.04330 NDCG@10: 0.01470 NDCG@20: 0.01922 
08/24/2026,01:29:55: Epoch [64/1000]
08/24/2026,01:29:55: Negative sampling...
08/24/2026,01:29:56: Model's personal time...
08/24/2026,01:29:57: Training...
08/24/2026,01:29:58: Evaluating...
08/24/2026,01:29:58: 	Train Loss: 3446080.0000 (base: 289.2371, kd: 6891.5815), Elapsed: train 2.49 test 0.40
08/24/2026,01:29:58: 	Recall@10: 0.06456 Recall@20: 0.09611 NDCG@10: 0.03880 NDCG@20: 0.04746 
08/24/2026,01:29:58: 	Recall@10: 0.02703 Recall@20: 0.04396 NDCG@10: 0.01484 NDCG@20: 0.01937 
08/24/2026,01:29:58: Epoch [65/1000]
08/24/2026,01:29:58: Negative sampling...
08/24/2026,01:29:59: Model's personal time...
08/24/2026,01:29:59: Training...
08/24/2026,01:30:01: Evaluating...
08/24/2026,01:30:01: 	Train Loss: 3445882.7500 (base: 287.6963, kd: 6891.1899), Elapsed: train 2.68 test 0.48
08/24/2026,01:30:01: 	Recall@10: 0.06451 Recall@20: 0.09596 NDCG@10: 0.03886 NDCG@20: 0.04757 
08/24/2026,01:30:01: 	Recall@10: 0.02632 Recall@20: 0.04363 NDCG@10: 0.01463 NDCG@20: 0.01930 
08/24/2026,01:30:01: Epoch [66/1000]
08/24/2026,01:30:01: Negative sampling...
08/24/2026,01:30:03: Model's personal time...
08/24/2026,01:30:03: Training...
08/24/2026,01:30:04: Evaluating...
08/24/2026,01:30:04: 	Train Loss: 3445762.7500 (base: 284.2295, kd: 6890.9580), Elapsed: train 2.82 test 0.40 *
08/24/2026,01:30:04: 	Recall@10: 0.06548 Recall@20: 0.09772 NDCG@10: 0.03930 NDCG@20: 0.04809 
08/24/2026,01:30:04: 	Recall@10: 0.02635 Recall@20: 0.04414 NDCG@10: 0.01464 NDCG@20: 0.01943 
08/24/2026,01:30:04: Epoch [67/1000]
08/24/2026,01:30:04: Negative sampling...
08/24/2026,01:30:06: Model's personal time...
08/24/2026,01:30:06: Training...
08/24/2026,01:30:07: Evaluating...
08/24/2026,01:30:07: 	Train Loss: 3445802.5000 (base: 281.1224, kd: 6891.0425), Elapsed: train 2.51 test 0.40
08/24/2026,01:30:07: 	Recall@10: 0.06538 Recall@20: 0.09598 NDCG@10: 0.03922 NDCG@20: 0.04768 
08/24/2026,01:30:07: 	Recall@10: 0.02634 Recall@20: 0.04379 NDCG@10: 0.01466 NDCG@20: 0.01935 
08/24/2026,01:30:07: Epoch [68/1000]
08/24/2026,01:30:07: Negative sampling...
08/24/2026,01:30:09: Model's personal time...
08/24/2026,01:30:09: Training...
08/24/2026,01:30:10: Evaluating...
08/24/2026,01:30:10: 	Train Loss: 3445220.7500 (base: 277.3918, kd: 6889.8877), Elapsed: train 2.41 test 0.40
08/24/2026,01:30:10: 	Recall@10: 0.06539 Recall@20: 0.09731 NDCG@10: 0.03936 NDCG@20: 0.04809 
08/24/2026,01:30:10: 	Recall@10: 0.02603 Recall@20: 0.04379 NDCG@10: 0.01461 NDCG@20: 0.01943 
08/24/2026,01:30:10: Epoch [69/1000]
08/24/2026,01:30:10: Negative sampling...
08/24/2026,01:30:11: Model's personal time...
08/24/2026,01:30:12: Training...
08/24/2026,01:30:13: Evaluating...
08/24/2026,01:30:13: 	Train Loss: 3444415.2500 (base: 276.0211, kd: 6888.2778), Elapsed: train 2.47 test 0.40 *
08/24/2026,01:30:13: 	Recall@10: 0.06546 Recall@20: 0.09772 NDCG@10: 0.03939 NDCG@20: 0.04825 
08/24/2026,01:30:13: 	Recall@10: 0.02699 Recall@20: 0.04348 NDCG@10: 0.01500 NDCG@20: 0.01944 
08/24/2026,01:30:13: Epoch [70/1000]
08/24/2026,01:30:13: Negative sampling...
08/24/2026,01:30:14: Model's personal time...
08/24/2026,01:30:14: Training...
08/24/2026,01:30:15: Evaluating...
08/24/2026,01:30:16: 	Train Loss: 3444267.7500 (base: 271.8286, kd: 6887.9907), Elapsed: train 2.44 test 0.41
08/24/2026,01:30:16: 	Recall@10: 0.06487 Recall@20: 0.09726 NDCG@10: 0.03916 NDCG@20: 0.04804 
08/24/2026,01:30:16: 	Recall@10: 0.02626 Recall@20: 0.04386 NDCG@10: 0.01471 NDCG@20: 0.01950 
08/24/2026,01:30:16: Epoch [71/1000]
08/24/2026,01:30:16: Negative sampling...
08/24/2026,01:30:17: Model's personal time...
08/24/2026,01:30:17: Training...
08/24/2026,01:30:18: Evaluating...
08/24/2026,01:30:19: 	Train Loss: 3443768.0000 (base: 269.5201, kd: 6886.9971), Elapsed: train 2.50 test 0.41
08/24/2026,01:30:19: 	Recall@10: 0.06520 Recall@20: 0.09693 NDCG@10: 0.03911 NDCG@20: 0.04794 
08/24/2026,01:30:19: 	Recall@10: 0.02652 Recall@20: 0.04363 NDCG@10: 0.01489 NDCG@20: 0.01953 
08/24/2026,01:30:19: Epoch [72/1000]
08/24/2026,01:30:19: Negative sampling...
08/24/2026,01:30:20: Model's personal time...
08/24/2026,01:30:20: Training...
08/24/2026,01:30:21: Evaluating...
08/24/2026,01:30:22: 	Train Loss: 3443917.7500 (base: 268.9760, kd: 6887.2969), Elapsed: train 2.69 test 0.48
08/24/2026,01:30:22: 	Recall@10: 0.06611 Recall@20: 0.09740 NDCG@10: 0.03954 NDCG@20: 0.04808 
08/24/2026,01:30:22: 	Recall@10: 0.02718 Recall@20: 0.04431 NDCG@10: 0.01490 NDCG@20: 0.01951 
08/24/2026,01:30:22: Epoch [73/1000]
08/24/2026,01:30:22: Negative sampling...
08/24/2026,01:30:24: Model's personal time...
08/24/2026,01:30:24: Training...
08/24/2026,01:30:25: Evaluating...
08/24/2026,01:30:25: 	Train Loss: 3443360.2500 (base: 265.4673, kd: 6886.1899), Elapsed: train 2.99 test 0.40
08/24/2026,01:30:25: 	Recall@10: 0.06579 Recall@20: 0.09798 NDCG@10: 0.03936 NDCG@20: 0.04815 
08/24/2026,01:30:25: 	Recall@10: 0.02647 Recall@20: 0.04342 NDCG@10: 0.01478 NDCG@20: 0.01936 
08/24/2026,01:30:25: Epoch [74/1000]
08/24/2026,01:30:25: Negative sampling...
08/24/2026,01:30:27: Model's personal time...
08/24/2026,01:30:27: Training...
08/24/2026,01:30:28: Evaluating...
08/24/2026,01:30:28: 	Train Loss: 3443294.2500 (base: 260.9341, kd: 6886.0669), Elapsed: train 2.61 test 0.49 *
08/24/2026,01:30:28: 	Recall@10: 0.06659 Recall@20: 0.09734 NDCG@10: 0.03995 NDCG@20: 0.04836 
08/24/2026,01:30:28: 	Recall@10: 0.02694 Recall@20: 0.04278 NDCG@10: 0.01488 NDCG@20: 0.01921 
08/24/2026,01:30:28: Epoch [75/1000]
08/24/2026,01:30:28: Negative sampling...
08/24/2026,01:30:30: Model's personal time...
08/24/2026,01:30:30: Training...
08/24/2026,01:30:31: Evaluating...
08/24/2026,01:30:32: 	Train Loss: 3443760.2500 (base: 257.9725, kd: 6887.0044), Elapsed: train 2.99 test 0.49 *
08/24/2026,01:30:32: 	Recall@10: 0.06738 Recall@20: 0.09784 NDCG@10: 0.04014 NDCG@20: 0.04839 
08/24/2026,01:30:32: 	Recall@10: 0.02693 Recall@20: 0.04366 NDCG@10: 0.01490 NDCG@20: 0.01946 
08/24/2026,01:30:32: Epoch [76/1000]
08/24/2026,01:30:32: Negative sampling...
08/24/2026,01:30:34: Model's personal time...
08/24/2026,01:30:34: Training...
08/24/2026,01:30:35: Evaluating...
08/24/2026,01:30:35: 	Train Loss: 3442595.7500 (base: 255.8514, kd: 6884.6802), Elapsed: train 2.92 test 0.48
08/24/2026,01:30:35: 	Recall@10: 0.06710 Recall@20: 0.09683 NDCG@10: 0.03978 NDCG@20: 0.04792 
08/24/2026,01:30:35: 	Recall@10: 0.02729 Recall@20: 0.04348 NDCG@10: 0.01498 NDCG@20: 0.01940 
08/24/2026,01:30:35: Epoch [77/1000]
08/24/2026,01:30:35: Negative sampling...
08/24/2026,01:30:37: Model's personal time...
08/24/2026,01:30:37: Training...
08/24/2026,01:30:38: Evaluating...
08/24/2026,01:30:39: 	Train Loss: 3442946.5000 (base: 255.6843, kd: 6885.3813), Elapsed: train 3.01 test 0.49
08/24/2026,01:30:39: 	Recall@10: 0.06722 Recall@20: 0.09738 NDCG@10: 0.03996 NDCG@20: 0.04816 
08/24/2026,01:30:39: 	Recall@10: 0.02663 Recall@20: 0.04360 NDCG@10: 0.01495 NDCG@20: 0.01956 
08/24/2026,01:30:39: Epoch [78/1000]
08/24/2026,01:30:39: Negative sampling...
08/24/2026,01:30:40: Model's personal time...
08/24/2026,01:30:41: Training...
08/24/2026,01:30:42: Evaluating...
08/24/2026,01:30:42: 	Train Loss: 3442591.0000 (base: 253.1285, kd: 6884.6758), Elapsed: train 2.97 test 0.49 *
08/24/2026,01:30:42: 	Recall@10: 0.06757 Recall@20: 0.09805 NDCG@10: 0.04020 NDCG@20: 0.04851 
08/24/2026,01:30:42: 	Recall@10: 0.02764 Recall@20: 0.04339 NDCG@10: 0.01518 NDCG@20: 0.01945 
08/24/2026,01:30:42: Epoch [79/1000]
08/24/2026,01:30:42: Negative sampling...
08/24/2026,01:30:44: Model's personal time...
08/24/2026,01:30:44: Training...
08/24/2026,01:30:45: Evaluating...
08/24/2026,01:30:46: 	Train Loss: 3442158.2500 (base: 249.8339, kd: 6883.8169), Elapsed: train 3.01 test 0.41
08/24/2026,01:30:46: 	Recall@10: 0.06743 Recall@20: 0.09706 NDCG@10: 0.04020 NDCG@20: 0.04828 
08/24/2026,01:30:46: 	Recall@10: 0.02755 Recall@20: 0.04302 NDCG@10: 0.01516 NDCG@20: 0.01939 
08/24/2026,01:30:46: Epoch [80/1000]
08/24/2026,01:30:46: Negative sampling...
08/24/2026,01:30:47: Model's personal time...
08/24/2026,01:30:47: Training...
08/24/2026,01:30:48: Evaluating...
08/24/2026,01:30:49: 	Train Loss: 3442592.5000 (base: 248.0030, kd: 6884.6895), Elapsed: train 2.50 test 0.48 *
08/24/2026,01:30:49: 	Recall@10: 0.06744 Recall@20: 0.09710 NDCG@10: 0.04052 NDCG@20: 0.04857 
08/24/2026,01:30:49: 	Recall@10: 0.02716 Recall@20: 0.04346 NDCG@10: 0.01512 NDCG@20: 0.01958 
08/24/2026,01:30:49: Epoch [81/1000]
08/24/2026,01:30:49: Negative sampling...
08/24/2026,01:30:50: Model's personal time...
08/24/2026,01:30:50: Training...
08/24/2026,01:30:52: Evaluating...
08/24/2026,01:30:52: 	Train Loss: 3441825.2500 (base: 244.1580, kd: 6883.1616), Elapsed: train 3.01 test 0.42
08/24/2026,01:30:52: 	Recall@10: 0.06764 Recall@20: 0.09736 NDCG@10: 0.04022 NDCG@20: 0.04830 
08/24/2026,01:30:52: 	Recall@10: 0.02753 Recall@20: 0.04357 NDCG@10: 0.01522 NDCG@20: 0.01958 
08/24/2026,01:30:52: Epoch [82/1000]
08/24/2026,01:30:52: Negative sampling...
08/24/2026,01:30:53: Model's personal time...
08/24/2026,01:30:54: Training...
08/24/2026,01:30:55: Evaluating...
08/24/2026,01:30:55: 	Train Loss: 3441756.7500 (base: 241.1218, kd: 6883.0317), Elapsed: train 2.47 test 0.40
08/24/2026,01:30:55: 	Recall@10: 0.06759 Recall@20: 0.09728 NDCG@10: 0.04040 NDCG@20: 0.04850 
08/24/2026,01:30:55: 	Recall@10: 0.02750 Recall@20: 0.04356 NDCG@10: 0.01527 NDCG@20: 0.01962 
08/24/2026,01:30:55: Epoch [83/1000]
08/24/2026,01:30:55: Negative sampling...
08/24/2026,01:30:56: Model's personal time...
08/24/2026,01:30:56: Training...
08/24/2026,01:30:57: Evaluating...
08/24/2026,01:30:58: 	Train Loss: 3441447.7500 (base: 239.5081, kd: 6882.4165), Elapsed: train 2.51 test 0.45
08/24/2026,01:30:58: 	Recall@10: 0.06841 Recall@20: 0.09700 NDCG@10: 0.04059 NDCG@20: 0.04835 
08/24/2026,01:30:58: 	Recall@10: 0.02688 Recall@20: 0.04353 NDCG@10: 0.01505 NDCG@20: 0.01958 
08/24/2026,01:30:58: Epoch [84/1000]
08/24/2026,01:30:58: Negative sampling...
08/24/2026,01:30:59: Model's personal time...
08/24/2026,01:30:59: Training...
08/24/2026,01:31:00: Evaluating...
08/24/2026,01:31:01: 	Train Loss: 3440620.7500 (base: 237.3579, kd: 6880.7671), Elapsed: train 2.49 test 0.38 *
08/24/2026,01:31:01: 	Recall@10: 0.06740 Recall@20: 0.09805 NDCG@10: 0.04038 NDCG@20: 0.04868 
08/24/2026,01:31:01: 	Recall@10: 0.02719 Recall@20: 0.04340 NDCG@10: 0.01508 NDCG@20: 0.01950 
08/24/2026,01:31:01: Epoch [85/1000]
08/24/2026,01:31:01: Negative sampling...
08/24/2026,01:31:02: Model's personal time...
08/24/2026,01:31:02: Training...
08/24/2026,01:31:03: Evaluating...
08/24/2026,01:31:04: 	Train Loss: 3440951.7500 (base: 236.3143, kd: 6881.4312), Elapsed: train 2.46 test 0.40
08/24/2026,01:31:04: 	Recall@10: 0.06723 Recall@20: 0.09732 NDCG@10: 0.04035 NDCG@20: 0.04852 
08/24/2026,01:31:04: 	Recall@10: 0.02687 Recall@20: 0.04387 NDCG@10: 0.01498 NDCG@20: 0.01962 
08/24/2026,01:31:04: Epoch [86/1000]
08/24/2026,01:31:04: Negative sampling...
08/24/2026,01:31:05: Model's personal time...
08/24/2026,01:31:05: Training...
08/24/2026,01:31:06: Evaluating...
08/24/2026,01:31:06: 	Train Loss: 3440786.2500 (base: 232.9613, kd: 6881.1060), Elapsed: train 2.48 test 0.39
08/24/2026,01:31:06: 	Recall@10: 0.06795 Recall@20: 0.09776 NDCG@10: 0.04041 NDCG@20: 0.04852 
08/24/2026,01:31:06: 	Recall@10: 0.02725 Recall@20: 0.04349 NDCG@10: 0.01529 NDCG@20: 0.01970 
08/24/2026,01:31:06: Epoch [87/1000]
08/24/2026,01:31:06: Negative sampling...
08/24/2026,01:31:08: Model's personal time...
08/24/2026,01:31:08: Training...
08/24/2026,01:31:09: Evaluating...
08/24/2026,01:31:09: 	Train Loss: 3441149.0000 (base: 231.8991, kd: 6881.8345), Elapsed: train 2.47 test 0.40
08/24/2026,01:31:09: 	Recall@10: 0.06710 Recall@20: 0.09742 NDCG@10: 0.04031 NDCG@20: 0.04860 
08/24/2026,01:31:09: 	Recall@10: 0.02741 Recall@20: 0.04373 NDCG@10: 0.01528 NDCG@20: 0.01973 
08/24/2026,01:31:09: Epoch [88/1000]
08/24/2026,01:31:09: Negative sampling...
08/24/2026,01:31:11: Model's personal time...
08/24/2026,01:31:11: Training...
08/24/2026,01:31:12: Evaluating...
08/24/2026,01:31:12: 	Train Loss: 3440734.0000 (base: 231.7408, kd: 6881.0044), Elapsed: train 2.50 test 0.40 *
08/24/2026,01:31:12: 	Recall@10: 0.06701 Recall@20: 0.09796 NDCG@10: 0.04031 NDCG@20: 0.04875 
08/24/2026,01:31:12: 	Recall@10: 0.02757 Recall@20: 0.04395 NDCG@10: 0.01528 NDCG@20: 0.01970 
08/24/2026,01:31:12: Epoch [89/1000]
08/24/2026,01:31:12: Negative sampling...
08/24/2026,01:31:14: Model's personal time...
08/24/2026,01:31:14: Training...
08/24/2026,01:31:15: Evaluating...
08/24/2026,01:31:15: 	Train Loss: 3440868.7500 (base: 228.8155, kd: 6881.2803), Elapsed: train 2.56 test 0.48
08/24/2026,01:31:15: 	Recall@10: 0.06756 Recall@20: 0.09749 NDCG@10: 0.04043 NDCG@20: 0.04861 
08/24/2026,01:31:15: 	Recall@10: 0.02716 Recall@20: 0.04435 NDCG@10: 0.01523 NDCG@20: 0.01987 
08/24/2026,01:31:15: Epoch [90/1000]
08/24/2026,01:31:15: Negative sampling...
08/24/2026,01:31:17: Model's personal time...
08/24/2026,01:31:17: Training...
08/24/2026,01:31:18: Evaluating...
08/24/2026,01:31:19: 	Train Loss: 3439781.7500 (base: 228.1899, kd: 6879.1069), Elapsed: train 2.80 test 0.40
08/24/2026,01:31:19: 	Recall@10: 0.06787 Recall@20: 0.09787 NDCG@10: 0.04046 NDCG@20: 0.04863 
08/24/2026,01:31:19: 	Recall@10: 0.02725 Recall@20: 0.04435 NDCG@10: 0.01526 NDCG@20: 0.01985 
08/24/2026,01:31:19: Epoch [91/1000]
08/24/2026,01:31:19: Negative sampling...
08/24/2026,01:31:20: Model's personal time...
08/24/2026,01:31:20: Training...
08/24/2026,01:31:21: Evaluating...
08/24/2026,01:31:21: 	Train Loss: 3439767.5000 (base: 226.4312, kd: 6879.0820), Elapsed: train 2.49 test 0.39
08/24/2026,01:31:21: 	Recall@10: 0.06846 Recall@20: 0.09791 NDCG@10: 0.04069 NDCG@20: 0.04867 
08/24/2026,01:31:21: 	Recall@10: 0.02745 Recall@20: 0.04360 NDCG@10: 0.01538 NDCG@20: 0.01973 
08/24/2026,01:31:21: Epoch [92/1000]
08/24/2026,01:31:21: Negative sampling...
08/24/2026,01:31:23: Model's personal time...
08/24/2026,01:31:23: Training...
08/24/2026,01:31:24: Evaluating...
08/24/2026,01:31:24: 	Train Loss: 3440680.7500 (base: 224.7231, kd: 6880.9116), Elapsed: train 2.47 test 0.39
08/24/2026,01:31:24: 	Recall@10: 0.06814 Recall@20: 0.09729 NDCG@10: 0.04028 NDCG@20: 0.04825 
08/24/2026,01:31:24: 	Recall@10: 0.02698 Recall@20: 0.04331 NDCG@10: 0.01527 NDCG@20: 0.01969 
08/24/2026,01:31:24: Epoch [93/1000]
08/24/2026,01:31:24: Negative sampling...
08/24/2026,01:31:26: Model's personal time...
08/24/2026,01:31:26: Training...
08/24/2026,01:31:27: Evaluating...
08/24/2026,01:31:27: 	Train Loss: 3440288.5000 (base: 218.4088, kd: 6880.1401), Elapsed: train 2.48 test 0.40
08/24/2026,01:31:27: 	Recall@10: 0.06812 Recall@20: 0.09810 NDCG@10: 0.04026 NDCG@20: 0.04846 
08/24/2026,01:31:27: 	Recall@10: 0.02762 Recall@20: 0.04258 NDCG@10: 0.01553 NDCG@20: 0.01959 
08/24/2026,01:31:27: Epoch [94/1000]
08/24/2026,01:31:27: Negative sampling...
08/24/2026,01:31:28: Model's personal time...
08/24/2026,01:31:29: Training...
08/24/2026,01:31:30: Evaluating...
08/24/2026,01:31:30: 	Train Loss: 3439913.0000 (base: 220.3744, kd: 6879.3853), Elapsed: train 2.48 test 0.41
08/24/2026,01:31:30: 	Recall@10: 0.06788 Recall@20: 0.09833 NDCG@10: 0.04025 NDCG@20: 0.04853 
08/24/2026,01:31:30: 	Recall@10: 0.02765 Recall@20: 0.04336 NDCG@10: 0.01556 NDCG@20: 0.01980 
08/24/2026,01:31:30: Epoch [95/1000]
08/24/2026,01:31:30: Negative sampling...
08/24/2026,01:31:31: Model's personal time...
08/24/2026,01:31:31: Training...
08/24/2026,01:31:33: Evaluating...
08/24/2026,01:31:33: 	Train Loss: 3439501.0000 (base: 218.4481, kd: 6878.5664), Elapsed: train 2.50 test 0.39
08/24/2026,01:31:33: 	Recall@10: 0.06794 Recall@20: 0.09778 NDCG@10: 0.04023 NDCG@20: 0.04834 
08/24/2026,01:31:33: 	Recall@10: 0.02736 Recall@20: 0.04233 NDCG@10: 0.01544 NDCG@20: 0.01950 
08/24/2026,01:31:33: Epoch [96/1000]
08/24/2026,01:31:33: Negative sampling...
08/24/2026,01:31:34: Model's personal time...
08/24/2026,01:31:34: Training...
08/24/2026,01:31:35: Evaluating...
08/24/2026,01:31:36: 	Train Loss: 3440566.7500 (base: 216.2259, kd: 6880.7012), Elapsed: train 2.48 test 0.39
08/24/2026,01:31:36: 	Recall@10: 0.06695 Recall@20: 0.09847 NDCG@10: 0.04004 NDCG@20: 0.04867 
08/24/2026,01:31:36: 	Recall@10: 0.02738 Recall@20: 0.04219 NDCG@10: 0.01545 NDCG@20: 0.01951 
08/24/2026,01:31:36: Epoch [97/1000]
08/24/2026,01:31:36: Negative sampling...
08/24/2026,01:31:37: Model's personal time...
08/24/2026,01:31:37: Training...
08/24/2026,01:31:38: Evaluating...
08/24/2026,01:31:39: 	Train Loss: 3439577.0000 (base: 216.3415, kd: 6878.7217), Elapsed: train 2.48 test 0.40
08/24/2026,01:31:39: 	Recall@10: 0.06793 Recall@20: 0.09758 NDCG@10: 0.04042 NDCG@20: 0.04848 
08/24/2026,01:31:39: 	Recall@10: 0.02773 Recall@20: 0.04229 NDCG@10: 0.01547 NDCG@20: 0.01945 
08/24/2026,01:31:39: Epoch [98/1000]
08/24/2026,01:31:39: Negative sampling...
08/24/2026,01:31:40: Model's personal time...
08/24/2026,01:31:40: Training...
08/24/2026,01:31:41: Evaluating...
08/24/2026,01:31:42: 	Train Loss: 3439137.2500 (base: 214.7165, kd: 6877.8447), Elapsed: train 2.51 test 0.40
08/24/2026,01:31:42: 	Recall@10: 0.06806 Recall@20: 0.09731 NDCG@10: 0.04006 NDCG@20: 0.04805 
08/24/2026,01:31:42: 	Recall@10: 0.02752 Recall@20: 0.04229 NDCG@10: 0.01551 NDCG@20: 0.01954 
08/24/2026,01:31:42: Epoch [99/1000]
08/24/2026,01:31:42: Negative sampling...
08/24/2026,01:31:43: Model's personal time...
08/24/2026,01:31:43: Training...
08/24/2026,01:31:44: Evaluating...
08/24/2026,01:31:45: 	Train Loss: 3439459.2500 (base: 209.9535, kd: 6878.4985), Elapsed: train 2.63 test 0.40
08/24/2026,01:31:45: 	Recall@10: 0.06741 Recall@20: 0.09818 NDCG@10: 0.04022 NDCG@20: 0.04862 
08/24/2026,01:31:45: 	Recall@10: 0.02783 Recall@20: 0.04185 NDCG@10: 0.01554 NDCG@20: 0.01938 
08/24/2026,01:31:45: Epoch [100/1000]
08/24/2026,01:31:45: Negative sampling...
08/24/2026,01:31:46: Model's personal time...
08/24/2026,01:31:46: Training...
08/24/2026,01:31:47: Evaluating...
08/24/2026,01:31:47: 	Train Loss: 3439606.2500 (base: 209.2755, kd: 6878.7935), Elapsed: train 2.46 test 0.38
08/24/2026,01:31:47: 	Recall@10: 0.06805 Recall@20: 0.09720 NDCG@10: 0.04024 NDCG@20: 0.04823 
08/24/2026,01:31:47: 	Recall@10: 0.02748 Recall@20: 0.04211 NDCG@10: 0.01546 NDCG@20: 0.01947 
08/24/2026,01:31:47: Epoch [101/1000]
08/24/2026,01:31:47: Negative sampling...
08/24/2026,01:31:49: Model's personal time...
08/24/2026,01:31:49: Training...
08/24/2026,01:31:50: Evaluating...
08/24/2026,01:31:50: 	Train Loss: 3439386.7500 (base: 206.5413, kd: 6878.3604), Elapsed: train 2.45 test 0.38
08/24/2026,01:31:50: 	Recall@10: 0.06761 Recall@20: 0.09851 NDCG@10: 0.04014 NDCG@20: 0.04856 
08/24/2026,01:31:50: 	Recall@10: 0.02748 Recall@20: 0.04196 NDCG@10: 0.01544 NDCG@20: 0.01941 
08/24/2026,01:31:50: Epoch [102/1000]
08/24/2026,01:31:50: Negative sampling...
08/24/2026,01:31:52: Model's personal time...
08/24/2026,01:31:52: Training...
08/24/2026,01:31:53: Evaluating...
08/24/2026,01:31:53: 	Train Loss: 3440305.0000 (base: 208.0647, kd: 6880.1929), Elapsed: train 2.46 test 0.38
08/24/2026,01:31:53: 	Recall@10: 0.06687 Recall@20: 0.09739 NDCG@10: 0.03988 NDCG@20: 0.04827 
08/24/2026,01:31:53: 	Recall@10: 0.02783 Recall@20: 0.04252 NDCG@10: 0.01547 NDCG@20: 0.01946 
08/24/2026,01:31:53: Epoch [103/1000]
08/24/2026,01:31:53: Negative sampling...
08/24/2026,01:31:54: Model's personal time...
08/24/2026,01:31:55: Training...
08/24/2026,01:31:56: Evaluating...
08/24/2026,01:31:56: 	Train Loss: 3440023.0000 (base: 206.5000, kd: 6879.6333), Elapsed: train 2.43 test 0.39
08/24/2026,01:31:56: 	Recall@10: 0.06746 Recall@20: 0.09745 NDCG@10: 0.04002 NDCG@20: 0.04822 
08/24/2026,01:31:56: 	Recall@10: 0.02806 Recall@20: 0.04256 NDCG@10: 0.01554 NDCG@20: 0.01947 
08/24/2026,01:31:56: Epoch [104/1000]
08/24/2026,01:31:56: Negative sampling...
08/24/2026,01:31:57: Model's personal time...
08/24/2026,01:31:57: Training...
08/24/2026,01:31:59: Evaluating...
08/24/2026,01:31:59: 	Train Loss: 3440001.2500 (base: 206.3835, kd: 6879.5894), Elapsed: train 2.60 test 0.48
08/24/2026,01:31:59: 	Recall@10: 0.06746 Recall@20: 0.09819 NDCG@10: 0.04010 NDCG@20: 0.04849 
08/24/2026,01:31:59: 	Recall@10: 0.02793 Recall@20: 0.04238 NDCG@10: 0.01549 NDCG@20: 0.01941 
08/24/2026,01:31:59: Epoch [105/1000]
08/24/2026,01:31:59: Negative sampling...
08/24/2026,01:32:00: Model's personal time...
08/24/2026,01:32:01: Training...
08/24/2026,01:32:02: Evaluating...
08/24/2026,01:32:02: 	Train Loss: 3438860.2500 (base: 205.0011, kd: 6877.3105), Elapsed: train 2.57 test 0.48
08/24/2026,01:32:02: 	Recall@10: 0.06787 Recall@20: 0.09893 NDCG@10: 0.04017 NDCG@20: 0.04866 
08/24/2026,01:32:02: 	Recall@10: 0.02781 Recall@20: 0.04253 NDCG@10: 0.01565 NDCG@20: 0.01964 
08/24/2026,01:32:02: Epoch [106/1000]
08/24/2026,01:32:02: Negative sampling...
08/24/2026,01:32:04: Model's personal time...
08/24/2026,01:32:04: Training...
08/24/2026,01:32:05: Evaluating...
08/24/2026,01:32:05: 	Train Loss: 3438418.2500 (base: 201.7947, kd: 6876.4321), Elapsed: train 2.98 test 0.42
08/24/2026,01:32:05: 	Recall@10: 0.06911 Recall@20: 0.09876 NDCG@10: 0.04058 NDCG@20: 0.04870 
08/24/2026,01:32:05: 	Recall@10: 0.02710 Recall@20: 0.04217 NDCG@10: 0.01535 NDCG@20: 0.01948 
08/24/2026,01:32:05: Epoch [107/1000]
08/24/2026,01:32:05: Negative sampling...
08/24/2026,01:32:07: Model's personal time...
08/24/2026,01:32:07: Training...
08/24/2026,01:32:08: Evaluating...
08/24/2026,01:32:08: 	Train Loss: 3439318.2500 (base: 200.8692, kd: 6878.2344), Elapsed: train 2.54 test 0.49
08/24/2026,01:32:08: 	Recall@10: 0.06699 Recall@20: 0.09920 NDCG@10: 0.03991 NDCG@20: 0.04868 
08/24/2026,01:32:08: 	Recall@10: 0.02814 Recall@20: 0.04225 NDCG@10: 0.01563 NDCG@20: 0.01950 
08/24/2026,01:32:08: Epoch [108/1000]
08/24/2026,01:32:08: Negative sampling...
08/24/2026,01:32:10: Model's personal time...
08/24/2026,01:32:10: Training...
08/24/2026,01:32:11: Evaluating...
08/24/2026,01:32:12: 	Train Loss: 3439490.5000 (base: 199.0658, kd: 6878.5820), Elapsed: train 2.77 test 0.40 *
08/24/2026,01:32:12: 	Recall@10: 0.06795 Recall@20: 0.09914 NDCG@10: 0.04047 NDCG@20: 0.04906 
08/24/2026,01:32:12: 	Recall@10: 0.02791 Recall@20: 0.04234 NDCG@10: 0.01558 NDCG@20: 0.01952 
08/24/2026,01:32:12: Epoch [109/1000]
08/24/2026,01:32:12: Negative sampling...
08/24/2026,01:32:13: Model's personal time...
08/24/2026,01:32:13: Training...
08/24/2026,01:32:14: Evaluating...
08/24/2026,01:32:15: 	Train Loss: 3439249.5000 (base: 197.3836, kd: 6878.1045), Elapsed: train 2.47 test 0.40 *
08/24/2026,01:32:15: 	Recall@10: 0.06728 Recall@20: 0.10031 NDCG@10: 0.04028 NDCG@20: 0.04925 
08/24/2026,01:32:15: 	Recall@10: 0.02824 Recall@20: 0.04187 NDCG@10: 0.01562 NDCG@20: 0.01936 
08/24/2026,01:32:15: Epoch [110/1000]
08/24/2026,01:32:15: Negative sampling...
08/24/2026,01:32:16: Model's personal time...
08/24/2026,01:32:16: Training...
08/24/2026,01:32:17: Evaluating...
08/24/2026,01:32:18: 	Train Loss: 3438788.5000 (base: 197.6444, kd: 6877.1812), Elapsed: train 2.61 test 0.49
08/24/2026,01:32:18: 	Recall@10: 0.06802 Recall@20: 0.09944 NDCG@10: 0.04055 NDCG@20: 0.04912 
08/24/2026,01:32:18: 	Recall@10: 0.02796 Recall@20: 0.04193 NDCG@10: 0.01573 NDCG@20: 0.01956 
08/24/2026,01:32:18: Epoch [111/1000]
08/24/2026,01:32:18: Negative sampling...
08/24/2026,01:32:19: Model's personal time...
08/24/2026,01:32:19: Training...
08/24/2026,01:32:21: Evaluating...
08/24/2026,01:32:21: 	Train Loss: 3439988.7500 (base: 196.6646, kd: 6879.5840), Elapsed: train 2.96 test 0.49
08/24/2026,01:32:21: 	Recall@10: 0.06826 Recall@20: 0.10000 NDCG@10: 0.04023 NDCG@20: 0.04888 
08/24/2026,01:32:21: 	Recall@10: 0.02771 Recall@20: 0.04239 NDCG@10: 0.01552 NDCG@20: 0.01956 
08/24/2026,01:32:21: Epoch [112/1000]
08/24/2026,01:32:21: Negative sampling...
08/24/2026,01:32:23: Model's personal time...
08/24/2026,01:32:23: Training...
08/24/2026,01:32:24: Evaluating...
08/24/2026,01:32:24: 	Train Loss: 3439421.0000 (base: 197.5459, kd: 6878.4468), Elapsed: train 2.96 test 0.40
08/24/2026,01:32:24: 	Recall@10: 0.06810 Recall@20: 0.10034 NDCG@10: 0.04030 NDCG@20: 0.04909 
08/24/2026,01:32:24: 	Recall@10: 0.02832 Recall@20: 0.04172 NDCG@10: 0.01577 NDCG@20: 0.01945 
08/24/2026,01:32:24: Epoch [113/1000]
08/24/2026,01:32:24: Negative sampling...
08/24/2026,01:32:26: Model's personal time...
08/24/2026,01:32:26: Training...
08/24/2026,01:32:27: Evaluating...
08/24/2026,01:32:27: 	Train Loss: 3439286.7500 (base: 192.2246, kd: 6878.1885), Elapsed: train 2.52 test 0.40
08/24/2026,01:32:27: 	Recall@10: 0.06737 Recall@20: 0.09900 NDCG@10: 0.03993 NDCG@20: 0.04860 
08/24/2026,01:32:27: 	Recall@10: 0.02802 Recall@20: 0.04203 NDCG@10: 0.01559 NDCG@20: 0.01943 
08/24/2026,01:32:27: Epoch [114/1000]
08/24/2026,01:32:27: Negative sampling...
08/24/2026,01:32:29: Model's personal time...
08/24/2026,01:32:29: Training...
08/24/2026,01:32:30: Evaluating...
08/24/2026,01:32:30: 	Train Loss: 3439373.0000 (base: 194.5821, kd: 6878.3569), Elapsed: train 2.62 test 0.49
08/24/2026,01:32:30: 	Recall@10: 0.06814 Recall@20: 0.09942 NDCG@10: 0.04023 NDCG@20: 0.04879 
08/24/2026,01:32:30: 	Recall@10: 0.02796 Recall@20: 0.04281 NDCG@10: 0.01561 NDCG@20: 0.01965 
08/24/2026,01:32:30: Epoch [115/1000]
08/24/2026,01:32:30: Negative sampling...
08/24/2026,01:32:32: Model's personal time...
08/24/2026,01:32:32: Training...
08/24/2026,01:32:33: Evaluating...
08/24/2026,01:32:34: 	Train Loss: 3439567.5000 (base: 192.7234, kd: 6878.7490), Elapsed: train 2.99 test 0.40
08/24/2026,01:32:34: 	Recall@10: 0.06824 Recall@20: 0.09973 NDCG@10: 0.04040 NDCG@20: 0.04898 
08/24/2026,01:32:34: 	Recall@10: 0.02786 Recall@20: 0.04194 NDCG@10: 0.01546 NDCG@20: 0.01933 
08/24/2026,01:32:34: Epoch [116/1000]
08/24/2026,01:32:34: Negative sampling...
08/24/2026,01:32:35: Model's personal time...
08/24/2026,01:32:35: Training...
08/24/2026,01:32:36: Evaluating...
08/24/2026,01:32:37: 	Train Loss: 3438582.2500 (base: 190.1201, kd: 6876.7832), Elapsed: train 2.57 test 0.48
08/24/2026,01:32:37: 	Recall@10: 0.06816 Recall@20: 0.09938 NDCG@10: 0.04022 NDCG@20: 0.04872 
08/24/2026,01:32:37: 	Recall@10: 0.02802 Recall@20: 0.04247 NDCG@10: 0.01560 NDCG@20: 0.01952 
08/24/2026,01:32:37: Epoch [117/1000]
08/24/2026,01:32:37: Negative sampling...
08/24/2026,01:32:39: Model's personal time...
08/24/2026,01:32:39: Training...
08/24/2026,01:32:40: Evaluating...
08/24/2026,01:32:40: 	Train Loss: 3438956.2500 (base: 188.4510, kd: 6877.5356), Elapsed: train 3.03 test 0.48
08/24/2026,01:32:40: 	Recall@10: 0.06791 Recall@20: 0.10068 NDCG@10: 0.04017 NDCG@20: 0.04904 
08/24/2026,01:32:40: 	Recall@10: 0.02780 Recall@20: 0.04288 NDCG@10: 0.01547 NDCG@20: 0.01959 
08/24/2026,01:32:40: Epoch [118/1000]
08/24/2026,01:32:40: Negative sampling...
08/24/2026,01:32:42: Model's personal time...
08/24/2026,01:32:42: Training...
08/24/2026,01:32:43: Evaluating...
08/24/2026,01:32:44: 	Train Loss: 3439300.2500 (base: 187.7294, kd: 6878.2241), Elapsed: train 3.08 test 0.49
08/24/2026,01:32:44: 	Recall@10: 0.06775 Recall@20: 0.09936 NDCG@10: 0.04005 NDCG@20: 0.04868 
08/24/2026,01:32:44: 	Recall@10: 0.02745 Recall@20: 0.04270 NDCG@10: 0.01543 NDCG@20: 0.01960 
08/24/2026,01:32:44: Epoch [119/1000]
08/24/2026,01:32:44: Negative sampling...
08/24/2026,01:32:46: Model's personal time...
08/24/2026,01:32:46: Training...
08/24/2026,01:32:47: Evaluating...
08/24/2026,01:32:47: 	Train Loss: 3439497.7500 (base: 184.4017, kd: 6878.6260), Elapsed: train 3.03 test 0.49
08/24/2026,01:32:47: 	Recall@10: 0.06749 Recall@20: 0.09978 NDCG@10: 0.04019 NDCG@20: 0.04900 
08/24/2026,01:32:47: 	Recall@10: 0.02729 Recall@20: 0.04275 NDCG@10: 0.01542 NDCG@20: 0.01961 
08/24/2026,01:32:47: Epoch [120/1000]
08/24/2026,01:32:47: Negative sampling...
08/24/2026,01:32:49: Model's personal time...
08/24/2026,01:32:49: Training...
08/24/2026,01:32:50: Evaluating...
08/24/2026,01:32:50: 	Train Loss: 3439220.2500 (base: 185.1662, kd: 6878.0698), Elapsed: train 2.57 test 0.40
08/24/2026,01:32:50: 	Recall@10: 0.06691 Recall@20: 0.10038 NDCG@10: 0.04003 NDCG@20: 0.04918 
08/24/2026,01:32:50: 	Recall@10: 0.02754 Recall@20: 0.04329 NDCG@10: 0.01547 NDCG@20: 0.01974 
08/24/2026,01:32:50: Epoch [121/1000]
08/24/2026,01:32:50: Negative sampling...
08/24/2026,01:32:52: Model's personal time...
08/24/2026,01:32:52: Training...
08/24/2026,01:32:53: Evaluating...
08/24/2026,01:32:53: 	Train Loss: 3439372.7500 (base: 187.3251, kd: 6878.3706), Elapsed: train 2.50 test 0.40 *
08/24/2026,01:32:53: 	Recall@10: 0.06875 Recall@20: 0.10017 NDCG@10: 0.04079 NDCG@20: 0.04933 
08/24/2026,01:32:53: 	Recall@10: 0.02739 Recall@20: 0.04361 NDCG@10: 0.01541 NDCG@20: 0.01977 
08/24/2026,01:32:53: Epoch [122/1000]
08/24/2026,01:32:53: Negative sampling...
08/24/2026,01:32:55: Model's personal time...
08/24/2026,01:32:55: Training...
08/24/2026,01:32:56: Evaluating...
08/24/2026,01:32:56: 	Train Loss: 3438416.5000 (base: 185.4771, kd: 6876.4624), Elapsed: train 2.52 test 0.48
08/24/2026,01:32:56: 	Recall@10: 0.06792 Recall@20: 0.09912 NDCG@10: 0.04010 NDCG@20: 0.04867 
08/24/2026,01:32:56: 	Recall@10: 0.02729 Recall@20: 0.04299 NDCG@10: 0.01532 NDCG@20: 0.01957 
08/24/2026,01:32:56: Epoch [123/1000]
08/24/2026,01:32:56: Negative sampling...
08/24/2026,01:32:58: Model's personal time...
08/24/2026,01:32:58: Training...
08/24/2026,01:32:59: Evaluating...
08/24/2026,01:33:00: 	Train Loss: 3439392.5000 (base: 181.6869, kd: 6878.4214), Elapsed: train 3.03 test 0.44
08/24/2026,01:33:00: 	Recall@10: 0.06725 Recall@20: 0.09980 NDCG@10: 0.03993 NDCG@20: 0.04882 
08/24/2026,01:33:00: 	Recall@10: 0.02748 Recall@20: 0.04334 NDCG@10: 0.01527 NDCG@20: 0.01952 
08/24/2026,01:33:00: Epoch [124/1000]
08/24/2026,01:33:00: Negative sampling...
08/24/2026,01:33:01: Model's personal time...
08/24/2026,01:33:01: Training...
08/24/2026,01:33:02: Evaluating...
08/24/2026,01:33:03: 	Train Loss: 3438952.5000 (base: 179.4717, kd: 6877.5459), Elapsed: train 2.52 test 0.41
08/24/2026,01:33:03: 	Recall@10: 0.06767 Recall@20: 0.10077 NDCG@10: 0.04004 NDCG@20: 0.04909 
08/24/2026,01:33:03: 	Recall@10: 0.02726 Recall@20: 0.04355 NDCG@10: 0.01528 NDCG@20: 0.01968 
08/24/2026,01:33:03: Epoch [125/1000]
08/24/2026,01:33:03: Negative sampling...
08/24/2026,01:33:04: Model's personal time...
08/24/2026,01:33:04: Training...
08/24/2026,01:33:05: Evaluating...
08/24/2026,01:33:06: 	Train Loss: 3438479.5000 (base: 180.5503, kd: 6876.5981), Elapsed: train 2.50 test 0.41
08/24/2026,01:33:06: 	Recall@10: 0.06752 Recall@20: 0.10056 NDCG@10: 0.03996 NDCG@20: 0.04905 
08/24/2026,01:33:06: 	Recall@10: 0.02741 Recall@20: 0.04298 NDCG@10: 0.01526 NDCG@20: 0.01951 
08/24/2026,01:33:06: Epoch [126/1000]
08/24/2026,01:33:06: Negative sampling...
08/24/2026,01:33:07: Model's personal time...
08/24/2026,01:33:07: Training...
08/24/2026,01:33:08: Evaluating...
08/24/2026,01:33:09: 	Train Loss: 3438788.5000 (base: 179.1147, kd: 6877.2192), Elapsed: train 2.48 test 0.40
08/24/2026,01:33:09: 	Recall@10: 0.06726 Recall@20: 0.10018 NDCG@10: 0.04011 NDCG@20: 0.04913 
08/24/2026,01:33:09: 	Recall@10: 0.02723 Recall@20: 0.04325 NDCG@10: 0.01527 NDCG@20: 0.01961 
08/24/2026,01:33:09: Epoch [127/1000]
08/24/2026,01:33:09: Negative sampling...
08/24/2026,01:33:10: Model's personal time...
08/24/2026,01:33:10: Training...
08/24/2026,01:33:11: Evaluating...
08/24/2026,01:33:11: 	Train Loss: 3438624.5000 (base: 180.7927, kd: 6876.8877), Elapsed: train 2.48 test 0.39
08/24/2026,01:33:11: 	Recall@10: 0.06649 Recall@20: 0.10075 NDCG@10: 0.03968 NDCG@20: 0.04905 
08/24/2026,01:33:11: 	Recall@10: 0.02751 Recall@20: 0.04359 NDCG@10: 0.01540 NDCG@20: 0.01973 
08/24/2026,01:33:11: Epoch [128/1000]
08/24/2026,01:33:11: Negative sampling...
08/24/2026,01:33:13: Model's personal time...
08/24/2026,01:33:13: Training...
08/24/2026,01:33:14: Evaluating...
08/24/2026,01:33:14: 	Train Loss: 3439364.5000 (base: 178.5800, kd: 6878.3711), Elapsed: train 2.43 test 0.38
08/24/2026,01:33:14: 	Recall@10: 0.06730 Recall@20: 0.10057 NDCG@10: 0.03981 NDCG@20: 0.04894 
08/24/2026,01:33:14: 	Recall@10: 0.02688 Recall@20: 0.04311 NDCG@10: 0.01520 NDCG@20: 0.01957 
08/24/2026,01:33:14: Epoch [129/1000]
08/24/2026,01:33:14: Negative sampling...
08/24/2026,01:33:16: Model's personal time...
08/24/2026,01:33:16: Training...
08/24/2026,01:33:17: Evaluating...
08/24/2026,01:33:17: 	Train Loss: 3439153.5000 (base: 178.3234, kd: 6877.9502), Elapsed: train 2.45 test 0.39
08/24/2026,01:33:17: 	Recall@10: 0.06711 Recall@20: 0.09992 NDCG@10: 0.04011 NDCG@20: 0.04912 
08/24/2026,01:33:17: 	Recall@10: 0.02700 Recall@20: 0.04318 NDCG@10: 0.01509 NDCG@20: 0.01948 
08/24/2026,01:33:17: Epoch [130/1000]
08/24/2026,01:33:17: Negative sampling...
08/24/2026,01:33:18: Model's personal time...
08/24/2026,01:33:19: Training...
08/24/2026,01:33:20: Evaluating...
08/24/2026,01:33:20: 	Train Loss: 3439002.5000 (base: 175.1460, kd: 6877.6543), Elapsed: train 2.52 test 0.40
08/24/2026,01:33:20: 	Recall@10: 0.06643 Recall@20: 0.09956 NDCG@10: 0.03980 NDCG@20: 0.04891 
08/24/2026,01:33:20: 	Recall@10: 0.02745 Recall@20: 0.04350 NDCG@10: 0.01536 NDCG@20: 0.01968 
08/24/2026,01:33:20: Epoch [131/1000]
08/24/2026,01:33:20: Negative sampling...
08/24/2026,01:33:21: Model's personal time...
08/24/2026,01:33:21: Training...
08/24/2026,01:33:23: Evaluating...
08/24/2026,01:33:23: 	Train Loss: 3438958.2500 (base: 175.5292, kd: 6877.5664), Elapsed: train 2.55 test 0.40
08/24/2026,01:33:23: 	Recall@10: 0.06686 Recall@20: 0.09949 NDCG@10: 0.04026 NDCG@20: 0.04922 
08/24/2026,01:33:23: 	Recall@10: 0.02713 Recall@20: 0.04396 NDCG@10: 0.01518 NDCG@20: 0.01970 
08/24/2026,01:33:23: Epoch [132/1000]
08/24/2026,01:33:23: Negative sampling...
08/24/2026,01:33:24: Model's personal time...
08/24/2026,01:33:24: Training...
08/24/2026,01:33:25: Evaluating...
08/24/2026,01:33:26: 	Train Loss: 3439377.0000 (base: 175.1196, kd: 6878.4043), Elapsed: train 2.48 test 0.40
08/24/2026,01:33:26: 	Recall@10: 0.06789 Recall@20: 0.10012 NDCG@10: 0.04008 NDCG@20: 0.04892 
08/24/2026,01:33:26: 	Recall@10: 0.02707 Recall@20: 0.04347 NDCG@10: 0.01514 NDCG@20: 0.01958 
08/24/2026,01:33:26: Epoch [133/1000]
08/24/2026,01:33:26: Negative sampling...
08/24/2026,01:33:27: Model's personal time...
08/24/2026,01:33:27: Training...
08/24/2026,01:33:28: Evaluating...
08/24/2026,01:33:29: 	Train Loss: 3439896.5000 (base: 174.4557, kd: 6879.4443), Elapsed: train 2.52 test 0.40
08/24/2026,01:33:29: 	Recall@10: 0.06744 Recall@20: 0.10005 NDCG@10: 0.04046 NDCG@20: 0.04931 
08/24/2026,01:33:29: 	Recall@10: 0.02707 Recall@20: 0.04299 NDCG@10: 0.01530 NDCG@20: 0.01961 
08/24/2026,01:33:29: Epoch [134/1000]
08/24/2026,01:33:29: Negative sampling...
08/24/2026,01:33:30: Model's personal time...
08/24/2026,01:33:30: Training...
08/24/2026,01:33:31: Evaluating...
08/24/2026,01:33:32: 	Train Loss: 3439309.0000 (base: 175.2116, kd: 6878.2676), Elapsed: train 2.49 test 0.40
08/24/2026,01:33:32: 	Recall@10: 0.06691 Recall@20: 0.09983 NDCG@10: 0.03996 NDCG@20: 0.04895 
08/24/2026,01:33:32: 	Recall@10: 0.02716 Recall@20: 0.04292 NDCG@10: 0.01515 NDCG@20: 0.01942 
08/24/2026,01:33:32: Epoch [135/1000]
08/24/2026,01:33:32: Negative sampling...
08/24/2026,01:33:33: Model's personal time...
08/24/2026,01:33:33: Training...
08/24/2026,01:33:34: Evaluating...
08/24/2026,01:33:35: 	Train Loss: 3439853.0000 (base: 171.1552, kd: 6879.3633), Elapsed: train 2.48 test 0.40
08/24/2026,01:33:35: 	Recall@10: 0.06726 Recall@20: 0.09966 NDCG@10: 0.04032 NDCG@20: 0.04912 
08/24/2026,01:33:35: 	Recall@10: 0.02780 Recall@20: 0.04321 NDCG@10: 0.01536 NDCG@20: 0.01952 
08/24/2026,01:33:35: Epoch [136/1000]
08/24/2026,01:33:35: Negative sampling...
08/24/2026,01:33:36: Model's personal time...
08/24/2026,01:33:36: Training...
08/24/2026,01:33:37: Evaluating...
08/24/2026,01:33:37: 	Train Loss: 3439053.7500 (base: 171.7167, kd: 6877.7637), Elapsed: train 2.50 test 0.48
08/24/2026,01:33:37: 	Recall@10: 0.06683 Recall@20: 0.09978 NDCG@10: 0.04013 NDCG@20: 0.04919 
08/24/2026,01:33:37: 	Recall@10: 0.02726 Recall@20: 0.04351 NDCG@10: 0.01517 NDCG@20: 0.01955 
08/24/2026,01:33:37: Epoch [137/1000]
08/24/2026,01:33:37: Negative sampling...
08/24/2026,01:33:39: Model's personal time...
08/24/2026,01:33:39: Training...
08/24/2026,01:33:40: Evaluating...
08/24/2026,01:33:41: 	Train Loss: 3439425.0000 (base: 169.4511, kd: 6878.5112), Elapsed: train 2.77 test 0.39
08/24/2026,01:33:41: 	Recall@10: 0.06803 Recall@20: 0.09969 NDCG@10: 0.04029 NDCG@20: 0.04899 
08/24/2026,01:33:41: 	Recall@10: 0.02736 Recall@20: 0.04326 NDCG@10: 0.01529 NDCG@20: 0.01955 
08/24/2026,01:33:41: Epoch [138/1000]
08/24/2026,01:33:41: Negative sampling...
08/24/2026,01:33:42: Model's personal time...
08/24/2026,01:33:42: Training...
08/24/2026,01:33:43: Evaluating...
08/24/2026,01:33:44: 	Train Loss: 3439420.7500 (base: 172.0165, kd: 6878.4971), Elapsed: train 2.58 test 0.48
08/24/2026,01:33:44: 	Recall@10: 0.06731 Recall@20: 0.10038 NDCG@10: 0.04007 NDCG@20: 0.04916 
08/24/2026,01:33:44: 	Recall@10: 0.02750 Recall@20: 0.04335 NDCG@10: 0.01527 NDCG@20: 0.01954 
08/24/2026,01:33:44: Epoch [139/1000]
08/24/2026,01:33:44: Negative sampling...
08/24/2026,01:33:45: Model's personal time...
08/24/2026,01:33:46: Training...
08/24/2026,01:33:47: Evaluating...
08/24/2026,01:33:47: 	Train Loss: 3439228.7500 (base: 166.8808, kd: 6878.1230), Elapsed: train 2.98 test 0.40
08/24/2026,01:33:47: 	Recall@10: 0.06784 Recall@20: 0.09917 NDCG@10: 0.04027 NDCG@20: 0.04889 
08/24/2026,01:33:47: 	Recall@10: 0.02731 Recall@20: 0.04285 NDCG@10: 0.01531 NDCG@20: 0.01955 
08/24/2026,01:33:47: Epoch [140/1000]
08/24/2026,01:33:47: Negative sampling...
08/24/2026,01:33:48: Model's personal time...
08/24/2026,01:33:49: Training...
08/24/2026,01:33:50: Evaluating...
08/24/2026,01:33:50: 	Train Loss: 3439147.7500 (base: 167.7900, kd: 6877.9604), Elapsed: train 2.49 test 0.40
08/24/2026,01:33:50: 	Recall@10: 0.06663 Recall@20: 0.09969 NDCG@10: 0.04016 NDCG@20: 0.04926 
08/24/2026,01:33:50: 	Recall@10: 0.02688 Recall@20: 0.04261 NDCG@10: 0.01515 NDCG@20: 0.01944 
08/24/2026,01:33:50: Epoch [141/1000]
08/24/2026,01:33:50: Negative sampling...
08/24/2026,01:33:51: Model's personal time...
08/24/2026,01:33:51: Training...
08/24/2026,01:33:52: Evaluating...
08/24/2026,01:33:53: 	Train Loss: 3439019.0000 (base: 167.0067, kd: 6877.7041), Elapsed: train 2.51 test 0.39
08/24/2026,01:33:53: 	Recall@10: 0.06707 Recall@20: 0.09999 NDCG@10: 0.04014 NDCG@20: 0.04918 
08/24/2026,01:33:53: 	Recall@10: 0.02681 Recall@20: 0.04190 NDCG@10: 0.01508 NDCG@20: 0.01922 
08/24/2026,01:33:53: Epoch [142/1000]
08/24/2026,01:33:53: Negative sampling...
08/24/2026,01:33:54: Model's personal time...
08/24/2026,01:33:54: Training...
08/24/2026,01:33:55: Evaluating...
08/24/2026,01:33:56: 	Train Loss: 3439284.2500 (base: 166.3740, kd: 6878.2358), Elapsed: train 2.50 test 0.40
08/24/2026,01:33:56: 	Recall@10: 0.06706 Recall@20: 0.09915 NDCG@10: 0.04015 NDCG@20: 0.04899 
08/24/2026,01:33:56: 	Recall@10: 0.02732 Recall@20: 0.04210 NDCG@10: 0.01537 NDCG@20: 0.01941 
08/24/2026,01:33:56: Epoch [143/1000]
08/24/2026,01:33:56: Negative sampling...
08/24/2026,01:33:57: Model's personal time...
08/24/2026,01:33:57: Training...
08/24/2026,01:33:58: Evaluating...
08/24/2026,01:33:59: 	Train Loss: 3439306.7500 (base: 165.4464, kd: 6878.2817), Elapsed: train 2.51 test 0.41 *
08/24/2026,01:33:59: 	Recall@10: 0.06721 Recall@20: 0.10041 NDCG@10: 0.04030 NDCG@20: 0.04941 
08/24/2026,01:33:59: 	Recall@10: 0.02745 Recall@20: 0.04257 NDCG@10: 0.01521 NDCG@20: 0.01931 
08/24/2026,01:33:59: Epoch [144/1000]
08/24/2026,01:33:59: Negative sampling...
08/24/2026,01:34:00: Model's personal time...
08/24/2026,01:34:00: Training...
08/24/2026,01:34:01: Evaluating...
08/24/2026,01:34:02: 	Train Loss: 3439392.5000 (base: 162.5060, kd: 6878.4604), Elapsed: train 2.51 test 0.40
08/24/2026,01:34:02: 	Recall@10: 0.06747 Recall@20: 0.10005 NDCG@10: 0.04039 NDCG@20: 0.04929 
08/24/2026,01:34:02: 	Recall@10: 0.02777 Recall@20: 0.04215 NDCG@10: 0.01531 NDCG@20: 0.01924 
08/24/2026,01:34:02: Epoch [145/1000]
08/24/2026,01:34:02: Negative sampling...
08/24/2026,01:34:03: Model's personal time...
08/24/2026,01:34:03: Training...
08/24/2026,01:34:04: Evaluating...
08/24/2026,01:34:05: 	Train Loss: 3439579.2500 (base: 162.2538, kd: 6878.8340), Elapsed: train 2.51 test 0.41
08/24/2026,01:34:05: 	Recall@10: 0.06733 Recall@20: 0.10119 NDCG@10: 0.04022 NDCG@20: 0.04941 
08/24/2026,01:34:05: 	Recall@10: 0.02742 Recall@20: 0.04232 NDCG@10: 0.01522 NDCG@20: 0.01928 
08/24/2026,01:34:05: Epoch [146/1000]
08/24/2026,01:34:05: Negative sampling...
08/24/2026,01:34:06: Model's personal time...
08/24/2026,01:34:06: Training...
08/24/2026,01:34:07: Evaluating...
08/24/2026,01:34:07: 	Train Loss: 3439596.0000 (base: 161.9927, kd: 6878.8687), Elapsed: train 2.49 test 0.39
08/24/2026,01:34:07: 	Recall@10: 0.06725 Recall@20: 0.10079 NDCG@10: 0.04003 NDCG@20: 0.04914 
08/24/2026,01:34:07: 	Recall@10: 0.02671 Recall@20: 0.04244 NDCG@10: 0.01508 NDCG@20: 0.01939 
08/24/2026,01:34:07: Epoch [147/1000]
08/24/2026,01:34:07: Negative sampling...
08/24/2026,01:34:09: Model's personal time...
08/24/2026,01:34:09: Training...
08/24/2026,01:34:10: Evaluating...
08/24/2026,01:34:10: 	Train Loss: 3439365.7500 (base: 160.4132, kd: 6878.4106), Elapsed: train 2.46 test 0.38
08/24/2026,01:34:10: 	Recall@10: 0.06703 Recall@20: 0.10064 NDCG@10: 0.04009 NDCG@20: 0.04932 
08/24/2026,01:34:10: 	Recall@10: 0.02720 Recall@20: 0.04239 NDCG@10: 0.01521 NDCG@20: 0.01937 
08/24/2026,01:34:10: Epoch [148/1000]
08/24/2026,01:34:10: Negative sampling...
08/24/2026,01:34:12: Model's personal time...
08/24/2026,01:34:12: Training...
08/24/2026,01:34:13: Evaluating...
08/24/2026,01:34:13: 	Train Loss: 3439538.0000 (base: 160.8215, kd: 6878.7544), Elapsed: train 2.51 test 0.38
08/24/2026,01:34:13: 	Recall@10: 0.06747 Recall@20: 0.10082 NDCG@10: 0.04024 NDCG@20: 0.04931 
08/24/2026,01:34:13: 	Recall@10: 0.02755 Recall@20: 0.04219 NDCG@10: 0.01531 NDCG@20: 0.01931 
08/24/2026,01:34:13: Epoch [149/1000]
08/24/2026,01:34:13: Negative sampling...
08/24/2026,01:34:14: Model's personal time...
08/24/2026,01:34:15: Training...
08/24/2026,01:34:16: Evaluating...
08/24/2026,01:34:16: 	Train Loss: 3440073.0000 (base: 156.6211, kd: 6879.8335), Elapsed: train 2.48 test 0.40
08/24/2026,01:34:16: 	Recall@10: 0.06739 Recall@20: 0.10125 NDCG@10: 0.04005 NDCG@20: 0.04928 
08/24/2026,01:34:16: 	Recall@10: 0.02790 Recall@20: 0.04286 NDCG@10: 0.01541 NDCG@20: 0.01947 
08/24/2026,01:34:16: Epoch [150/1000]
08/24/2026,01:34:16: Negative sampling...
08/24/2026,01:34:17: Model's personal time...
08/24/2026,01:34:17: Training...
08/24/2026,01:34:19: Evaluating...
08/24/2026,01:34:19: 	Train Loss: 3439705.0000 (base: 157.4910, kd: 6879.0957), Elapsed: train 2.51 test 0.40 *
08/24/2026,01:34:19: 	Recall@10: 0.06750 Recall@20: 0.10167 NDCG@10: 0.04026 NDCG@20: 0.04954 
08/24/2026,01:34:19: 	Recall@10: 0.02745 Recall@20: 0.04247 NDCG@10: 0.01527 NDCG@20: 0.01936 
08/24/2026,01:34:19: Epoch [151/1000]
08/24/2026,01:34:19: Negative sampling...
08/24/2026,01:34:20: Model's personal time...
08/24/2026,01:34:20: Training...
08/24/2026,01:34:21: Evaluating...
08/24/2026,01:34:22: 	Train Loss: 3439541.7500 (base: 156.4119, kd: 6878.7705), Elapsed: train 2.53 test 0.40
08/24/2026,01:34:22: 	Recall@10: 0.06740 Recall@20: 0.10006 NDCG@10: 0.04009 NDCG@20: 0.04901 
08/24/2026,01:34:22: 	Recall@10: 0.02784 Recall@20: 0.04248 NDCG@10: 0.01542 NDCG@20: 0.01942 
08/24/2026,01:34:22: Epoch [152/1000]
08/24/2026,01:34:22: Negative sampling...
08/24/2026,01:34:23: Model's personal time...
08/24/2026,01:34:23: Training...
08/24/2026,01:34:24: Evaluating...
08/24/2026,01:34:25: 	Train Loss: 3439992.0000 (base: 151.4978, kd: 6879.6812), Elapsed: train 2.51 test 0.40
08/24/2026,01:34:25: 	Recall@10: 0.06773 Recall@20: 0.10088 NDCG@10: 0.04018 NDCG@20: 0.04931 
08/24/2026,01:34:25: 	Recall@10: 0.02700 Recall@20: 0.04270 NDCG@10: 0.01516 NDCG@20: 0.01946 
08/24/2026,01:34:25: Epoch [153/1000]
08/24/2026,01:34:25: Negative sampling...
08/24/2026,01:34:26: Model's personal time...
08/24/2026,01:34:26: Training...
08/24/2026,01:34:27: Evaluating...
08/24/2026,01:34:28: 	Train Loss: 3439008.0000 (base: 156.4214, kd: 6877.7031), Elapsed: train 2.54 test 0.39
08/24/2026,01:34:28: 	Recall@10: 0.06776 Recall@20: 0.10055 NDCG@10: 0.04015 NDCG@20: 0.04915 
08/24/2026,01:34:28: 	Recall@10: 0.02706 Recall@20: 0.04295 NDCG@10: 0.01515 NDCG@20: 0.01950 
08/24/2026,01:34:28: Epoch [154/1000]
08/24/2026,01:34:28: Negative sampling...
08/24/2026,01:34:29: Model's personal time...
08/24/2026,01:34:29: Training...
08/24/2026,01:34:30: Evaluating...
08/24/2026,01:34:31: 	Train Loss: 3439330.7500 (base: 165.4036, kd: 6878.3311), Elapsed: train 2.46 test 0.46
08/24/2026,01:34:31: 	Recall@10: 0.06715 Recall@20: 0.10080 NDCG@10: 0.04002 NDCG@20: 0.04922 
08/24/2026,01:34:31: 	Recall@10: 0.02787 Recall@20: 0.04318 NDCG@10: 0.01540 NDCG@20: 0.01958 
08/24/2026,01:34:31: Epoch [155/1000]
08/24/2026,01:34:31: Negative sampling...
08/24/2026,01:34:32: Model's personal time...
08/24/2026,01:34:32: Training...
08/24/2026,01:34:34: Evaluating...
08/24/2026,01:34:34: 	Train Loss: 3439451.7500 (base: 163.2172, kd: 6878.5771), Elapsed: train 3.00 test 0.48
08/24/2026,01:34:34: 	Recall@10: 0.06676 Recall@20: 0.10014 NDCG@10: 0.03975 NDCG@20: 0.04891 
08/24/2026,01:34:34: 	Recall@10: 0.02757 Recall@20: 0.04307 NDCG@10: 0.01531 NDCG@20: 0.01952 
08/24/2026,01:34:34: Epoch [156/1000]
08/24/2026,01:34:34: Negative sampling...
08/24/2026,01:34:35: Model's personal time...
08/24/2026,01:34:36: Training...
08/24/2026,01:34:37: Evaluating...
08/24/2026,01:34:37: 	Train Loss: 3439537.5000 (base: 164.5508, kd: 6878.7471), Elapsed: train 2.53 test 0.40
08/24/2026,01:34:37: 	Recall@10: 0.06718 Recall@20: 0.10037 NDCG@10: 0.03993 NDCG@20: 0.04907 
08/24/2026,01:34:37: 	Recall@10: 0.02702 Recall@20: 0.04342 NDCG@10: 0.01512 NDCG@20: 0.01959 
08/24/2026,01:34:37: Epoch [157/1000]
08/24/2026,01:34:37: Negative sampling...
08/24/2026,01:34:38: Model's personal time...
08/24/2026,01:34:38: Training...
08/24/2026,01:34:40: Evaluating...
08/24/2026,01:34:40: 	Train Loss: 3440229.2500 (base: 166.3148, kd: 6880.1260), Elapsed: train 2.66 test 0.52
08/24/2026,01:34:40: 	Recall@10: 0.06698 Recall@20: 0.10094 NDCG@10: 0.03999 NDCG@20: 0.04927 
08/24/2026,01:34:40: 	Recall@10: 0.02732 Recall@20: 0.04297 NDCG@10: 0.01519 NDCG@20: 0.01947 
08/24/2026,01:34:40: Epoch [158/1000]
08/24/2026,01:34:40: Negative sampling...
08/24/2026,01:34:42: Model's personal time...
08/24/2026,01:34:42: Training...
08/24/2026,01:34:43: Evaluating...
08/24/2026,01:34:44: 	Train Loss: 3439607.5000 (base: 163.3139, kd: 6878.8882), Elapsed: train 3.09 test 0.40
08/24/2026,01:34:44: 	Recall@10: 0.06705 Recall@20: 0.10063 NDCG@10: 0.03999 NDCG@20: 0.04918 
08/24/2026,01:34:44: 	Recall@10: 0.02722 Recall@20: 0.04283 NDCG@10: 0.01522 NDCG@20: 0.01952 
08/24/2026,01:34:44: Epoch [159/1000]
08/24/2026,01:34:44: Negative sampling...
08/24/2026,01:34:45: Model's personal time...
08/24/2026,01:34:45: Training...
08/24/2026,01:34:46: Evaluating...
08/24/2026,01:34:47: 	Train Loss: 3440215.7500 (base: 164.3298, kd: 6880.1030), Elapsed: train 2.57 test 0.40
08/24/2026,01:34:47: 	Recall@10: 0.06743 Recall@20: 0.10060 NDCG@10: 0.04011 NDCG@20: 0.04922 
08/24/2026,01:34:47: 	Recall@10: 0.02757 Recall@20: 0.04265 NDCG@10: 0.01527 NDCG@20: 0.01938 
08/24/2026,01:34:47: Epoch [160/1000]
08/24/2026,01:34:47: Negative sampling...
08/24/2026,01:34:48: Model's personal time...
08/24/2026,01:34:48: Training...
08/24/2026,01:34:50: Evaluating...
08/24/2026,01:34:50: 	Train Loss: 3439288.0000 (base: 161.6108, kd: 6878.2539), Elapsed: train 3.02 test 0.48
08/24/2026,01:34:50: 	Recall@10: 0.06670 Recall@20: 0.09943 NDCG@10: 0.04011 NDCG@20: 0.04911 
08/24/2026,01:34:50: 	Recall@10: 0.02691 Recall@20: 0.04279 NDCG@10: 0.01516 NDCG@20: 0.01953 
08/24/2026,01:34:50: Epoch [161/1000]
08/24/2026,01:34:50: Negative sampling...
08/24/2026,01:34:52: Model's personal time...
08/24/2026,01:34:52: Training...
08/24/2026,01:34:53: Evaluating...
08/24/2026,01:34:53: 	Train Loss: 3439770.0000 (base: 162.9570, kd: 6879.2144), Elapsed: train 2.61 test 0.40
08/24/2026,01:34:53: 	Recall@10: 0.06790 Recall@20: 0.09991 NDCG@10: 0.04028 NDCG@20: 0.04905 
08/24/2026,01:34:53: 	Recall@10: 0.02742 Recall@20: 0.04295 NDCG@10: 0.01524 NDCG@20: 0.01949 
08/24/2026,01:34:53: Epoch [162/1000]
08/24/2026,01:34:53: Negative sampling...
08/24/2026,01:34:55: Model's personal time...
08/24/2026,01:34:55: Training...
08/24/2026,01:34:56: Evaluating...
08/24/2026,01:34:56: 	Train Loss: 3439649.2500 (base: 159.7484, kd: 6878.9795), Elapsed: train 2.49 test 0.40
08/24/2026,01:34:56: 	Recall@10: 0.06702 Recall@20: 0.10006 NDCG@10: 0.03987 NDCG@20: 0.04893 
08/24/2026,01:34:56: 	Recall@10: 0.02732 Recall@20: 0.04282 NDCG@10: 0.01528 NDCG@20: 0.01953 
08/24/2026,01:34:56: Epoch [163/1000]
08/24/2026,01:34:56: Negative sampling...
08/24/2026,01:34:57: Model's personal time...
08/24/2026,01:34:58: Training...
08/24/2026,01:34:59: Evaluating...
08/24/2026,01:34:59: 	Train Loss: 3439541.5000 (base: 159.6909, kd: 6878.7637), Elapsed: train 2.53 test 0.41
08/24/2026,01:34:59: 	Recall@10: 0.06764 Recall@20: 0.10015 NDCG@10: 0.04019 NDCG@20: 0.04907 
08/24/2026,01:34:59: 	Recall@10: 0.02741 Recall@20: 0.04273 NDCG@10: 0.01519 NDCG@20: 0.01942 
08/24/2026,01:34:59: Epoch [164/1000]
08/24/2026,01:34:59: Negative sampling...
08/24/2026,01:35:00: Model's personal time...
08/24/2026,01:35:00: Training...
08/24/2026,01:35:02: Evaluating...
08/24/2026,01:35:02: 	Train Loss: 3440059.2500 (base: 158.2889, kd: 6879.8022), Elapsed: train 2.57 test 0.40
08/24/2026,01:35:02: 	Recall@10: 0.06786 Recall@20: 0.10082 NDCG@10: 0.04021 NDCG@20: 0.04923 
08/24/2026,01:35:02: 	Recall@10: 0.02706 Recall@20: 0.04270 NDCG@10: 0.01513 NDCG@20: 0.01943 
08/24/2026,01:35:02: Epoch [165/1000]
08/24/2026,01:35:02: Negative sampling...
08/24/2026,01:35:03: Model's personal time...
08/24/2026,01:35:03: Training...
08/24/2026,01:35:04: Evaluating...
08/24/2026,01:35:05: 	Train Loss: 3439374.2500 (base: 160.6141, kd: 6878.4272), Elapsed: train 2.51 test 0.40
08/24/2026,01:35:05: 	Recall@10: 0.06860 Recall@20: 0.10080 NDCG@10: 0.04041 NDCG@20: 0.04917 
08/24/2026,01:35:05: 	Recall@10: 0.02763 Recall@20: 0.04254 NDCG@10: 0.01519 NDCG@20: 0.01929 
08/24/2026,01:35:05: Epoch [166/1000]
08/24/2026,01:35:05: Negative sampling...
08/24/2026,01:35:06: Model's personal time...
08/24/2026,01:35:06: Training...
08/24/2026,01:35:08: Evaluating...
08/24/2026,01:35:08: 	Train Loss: 3440030.0000 (base: 157.9765, kd: 6879.7437), Elapsed: train 2.63 test 0.50
08/24/2026,01:35:08: 	Recall@10: 0.06782 Recall@20: 0.10082 NDCG@10: 0.04016 NDCG@20: 0.04921 
08/24/2026,01:35:08: 	Recall@10: 0.02770 Recall@20: 0.04302 NDCG@10: 0.01537 NDCG@20: 0.01953 
08/24/2026,01:35:08: Epoch [167/1000]
08/24/2026,01:35:08: Negative sampling...
08/24/2026,01:35:10: Model's personal time...
08/24/2026,01:35:10: Training...
08/24/2026,01:35:11: Evaluating...
08/24/2026,01:35:12: 	Train Loss: 3440049.0000 (base: 156.8843, kd: 6879.7832), Elapsed: train 3.09 test 0.49
08/24/2026,01:35:12: 	Recall@10: 0.06801 Recall@20: 0.10024 NDCG@10: 0.04028 NDCG@20: 0.04908 
08/24/2026,01:35:12: 	Recall@10: 0.02729 Recall@20: 0.04270 NDCG@10: 0.01519 NDCG@20: 0.01941 
08/24/2026,01:35:12: Epoch [168/1000]
08/24/2026,01:35:12: Negative sampling...
08/24/2026,01:35:13: Model's personal time...
08/24/2026,01:35:13: Training...
08/24/2026,01:35:15: Evaluating...
08/24/2026,01:35:15: 	Train Loss: 3439138.5000 (base: 155.3031, kd: 6877.9668), Elapsed: train 2.94 test 0.40
08/24/2026,01:35:15: 	Recall@10: 0.06774 Recall@20: 0.09974 NDCG@10: 0.04018 NDCG@20: 0.04898 
08/24/2026,01:35:15: 	Recall@10: 0.02718 Recall@20: 0.04258 NDCG@10: 0.01513 NDCG@20: 0.01935 
08/24/2026,01:35:15: Epoch [169/1000]
08/24/2026,01:35:15: Negative sampling...
08/24/2026,01:35:16: Model's personal time...
08/24/2026,01:35:16: Training...
08/24/2026,01:35:17: Evaluating...
08/24/2026,01:35:18: 	Train Loss: 3439607.0000 (base: 157.1522, kd: 6878.8999), Elapsed: train 2.53 test 0.40
08/24/2026,01:35:18: 	Recall@10: 0.06840 Recall@20: 0.09948 NDCG@10: 0.04051 NDCG@20: 0.04904 
08/24/2026,01:35:18: 	Recall@10: 0.02790 Recall@20: 0.04257 NDCG@10: 0.01532 NDCG@20: 0.01931 
08/24/2026,01:35:18: Epoch [170/1000]
08/24/2026,01:35:18: Negative sampling...
08/24/2026,01:35:19: Model's personal time...
08/24/2026,01:35:19: Training...
08/24/2026,01:35:20: Evaluating...
08/24/2026,01:35:21: 	Train Loss: 3439939.7500 (base: 162.8338, kd: 6879.5542), Elapsed: train 2.60 test 0.40
08/24/2026,01:35:21: 	Recall@10: 0.06741 Recall@20: 0.09949 NDCG@10: 0.04000 NDCG@20: 0.04868 
08/24/2026,01:35:21: 	Recall@10: 0.02757 Recall@20: 0.04282 NDCG@10: 0.01526 NDCG@20: 0.01942 
08/24/2026,01:35:21: Epoch [171/1000]
08/24/2026,01:35:21: Negative sampling...
08/24/2026,01:35:22: Model's personal time...
08/24/2026,01:35:22: Training...
08/24/2026,01:35:23: Evaluating...
08/24/2026,01:35:24: 	Train Loss: 3440181.2500 (base: 156.9635, kd: 6880.0483), Elapsed: train 2.57 test 0.39
08/24/2026,01:35:24: 	Recall@10: 0.06729 Recall@20: 0.10030 NDCG@10: 0.03997 NDCG@20: 0.04892 
08/24/2026,01:35:24: 	Recall@10: 0.02741 Recall@20: 0.04262 NDCG@10: 0.01515 NDCG@20: 0.01931 
08/24/2026,01:35:24: Epoch [172/1000]
08/24/2026,01:35:24: Negative sampling...
08/24/2026,01:35:25: Model's personal time...
08/24/2026,01:35:25: Training...
08/24/2026,01:35:26: Evaluating...
08/24/2026,01:35:27: 	Train Loss: 3440458.7500 (base: 155.6062, kd: 6880.6064), Elapsed: train 2.55 test 0.39
08/24/2026,01:35:27: 	Recall@10: 0.06718 Recall@20: 0.10004 NDCG@10: 0.03999 NDCG@20: 0.04897 
08/24/2026,01:35:27: 	Recall@10: 0.02760 Recall@20: 0.04199 NDCG@10: 0.01520 NDCG@20: 0.01917 
08/24/2026,01:35:27: Epoch [173/1000]
08/24/2026,01:35:27: Negative sampling...
08/24/2026,01:35:28: Model's personal time...
08/24/2026,01:35:28: Training...
08/24/2026,01:35:29: Evaluating...
08/24/2026,01:35:30: 	Train Loss: 3440005.2500 (base: 155.4584, kd: 6879.6997), Elapsed: train 2.55 test 0.41
08/24/2026,01:35:30: 	Recall@10: 0.06734 Recall@20: 0.10090 NDCG@10: 0.03986 NDCG@20: 0.04901 
08/24/2026,01:35:30: 	Recall@10: 0.02751 Recall@20: 0.04283 NDCG@10: 0.01514 NDCG@20: 0.01931 
08/24/2026,01:35:30: Epoch [174/1000]
08/24/2026,01:35:30: Negative sampling...
08/24/2026,01:35:31: Model's personal time...
08/24/2026,01:35:31: Training...
08/24/2026,01:35:32: Evaluating...
08/24/2026,01:35:33: 	Train Loss: 3440074.0000 (base: 156.2666, kd: 6879.8354), Elapsed: train 2.46 test 0.39
08/24/2026,01:35:33: 	Recall@10: 0.06726 Recall@20: 0.10042 NDCG@10: 0.03992 NDCG@20: 0.04891 
08/24/2026,01:35:33: 	Recall@10: 0.02706 Recall@20: 0.04291 NDCG@10: 0.01502 NDCG@20: 0.01935 
08/24/2026,01:35:33: Epoch [175/1000]
08/24/2026,01:35:33: Negative sampling...
08/24/2026,01:35:34: Model's personal time...
08/24/2026,01:35:34: Training...
08/24/2026,01:35:35: Evaluating...
08/24/2026,01:35:36: 	Train Loss: 3438930.5000 (base: 152.7694, kd: 6877.5552), Elapsed: train 2.55 test 0.49
08/24/2026,01:35:36: 	Recall@10: 0.06778 Recall@20: 0.09968 NDCG@10: 0.04019 NDCG@20: 0.04890 
08/24/2026,01:35:36: 	Recall@10: 0.02761 Recall@20: 0.04259 NDCG@10: 0.01515 NDCG@20: 0.01925 
08/24/2026,01:35:36: Epoch [176/1000]
08/24/2026,01:35:36: Negative sampling...
08/24/2026,01:35:37: Model's personal time...
08/24/2026,01:35:37: Training...
08/24/2026,01:35:38: Evaluating...
08/24/2026,01:35:39: 	Train Loss: 3439979.7500 (base: 153.2914, kd: 6879.6528), Elapsed: train 2.84 test 0.40
08/24/2026,01:35:39: 	Recall@10: 0.06731 Recall@20: 0.10059 NDCG@10: 0.04010 NDCG@20: 0.04918 
08/24/2026,01:35:39: 	Recall@10: 0.02716 Recall@20: 0.04247 NDCG@10: 0.01514 NDCG@20: 0.01935 
08/24/2026,01:35:39: Epoch [177/1000]
08/24/2026,01:35:39: Negative sampling...
08/24/2026,01:35:40: Model's personal time...
08/24/2026,01:35:40: Training...
08/24/2026,01:35:41: Evaluating...
08/24/2026,01:35:42: 	Train Loss: 3439978.5000 (base: 158.5186, kd: 6879.6401), Elapsed: train 2.51 test 0.40
08/24/2026,01:35:42: 	Recall@10: 0.06777 Recall@20: 0.09993 NDCG@10: 0.03977 NDCG@20: 0.04855 
08/24/2026,01:35:42: 	Recall@10: 0.02712 Recall@20: 0.04272 NDCG@10: 0.01509 NDCG@20: 0.01938 
08/24/2026,01:35:42: Epoch [178/1000]
08/24/2026,01:35:42: Negative sampling...
08/24/2026,01:35:43: Model's personal time...
08/24/2026,01:35:43: Training...
08/24/2026,01:35:44: Evaluating...
08/24/2026,01:35:45: 	Train Loss: 3440058.5000 (base: 153.0832, kd: 6879.8110), Elapsed: train 2.49 test 0.40
08/24/2026,01:35:45: 	Recall@10: 0.06737 Recall@20: 0.10027 NDCG@10: 0.04003 NDCG@20: 0.04903 
08/24/2026,01:35:45: 	Recall@10: 0.02722 Recall@20: 0.04337 NDCG@10: 0.01520 NDCG@20: 0.01961 
08/24/2026,01:35:45: Epoch [179/1000]
08/24/2026,01:35:45: Negative sampling...
08/24/2026,01:35:46: Model's personal time...
08/24/2026,01:35:46: Training...
08/24/2026,01:35:47: Evaluating...
08/24/2026,01:35:48: 	Train Loss: 3440160.5000 (base: 156.8422, kd: 6880.0073), Elapsed: train 2.65 test 0.47
08/24/2026,01:35:48: 	Recall@10: 0.06767 Recall@20: 0.10148 NDCG@10: 0.04003 NDCG@20: 0.04925 
08/24/2026,01:35:48: 	Recall@10: 0.02722 Recall@20: 0.04235 NDCG@10: 0.01520 NDCG@20: 0.01933 
08/24/2026,01:35:48: Epoch [180/1000]
08/24/2026,01:35:48: Negative sampling...
08/24/2026,01:35:49: Model's personal time...
08/24/2026,01:35:50: Training...
08/24/2026,01:35:51: Evaluating...
08/24/2026,01:35:51: 	Train Loss: 3439419.7500 (base: 152.7720, kd: 6878.5337), Elapsed: train 2.77 test 0.39
08/24/2026,01:35:51: 	Recall@10: 0.06723 Recall@20: 0.09971 NDCG@10: 0.03996 NDCG@20: 0.04885 
08/24/2026,01:35:51: 	Recall@10: 0.02757 Recall@20: 0.04301 NDCG@10: 0.01526 NDCG@20: 0.01949 
08/24/2026,01:35:51: ------------------------------
08/24/2026,01:35:51: valid Recall@10: 0.06750 Recall@20: 0.10167 NDCG@10: 0.04026 NDCG@20: 0.04954
08/24/2026,01:35:51: test Recall@10: 0.02745 Recall@20: 0.04247 NDCG@10: 0.01527 NDCG@20: 0.01936
