----------------------------------------TEACHER----------------------------------------
init_std                                 0.1
keep_prob                                0.6
A_split                                  False
dropout                                  False
embedding_dim                            2000
num_layers                               3
----------------------------------------TEACHER----------------------------------------
----------------------------------------STUDENT----------------------------------------
init_std                                 0.01
embedding_dim                            20
----------------------------------------STUDENT----------------------------------------
----------------------------------------ARGUMENTS----------------------------------------
run_all                                  False
seed                                     0
gpu_id                                   0
no_log                                   False
no_save                                  False
suffix                                   het_mxK800_seed0
verbose                                  False
ablation                                 False
task                                     rec
dataset                                  citeulike
batch_size                               2048
num_ns                                   1
neg_sampling_on_all                      False
T_backbone                               lightgcn
S_backbone                               bpr
model                                    rcekd
preload                                  False
postsave                                 False
train_teacher                            False
ckpt_interval                            -1
epochs                                   1000
lr                                       0.001
wd                                       1e-07
lmbda                                    100
srce_alpha                               1.0
srce_s                                   20.0
srce_eta                                 1.0
srce_Lu                                  20
srce_mode                                union
eval_period                              1
K_list                                   [10, 20]
early_stop_metric                        NDCG
early_stop_K                             20
early_stop_patience                      30
LOG_DIR                                  logs/
CONFIG_DIR                               configs/
DATA_DIR                                 data/
CKPT_DIR                                 checkpoints/
CRAFT_DIR                                crafts/
mkd_tau                                  10
mkd_K                                    50
mkd_L                                    50
mkd_T                                    10
mkd_mxK                                  800
mkd_beta                                 5
sample_rank                              False
----------------------------------------ARGUMENTS----------------------------------------
----------------------------------------Teacher----------------------------------------
09/05/2026,00:13:36: ------------------------------
09/05/2026,00:13:36: valid Recall@10: 0.07235 Recall@20: 0.10546 NDCG@10: 0.04227 NDCG@20: 0.05124
09/05/2026,00:13:36: test Recall@10: 0.02811 Recall@20: 0.04513 NDCG@10: 0.01583 NDCG@20: 0.02045
----------------------------------------------------------------------------------------
09/05/2026,00:13:36: Epoch [1/1000]
09/05/2026,00:13:36: Negative sampling...
09/05/2026,00:13:38: Model's personal time...
09/05/2026,00:13:40: Training...
09/05/2026,00:13:45: Evaluating...
09/05/2026,00:13:47: 	Train Loss: 924593.7500 (base: 1390.6028, kd: 9232.0312), Elapsed: train 9.22 test 1.86 *
09/05/2026,00:13:47: 	Recall@10: 0.00839 Recall@20: 0.01285 NDCG@10: 0.00472 NDCG@20: 0.00595 
09/05/2026,00:13:47: 	Recall@10: 0.00300 Recall@20: 0.00445 NDCG@10: 0.00139 NDCG@20: 0.00178 
09/05/2026,00:13:47: Epoch [2/1000]
09/05/2026,00:13:47: Negative sampling...
09/05/2026,00:13:49: Model's personal time...
09/05/2026,00:13:50: Training...
09/05/2026,00:13:55: Evaluating...
09/05/2026,00:13:56: 	Train Loss: 861321.6875 (base: 1377.9679, kd: 8599.4375), Elapsed: train 7.34 test 1.30 *
09/05/2026,00:13:56: 	Recall@10: 0.02337 Recall@20: 0.03677 NDCG@10: 0.01190 NDCG@20: 0.01565 
09/05/2026,00:13:56: 	Recall@10: 0.00861 Recall@20: 0.01329 NDCG@10: 0.00448 NDCG@20: 0.00575 
09/05/2026,00:13:56: Epoch [3/1000]
09/05/2026,00:13:56: Negative sampling...
09/05/2026,00:13:57: Model's personal time...
09/05/2026,00:13:58: Training...
09/05/2026,00:14:02: Evaluating...
09/05/2026,00:14:04: 	Train Loss: 838539.2500 (base: 1350.7169, kd: 8371.8848), Elapsed: train 6.22 test 2.13 *
09/05/2026,00:14:04: 	Recall@10: 0.03384 Recall@20: 0.04493 NDCG@10: 0.01848 NDCG@20: 0.02150 
09/05/2026,00:14:04: 	Recall@10: 0.01182 Recall@20: 0.01746 NDCG@10: 0.00622 NDCG@20: 0.00776 
09/05/2026,00:14:04: Epoch [4/1000]
09/05/2026,00:14:04: Negative sampling...
09/05/2026,00:14:06: Model's personal time...
09/05/2026,00:14:07: Training...
09/05/2026,00:14:11: Evaluating...
09/05/2026,00:14:15: 	Train Loss: 829316.5000 (base: 1312.2479, kd: 8280.0430), Elapsed: train 7.29 test 3.62 *
09/05/2026,00:14:15: 	Recall@10: 0.03430 Recall@20: 0.04921 NDCG@10: 0.01929 NDCG@20: 0.02340 
09/05/2026,00:14:15: 	Recall@10: 0.01316 Recall@20: 0.01951 NDCG@10: 0.00711 NDCG@20: 0.00880 
09/05/2026,00:14:15: Epoch [5/1000]
09/05/2026,00:14:15: Negative sampling...
09/05/2026,00:14:16: Model's personal time...
09/05/2026,00:14:17: Training...
09/05/2026,00:14:23: Evaluating...
09/05/2026,00:14:25: 	Train Loss: 823791.1875 (base: 1264.8422, kd: 8225.2637), Elapsed: train 8.34 test 1.46 *
09/05/2026,00:14:25: 	Recall@10: 0.03198 Recall@20: 0.05152 NDCG@10: 0.01889 NDCG@20: 0.02428 
09/05/2026,00:14:25: 	Recall@10: 0.01248 Recall@20: 0.02004 NDCG@10: 0.00662 NDCG@20: 0.00870 
09/05/2026,00:14:25: Epoch [6/1000]
09/05/2026,00:14:25: Negative sampling...
09/05/2026,00:14:26: Model's personal time...
09/05/2026,00:14:26: Training...
09/05/2026,00:14:32: Evaluating...
09/05/2026,00:14:35: 	Train Loss: 819443.4375 (base: 1211.6580, kd: 8182.3179), Elapsed: train 7.24 test 3.00 *
09/05/2026,00:14:35: 	Recall@10: 0.03337 Recall@20: 0.05228 NDCG@10: 0.01912 NDCG@20: 0.02434 
09/05/2026,00:14:35: 	Recall@10: 0.01258 Recall@20: 0.02007 NDCG@10: 0.00627 NDCG@20: 0.00835 
09/05/2026,00:14:35: Epoch [7/1000]
09/05/2026,00:14:35: Negative sampling...
09/05/2026,00:14:37: Model's personal time...
09/05/2026,00:14:39: Training...
09/05/2026,00:14:45: Evaluating...
09/05/2026,00:14:45: 	Train Loss: 816781.1875 (base: 1153.6409, kd: 8156.2754), Elapsed: train 9.57 test 0.77 *
09/05/2026,00:14:45: 	Recall@10: 0.03805 Recall@20: 0.05768 NDCG@10: 0.02182 NDCG@20: 0.02718 
09/05/2026,00:14:45: 	Recall@10: 0.01365 Recall@20: 0.02055 NDCG@10: 0.00690 NDCG@20: 0.00882 
09/05/2026,00:14:45: Epoch [8/1000]
09/05/2026,00:14:45: Negative sampling...
09/05/2026,00:14:47: Model's personal time...
09/05/2026,00:14:49: Training...
09/05/2026,00:14:55: Evaluating...
09/05/2026,00:14:55: 	Train Loss: 814665.1875 (base: 1093.3079, kd: 8135.7192), Elapsed: train 9.13 test 0.60 *
09/05/2026,00:14:55: 	Recall@10: 0.03873 Recall@20: 0.05908 NDCG@10: 0.02227 NDCG@20: 0.02789 
09/05/2026,00:14:55: 	Recall@10: 0.01454 Recall@20: 0.02170 NDCG@10: 0.00725 NDCG@20: 0.00925 
09/05/2026,00:14:55: Epoch [9/1000]
09/05/2026,00:14:55: Negative sampling...
09/05/2026,00:14:57: Model's personal time...
09/05/2026,00:14:57: Training...
09/05/2026,00:15:04: Evaluating...
09/05/2026,00:15:06: 	Train Loss: 812652.2500 (base: 1032.5892, kd: 8116.1963), Elapsed: train 9.08 test 1.39 *
09/05/2026,00:15:06: 	Recall@10: 0.03997 Recall@20: 0.06087 NDCG@10: 0.02316 NDCG@20: 0.02889 
09/05/2026,00:15:06: 	Recall@10: 0.01581 Recall@20: 0.02357 NDCG@10: 0.00806 NDCG@20: 0.01018 
09/05/2026,00:15:06: Epoch [10/1000]
09/05/2026,00:15:06: Negative sampling...
09/05/2026,00:15:07: Model's personal time...
09/05/2026,00:15:08: Training...
09/05/2026,00:15:15: Evaluating...
09/05/2026,00:15:16: 	Train Loss: 811052.5625 (base: 970.6409, kd: 8100.8188), Elapsed: train 9.34 test 1.46 *
09/05/2026,00:15:16: 	Recall@10: 0.04160 Recall@20: 0.06088 NDCG@10: 0.02388 NDCG@20: 0.02924 
09/05/2026,00:15:16: 	Recall@10: 0.01636 Recall@20: 0.02389 NDCG@10: 0.00870 NDCG@20: 0.01078 
09/05/2026,00:15:16: Epoch [11/1000]
09/05/2026,00:15:16: Negative sampling...
09/05/2026,00:15:18: Model's personal time...
09/05/2026,00:15:19: Training...
09/05/2026,00:15:26: Evaluating...
09/05/2026,00:15:27: 	Train Loss: 809319.6875 (base: 912.6243, kd: 8084.0698), Elapsed: train 9.47 test 1.45 *
09/05/2026,00:15:27: 	Recall@10: 0.04177 Recall@20: 0.06298 NDCG@10: 0.02422 NDCG@20: 0.03006 
09/05/2026,00:15:27: 	Recall@10: 0.01661 Recall@20: 0.02580 NDCG@10: 0.00846 NDCG@20: 0.01095 
09/05/2026,00:15:27: Epoch [12/1000]
09/05/2026,00:15:27: Negative sampling...
09/05/2026,00:15:29: Model's personal time...
09/05/2026,00:15:29: Training...
09/05/2026,00:15:35: Evaluating...
09/05/2026,00:15:38: 	Train Loss: 807847.7500 (base: 855.0792, kd: 8069.9272), Elapsed: train 7.54 test 2.70 *
09/05/2026,00:15:38: 	Recall@10: 0.04319 Recall@20: 0.06537 NDCG@10: 0.02505 NDCG@20: 0.03118 
09/05/2026,00:15:38: 	Recall@10: 0.01658 Recall@20: 0.02667 NDCG@10: 0.00874 NDCG@20: 0.01146 
09/05/2026,00:15:38: Epoch [13/1000]
09/05/2026,00:15:38: Negative sampling...
09/05/2026,00:15:39: Model's personal time...
09/05/2026,00:15:39: Training...
09/05/2026,00:15:45: Evaluating...
09/05/2026,00:15:48: 	Train Loss: 806704.1250 (base: 802.0258, kd: 8059.0210), Elapsed: train 7.28 test 2.92 *
09/05/2026,00:15:48: 	Recall@10: 0.04391 Recall@20: 0.06537 NDCG@10: 0.02593 NDCG@20: 0.03187 
09/05/2026,00:15:48: 	Recall@10: 0.01697 Recall@20: 0.02595 NDCG@10: 0.00890 NDCG@20: 0.01139 
09/05/2026,00:15:48: Epoch [14/1000]
09/05/2026,00:15:48: Negative sampling...
09/05/2026,00:15:49: Model's personal time...
09/05/2026,00:15:50: Training...
09/05/2026,00:15:57: Evaluating...
09/05/2026,00:15:59: 	Train Loss: 805653.9375 (base: 753.5891, kd: 8049.0034), Elapsed: train 9.22 test 1.78 *
09/05/2026,00:15:59: 	Recall@10: 0.04508 Recall@20: 0.06718 NDCG@10: 0.02649 NDCG@20: 0.03264 
09/05/2026,00:15:59: 	Recall@10: 0.01709 Recall@20: 0.02659 NDCG@10: 0.00919 NDCG@20: 0.01178 
09/05/2026,00:15:59: Epoch [15/1000]
09/05/2026,00:15:59: Negative sampling...
09/05/2026,00:16:01: Model's personal time...
09/05/2026,00:16:04: Training...
09/05/2026,00:16:08: Evaluating...
09/05/2026,00:16:09: 	Train Loss: 804722.6875 (base: 706.8438, kd: 8040.1587), Elapsed: train 9.55 test 0.50 *
09/05/2026,00:16:09: 	Recall@10: 0.04499 Recall@20: 0.06838 NDCG@10: 0.02618 NDCG@20: 0.03264 
09/05/2026,00:16:09: 	Recall@10: 0.01829 Recall@20: 0.02669 NDCG@10: 0.00962 NDCG@20: 0.01193 
09/05/2026,00:16:09: Epoch [16/1000]
09/05/2026,00:16:09: Negative sampling...
09/05/2026,00:16:10: Model's personal time...
09/05/2026,00:16:12: Training...
09/05/2026,00:16:18: Evaluating...
09/05/2026,00:16:18: 	Train Loss: 803695.5625 (base: 663.4496, kd: 8030.3213), Elapsed: train 8.85 test 0.51 *
09/05/2026,00:16:18: 	Recall@10: 0.04739 Recall@20: 0.06976 NDCG@10: 0.02752 NDCG@20: 0.03371 
09/05/2026,00:16:18: 	Recall@10: 0.01813 Recall@20: 0.02708 NDCG@10: 0.00957 NDCG@20: 0.01207 
09/05/2026,00:16:18: Epoch [17/1000]
09/05/2026,00:16:18: Negative sampling...
09/05/2026,00:16:20: Model's personal time...
09/05/2026,00:16:22: Training...
09/05/2026,00:16:26: Evaluating...
09/05/2026,00:16:26: 	Train Loss: 802973.3750 (base: 622.2793, kd: 8023.5107), Elapsed: train 7.70 test 0.43
09/05/2026,00:16:26: 	Recall@10: 0.04759 Recall@20: 0.06982 NDCG@10: 0.02720 NDCG@20: 0.03343 
09/05/2026,00:16:26: 	Recall@10: 0.01872 Recall@20: 0.02779 NDCG@10: 0.00990 NDCG@20: 0.01238 
09/05/2026,00:16:26: Epoch [18/1000]
09/05/2026,00:16:26: Negative sampling...
09/05/2026,00:16:28: Model's personal time...
09/05/2026,00:16:29: Training...
09/05/2026,00:16:35: Evaluating...
09/05/2026,00:16:36: 	Train Loss: 801998.7500 (base: 587.0686, kd: 8014.1172), Elapsed: train 8.68 test 0.44 *
09/05/2026,00:16:36: 	Recall@10: 0.04783 Recall@20: 0.07135 NDCG@10: 0.02765 NDCG@20: 0.03412 
09/05/2026,00:16:36: 	Recall@10: 0.01783 Recall@20: 0.02739 NDCG@10: 0.01000 NDCG@20: 0.01263 
09/05/2026,00:16:36: Epoch [19/1000]
09/05/2026,00:16:36: Negative sampling...
09/05/2026,00:16:37: Model's personal time...
09/05/2026,00:16:38: Training...
09/05/2026,00:16:44: Evaluating...
09/05/2026,00:16:45: 	Train Loss: 801288.8125 (base: 552.8881, kd: 8007.3589), Elapsed: train 8.61 test 0.95 *
09/05/2026,00:16:45: 	Recall@10: 0.04963 Recall@20: 0.07199 NDCG@10: 0.02825 NDCG@20: 0.03442 
09/05/2026,00:16:45: 	Recall@10: 0.01869 Recall@20: 0.02831 NDCG@10: 0.01015 NDCG@20: 0.01276 
09/05/2026,00:16:45: Epoch [20/1000]
09/05/2026,00:16:45: Negative sampling...
09/05/2026,00:16:47: Model's personal time...
09/05/2026,00:16:49: Training...
09/05/2026,00:16:54: Evaluating...
09/05/2026,00:16:55: 	Train Loss: 800593.3125 (base: 522.0522, kd: 8000.7114), Elapsed: train 9.07 test 0.89 *
09/05/2026,00:16:55: 	Recall@10: 0.04980 Recall@20: 0.07217 NDCG@10: 0.02877 NDCG@20: 0.03492 
09/05/2026,00:16:55: 	Recall@10: 0.01808 Recall@20: 0.02949 NDCG@10: 0.00998 NDCG@20: 0.01306 
09/05/2026,00:16:55: Epoch [21/1000]
09/05/2026,00:16:55: Negative sampling...
09/05/2026,00:16:56: Model's personal time...
09/05/2026,00:16:57: Training...
09/05/2026,00:17:04: Evaluating...
09/05/2026,00:17:06: 	Train Loss: 799907.5625 (base: 494.6305, kd: 7994.1294), Elapsed: train 9.27 test 1.44 *
09/05/2026,00:17:06: 	Recall@10: 0.04989 Recall@20: 0.07381 NDCG@10: 0.02849 NDCG@20: 0.03518 
09/05/2026,00:17:06: 	Recall@10: 0.01825 Recall@20: 0.02920 NDCG@10: 0.01021 NDCG@20: 0.01317 
09/05/2026,00:17:06: Epoch [22/1000]
09/05/2026,00:17:06: Negative sampling...
09/05/2026,00:17:07: Model's personal time...
09/05/2026,00:17:08: Training...
09/05/2026,00:17:15: Evaluating...
09/05/2026,00:17:16: 	Train Loss: 799305.9375 (base: 467.7414, kd: 7988.3818), Elapsed: train 9.14 test 1.38 *
09/05/2026,00:17:16: 	Recall@10: 0.05145 Recall@20: 0.07559 NDCG@10: 0.02920 NDCG@20: 0.03587 
09/05/2026,00:17:16: 	Recall@10: 0.01849 Recall@20: 0.02960 NDCG@10: 0.01034 NDCG@20: 0.01335 
09/05/2026,00:17:16: Epoch [23/1000]
09/05/2026,00:17:16: Negative sampling...
09/05/2026,00:17:18: Model's personal time...
09/05/2026,00:17:19: Training...
09/05/2026,00:17:26: Evaluating...
09/05/2026,00:17:27: 	Train Loss: 798938.6250 (base: 443.4404, kd: 7984.9512), Elapsed: train 9.23 test 1.36 *
09/05/2026,00:17:27: 	Recall@10: 0.05135 Recall@20: 0.07506 NDCG@10: 0.02937 NDCG@20: 0.03593 
09/05/2026,00:17:27: 	Recall@10: 0.01814 Recall@20: 0.02999 NDCG@10: 0.01056 NDCG@20: 0.01374 
09/05/2026,00:17:27: Epoch [24/1000]
09/05/2026,00:17:27: Negative sampling...
09/05/2026,00:17:28: Model's personal time...
09/05/2026,00:17:29: Training...
09/05/2026,00:17:36: Evaluating...
09/05/2026,00:17:38: 	Train Loss: 798262.9375 (base: 420.4564, kd: 7978.4248), Elapsed: train 9.41 test 1.45 *
09/05/2026,00:17:38: 	Recall@10: 0.05252 Recall@20: 0.07774 NDCG@10: 0.02994 NDCG@20: 0.03688 
09/05/2026,00:17:38: 	Recall@10: 0.01849 Recall@20: 0.02869 NDCG@10: 0.01056 NDCG@20: 0.01336 
09/05/2026,00:17:38: Epoch [25/1000]
09/05/2026,00:17:38: Negative sampling...
09/05/2026,00:17:39: Model's personal time...
09/05/2026,00:17:40: Training...
09/05/2026,00:17:47: Evaluating...
09/05/2026,00:17:48: 	Train Loss: 797680.5625 (base: 402.0588, kd: 7972.7852), Elapsed: train 9.31 test 1.38 *
09/05/2026,00:17:48: 	Recall@10: 0.05234 Recall@20: 0.07793 NDCG@10: 0.02993 NDCG@20: 0.03699 
09/05/2026,00:17:48: 	Recall@10: 0.01881 Recall@20: 0.03010 NDCG@10: 0.01067 NDCG@20: 0.01374 
09/05/2026,00:17:48: Epoch [26/1000]
09/05/2026,00:17:48: Negative sampling...
09/05/2026,00:17:50: Model's personal time...
09/05/2026,00:17:50: Training...
09/05/2026,00:17:57: Evaluating...
09/05/2026,00:17:59: 	Train Loss: 797352.6250 (base: 382.4864, kd: 7969.7012), Elapsed: train 8.68 test 2.05 *
09/05/2026,00:17:59: 	Recall@10: 0.05233 Recall@20: 0.07807 NDCG@10: 0.02996 NDCG@20: 0.03709 
09/05/2026,00:17:59: 	Recall@10: 0.01871 Recall@20: 0.03044 NDCG@10: 0.01073 NDCG@20: 0.01394 
09/05/2026,00:17:59: Epoch [27/1000]
09/05/2026,00:17:59: Negative sampling...
09/05/2026,00:18:01: Model's personal time...
09/05/2026,00:18:02: Training...
09/05/2026,00:18:08: Evaluating...
09/05/2026,00:18:10: 	Train Loss: 797034.6875 (base: 363.3912, kd: 7966.7129), Elapsed: train 9.30 test 1.37 *
09/05/2026,00:18:10: 	Recall@10: 0.05290 Recall@20: 0.07903 NDCG@10: 0.03053 NDCG@20: 0.03772 
09/05/2026,00:18:10: 	Recall@10: 0.01905 Recall@20: 0.03016 NDCG@10: 0.01072 NDCG@20: 0.01378 
09/05/2026,00:18:10: Epoch [28/1000]
09/05/2026,00:18:10: Negative sampling...
09/05/2026,00:18:11: Model's personal time...
09/05/2026,00:18:12: Training...
09/05/2026,00:18:19: Evaluating...
09/05/2026,00:18:21: 	Train Loss: 796462.5000 (base: 347.4665, kd: 7961.1504), Elapsed: train 9.32 test 1.38 *
09/05/2026,00:18:21: 	Recall@10: 0.05250 Recall@20: 0.08004 NDCG@10: 0.03081 NDCG@20: 0.03840 
09/05/2026,00:18:21: 	Recall@10: 0.01919 Recall@20: 0.03062 NDCG@10: 0.01084 NDCG@20: 0.01398 
09/05/2026,00:18:21: Epoch [29/1000]
09/05/2026,00:18:21: Negative sampling...
09/05/2026,00:18:22: Model's personal time...
09/05/2026,00:18:23: Training...
09/05/2026,00:18:30: Evaluating...
09/05/2026,00:18:32: 	Train Loss: 796107.2500 (base: 332.4202, kd: 7957.7485), Elapsed: train 9.59 test 1.39
09/05/2026,00:18:32: 	Recall@10: 0.05425 Recall@20: 0.07967 NDCG@10: 0.03137 NDCG@20: 0.03838 
09/05/2026,00:18:32: 	Recall@10: 0.01981 Recall@20: 0.03082 NDCG@10: 0.01104 NDCG@20: 0.01402 
09/05/2026,00:18:32: Epoch [30/1000]
09/05/2026,00:18:32: Negative sampling...
09/05/2026,00:18:33: Model's personal time...
09/05/2026,00:18:33: Training...
09/05/2026,00:18:40: Evaluating...
09/05/2026,00:18:42: 	Train Loss: 795819.8750 (base: 318.4783, kd: 7955.0137), Elapsed: train 8.79 test 2.05 *
09/05/2026,00:18:42: 	Recall@10: 0.05479 Recall@20: 0.08120 NDCG@10: 0.03150 NDCG@20: 0.03880 
09/05/2026,00:18:42: 	Recall@10: 0.01950 Recall@20: 0.03129 NDCG@10: 0.01095 NDCG@20: 0.01416 
09/05/2026,00:18:42: Epoch [31/1000]
09/05/2026,00:18:42: Negative sampling...
09/05/2026,00:18:44: Model's personal time...
09/05/2026,00:18:44: Training...
09/05/2026,00:18:52: Evaluating...
09/05/2026,00:18:53: 	Train Loss: 795610.6250 (base: 302.5379, kd: 7953.0801), Elapsed: train 9.55 test 1.35 *
09/05/2026,00:18:53: 	Recall@10: 0.05446 Recall@20: 0.08109 NDCG@10: 0.03153 NDCG@20: 0.03894 
09/05/2026,00:18:53: 	Recall@10: 0.02018 Recall@20: 0.03181 NDCG@10: 0.01109 NDCG@20: 0.01419 
09/05/2026,00:18:53: Epoch [32/1000]
09/05/2026,00:18:53: Negative sampling...
09/05/2026,00:18:55: Model's personal time...
09/05/2026,00:18:56: Training...
09/05/2026,00:19:02: Evaluating...
09/05/2026,00:19:04: 	Train Loss: 795160.8750 (base: 293.0478, kd: 7948.6782), Elapsed: train 9.12 test 1.37 *
09/05/2026,00:19:04: 	Recall@10: 0.05504 Recall@20: 0.08160 NDCG@10: 0.03199 NDCG@20: 0.03937 
09/05/2026,00:19:04: 	Recall@10: 0.01962 Recall@20: 0.03058 NDCG@10: 0.01120 NDCG@20: 0.01414 
09/05/2026,00:19:04: Epoch [33/1000]
09/05/2026,00:19:04: Negative sampling...
09/05/2026,00:19:05: Model's personal time...
09/05/2026,00:19:06: Training...
09/05/2026,00:19:13: Evaluating...
09/05/2026,00:19:14: 	Train Loss: 794777.4375 (base: 281.5943, kd: 7944.9575), Elapsed: train 9.06 test 1.33 *
09/05/2026,00:19:14: 	Recall@10: 0.05651 Recall@20: 0.08336 NDCG@10: 0.03246 NDCG@20: 0.03991 
09/05/2026,00:19:14: 	Recall@10: 0.01970 Recall@20: 0.03080 NDCG@10: 0.01113 NDCG@20: 0.01413 
09/05/2026,00:19:14: Epoch [34/1000]
09/05/2026,00:19:14: Negative sampling...
09/05/2026,00:19:16: Model's personal time...
09/05/2026,00:19:16: Training...
09/05/2026,00:19:24: Evaluating...
09/05/2026,00:19:25: 	Train Loss: 794509.6875 (base: 271.7288, kd: 7942.3799), Elapsed: train 9.53 test 1.34 *
09/05/2026,00:19:25: 	Recall@10: 0.05836 Recall@20: 0.08328 NDCG@10: 0.03350 NDCG@20: 0.04042 
09/05/2026,00:19:25: 	Recall@10: 0.01967 Recall@20: 0.03185 NDCG@10: 0.01131 NDCG@20: 0.01459 
09/05/2026,00:19:25: Epoch [35/1000]
09/05/2026,00:19:25: Negative sampling...
09/05/2026,00:19:27: Model's personal time...
09/05/2026,00:19:28: Training...
09/05/2026,00:19:34: Evaluating...
09/05/2026,00:19:35: 	Train Loss: 794327.5625 (base: 261.1729, kd: 7940.6646), Elapsed: train 9.10 test 1.38 *
09/05/2026,00:19:35: 	Recall@10: 0.05706 Recall@20: 0.08440 NDCG@10: 0.03355 NDCG@20: 0.04110 
09/05/2026,00:19:35: 	Recall@10: 0.01975 Recall@20: 0.03174 NDCG@10: 0.01118 NDCG@20: 0.01444 
09/05/2026,00:19:35: Epoch [36/1000]
09/05/2026,00:19:35: Negative sampling...
09/05/2026,00:19:37: Model's personal time...
09/05/2026,00:19:38: Training...
09/05/2026,00:19:45: Evaluating...
09/05/2026,00:19:46: 	Train Loss: 793948.3750 (base: 252.3054, kd: 7936.9614), Elapsed: train 9.57 test 1.44
09/05/2026,00:19:46: 	Recall@10: 0.05747 Recall@20: 0.08346 NDCG@10: 0.03364 NDCG@20: 0.04090 
09/05/2026,00:19:47: 	Recall@10: 0.01981 Recall@20: 0.03175 NDCG@10: 0.01139 NDCG@20: 0.01459 
09/05/2026,00:19:47: Epoch [37/1000]
09/05/2026,00:19:47: Negative sampling...
09/05/2026,00:19:48: Model's personal time...
09/05/2026,00:19:48: Training...
09/05/2026,00:19:55: Evaluating...
09/05/2026,00:19:57: 	Train Loss: 793713.7500 (base: 244.7140, kd: 7934.6914), Elapsed: train 8.49 test 2.21 *
09/05/2026,00:19:57: 	Recall@10: 0.05763 Recall@20: 0.08428 NDCG@10: 0.03368 NDCG@20: 0.04111 
09/05/2026,00:19:57: 	Recall@10: 0.02018 Recall@20: 0.03252 NDCG@10: 0.01142 NDCG@20: 0.01475 
09/05/2026,00:19:57: Epoch [38/1000]
09/05/2026,00:19:57: Negative sampling...
09/05/2026,00:19:59: Model's personal time...
09/05/2026,00:19:59: Training...
09/05/2026,00:20:07: Evaluating...
09/05/2026,00:20:08: 	Train Loss: 793434.3750 (base: 234.5530, kd: 7931.9980), Elapsed: train 9.40 test 1.44
09/05/2026,00:20:08: 	Recall@10: 0.05734 Recall@20: 0.08328 NDCG@10: 0.03381 NDCG@20: 0.04099 
09/05/2026,00:20:08: 	Recall@10: 0.01985 Recall@20: 0.03189 NDCG@10: 0.01132 NDCG@20: 0.01458 
09/05/2026,00:20:08: Epoch [39/1000]
09/05/2026,00:20:08: Negative sampling...
09/05/2026,00:20:09: Model's personal time...
09/05/2026,00:20:11: Training...
09/05/2026,00:20:17: Evaluating...
09/05/2026,00:20:19: 	Train Loss: 793236.3125 (base: 228.4402, kd: 7930.0781), Elapsed: train 9.27 test 1.44 *
09/05/2026,00:20:19: 	Recall@10: 0.05807 Recall@20: 0.08426 NDCG@10: 0.03419 NDCG@20: 0.04152 
09/05/2026,00:20:19: 	Recall@10: 0.02061 Recall@20: 0.03288 NDCG@10: 0.01151 NDCG@20: 0.01480 
09/05/2026,00:20:19: Epoch [40/1000]
09/05/2026,00:20:19: Negative sampling...
09/05/2026,00:20:20: Model's personal time...
09/05/2026,00:20:21: Training...
09/05/2026,00:20:28: Evaluating...
09/05/2026,00:20:29: 	Train Loss: 792818.3750 (base: 223.1960, kd: 7925.9521), Elapsed: train 9.10 test 1.29 *
09/05/2026,00:20:29: 	Recall@10: 0.05798 Recall@20: 0.08642 NDCG@10: 0.03441 NDCG@20: 0.04228 
09/05/2026,00:20:29: 	Recall@10: 0.02094 Recall@20: 0.03342 NDCG@10: 0.01176 NDCG@20: 0.01508 
09/05/2026,00:20:29: Epoch [41/1000]
09/05/2026,00:20:29: Negative sampling...
09/05/2026,00:20:31: Model's personal time...
09/05/2026,00:20:32: Training...
09/05/2026,00:20:38: Evaluating...
09/05/2026,00:20:40: 	Train Loss: 792851.5625 (base: 216.4385, kd: 7926.3521), Elapsed: train 9.08 test 1.29 *
09/05/2026,00:20:40: 	Recall@10: 0.05895 Recall@20: 0.08663 NDCG@10: 0.03487 NDCG@20: 0.04252 
09/05/2026,00:20:40: 	Recall@10: 0.02074 Recall@20: 0.03316 NDCG@10: 0.01185 NDCG@20: 0.01518 
09/05/2026,00:20:40: Epoch [42/1000]
09/05/2026,00:20:40: Negative sampling...
09/05/2026,00:20:41: Model's personal time...
09/05/2026,00:20:41: Training...
09/05/2026,00:20:48: Evaluating...
09/05/2026,00:20:50: 	Train Loss: 792560.5000 (base: 211.7426, kd: 7923.4873), Elapsed: train 8.50 test 2.19 *
09/05/2026,00:20:50: 	Recall@10: 0.05998 Recall@20: 0.08841 NDCG@10: 0.03520 NDCG@20: 0.04302 
09/05/2026,00:20:50: 	Recall@10: 0.02059 Recall@20: 0.03352 NDCG@10: 0.01183 NDCG@20: 0.01531 
09/05/2026,00:20:50: Epoch [43/1000]
09/05/2026,00:20:50: Negative sampling...
09/05/2026,00:20:52: Model's personal time...
09/05/2026,00:20:52: Training...
09/05/2026,00:20:58: Evaluating...
09/05/2026,00:21:01: 	Train Loss: 792260.6875 (base: 204.0956, kd: 7920.5664), Elapsed: train 7.99 test 2.48 *
09/05/2026,00:21:01: 	Recall@10: 0.05989 Recall@20: 0.08846 NDCG@10: 0.03538 NDCG@20: 0.04333 
09/05/2026,00:21:01: 	Recall@10: 0.02075 Recall@20: 0.03319 NDCG@10: 0.01181 NDCG@20: 0.01515 
09/05/2026,00:21:01: Epoch [44/1000]
09/05/2026,00:21:01: Negative sampling...
09/05/2026,00:21:02: Model's personal time...
09/05/2026,00:21:03: Training...
09/05/2026,00:21:09: Evaluating...
09/05/2026,00:21:11: 	Train Loss: 792203.4375 (base: 197.7080, kd: 7920.0571), Elapsed: train 8.60 test 2.19 *
09/05/2026,00:21:11: 	Recall@10: 0.06008 Recall@20: 0.09044 NDCG@10: 0.03568 NDCG@20: 0.04407 
09/05/2026,00:21:11: 	Recall@10: 0.02129 Recall@20: 0.03383 NDCG@10: 0.01198 NDCG@20: 0.01534 
09/05/2026,00:21:11: Epoch [45/1000]
09/05/2026,00:21:11: Negative sampling...
09/05/2026,00:21:13: Model's personal time...
09/05/2026,00:21:13: Training...
09/05/2026,00:21:20: Evaluating...
09/05/2026,00:21:22: 	Train Loss: 791968.3125 (base: 189.7671, kd: 7917.7856), Elapsed: train 8.26 test 2.26
09/05/2026,00:21:22: 	Recall@10: 0.05969 Recall@20: 0.09126 NDCG@10: 0.03527 NDCG@20: 0.04392 
09/05/2026,00:21:22: 	Recall@10: 0.02145 Recall@20: 0.03427 NDCG@10: 0.01203 NDCG@20: 0.01544 
09/05/2026,00:21:22: Epoch [46/1000]
09/05/2026,00:21:22: Negative sampling...
09/05/2026,00:21:23: Model's personal time...
09/05/2026,00:21:24: Training...
09/05/2026,00:21:29: Evaluating...
09/05/2026,00:21:32: 	Train Loss: 791841.9375 (base: 186.6734, kd: 7916.5527), Elapsed: train 6.88 test 3.08 *
09/05/2026,00:21:32: 	Recall@10: 0.06034 Recall@20: 0.09186 NDCG@10: 0.03564 NDCG@20: 0.04427 
09/05/2026,00:21:32: 	Recall@10: 0.02123 Recall@20: 0.03369 NDCG@10: 0.01211 NDCG@20: 0.01546 
09/05/2026,00:21:32: Epoch [47/1000]
09/05/2026,00:21:32: Negative sampling...
09/05/2026,00:21:33: Model's personal time...
09/05/2026,00:21:34: Training...
09/05/2026,00:21:39: Evaluating...
09/05/2026,00:21:42: 	Train Loss: 791585.3750 (base: 181.4265, kd: 7914.0396), Elapsed: train 6.86 test 2.99 *
09/05/2026,00:21:42: 	Recall@10: 0.06104 Recall@20: 0.09292 NDCG@10: 0.03581 NDCG@20: 0.04457 
09/05/2026,00:21:42: 	Recall@10: 0.02113 Recall@20: 0.03365 NDCG@10: 0.01198 NDCG@20: 0.01536 
09/05/2026,00:21:42: Epoch [48/1000]
09/05/2026,00:21:42: Negative sampling...
09/05/2026,00:21:43: Model's personal time...
09/05/2026,00:21:43: Training...
09/05/2026,00:21:50: Evaluating...
09/05/2026,00:21:52: 	Train Loss: 791380.6875 (base: 174.1769, kd: 7912.0654), Elapsed: train 7.73 test 2.27 *
09/05/2026,00:21:52: 	Recall@10: 0.06112 Recall@20: 0.09278 NDCG@10: 0.03602 NDCG@20: 0.04478 
09/05/2026,00:21:52: 	Recall@10: 0.02161 Recall@20: 0.03457 NDCG@10: 0.01233 NDCG@20: 0.01581 
09/05/2026,00:21:52: Epoch [49/1000]
09/05/2026,00:21:52: Negative sampling...
09/05/2026,00:21:53: Model's personal time...
09/05/2026,00:21:53: Training...
09/05/2026,00:22:00: Evaluating...
09/05/2026,00:22:02: 	Train Loss: 791312.0625 (base: 171.0076, kd: 7911.4106), Elapsed: train 8.38 test 2.26 *
09/05/2026,00:22:02: 	Recall@10: 0.06162 Recall@20: 0.09349 NDCG@10: 0.03624 NDCG@20: 0.04503 
09/05/2026,00:22:02: 	Recall@10: 0.02123 Recall@20: 0.03458 NDCG@10: 0.01217 NDCG@20: 0.01577 
09/05/2026,00:22:02: Epoch [50/1000]
09/05/2026,00:22:02: Negative sampling...
09/05/2026,00:22:04: Model's personal time...
09/05/2026,00:22:05: Training...
09/05/2026,00:22:12: Evaluating...
09/05/2026,00:22:13: 	Train Loss: 791126.5000 (base: 171.0311, kd: 7909.5552), Elapsed: train 9.44 test 1.42 *
09/05/2026,00:22:13: 	Recall@10: 0.06172 Recall@20: 0.09545 NDCG@10: 0.03632 NDCG@20: 0.04560 
09/05/2026,00:22:13: 	Recall@10: 0.02128 Recall@20: 0.03482 NDCG@10: 0.01221 NDCG@20: 0.01584 
09/05/2026,00:22:13: Epoch [51/1000]
09/05/2026,00:22:13: Negative sampling...
09/05/2026,00:22:15: Model's personal time...
09/05/2026,00:22:16: Training...
09/05/2026,00:22:23: Evaluating...
09/05/2026,00:22:24: 	Train Loss: 790923.8125 (base: 166.4313, kd: 7907.5737), Elapsed: train 9.25 test 1.34
09/05/2026,00:22:24: 	Recall@10: 0.06127 Recall@20: 0.09410 NDCG@10: 0.03629 NDCG@20: 0.04533 
09/05/2026,00:22:24: 	Recall@10: 0.02145 Recall@20: 0.03472 NDCG@10: 0.01226 NDCG@20: 0.01585 
09/05/2026,00:22:24: Epoch [52/1000]
09/05/2026,00:22:24: Negative sampling...
09/05/2026,00:22:25: Model's personal time...
09/05/2026,00:22:26: Training...
09/05/2026,00:22:33: Evaluating...
09/05/2026,00:22:35: 	Train Loss: 790882.4375 (base: 161.7656, kd: 7907.2065), Elapsed: train 9.38 test 1.43
09/05/2026,00:22:35: 	Recall@10: 0.06161 Recall@20: 0.09475 NDCG@10: 0.03635 NDCG@20: 0.04544 
09/05/2026,00:22:35: 	Recall@10: 0.02148 Recall@20: 0.03447 NDCG@10: 0.01228 NDCG@20: 0.01579 
09/05/2026,00:22:35: Epoch [53/1000]
09/05/2026,00:22:35: Negative sampling...
09/05/2026,00:22:36: Model's personal time...
09/05/2026,00:22:37: Training...
09/05/2026,00:22:44: Evaluating...
09/05/2026,00:22:45: 	Train Loss: 790725.8750 (base: 161.5817, kd: 7905.6426), Elapsed: train 9.31 test 1.34 *
09/05/2026,00:22:45: 	Recall@10: 0.06218 Recall@20: 0.09606 NDCG@10: 0.03661 NDCG@20: 0.04594 
09/05/2026,00:22:45: 	Recall@10: 0.02196 Recall@20: 0.03571 NDCG@10: 0.01255 NDCG@20: 0.01624 
09/05/2026,00:22:45: Epoch [54/1000]
09/05/2026,00:22:45: Negative sampling...
09/05/2026,00:22:47: Model's personal time...
09/05/2026,00:22:47: Training...
09/05/2026,00:22:54: Evaluating...
09/05/2026,00:22:56: 	Train Loss: 790626.1250 (base: 158.1440, kd: 7904.6797), Elapsed: train 8.35 test 2.07
09/05/2026,00:22:56: 	Recall@10: 0.06238 Recall@20: 0.09563 NDCG@10: 0.03668 NDCG@20: 0.04584 
09/05/2026,00:22:56: 	Recall@10: 0.02186 Recall@20: 0.03585 NDCG@10: 0.01255 NDCG@20: 0.01632 
09/05/2026,00:22:56: Epoch [55/1000]
09/05/2026,00:22:56: Negative sampling...
09/05/2026,00:22:57: Model's personal time...
09/05/2026,00:22:58: Training...
09/05/2026,00:23:05: Evaluating...
09/05/2026,00:23:07: 	Train Loss: 790499.8125 (base: 150.7928, kd: 7903.4902), Elapsed: train 9.68 test 1.45 *
09/05/2026,00:23:07: 	Recall@10: 0.06314 Recall@20: 0.09700 NDCG@10: 0.03694 NDCG@20: 0.04623 
09/05/2026,00:23:07: 	Recall@10: 0.02171 Recall@20: 0.03488 NDCG@10: 0.01247 NDCG@20: 0.01604 
09/05/2026,00:23:07: Epoch [56/1000]
09/05/2026,00:23:07: Negative sampling...
09/05/2026,00:23:08: Model's personal time...
09/05/2026,00:23:09: Training...
09/05/2026,00:23:16: Evaluating...
09/05/2026,00:23:18: 	Train Loss: 790297.5625 (base: 149.3141, kd: 7901.4819), Elapsed: train 8.89 test 1.84 *
09/05/2026,00:23:18: 	Recall@10: 0.06438 Recall@20: 0.09685 NDCG@10: 0.03746 NDCG@20: 0.04635 
09/05/2026,00:23:18: 	Recall@10: 0.02109 Recall@20: 0.03586 NDCG@10: 0.01219 NDCG@20: 0.01619 
09/05/2026,00:23:18: Epoch [57/1000]
09/05/2026,00:23:18: Negative sampling...
09/05/2026,00:23:19: Model's personal time...
09/05/2026,00:23:19: Training...
09/05/2026,00:23:26: Evaluating...
09/05/2026,00:23:28: 	Train Loss: 790074.9375 (base: 143.6773, kd: 7899.3125), Elapsed: train 8.34 test 2.27
09/05/2026,00:23:28: 	Recall@10: 0.06423 Recall@20: 0.09655 NDCG@10: 0.03729 NDCG@20: 0.04622 
09/05/2026,00:23:28: 	Recall@10: 0.02201 Recall@20: 0.03666 NDCG@10: 0.01252 NDCG@20: 0.01644 
09/05/2026,00:23:28: Epoch [58/1000]
09/05/2026,00:23:28: Negative sampling...
09/05/2026,00:23:30: Model's personal time...
09/05/2026,00:23:31: Training...
09/05/2026,00:23:38: Evaluating...
09/05/2026,00:23:39: 	Train Loss: 790078.3750 (base: 146.4237, kd: 7899.3193), Elapsed: train 9.44 test 1.50 *
09/05/2026,00:23:39: 	Recall@10: 0.06612 Recall@20: 0.09809 NDCG@10: 0.03809 NDCG@20: 0.04687 
09/05/2026,00:23:39: 	Recall@10: 0.02201 Recall@20: 0.03580 NDCG@10: 0.01253 NDCG@20: 0.01625 
09/05/2026,00:23:39: Epoch [59/1000]
09/05/2026,00:23:39: Negative sampling...
09/05/2026,00:23:41: Model's personal time...
09/05/2026,00:23:41: Training...
09/05/2026,00:23:48: Evaluating...
09/05/2026,00:23:50: 	Train Loss: 790027.0000 (base: 139.5520, kd: 7898.8750), Elapsed: train 8.37 test 2.08 *
09/05/2026,00:23:50: 	Recall@10: 0.06595 Recall@20: 0.09834 NDCG@10: 0.03808 NDCG@20: 0.04703 
09/05/2026,00:23:50: 	Recall@10: 0.02236 Recall@20: 0.03547 NDCG@10: 0.01276 NDCG@20: 0.01629 
09/05/2026,00:23:50: Epoch [60/1000]
09/05/2026,00:23:50: Negative sampling...
09/05/2026,00:23:51: Model's personal time...
09/05/2026,00:23:51: Training...
09/05/2026,00:23:57: Evaluating...
09/05/2026,00:24:00: 	Train Loss: 789864.2500 (base: 141.2208, kd: 7897.2300), Elapsed: train 7.76 test 2.34 *
09/05/2026,00:24:00: 	Recall@10: 0.06761 Recall@20: 0.09769 NDCG@10: 0.03878 NDCG@20: 0.04715 
09/05/2026,00:24:00: 	Recall@10: 0.02238 Recall@20: 0.03581 NDCG@10: 0.01277 NDCG@20: 0.01639 
09/05/2026,00:24:00: Epoch [61/1000]
09/05/2026,00:24:00: Negative sampling...
09/05/2026,00:24:01: Model's personal time...
09/05/2026,00:24:01: Training...
09/05/2026,00:24:08: Evaluating...
09/05/2026,00:24:10: 	Train Loss: 789705.6250 (base: 134.9036, kd: 7895.7070), Elapsed: train 8.37 test 2.13 *
09/05/2026,00:24:10: 	Recall@10: 0.06697 Recall@20: 0.09829 NDCG@10: 0.03871 NDCG@20: 0.04740 
09/05/2026,00:24:10: 	Recall@10: 0.02262 Recall@20: 0.03663 NDCG@10: 0.01270 NDCG@20: 0.01646 
09/05/2026,00:24:10: Epoch [62/1000]
09/05/2026,00:24:10: Negative sampling...
09/05/2026,00:24:12: Model's personal time...
09/05/2026,00:24:13: Training...
09/05/2026,00:24:20: Evaluating...
09/05/2026,00:24:21: 	Train Loss: 789669.6250 (base: 131.9057, kd: 7895.3774), Elapsed: train 9.35 test 1.43 *
09/05/2026,00:24:21: 	Recall@10: 0.06725 Recall@20: 0.09852 NDCG@10: 0.03880 NDCG@20: 0.04744 
09/05/2026,00:24:21: 	Recall@10: 0.02247 Recall@20: 0.03639 NDCG@10: 0.01276 NDCG@20: 0.01651 
09/05/2026,00:24:21: Epoch [63/1000]
09/05/2026,00:24:21: Negative sampling...
09/05/2026,00:24:22: Model's personal time...
09/05/2026,00:24:23: Training...
09/05/2026,00:24:30: Evaluating...
09/05/2026,00:24:32: 	Train Loss: 789546.4375 (base: 130.6019, kd: 7894.1582), Elapsed: train 8.69 test 1.95
09/05/2026,00:24:32: 	Recall@10: 0.06684 Recall@20: 0.09814 NDCG@10: 0.03868 NDCG@20: 0.04740 
09/05/2026,00:24:32: 	Recall@10: 0.02279 Recall@20: 0.03581 NDCG@10: 0.01280 NDCG@20: 0.01633 
09/05/2026,00:24:32: Epoch [64/1000]
09/05/2026,00:24:32: Negative sampling...
09/05/2026,00:24:33: Model's personal time...
09/05/2026,00:24:33: Training...
09/05/2026,00:24:40: Evaluating...
09/05/2026,00:24:42: 	Train Loss: 789419.2500 (base: 129.0778, kd: 7892.9023), Elapsed: train 8.39 test 2.08
09/05/2026,00:24:42: 	Recall@10: 0.06710 Recall@20: 0.09716 NDCG@10: 0.03886 NDCG@20: 0.04723 
09/05/2026,00:24:42: 	Recall@10: 0.02263 Recall@20: 0.03692 NDCG@10: 0.01292 NDCG@20: 0.01673 
09/05/2026,00:24:42: Epoch [65/1000]
09/05/2026,00:24:42: Negative sampling...
09/05/2026,00:24:44: Model's personal time...
09/05/2026,00:24:44: Training...
09/05/2026,00:24:49: Evaluating...
09/05/2026,00:24:52: 	Train Loss: 789268.0625 (base: 124.1707, kd: 7891.4385), Elapsed: train 6.84 test 3.06 *
09/05/2026,00:24:52: 	Recall@10: 0.06812 Recall@20: 0.09768 NDCG@10: 0.03944 NDCG@20: 0.04772 
09/05/2026,00:24:52: 	Recall@10: 0.02338 Recall@20: 0.03652 NDCG@10: 0.01307 NDCG@20: 0.01662 
09/05/2026,00:24:52: Epoch [66/1000]
09/05/2026,00:24:52: Negative sampling...
09/05/2026,00:24:53: Model's personal time...
09/05/2026,00:24:54: Training...
09/05/2026,00:24:59: Evaluating...
09/05/2026,00:25:02: 	Train Loss: 789180.5625 (base: 124.5159, kd: 7890.5610), Elapsed: train 7.25 test 2.47
09/05/2026,00:25:02: 	Recall@10: 0.06844 Recall@20: 0.09702 NDCG@10: 0.03936 NDCG@20: 0.04731 
09/05/2026,00:25:02: 	Recall@10: 0.02319 Recall@20: 0.03657 NDCG@10: 0.01311 NDCG@20: 0.01667 
09/05/2026,00:25:02: Epoch [67/1000]
09/05/2026,00:25:02: Negative sampling...
09/05/2026,00:25:03: Model's personal time...
09/05/2026,00:25:04: Training...
09/05/2026,00:25:12: Evaluating...
09/05/2026,00:25:13: 	Train Loss: 789084.6250 (base: 121.5997, kd: 7889.6299), Elapsed: train 9.90 test 1.42 *
09/05/2026,00:25:13: 	Recall@10: 0.06927 Recall@20: 0.09819 NDCG@10: 0.03984 NDCG@20: 0.04788 
09/05/2026,00:25:13: 	Recall@10: 0.02369 Recall@20: 0.03616 NDCG@10: 0.01336 NDCG@20: 0.01670 
09/05/2026,00:25:13: Epoch [68/1000]
09/05/2026,00:25:13: Negative sampling...
09/05/2026,00:25:14: Model's personal time...
09/05/2026,00:25:15: Training...
09/05/2026,00:25:22: Evaluating...
09/05/2026,00:25:24: 	Train Loss: 789021.3125 (base: 121.1794, kd: 7889.0010), Elapsed: train 8.86 test 2.08
09/05/2026,00:25:24: 	Recall@10: 0.06957 Recall@20: 0.09798 NDCG@10: 0.03979 NDCG@20: 0.04772 
09/05/2026,00:25:24: 	Recall@10: 0.02348 Recall@20: 0.03606 NDCG@10: 0.01320 NDCG@20: 0.01659 
09/05/2026,00:25:24: Epoch [69/1000]
09/05/2026,00:25:24: Negative sampling...
09/05/2026,00:25:25: Model's personal time...
09/05/2026,00:25:26: Training...
09/05/2026,00:25:33: Evaluating...
09/05/2026,00:25:35: 	Train Loss: 788985.4375 (base: 120.5254, kd: 7888.6499), Elapsed: train 8.51 test 2.18
09/05/2026,00:25:35: 	Recall@10: 0.06950 Recall@20: 0.09747 NDCG@10: 0.04004 NDCG@20: 0.04780 
09/05/2026,00:25:35: 	Recall@10: 0.02341 Recall@20: 0.03662 NDCG@10: 0.01328 NDCG@20: 0.01680 
09/05/2026,00:25:35: Epoch [70/1000]
09/05/2026,00:25:35: Negative sampling...
09/05/2026,00:25:36: Model's personal time...
09/05/2026,00:25:36: Training...
09/05/2026,00:25:43: Evaluating...
09/05/2026,00:25:45: 	Train Loss: 788974.8125 (base: 117.7891, kd: 7888.5693), Elapsed: train 7.95 test 2.54 *
09/05/2026,00:25:45: 	Recall@10: 0.06962 Recall@20: 0.09801 NDCG@10: 0.04013 NDCG@20: 0.04805 
09/05/2026,00:25:45: 	Recall@10: 0.02342 Recall@20: 0.03623 NDCG@10: 0.01336 NDCG@20: 0.01681 
09/05/2026,00:25:45: Epoch [71/1000]
09/05/2026,00:25:45: Negative sampling...
09/05/2026,00:25:47: Model's personal time...
09/05/2026,00:25:47: Training...
09/05/2026,00:25:54: Evaluating...
09/05/2026,00:25:56: 	Train Loss: 788662.0000 (base: 114.9710, kd: 7885.4707), Elapsed: train 8.66 test 2.06
09/05/2026,00:25:56: 	Recall@10: 0.06877 Recall@20: 0.09836 NDCG@10: 0.03970 NDCG@20: 0.04792 
09/05/2026,00:25:56: 	Recall@10: 0.02358 Recall@20: 0.03628 NDCG@10: 0.01323 NDCG@20: 0.01667 
09/05/2026,00:25:56: Epoch [72/1000]
09/05/2026,00:25:56: Negative sampling...
09/05/2026,00:25:57: Model's personal time...
09/05/2026,00:25:58: Training...
09/05/2026,00:26:03: Evaluating...
09/05/2026,00:26:06: 	Train Loss: 788632.6250 (base: 115.6048, kd: 7885.1699), Elapsed: train 6.87 test 3.42 *
09/05/2026,00:26:06: 	Recall@10: 0.06864 Recall@20: 0.09876 NDCG@10: 0.03997 NDCG@20: 0.04833 
09/05/2026,00:26:06: 	Recall@10: 0.02353 Recall@20: 0.03699 NDCG@10: 0.01335 NDCG@20: 0.01701 
09/05/2026,00:26:06: Epoch [73/1000]
09/05/2026,00:26:06: Negative sampling...
09/05/2026,00:26:08: Model's personal time...
09/05/2026,00:26:10: Training...
09/05/2026,00:26:16: Evaluating...
09/05/2026,00:26:16: 	Train Loss: 788497.0625 (base: 113.0447, kd: 7883.8403), Elapsed: train 9.38 test 0.79
09/05/2026,00:26:16: 	Recall@10: 0.06928 Recall@20: 0.09803 NDCG@10: 0.04022 NDCG@20: 0.04821 
09/05/2026,00:26:16: 	Recall@10: 0.02364 Recall@20: 0.03605 NDCG@10: 0.01340 NDCG@20: 0.01678 
09/05/2026,00:26:16: Epoch [74/1000]
09/05/2026,00:26:16: Negative sampling...
09/05/2026,00:26:18: Model's personal time...
09/05/2026,00:26:19: Training...
09/05/2026,00:26:25: Evaluating...
09/05/2026,00:26:27: 	Train Loss: 788557.3750 (base: 108.8545, kd: 7884.4844), Elapsed: train 9.04 test 1.32 *
09/05/2026,00:26:27: 	Recall@10: 0.06975 Recall@20: 0.09920 NDCG@10: 0.04051 NDCG@20: 0.04867 
09/05/2026,00:26:27: 	Recall@10: 0.02337 Recall@20: 0.03643 NDCG@10: 0.01336 NDCG@20: 0.01691 
09/05/2026,00:26:27: Epoch [75/1000]
09/05/2026,00:26:27: Negative sampling...
09/05/2026,00:26:28: Model's personal time...
09/05/2026,00:26:28: Training...
09/05/2026,00:26:35: Evaluating...
09/05/2026,00:26:37: 	Train Loss: 788410.4375 (base: 109.4842, kd: 7883.0103), Elapsed: train 8.32 test 2.15
09/05/2026,00:26:37: 	Recall@10: 0.06998 Recall@20: 0.09751 NDCG@10: 0.04073 NDCG@20: 0.04837 
09/05/2026,00:26:37: 	Recall@10: 0.02374 Recall@20: 0.03672 NDCG@10: 0.01346 NDCG@20: 0.01700 
09/05/2026,00:26:37: Epoch [76/1000]
09/05/2026,00:26:37: Negative sampling...
09/05/2026,00:26:39: Model's personal time...
09/05/2026,00:26:39: Training...
09/05/2026,00:26:47: Evaluating...
09/05/2026,00:26:48: 	Train Loss: 788347.1875 (base: 106.2280, kd: 7882.4092), Elapsed: train 9.51 test 1.51
09/05/2026,00:26:48: 	Recall@10: 0.06986 Recall@20: 0.09850 NDCG@10: 0.04067 NDCG@20: 0.04862 
09/05/2026,00:26:48: 	Recall@10: 0.02364 Recall@20: 0.03582 NDCG@10: 0.01346 NDCG@20: 0.01680 
09/05/2026,00:26:48: Epoch [77/1000]
09/05/2026,00:26:48: Negative sampling...
09/05/2026,00:26:50: Model's personal time...
09/05/2026,00:26:50: Training...
09/05/2026,00:26:55: Evaluating...
09/05/2026,00:26:58: 	Train Loss: 788423.0000 (base: 107.8089, kd: 7883.1519), Elapsed: train 6.91 test 3.19 *
09/05/2026,00:26:58: 	Recall@10: 0.06930 Recall@20: 0.09883 NDCG@10: 0.04060 NDCG@20: 0.04884 
09/05/2026,00:26:58: 	Recall@10: 0.02368 Recall@20: 0.03558 NDCG@10: 0.01339 NDCG@20: 0.01667 
09/05/2026,00:26:58: Epoch [78/1000]
09/05/2026,00:26:58: Negative sampling...
09/05/2026,00:27:00: Model's personal time...
09/05/2026,00:27:00: Training...
09/05/2026,00:27:07: Evaluating...
09/05/2026,00:27:09: 	Train Loss: 788297.8750 (base: 104.1500, kd: 7881.9365), Elapsed: train 8.30 test 2.15
09/05/2026,00:27:09: 	Recall@10: 0.07007 Recall@20: 0.09869 NDCG@10: 0.04082 NDCG@20: 0.04877 
09/05/2026,00:27:09: 	Recall@10: 0.02416 Recall@20: 0.03681 NDCG@10: 0.01352 NDCG@20: 0.01696 
09/05/2026,00:27:09: Epoch [79/1000]
09/05/2026,00:27:09: Negative sampling...
09/05/2026,00:27:10: Model's personal time...
09/05/2026,00:27:11: Training...
09/05/2026,00:27:17: Evaluating...
09/05/2026,00:27:20: 	Train Loss: 788230.6875 (base: 103.3711, kd: 7881.2720), Elapsed: train 8.56 test 2.25
09/05/2026,00:27:20: 	Recall@10: 0.06916 Recall@20: 0.09810 NDCG@10: 0.04069 NDCG@20: 0.04873 
09/05/2026,00:27:20: 	Recall@10: 0.02333 Recall@20: 0.03644 NDCG@10: 0.01337 NDCG@20: 0.01694 
09/05/2026,00:27:20: Epoch [80/1000]
09/05/2026,00:27:20: Negative sampling...
09/05/2026,00:27:21: Model's personal time...
09/05/2026,00:27:23: Training...
09/05/2026,00:27:29: Evaluating...
09/05/2026,00:27:30: 	Train Loss: 787988.8750 (base: 105.1783, kd: 7878.8374), Elapsed: train 9.17 test 0.97 *
09/05/2026,00:27:30: 	Recall@10: 0.07006 Recall@20: 0.09854 NDCG@10: 0.04101 NDCG@20: 0.04893 
09/05/2026,00:27:30: 	Recall@10: 0.02341 Recall@20: 0.03705 NDCG@10: 0.01339 NDCG@20: 0.01714 
09/05/2026,00:27:30: Epoch [81/1000]
09/05/2026,00:27:30: Negative sampling...
09/05/2026,00:27:31: Model's personal time...
09/05/2026,00:27:32: Training...
09/05/2026,00:27:39: Evaluating...
09/05/2026,00:27:40: 	Train Loss: 788024.1250 (base: 98.7105, kd: 7879.2544), Elapsed: train 9.10 test 1.65
09/05/2026,00:27:40: 	Recall@10: 0.06885 Recall@20: 0.09818 NDCG@10: 0.04070 NDCG@20: 0.04891 
09/05/2026,00:27:40: 	Recall@10: 0.02371 Recall@20: 0.03567 NDCG@10: 0.01355 NDCG@20: 0.01686 
09/05/2026,00:27:40: Epoch [82/1000]
09/05/2026,00:27:40: Negative sampling...
09/05/2026,00:27:42: Model's personal time...
09/05/2026,00:27:43: Training...
09/05/2026,00:27:50: Evaluating...
09/05/2026,00:27:51: 	Train Loss: 787963.5625 (base: 101.4555, kd: 7878.6216), Elapsed: train 9.53 test 1.48 *
09/05/2026,00:27:51: 	Recall@10: 0.07023 Recall@20: 0.09879 NDCG@10: 0.04107 NDCG@20: 0.04907 
09/05/2026,00:27:51: 	Recall@10: 0.02359 Recall@20: 0.03725 NDCG@10: 0.01353 NDCG@20: 0.01729 
09/05/2026,00:27:51: Epoch [83/1000]
09/05/2026,00:27:51: Negative sampling...
09/05/2026,00:27:53: Model's personal time...
09/05/2026,00:27:53: Training...
09/05/2026,00:27:59: Evaluating...
09/05/2026,00:28:02: 	Train Loss: 787788.0000 (base: 101.7269, kd: 7876.8628), Elapsed: train 7.83 test 2.56 *
09/05/2026,00:28:02: 	Recall@10: 0.06887 Recall@20: 0.09963 NDCG@10: 0.04052 NDCG@20: 0.04910 
09/05/2026,00:28:02: 	Recall@10: 0.02393 Recall@20: 0.03776 NDCG@10: 0.01371 NDCG@20: 0.01747 
09/05/2026,00:28:02: Epoch [84/1000]
09/05/2026,00:28:02: Negative sampling...
09/05/2026,00:28:03: Model's personal time...
09/05/2026,00:28:04: Training...
09/05/2026,00:28:10: Evaluating...
09/05/2026,00:28:12: 	Train Loss: 787906.1875 (base: 98.2179, kd: 7878.0796), Elapsed: train 8.50 test 2.11 *
09/05/2026,00:28:12: 	Recall@10: 0.06882 Recall@20: 0.09945 NDCG@10: 0.04083 NDCG@20: 0.04932 
09/05/2026,00:28:12: 	Recall@10: 0.02415 Recall@20: 0.03692 NDCG@10: 0.01360 NDCG@20: 0.01711 
09/05/2026,00:28:12: Epoch [85/1000]
09/05/2026,00:28:12: Negative sampling...
09/05/2026,00:28:14: Model's personal time...
09/05/2026,00:28:14: Training...
09/05/2026,00:28:21: Evaluating...
09/05/2026,00:28:23: 	Train Loss: 787806.6875 (base: 96.5234, kd: 7877.1021), Elapsed: train 8.34 test 2.24
09/05/2026,00:28:23: 	Recall@10: 0.06875 Recall@20: 0.09937 NDCG@10: 0.04056 NDCG@20: 0.04909 
09/05/2026,00:28:23: 	Recall@10: 0.02426 Recall@20: 0.03757 NDCG@10: 0.01372 NDCG@20: 0.01736 
09/05/2026,00:28:23: Epoch [86/1000]
09/05/2026,00:28:23: Negative sampling...
09/05/2026,00:28:25: Model's personal time...
09/05/2026,00:28:25: Training...
09/05/2026,00:28:31: Evaluating...
09/05/2026,00:28:34: 	Train Loss: 787763.5000 (base: 95.5066, kd: 7876.6797), Elapsed: train 8.38 test 2.46
09/05/2026,00:28:34: 	Recall@10: 0.06886 Recall@20: 0.09898 NDCG@10: 0.04068 NDCG@20: 0.04907 
09/05/2026,00:28:34: 	Recall@10: 0.02399 Recall@20: 0.03664 NDCG@10: 0.01358 NDCG@20: 0.01706 
09/05/2026,00:28:34: Epoch [87/1000]
09/05/2026,00:28:34: Negative sampling...
09/05/2026,00:28:35: Model's personal time...
09/05/2026,00:28:35: Training...
09/05/2026,00:28:41: Evaluating...
09/05/2026,00:28:44: 	Train Loss: 787660.8125 (base: 96.0181, kd: 7875.6484), Elapsed: train 7.40 test 2.65 *
09/05/2026,00:28:44: 	Recall@10: 0.06865 Recall@20: 0.09970 NDCG@10: 0.04103 NDCG@20: 0.04969 
09/05/2026,00:28:44: 	Recall@10: 0.02334 Recall@20: 0.03777 NDCG@10: 0.01338 NDCG@20: 0.01734 
09/05/2026,00:28:44: Epoch [88/1000]
09/05/2026,00:28:44: Negative sampling...
09/05/2026,00:28:45: Model's personal time...
09/05/2026,00:28:45: Training...
09/05/2026,00:28:51: Evaluating...
09/05/2026,00:28:54: 	Train Loss: 787655.8750 (base: 92.8364, kd: 7875.6313), Elapsed: train 6.84 test 3.02
09/05/2026,00:28:54: 	Recall@10: 0.06818 Recall@20: 0.09979 NDCG@10: 0.04075 NDCG@20: 0.04956 
09/05/2026,00:28:54: 	Recall@10: 0.02399 Recall@20: 0.03810 NDCG@10: 0.01359 NDCG@20: 0.01745 
09/05/2026,00:28:54: Epoch [89/1000]
09/05/2026,00:28:54: Negative sampling...
09/05/2026,00:28:55: Model's personal time...
09/05/2026,00:28:55: Training...
09/05/2026,00:29:02: Evaluating...
09/05/2026,00:29:04: 	Train Loss: 787585.6250 (base: 91.2213, kd: 7874.9443), Elapsed: train 8.08 test 2.40
09/05/2026,00:29:04: 	Recall@10: 0.06849 Recall@20: 0.10085 NDCG@10: 0.04073 NDCG@20: 0.04968 
09/05/2026,00:29:04: 	Recall@10: 0.02379 Recall@20: 0.03853 NDCG@10: 0.01358 NDCG@20: 0.01759 
09/05/2026,00:29:04: Epoch [90/1000]
09/05/2026,00:29:04: Negative sampling...
09/05/2026,00:29:06: Model's personal time...
09/05/2026,00:29:06: Training...
09/05/2026,00:29:14: Evaluating...
09/05/2026,00:29:15: 	Train Loss: 787516.8125 (base: 88.8783, kd: 7874.2793), Elapsed: train 9.54 test 1.35 *
09/05/2026,00:29:15: 	Recall@10: 0.06959 Recall@20: 0.10085 NDCG@10: 0.04117 NDCG@20: 0.04986 
09/05/2026,00:29:15: 	Recall@10: 0.02415 Recall@20: 0.03894 NDCG@10: 0.01365 NDCG@20: 0.01770 
09/05/2026,00:29:15: Epoch [91/1000]
09/05/2026,00:29:15: Negative sampling...
09/05/2026,00:29:17: Model's personal time...
09/05/2026,00:29:17: Training...
09/05/2026,00:29:24: Evaluating...
09/05/2026,00:29:26: 	Train Loss: 787435.8750 (base: 87.8390, kd: 7873.4805), Elapsed: train 8.79 test 2.13
09/05/2026,00:29:26: 	Recall@10: 0.06907 Recall@20: 0.10014 NDCG@10: 0.04078 NDCG@20: 0.04939 
09/05/2026,00:29:26: 	Recall@10: 0.02418 Recall@20: 0.03876 NDCG@10: 0.01361 NDCG@20: 0.01757 
09/05/2026,00:29:26: Epoch [92/1000]
09/05/2026,00:29:26: Negative sampling...
09/05/2026,00:29:27: Model's personal time...
09/05/2026,00:29:28: Training...
09/05/2026,00:29:35: Evaluating...
09/05/2026,00:29:37: 	Train Loss: 787465.1875 (base: 90.4427, kd: 7873.7471), Elapsed: train 8.57 test 2.20
09/05/2026,00:29:37: 	Recall@10: 0.06981 Recall@20: 0.10070 NDCG@10: 0.04093 NDCG@20: 0.04954 
09/05/2026,00:29:37: 	Recall@10: 0.02380 Recall@20: 0.03917 NDCG@10: 0.01346 NDCG@20: 0.01767 
09/05/2026,00:29:37: Epoch [93/1000]
09/05/2026,00:29:37: Negative sampling...
09/05/2026,00:29:38: Model's personal time...
09/05/2026,00:29:39: Training...
09/05/2026,00:29:46: Evaluating...
09/05/2026,00:29:48: 	Train Loss: 787357.4375 (base: 87.9674, kd: 7872.6948), Elapsed: train 9.14 test 1.52
09/05/2026,00:29:48: 	Recall@10: 0.06983 Recall@20: 0.10061 NDCG@10: 0.04080 NDCG@20: 0.04934 
09/05/2026,00:29:48: 	Recall@10: 0.02461 Recall@20: 0.03896 NDCG@10: 0.01408 NDCG@20: 0.01803 
09/05/2026,00:29:48: Epoch [94/1000]
09/05/2026,00:29:48: Negative sampling...
09/05/2026,00:29:49: Model's personal time...
09/05/2026,00:29:51: Training...
09/05/2026,00:29:57: Evaluating...
09/05/2026,00:29:58: 	Train Loss: 787289.7500 (base: 86.2887, kd: 7872.0356), Elapsed: train 9.49 test 0.51
09/05/2026,00:29:58: 	Recall@10: 0.06984 Recall@20: 0.10065 NDCG@10: 0.04097 NDCG@20: 0.04948 
09/05/2026,00:29:58: 	Recall@10: 0.02440 Recall@20: 0.03929 NDCG@10: 0.01401 NDCG@20: 0.01807 
09/05/2026,00:29:58: Epoch [95/1000]
09/05/2026,00:29:58: Negative sampling...
09/05/2026,00:29:59: Model's personal time...
09/05/2026,00:29:59: Training...
09/05/2026,00:30:06: Evaluating...
09/05/2026,00:30:08: 	Train Loss: 787208.6875 (base: 83.5695, kd: 7871.2520), Elapsed: train 8.28 test 2.13
09/05/2026,00:30:08: 	Recall@10: 0.06991 Recall@20: 0.10129 NDCG@10: 0.04091 NDCG@20: 0.04960 
09/05/2026,00:30:08: 	Recall@10: 0.02457 Recall@20: 0.03829 NDCG@10: 0.01408 NDCG@20: 0.01787 
09/05/2026,00:30:08: Epoch [96/1000]
09/05/2026,00:30:08: Negative sampling...
09/05/2026,00:30:09: Model's personal time...
09/05/2026,00:30:10: Training...
09/05/2026,00:30:16: Evaluating...
09/05/2026,00:30:18: 	Train Loss: 787181.6875 (base: 83.7366, kd: 7870.9795), Elapsed: train 8.48 test 2.02
09/05/2026,00:30:18: 	Recall@10: 0.06968 Recall@20: 0.10159 NDCG@10: 0.04070 NDCG@20: 0.04956 
09/05/2026,00:30:18: 	Recall@10: 0.02468 Recall@20: 0.03983 NDCG@10: 0.01412 NDCG@20: 0.01826 
09/05/2026,00:30:18: Epoch [97/1000]
09/05/2026,00:30:18: Negative sampling...
09/05/2026,00:30:20: Model's personal time...
09/05/2026,00:30:20: Training...
09/05/2026,00:30:27: Evaluating...
09/05/2026,00:30:29: 	Train Loss: 787133.0625 (base: 88.7320, kd: 7870.4429), Elapsed: train 8.56 test 2.08
09/05/2026,00:30:29: 	Recall@10: 0.07071 Recall@20: 0.10033 NDCG@10: 0.04120 NDCG@20: 0.04943 
09/05/2026,00:30:29: 	Recall@10: 0.02429 Recall@20: 0.03948 NDCG@10: 0.01400 NDCG@20: 0.01814 
09/05/2026,00:30:29: Epoch [98/1000]
09/05/2026,00:30:29: Negative sampling...
09/05/2026,00:30:31: Model's personal time...
09/05/2026,00:30:32: Training...
09/05/2026,00:30:38: Evaluating...
09/05/2026,00:30:40: 	Train Loss: 787166.0000 (base: 82.5911, kd: 7870.8345), Elapsed: train 9.17 test 1.44
09/05/2026,00:30:40: 	Recall@10: 0.07064 Recall@20: 0.10146 NDCG@10: 0.04111 NDCG@20: 0.04973 
09/05/2026,00:30:40: 	Recall@10: 0.02458 Recall@20: 0.03977 NDCG@10: 0.01401 NDCG@20: 0.01814 
09/05/2026,00:30:40: Epoch [99/1000]
09/05/2026,00:30:40: Negative sampling...
09/05/2026,00:30:41: Model's personal time...
09/05/2026,00:30:43: Training...
09/05/2026,00:30:49: Evaluating...
09/05/2026,00:30:51: 	Train Loss: 786982.1250 (base: 82.9086, kd: 7868.9907), Elapsed: train 9.52 test 1.45 *
09/05/2026,00:30:51: 	Recall@10: 0.07146 Recall@20: 0.10116 NDCG@10: 0.04154 NDCG@20: 0.04989 
09/05/2026,00:30:51: 	Recall@10: 0.02452 Recall@20: 0.04047 NDCG@10: 0.01388 NDCG@20: 0.01822 
09/05/2026,00:30:51: Epoch [100/1000]
09/05/2026,00:30:51: Negative sampling...
09/05/2026,00:30:52: Model's personal time...
09/05/2026,00:30:52: Training...
09/05/2026,00:30:59: Evaluating...
09/05/2026,00:31:01: 	Train Loss: 786971.4375 (base: 84.7602, kd: 7868.8667), Elapsed: train 8.42 test 2.10 *
09/05/2026,00:31:01: 	Recall@10: 0.07089 Recall@20: 0.10220 NDCG@10: 0.04126 NDCG@20: 0.05005 
09/05/2026,00:31:01: 	Recall@10: 0.02445 Recall@20: 0.03953 NDCG@10: 0.01397 NDCG@20: 0.01807 
09/05/2026,00:31:01: Epoch [101/1000]
09/05/2026,00:31:01: Negative sampling...
09/05/2026,00:31:03: Model's personal time...
09/05/2026,00:31:03: Training...
09/05/2026,00:31:09: Evaluating...
09/05/2026,00:31:11: 	Train Loss: 786970.6250 (base: 80.0937, kd: 7868.9048), Elapsed: train 7.85 test 2.27 *
09/05/2026,00:31:11: 	Recall@10: 0.07187 Recall@20: 0.10168 NDCG@10: 0.04174 NDCG@20: 0.05008 
09/05/2026,00:31:11: 	Recall@10: 0.02470 Recall@20: 0.03937 NDCG@10: 0.01411 NDCG@20: 0.01811 
09/05/2026,00:31:11: Epoch [102/1000]
09/05/2026,00:31:11: Negative sampling...
09/05/2026,00:31:13: Model's personal time...
09/05/2026,00:31:13: Training...
09/05/2026,00:31:19: Evaluating...
09/05/2026,00:31:22: 	Train Loss: 786928.6250 (base: 77.7171, kd: 7868.5093), Elapsed: train 7.92 test 2.51 *
09/05/2026,00:31:22: 	Recall@10: 0.07176 Recall@20: 0.10274 NDCG@10: 0.04154 NDCG@20: 0.05023 
09/05/2026,00:31:22: 	Recall@10: 0.02420 Recall@20: 0.03958 NDCG@10: 0.01391 NDCG@20: 0.01813 
09/05/2026,00:31:22: Epoch [103/1000]
09/05/2026,00:31:22: Negative sampling...
09/05/2026,00:31:23: Model's personal time...
09/05/2026,00:31:24: Training...
09/05/2026,00:31:30: Evaluating...
09/05/2026,00:31:32: 	Train Loss: 786827.8125 (base: 77.5751, kd: 7867.5024), Elapsed: train 8.48 test 2.20
09/05/2026,00:31:32: 	Recall@10: 0.07013 Recall@20: 0.10183 NDCG@10: 0.04108 NDCG@20: 0.04988 
09/05/2026,00:31:32: 	Recall@10: 0.02436 Recall@20: 0.04020 NDCG@10: 0.01402 NDCG@20: 0.01837 
09/05/2026,00:31:32: Epoch [104/1000]
09/05/2026,00:31:32: Negative sampling...
09/05/2026,00:31:34: Model's personal time...
09/05/2026,00:31:34: Training...
09/05/2026,00:31:42: Evaluating...
09/05/2026,00:31:43: 	Train Loss: 786788.8125 (base: 76.9256, kd: 7867.1187), Elapsed: train 9.14 test 1.55
09/05/2026,00:31:43: 	Recall@10: 0.07003 Recall@20: 0.10168 NDCG@10: 0.04121 NDCG@20: 0.05001 
09/05/2026,00:31:43: 	Recall@10: 0.02477 Recall@20: 0.03943 NDCG@10: 0.01416 NDCG@20: 0.01820 
09/05/2026,00:31:43: Epoch [105/1000]
09/05/2026,00:31:43: Negative sampling...
09/05/2026,00:31:45: Model's personal time...
09/05/2026,00:31:46: Training...
09/05/2026,00:31:53: Evaluating...
09/05/2026,00:31:54: 	Train Loss: 786784.8125 (base: 81.6754, kd: 7867.0317), Elapsed: train 9.51 test 1.50
09/05/2026,00:31:54: 	Recall@10: 0.06987 Recall@20: 0.10263 NDCG@10: 0.04106 NDCG@20: 0.05000 
09/05/2026,00:31:54: 	Recall@10: 0.02474 Recall@20: 0.03954 NDCG@10: 0.01422 NDCG@20: 0.01828 
09/05/2026,00:31:54: Epoch [106/1000]
09/05/2026,00:31:54: Negative sampling...
09/05/2026,00:31:56: Model's personal time...
09/05/2026,00:31:57: Training...
09/05/2026,00:32:03: Evaluating...
09/05/2026,00:32:05: 	Train Loss: 786729.3750 (base: 77.3878, kd: 7866.5200), Elapsed: train 9.24 test 1.37 *
09/05/2026,00:32:05: 	Recall@10: 0.07060 Recall@20: 0.10378 NDCG@10: 0.04172 NDCG@20: 0.05089 
09/05/2026,00:32:05: 	Recall@10: 0.02465 Recall@20: 0.04024 NDCG@10: 0.01417 NDCG@20: 0.01845 
09/05/2026,00:32:05: Epoch [107/1000]
09/05/2026,00:32:05: Negative sampling...
09/05/2026,00:32:06: Model's personal time...
09/05/2026,00:32:07: Training...
09/05/2026,00:32:14: Evaluating...
09/05/2026,00:32:15: 	Train Loss: 786708.3125 (base: 75.6774, kd: 7866.3262), Elapsed: train 9.11 test 1.31
09/05/2026,00:32:15: 	Recall@10: 0.06971 Recall@20: 0.10226 NDCG@10: 0.04101 NDCG@20: 0.04994 
09/05/2026,00:32:15: 	Recall@10: 0.02403 Recall@20: 0.03964 NDCG@10: 0.01401 NDCG@20: 0.01830 
09/05/2026,00:32:15: Epoch [108/1000]
09/05/2026,00:32:15: Negative sampling...
09/05/2026,00:32:17: Model's personal time...
09/05/2026,00:32:17: Training...
09/05/2026,00:32:24: Evaluating...
09/05/2026,00:32:26: 	Train Loss: 786680.8125 (base: 80.3193, kd: 7866.0049), Elapsed: train 9.20 test 1.62
09/05/2026,00:32:26: 	Recall@10: 0.06940 Recall@20: 0.10326 NDCG@10: 0.04121 NDCG@20: 0.05060 
09/05/2026,00:32:26: 	Recall@10: 0.02465 Recall@20: 0.04020 NDCG@10: 0.01402 NDCG@20: 0.01827 
09/05/2026,00:32:26: Epoch [109/1000]
09/05/2026,00:32:26: Negative sampling...
09/05/2026,00:32:27: Model's personal time...
09/05/2026,00:32:29: Training...
09/05/2026,00:32:35: Evaluating...
09/05/2026,00:32:37: 	Train Loss: 786682.8125 (base: 73.8090, kd: 7866.0898), Elapsed: train 9.32 test 1.39
09/05/2026,00:32:37: 	Recall@10: 0.07019 Recall@20: 0.10261 NDCG@10: 0.04123 NDCG@20: 0.05025 
09/05/2026,00:32:37: 	Recall@10: 0.02519 Recall@20: 0.04014 NDCG@10: 0.01429 NDCG@20: 0.01835 
09/05/2026,00:32:37: Epoch [110/1000]
09/05/2026,00:32:37: Negative sampling...
09/05/2026,00:32:38: Model's personal time...
09/05/2026,00:32:39: Training...
09/05/2026,00:32:46: Evaluating...
09/05/2026,00:32:48: 	Train Loss: 786679.0625 (base: 75.1013, kd: 7866.0400), Elapsed: train 9.53 test 1.60
09/05/2026,00:32:48: 	Recall@10: 0.06928 Recall@20: 0.10320 NDCG@10: 0.04105 NDCG@20: 0.05049 
09/05/2026,00:32:48: 	Recall@10: 0.02551 Recall@20: 0.04027 NDCG@10: 0.01443 NDCG@20: 0.01846 
09/05/2026,00:32:48: Epoch [111/1000]
09/05/2026,00:32:48: Negative sampling...
09/05/2026,00:32:49: Model's personal time...
09/05/2026,00:32:50: Training...
09/05/2026,00:32:57: Evaluating...
09/05/2026,00:32:59: 	Train Loss: 786563.4375 (base: 76.3506, kd: 7864.8706), Elapsed: train 9.31 test 1.36
09/05/2026,00:32:59: 	Recall@10: 0.06982 Recall@20: 0.10227 NDCG@10: 0.04140 NDCG@20: 0.05037 
09/05/2026,00:32:59: 	Recall@10: 0.02544 Recall@20: 0.04052 NDCG@10: 0.01445 NDCG@20: 0.01858 
09/05/2026,00:32:59: Epoch [112/1000]
09/05/2026,00:32:59: Negative sampling...
09/05/2026,00:33:00: Model's personal time...
09/05/2026,00:33:00: Training...
09/05/2026,00:33:07: Evaluating...
09/05/2026,00:33:09: 	Train Loss: 786501.8750 (base: 76.2257, kd: 7864.2568), Elapsed: train 8.41 test 2.14
09/05/2026,00:33:09: 	Recall@10: 0.07023 Recall@20: 0.10134 NDCG@10: 0.04144 NDCG@20: 0.05007 
09/05/2026,00:33:09: 	Recall@10: 0.02481 Recall@20: 0.03956 NDCG@10: 0.01419 NDCG@20: 0.01824 
09/05/2026,00:33:09: Epoch [113/1000]
09/05/2026,00:33:09: Negative sampling...
09/05/2026,00:33:10: Model's personal time...
09/05/2026,00:33:11: Training...
09/05/2026,00:33:17: Evaluating...
09/05/2026,00:33:19: 	Train Loss: 786539.0625 (base: 71.9531, kd: 7864.6709), Elapsed: train 7.89 test 2.48
09/05/2026,00:33:19: 	Recall@10: 0.07039 Recall@20: 0.10206 NDCG@10: 0.04166 NDCG@20: 0.05035 
09/05/2026,00:33:19: 	Recall@10: 0.02538 Recall@20: 0.04013 NDCG@10: 0.01436 NDCG@20: 0.01842 
09/05/2026,00:33:19: Epoch [114/1000]
09/05/2026,00:33:19: Negative sampling...
09/05/2026,00:33:21: Model's personal time...
09/05/2026,00:33:21: Training...
09/05/2026,00:33:28: Evaluating...
09/05/2026,00:33:30: 	Train Loss: 786523.6875 (base: 72.6450, kd: 7864.5103), Elapsed: train 8.61 test 2.01
09/05/2026,00:33:30: 	Recall@10: 0.07082 Recall@20: 0.10329 NDCG@10: 0.04147 NDCG@20: 0.05041 
09/05/2026,00:33:30: 	Recall@10: 0.02519 Recall@20: 0.04007 NDCG@10: 0.01426 NDCG@20: 0.01838 
09/05/2026,00:33:30: Epoch [115/1000]
09/05/2026,00:33:30: Negative sampling...
09/05/2026,00:33:31: Model's personal time...
09/05/2026,00:33:32: Training...
09/05/2026,00:33:39: Evaluating...
09/05/2026,00:33:41: 	Train Loss: 786462.7500 (base: 73.1447, kd: 7863.8960), Elapsed: train 8.63 test 2.18
09/05/2026,00:33:41: 	Recall@10: 0.07103 Recall@20: 0.10220 NDCG@10: 0.04183 NDCG@20: 0.05035 
09/05/2026,00:33:41: 	Recall@10: 0.02540 Recall@20: 0.04007 NDCG@10: 0.01437 NDCG@20: 0.01840 
09/05/2026,00:33:41: Epoch [116/1000]
09/05/2026,00:33:41: Negative sampling...
09/05/2026,00:33:42: Model's personal time...
09/05/2026,00:33:44: Training...
09/05/2026,00:33:50: Evaluating...
09/05/2026,00:33:52: 	Train Loss: 786481.1875 (base: 73.9936, kd: 7864.0728), Elapsed: train 9.40 test 1.43
09/05/2026,00:33:52: 	Recall@10: 0.07054 Recall@20: 0.10268 NDCG@10: 0.04179 NDCG@20: 0.05061 
09/05/2026,00:33:52: 	Recall@10: 0.02514 Recall@20: 0.03964 NDCG@10: 0.01432 NDCG@20: 0.01829 
09/05/2026,00:33:52: Epoch [117/1000]
09/05/2026,00:33:52: Negative sampling...
09/05/2026,00:33:53: Model's personal time...
09/05/2026,00:33:54: Training...
09/05/2026,00:34:01: Evaluating...
09/05/2026,00:34:02: 	Train Loss: 786376.9375 (base: 68.8400, kd: 7863.0815), Elapsed: train 9.18 test 1.34
09/05/2026,00:34:02: 	Recall@10: 0.06999 Recall@20: 0.10180 NDCG@10: 0.04138 NDCG@20: 0.05024 
09/05/2026,00:34:02: 	Recall@10: 0.02578 Recall@20: 0.03937 NDCG@10: 0.01456 NDCG@20: 0.01834 
09/05/2026,00:34:02: Epoch [118/1000]
09/05/2026,00:34:02: Negative sampling...
09/05/2026,00:34:04: Model's personal time...
09/05/2026,00:34:04: Training...
09/05/2026,00:34:12: Evaluating...
09/05/2026,00:34:13: 	Train Loss: 786346.5000 (base: 70.7389, kd: 7862.7573), Elapsed: train 9.34 test 1.53
09/05/2026,00:34:13: 	Recall@10: 0.07025 Recall@20: 0.10370 NDCG@10: 0.04137 NDCG@20: 0.05064 
09/05/2026,00:34:13: 	Recall@10: 0.02524 Recall@20: 0.03934 NDCG@10: 0.01423 NDCG@20: 0.01813 
09/05/2026,00:34:13: Epoch [119/1000]
09/05/2026,00:34:13: Negative sampling...
09/05/2026,00:34:14: Model's personal time...
09/05/2026,00:34:15: Training...
09/05/2026,00:34:22: Evaluating...
09/05/2026,00:34:24: 	Train Loss: 786281.0625 (base: 71.6896, kd: 7862.0942), Elapsed: train 8.61 test 2.22
09/05/2026,00:34:24: 	Recall@10: 0.06982 Recall@20: 0.10361 NDCG@10: 0.04146 NDCG@20: 0.05076 
09/05/2026,00:34:24: 	Recall@10: 0.02540 Recall@20: 0.04002 NDCG@10: 0.01426 NDCG@20: 0.01830 
09/05/2026,00:34:24: Epoch [120/1000]
09/05/2026,00:34:24: Negative sampling...
09/05/2026,00:34:26: Model's personal time...
09/05/2026,00:34:27: Training...
09/05/2026,00:34:33: Evaluating...
09/05/2026,00:34:35: 	Train Loss: 786305.7500 (base: 66.1485, kd: 7862.3950), Elapsed: train 9.27 test 1.40
09/05/2026,00:34:35: 	Recall@10: 0.07005 Recall@20: 0.10330 NDCG@10: 0.04121 NDCG@20: 0.05041 
09/05/2026,00:34:35: 	Recall@10: 0.02516 Recall@20: 0.03944 NDCG@10: 0.01415 NDCG@20: 0.01811 
09/05/2026,00:34:35: Epoch [121/1000]
09/05/2026,00:34:35: Negative sampling...
09/05/2026,00:34:36: Model's personal time...
09/05/2026,00:34:38: Training...
09/05/2026,00:34:44: Evaluating...
09/05/2026,00:34:45: 	Train Loss: 786259.1875 (base: 70.8276, kd: 7861.8833), Elapsed: train 9.07 test 0.92
09/05/2026,00:34:45: 	Recall@10: 0.07025 Recall@20: 0.10146 NDCG@10: 0.04132 NDCG@20: 0.04998 
09/05/2026,00:34:45: 	Recall@10: 0.02576 Recall@20: 0.04023 NDCG@10: 0.01440 NDCG@20: 0.01841 
09/05/2026,00:34:45: Epoch [122/1000]
09/05/2026,00:34:45: Negative sampling...
09/05/2026,00:34:46: Model's personal time...
09/05/2026,00:34:47: Training...
09/05/2026,00:34:54: Evaluating...
09/05/2026,00:34:55: 	Train Loss: 786119.7500 (base: 69.0037, kd: 7860.5073), Elapsed: train 9.38 test 1.48
09/05/2026,00:34:55: 	Recall@10: 0.07109 Recall@20: 0.10282 NDCG@10: 0.04151 NDCG@20: 0.05030 
09/05/2026,00:34:55: 	Recall@10: 0.02593 Recall@20: 0.03979 NDCG@10: 0.01434 NDCG@20: 0.01818 
09/05/2026,00:34:55: Epoch [123/1000]
09/05/2026,00:34:55: Negative sampling...
09/05/2026,00:34:57: Model's personal time...
09/05/2026,00:34:57: Training...
09/05/2026,00:35:05: Evaluating...
09/05/2026,00:35:06: 	Train Loss: 786221.3750 (base: 69.1060, kd: 7861.5220), Elapsed: train 9.45 test 1.51
09/05/2026,00:35:06: 	Recall@10: 0.07104 Recall@20: 0.10298 NDCG@10: 0.04154 NDCG@20: 0.05038 
09/05/2026,00:35:06: 	Recall@10: 0.02567 Recall@20: 0.03949 NDCG@10: 0.01435 NDCG@20: 0.01819 
09/05/2026,00:35:06: Epoch [124/1000]
09/05/2026,00:35:06: Negative sampling...
09/05/2026,00:35:08: Model's personal time...
09/05/2026,00:35:09: Training...
09/05/2026,00:35:16: Evaluating...
09/05/2026,00:35:17: 	Train Loss: 786166.6875 (base: 66.0393, kd: 7861.0073), Elapsed: train 9.27 test 1.35
09/05/2026,00:35:17: 	Recall@10: 0.07000 Recall@20: 0.10283 NDCG@10: 0.04137 NDCG@20: 0.05049 
09/05/2026,00:35:17: 	Recall@10: 0.02555 Recall@20: 0.03959 NDCG@10: 0.01424 NDCG@20: 0.01815 
09/05/2026,00:35:17: Epoch [125/1000]
09/05/2026,00:35:17: Negative sampling...
09/05/2026,00:35:18: Model's personal time...
09/05/2026,00:35:20: Training...
09/05/2026,00:35:26: Evaluating...
09/05/2026,00:35:28: 	Train Loss: 786134.2500 (base: 65.6138, kd: 7860.6860), Elapsed: train 9.27 test 1.30
09/05/2026,00:35:28: 	Recall@10: 0.07099 Recall@20: 0.10352 NDCG@10: 0.04160 NDCG@20: 0.05057 
09/05/2026,00:35:28: 	Recall@10: 0.02545 Recall@20: 0.03962 NDCG@10: 0.01408 NDCG@20: 0.01806 
09/05/2026,00:35:28: Epoch [126/1000]
09/05/2026,00:35:28: Negative sampling...
09/05/2026,00:35:29: Model's personal time...
09/05/2026,00:35:30: Training...
09/05/2026,00:35:37: Evaluating...
09/05/2026,00:35:39: 	Train Loss: 786077.3125 (base: 66.9654, kd: 7860.1030), Elapsed: train 9.41 test 1.51
09/05/2026,00:35:39: 	Recall@10: 0.07020 Recall@20: 0.10283 NDCG@10: 0.04126 NDCG@20: 0.05028 
09/05/2026,00:35:39: 	Recall@10: 0.02564 Recall@20: 0.03978 NDCG@10: 0.01431 NDCG@20: 0.01828 
09/05/2026,00:35:39: Epoch [127/1000]
09/05/2026,00:35:39: Negative sampling...
09/05/2026,00:35:40: Model's personal time...
09/05/2026,00:35:41: Training...
09/05/2026,00:35:48: Evaluating...
09/05/2026,00:35:50: 	Train Loss: 786118.3750 (base: 66.4011, kd: 7860.5190), Elapsed: train 9.77 test 1.42
09/05/2026,00:35:50: 	Recall@10: 0.07044 Recall@20: 0.10297 NDCG@10: 0.04152 NDCG@20: 0.05057 
09/05/2026,00:35:50: 	Recall@10: 0.02519 Recall@20: 0.03970 NDCG@10: 0.01410 NDCG@20: 0.01814 
09/05/2026,00:35:50: Epoch [128/1000]
09/05/2026,00:35:50: Negative sampling...
09/05/2026,00:35:51: Model's personal time...
09/05/2026,00:35:53: Training...
09/05/2026,00:35:59: Evaluating...
09/05/2026,00:35:59: 	Train Loss: 785995.8750 (base: 63.2664, kd: 7859.3262), Elapsed: train 9.21 test 0.48
09/05/2026,00:35:59: 	Recall@10: 0.07087 Recall@20: 0.10444 NDCG@10: 0.04149 NDCG@20: 0.05079 
09/05/2026,00:35:59: 	Recall@10: 0.02535 Recall@20: 0.03962 NDCG@10: 0.01425 NDCG@20: 0.01823 
09/05/2026,00:35:59: Epoch [129/1000]
09/05/2026,00:35:59: Negative sampling...
09/05/2026,00:36:01: Model's personal time...
09/05/2026,00:36:02: Training...
09/05/2026,00:36:08: Evaluating...
09/05/2026,00:36:10: 	Train Loss: 786056.8750 (base: 68.1242, kd: 7859.8877), Elapsed: train 8.95 test 1.43
09/05/2026,00:36:10: 	Recall@10: 0.07078 Recall@20: 0.10421 NDCG@10: 0.04124 NDCG@20: 0.05050 
09/05/2026,00:36:10: 	Recall@10: 0.02535 Recall@20: 0.03969 NDCG@10: 0.01406 NDCG@20: 0.01809 
09/05/2026,00:36:10: Epoch [130/1000]
09/05/2026,00:36:10: Negative sampling...
09/05/2026,00:36:11: Model's personal time...
09/05/2026,00:36:12: Training...
09/05/2026,00:36:19: Evaluating...
09/05/2026,00:36:21: 	Train Loss: 786046.5000 (base: 63.1210, kd: 7859.8340), Elapsed: train 9.40 test 1.53
09/05/2026,00:36:21: 	Recall@10: 0.07069 Recall@20: 0.10242 NDCG@10: 0.04141 NDCG@20: 0.05017 
09/05/2026,00:36:21: 	Recall@10: 0.02528 Recall@20: 0.03987 NDCG@10: 0.01423 NDCG@20: 0.01831 
09/05/2026,00:36:21: Epoch [131/1000]
09/05/2026,00:36:21: Negative sampling...
09/05/2026,00:36:22: Model's personal time...
09/05/2026,00:36:23: Training...
09/05/2026,00:36:30: Evaluating...
09/05/2026,00:36:32: 	Train Loss: 786049.6875 (base: 67.8245, kd: 7859.8188), Elapsed: train 9.42 test 1.49
09/05/2026,00:36:32: 	Recall@10: 0.07042 Recall@20: 0.10388 NDCG@10: 0.04118 NDCG@20: 0.05046 
09/05/2026,00:36:32: 	Recall@10: 0.02551 Recall@20: 0.04054 NDCG@10: 0.01423 NDCG@20: 0.01840 
09/05/2026,00:36:32: Epoch [132/1000]
09/05/2026,00:36:32: Negative sampling...
09/05/2026,00:36:33: Model's personal time...
09/05/2026,00:36:34: Training...
09/05/2026,00:36:40: Evaluating...
09/05/2026,00:36:42: 	Train Loss: 786000.9375 (base: 60.6726, kd: 7859.4028), Elapsed: train 8.67 test 2.06
09/05/2026,00:36:42: 	Recall@10: 0.07014 Recall@20: 0.10339 NDCG@10: 0.04134 NDCG@20: 0.05051 
09/05/2026,00:36:42: 	Recall@10: 0.02528 Recall@20: 0.04021 NDCG@10: 0.01401 NDCG@20: 0.01818 
09/05/2026,00:36:42: Epoch [133/1000]
09/05/2026,00:36:42: Negative sampling...
09/05/2026,00:36:44: Model's personal time...
09/05/2026,00:36:44: Training...
09/05/2026,00:36:51: Evaluating...
09/05/2026,00:36:53: 	Train Loss: 785874.1250 (base: 64.3678, kd: 7858.0967), Elapsed: train 8.55 test 2.14
09/05/2026,00:36:53: 	Recall@10: 0.07027 Recall@20: 0.10388 NDCG@10: 0.04143 NDCG@20: 0.05069 
09/05/2026,00:36:53: 	Recall@10: 0.02566 Recall@20: 0.04067 NDCG@10: 0.01422 NDCG@20: 0.01841 
09/05/2026,00:36:53: Epoch [134/1000]
09/05/2026,00:36:53: Negative sampling...
09/05/2026,00:36:54: Model's personal time...
09/05/2026,00:36:55: Training...
09/05/2026,00:37:02: Evaluating...
09/05/2026,00:37:04: 	Train Loss: 785852.5625 (base: 63.4573, kd: 7857.8906), Elapsed: train 8.82 test 2.02
09/05/2026,00:37:04: 	Recall@10: 0.07029 Recall@20: 0.10331 NDCG@10: 0.04145 NDCG@20: 0.05057 
09/05/2026,00:37:04: 	Recall@10: 0.02587 Recall@20: 0.04002 NDCG@10: 0.01429 NDCG@20: 0.01827 
09/05/2026,00:37:04: Epoch [135/1000]
09/05/2026,00:37:04: Negative sampling...
09/05/2026,00:37:05: Model's personal time...
09/05/2026,00:37:06: Training...
09/05/2026,00:37:13: Evaluating...
09/05/2026,00:37:15: 	Train Loss: 785953.1250 (base: 65.4713, kd: 7858.8760), Elapsed: train 9.43 test 1.58
09/05/2026,00:37:15: 	Recall@10: 0.07051 Recall@20: 0.10355 NDCG@10: 0.04156 NDCG@20: 0.05065 
09/05/2026,00:37:15: 	Recall@10: 0.02564 Recall@20: 0.04017 NDCG@10: 0.01431 NDCG@20: 0.01837 
09/05/2026,00:37:15: Epoch [136/1000]
09/05/2026,00:37:15: Negative sampling...
09/05/2026,00:37:16: Model's personal time...
09/05/2026,00:37:17: Training...
09/05/2026,00:37:25: Evaluating...
09/05/2026,00:37:26: 	Train Loss: 785808.8125 (base: 66.2689, kd: 7857.4248), Elapsed: train 9.60 test 1.48
09/05/2026,00:37:26: 	Recall@10: 0.07001 Recall@20: 0.10310 NDCG@10: 0.04131 NDCG@20: 0.05043 
09/05/2026,00:37:26: 	Recall@10: 0.02529 Recall@20: 0.04060 NDCG@10: 0.01427 NDCG@20: 0.01850 
09/05/2026,00:37:26: ------------------------------
09/05/2026,00:37:26: valid Recall@10: 0.07060 Recall@20: 0.10378 NDCG@10: 0.04172 NDCG@20: 0.05089
09/05/2026,00:37:26: test Recall@10: 0.02465 Recall@20: 0.04024 NDCG@10: 0.01417 NDCG@20: 0.01845
