----------------------------------------TEACHER----------------------------------------
init_std                                 0.01
embedding_dim                            400
----------------------------------------TEACHER----------------------------------------
----------------------------------------ARGUMENTS----------------------------------------
run_all                                  False
seed                                     0
gpu_id                                   0
no_log                                   False
no_save                                  False
suffix                                   teacher
verbose                                  False
ablation                                 False
task                                     rec
dataset                                  citeulike
batch_size                               2048
num_ns                                   1
neg_sampling_on_all                      False
T_backbone                               bpr
S_backbone                               bpr
model                                    scratch
preload                                  False
postsave                                 False
train_teacher                            True
ckpt_interval                            -1
epochs                                   1000
lr                                       0.001
wd                                       0.001
lmbda                                    1.0
eval_period                              1
K_list                                   [10, 20]
early_stop_metric                        NDCG
early_stop_K                             20
early_stop_patience                      30
LOG_DIR                                  logs/
CONFIG_DIR                               configs/
DATA_DIR                                 data/
CKPT_DIR                                 checkpoints/
CRAFT_DIR                                crafts/
----------------------------------------ARGUMENTS----------------------------------------
08/24/2026,00:51:53: Epoch [1/1000]
08/24/2026,00:51:53: Negative sampling...
08/24/2026,00:51:54: Model's personal time...
08/24/2026,00:51:54: Training...
08/24/2026,00:51:55: Evaluating...
08/24/2026,00:51:56: 	Train Loss: 1391.5845 (base: 1391.5845, kd: 0.0000), Elapsed: train 2.38 test 0.45 *
08/24/2026,00:51:56: 	Recall@10: 0.00480 Recall@20: 0.00790 NDCG@10: 0.00298 NDCG@20: 0.00381 
08/24/2026,00:51:56: 	Recall@10: 0.00193 Recall@20: 0.00388 NDCG@10: 0.00101 NDCG@20: 0.00152 
08/24/2026,00:51:56: Epoch [2/1000]
08/24/2026,00:51:56: Negative sampling...
08/24/2026,00:51:57: Model's personal time...
08/24/2026,00:51:57: Training...
08/24/2026,00:51:58: Evaluating...
08/24/2026,00:51:58: 	Train Loss: 1357.4176 (base: 1357.4176, kd: 0.0000), Elapsed: train 2.19 test 0.39 *
08/24/2026,00:51:58: 	Recall@10: 0.02849 Recall@20: 0.03965 NDCG@10: 0.01745 NDCG@20: 0.02046 
08/24/2026,00:51:58: 	Recall@10: 0.01146 Recall@20: 0.01451 NDCG@10: 0.00722 NDCG@20: 0.00801 
08/24/2026,00:51:58: Epoch [3/1000]
08/24/2026,00:51:58: Negative sampling...
08/24/2026,00:52:00: Model's personal time...
08/24/2026,00:52:00: Training...
08/24/2026,00:52:01: Evaluating...
08/24/2026,00:52:01: 	Train Loss: 1184.2916 (base: 1184.2916, kd: 0.0000), Elapsed: train 2.31 test 0.39 *
08/24/2026,00:52:01: 	Recall@10: 0.03472 Recall@20: 0.04644 NDCG@10: 0.02111 NDCG@20: 0.02426 
08/24/2026,00:52:01: 	Recall@10: 0.01297 Recall@20: 0.01631 NDCG@10: 0.00844 NDCG@20: 0.00935 
08/24/2026,00:52:01: Epoch [4/1000]
08/24/2026,00:52:01: Negative sampling...
08/24/2026,00:52:02: Model's personal time...
08/24/2026,00:52:02: Training...
08/24/2026,00:52:03: Evaluating...
08/24/2026,00:52:04: 	Train Loss: 896.3368 (base: 896.3368, kd: 0.0000), Elapsed: train 2.08 test 0.39 *
08/24/2026,00:52:04: 	Recall@10: 0.03621 Recall@20: 0.04915 NDCG@10: 0.02218 NDCG@20: 0.02567 
08/24/2026,00:52:04: 	Recall@10: 0.01348 Recall@20: 0.01836 NDCG@10: 0.00842 NDCG@20: 0.00970 
08/24/2026,00:52:04: Epoch [5/1000]
08/24/2026,00:52:04: Negative sampling...
08/24/2026,00:52:05: Model's personal time...
08/24/2026,00:52:05: Training...
08/24/2026,00:52:06: Evaluating...
08/24/2026,00:52:06: 	Train Loss: 664.7631 (base: 664.7631, kd: 0.0000), Elapsed: train 2.19 test 0.39 *
08/24/2026,00:52:06: 	Recall@10: 0.03691 Recall@20: 0.05520 NDCG@10: 0.02327 NDCG@20: 0.02824 
08/24/2026,00:52:06: 	Recall@10: 0.01355 Recall@20: 0.02018 NDCG@10: 0.00876 NDCG@20: 0.01057 
08/24/2026,00:52:06: Epoch [6/1000]
08/24/2026,00:52:06: Negative sampling...
08/24/2026,00:52:07: Model's personal time...
08/24/2026,00:52:07: Training...
08/24/2026,00:52:08: Evaluating...
08/24/2026,00:52:09: 	Train Loss: 502.3191 (base: 502.3191, kd: 0.0000), Elapsed: train 2.11 test 0.39 *
08/24/2026,00:52:09: 	Recall@10: 0.04032 Recall@20: 0.05794 NDCG@10: 0.02553 NDCG@20: 0.03046 
08/24/2026,00:52:09: 	Recall@10: 0.01519 Recall@20: 0.02151 NDCG@10: 0.00966 NDCG@20: 0.01141 
08/24/2026,00:52:09: Epoch [7/1000]
08/24/2026,00:52:09: Negative sampling...
08/24/2026,00:52:10: Model's personal time...
08/24/2026,00:52:10: Training...
08/24/2026,00:52:11: Evaluating...
08/24/2026,00:52:11: 	Train Loss: 389.1973 (base: 389.1973, kd: 0.0000), Elapsed: train 2.30 test 0.46 *
08/24/2026,00:52:11: 	Recall@10: 0.04272 Recall@20: 0.06555 NDCG@10: 0.02669 NDCG@20: 0.03299 
08/24/2026,00:52:11: 	Recall@10: 0.01604 Recall@20: 0.02408 NDCG@10: 0.00974 NDCG@20: 0.01194 
08/24/2026,00:52:11: Epoch [8/1000]
08/24/2026,00:52:11: Negative sampling...
08/24/2026,00:52:13: Model's personal time...
08/24/2026,00:52:13: Training...
08/24/2026,00:52:14: Evaluating...
08/24/2026,00:52:14: 	Train Loss: 306.3863 (base: 306.3863, kd: 0.0000), Elapsed: train 2.31 test 0.40 *
08/24/2026,00:52:14: 	Recall@10: 0.04421 Recall@20: 0.06753 NDCG@10: 0.02690 NDCG@20: 0.03332 
08/24/2026,00:52:14: 	Recall@10: 0.01695 Recall@20: 0.02633 NDCG@10: 0.00993 NDCG@20: 0.01249 
08/24/2026,00:52:14: Epoch [9/1000]
08/24/2026,00:52:14: Negative sampling...
08/24/2026,00:52:15: Model's personal time...
08/24/2026,00:52:15: Training...
08/24/2026,00:52:16: Evaluating...
08/24/2026,00:52:17: 	Train Loss: 249.8990 (base: 249.8990, kd: 0.0000), Elapsed: train 2.07 test 0.40 *
08/24/2026,00:52:17: 	Recall@10: 0.04744 Recall@20: 0.07067 NDCG@10: 0.02854 NDCG@20: 0.03501 
08/24/2026,00:52:17: 	Recall@10: 0.01702 Recall@20: 0.02915 NDCG@10: 0.01044 NDCG@20: 0.01372 
08/24/2026,00:52:17: Epoch [10/1000]
08/24/2026,00:52:17: Negative sampling...
08/24/2026,00:52:18: Model's personal time...
08/24/2026,00:52:18: Training...
08/24/2026,00:52:19: Evaluating...
08/24/2026,00:52:19: 	Train Loss: 205.3741 (base: 205.3741, kd: 0.0000), Elapsed: train 2.33 test 0.47 *
08/24/2026,00:52:19: 	Recall@10: 0.04859 Recall@20: 0.07149 NDCG@10: 0.02937 NDCG@20: 0.03565 
08/24/2026,00:52:19: 	Recall@10: 0.01796 Recall@20: 0.02833 NDCG@10: 0.01100 NDCG@20: 0.01379 
08/24/2026,00:52:19: Epoch [11/1000]
08/24/2026,00:52:19: Negative sampling...
08/24/2026,00:52:21: Model's personal time...
08/24/2026,00:52:21: Training...
08/24/2026,00:52:22: Evaluating...
08/24/2026,00:52:22: 	Train Loss: 173.9039 (base: 173.9039, kd: 0.0000), Elapsed: train 2.19 test 0.38 *
08/24/2026,00:52:22: 	Recall@10: 0.04749 Recall@20: 0.07336 NDCG@10: 0.02875 NDCG@20: 0.03594 
08/24/2026,00:52:22: 	Recall@10: 0.01748 Recall@20: 0.02884 NDCG@10: 0.01101 NDCG@20: 0.01405 
08/24/2026,00:52:22: Epoch [12/1000]
08/24/2026,00:52:22: Negative sampling...
08/24/2026,00:52:23: Model's personal time...
08/24/2026,00:52:23: Training...
08/24/2026,00:52:24: Evaluating...
08/24/2026,00:52:24: 	Train Loss: 147.1086 (base: 147.1086, kd: 0.0000), Elapsed: train 2.18 test 0.38 *
08/24/2026,00:52:24: 	Recall@10: 0.04970 Recall@20: 0.07611 NDCG@10: 0.02939 NDCG@20: 0.03665 
08/24/2026,00:52:24: 	Recall@10: 0.01771 Recall@20: 0.02998 NDCG@10: 0.01100 NDCG@20: 0.01434 
08/24/2026,00:52:24: Epoch [13/1000]
08/24/2026,00:52:24: Negative sampling...
08/24/2026,00:52:26: Model's personal time...
08/24/2026,00:52:26: Training...
08/24/2026,00:52:27: Evaluating...
08/24/2026,00:52:27: 	Train Loss: 127.8581 (base: 127.8581, kd: 0.0000), Elapsed: train 2.19 test 0.38 *
08/24/2026,00:52:27: 	Recall@10: 0.05061 Recall@20: 0.07849 NDCG@10: 0.03000 NDCG@20: 0.03762 
08/24/2026,00:52:27: 	Recall@10: 0.01939 Recall@20: 0.03023 NDCG@10: 0.01152 NDCG@20: 0.01454 
08/24/2026,00:52:27: Epoch [14/1000]
08/24/2026,00:52:27: Negative sampling...
08/24/2026,00:52:28: Model's personal time...
08/24/2026,00:52:28: Training...
08/24/2026,00:52:29: Evaluating...
08/24/2026,00:52:30: 	Train Loss: 113.9837 (base: 113.9837, kd: 0.0000), Elapsed: train 2.05 test 0.38 *
08/24/2026,00:52:30: 	Recall@10: 0.05360 Recall@20: 0.08014 NDCG@10: 0.03043 NDCG@20: 0.03767 
08/24/2026,00:52:30: 	Recall@10: 0.01993 Recall@20: 0.03204 NDCG@10: 0.01154 NDCG@20: 0.01486 
08/24/2026,00:52:30: Epoch [15/1000]
08/24/2026,00:52:30: Negative sampling...
08/24/2026,00:52:31: Model's personal time...
08/24/2026,00:52:31: Training...
08/24/2026,00:52:32: Evaluating...
08/24/2026,00:52:32: 	Train Loss: 101.1041 (base: 101.1041, kd: 0.0000), Elapsed: train 2.15 test 0.38 *
08/24/2026,00:52:32: 	Recall@10: 0.05290 Recall@20: 0.08193 NDCG@10: 0.03052 NDCG@20: 0.03839 
08/24/2026,00:52:32: 	Recall@10: 0.02035 Recall@20: 0.03314 NDCG@10: 0.01156 NDCG@20: 0.01506 
08/24/2026,00:52:32: Epoch [16/1000]
08/24/2026,00:52:32: Negative sampling...
08/24/2026,00:52:33: Model's personal time...
08/24/2026,00:52:33: Training...
08/24/2026,00:52:34: Evaluating...
08/24/2026,00:52:34: 	Train Loss: 91.5666 (base: 91.5666, kd: 0.0000), Elapsed: train 2.05 test 0.39
08/24/2026,00:52:34: 	Recall@10: 0.05214 Recall@20: 0.08037 NDCG@10: 0.03017 NDCG@20: 0.03791 
08/24/2026,00:52:34: 	Recall@10: 0.02091 Recall@20: 0.03263 NDCG@10: 0.01187 NDCG@20: 0.01500 
08/24/2026,00:52:34: Epoch [17/1000]
08/24/2026,00:52:34: Negative sampling...
08/24/2026,00:52:36: Model's personal time...
08/24/2026,00:52:36: Training...
08/24/2026,00:52:37: Evaluating...
08/24/2026,00:52:37: 	Train Loss: 83.4236 (base: 83.4236, kd: 0.0000), Elapsed: train 2.23 test 0.48
08/24/2026,00:52:37: 	Recall@10: 0.05239 Recall@20: 0.08041 NDCG@10: 0.03064 NDCG@20: 0.03828 
08/24/2026,00:52:37: 	Recall@10: 0.02045 Recall@20: 0.03171 NDCG@10: 0.01158 NDCG@20: 0.01463 
08/24/2026,00:52:37: Epoch [18/1000]
08/24/2026,00:52:37: Negative sampling...
08/24/2026,00:52:39: Model's personal time...
08/24/2026,00:52:39: Training...
08/24/2026,00:52:40: Evaluating...
08/24/2026,00:52:40: 	Train Loss: 75.8832 (base: 75.8832, kd: 0.0000), Elapsed: train 2.48 test 0.40 *
08/24/2026,00:52:40: 	Recall@10: 0.05346 Recall@20: 0.08069 NDCG@10: 0.03120 NDCG@20: 0.03861 
08/24/2026,00:52:40: 	Recall@10: 0.02060 Recall@20: 0.03295 NDCG@10: 0.01193 NDCG@20: 0.01523 
08/24/2026,00:52:40: Epoch [19/1000]
08/24/2026,00:52:40: Negative sampling...
08/24/2026,00:52:41: Model's personal time...
08/24/2026,00:52:41: Training...
08/24/2026,00:52:42: Evaluating...
08/24/2026,00:52:43: 	Train Loss: 68.9458 (base: 68.9458, kd: 0.0000), Elapsed: train 2.13 test 0.40 *
08/24/2026,00:52:43: 	Recall@10: 0.05354 Recall@20: 0.08142 NDCG@10: 0.03109 NDCG@20: 0.03867 
08/24/2026,00:52:43: 	Recall@10: 0.02045 Recall@20: 0.03154 NDCG@10: 0.01170 NDCG@20: 0.01471 
08/24/2026,00:52:43: Epoch [20/1000]
08/24/2026,00:52:43: Negative sampling...
08/24/2026,00:52:44: Model's personal time...
08/24/2026,00:52:44: Training...
08/24/2026,00:52:45: Evaluating...
08/24/2026,00:52:45: 	Train Loss: 64.7586 (base: 64.7586, kd: 0.0000), Elapsed: train 2.23 test 0.39 *
08/24/2026,00:52:45: 	Recall@10: 0.05504 Recall@20: 0.08335 NDCG@10: 0.03211 NDCG@20: 0.03984 
08/24/2026,00:52:45: 	Recall@10: 0.02042 Recall@20: 0.03214 NDCG@10: 0.01174 NDCG@20: 0.01494 
08/24/2026,00:52:45: Epoch [21/1000]
08/24/2026,00:52:45: Negative sampling...
08/24/2026,00:52:47: Model's personal time...
08/24/2026,00:52:47: Training...
08/24/2026,00:52:47: Evaluating...
08/24/2026,00:52:48: 	Train Loss: 60.0322 (base: 60.0322, kd: 0.0000), Elapsed: train 2.09 test 0.40 *
08/24/2026,00:52:48: 	Recall@10: 0.05597 Recall@20: 0.08364 NDCG@10: 0.03274 NDCG@20: 0.04036 
08/24/2026,00:52:48: 	Recall@10: 0.02131 Recall@20: 0.03323 NDCG@10: 0.01239 NDCG@20: 0.01564 
08/24/2026,00:52:48: Epoch [22/1000]
08/24/2026,00:52:48: Negative sampling...
08/24/2026,00:52:49: Model's personal time...
08/24/2026,00:52:49: Training...
08/24/2026,00:52:50: Evaluating...
08/24/2026,00:52:50: 	Train Loss: 55.9376 (base: 55.9376, kd: 0.0000), Elapsed: train 2.24 test 0.39 *
08/24/2026,00:52:50: 	Recall@10: 0.05522 Recall@20: 0.08541 NDCG@10: 0.03225 NDCG@20: 0.04051 
08/24/2026,00:52:50: 	Recall@10: 0.02149 Recall@20: 0.03409 NDCG@10: 0.01220 NDCG@20: 0.01565 
08/24/2026,00:52:50: Epoch [23/1000]
08/24/2026,00:52:50: Negative sampling...
08/24/2026,00:52:52: Model's personal time...
08/24/2026,00:52:52: Training...
08/24/2026,00:52:53: Evaluating...
08/24/2026,00:52:53: 	Train Loss: 53.1056 (base: 53.1056, kd: 0.0000), Elapsed: train 2.31 test 0.49
08/24/2026,00:52:53: 	Recall@10: 0.05535 Recall@20: 0.08407 NDCG@10: 0.03212 NDCG@20: 0.03991 
08/24/2026,00:52:53: 	Recall@10: 0.02094 Recall@20: 0.03501 NDCG@10: 0.01212 NDCG@20: 0.01589 
08/24/2026,00:52:53: Epoch [24/1000]
08/24/2026,00:52:53: Negative sampling...
08/24/2026,00:52:55: Model's personal time...
08/24/2026,00:52:55: Training...
08/24/2026,00:52:56: Evaluating...
08/24/2026,00:52:56: 	Train Loss: 50.2478 (base: 50.2478, kd: 0.0000), Elapsed: train 2.34 test 0.47
08/24/2026,00:52:56: 	Recall@10: 0.05466 Recall@20: 0.08427 NDCG@10: 0.03170 NDCG@20: 0.03965 
08/24/2026,00:52:56: 	Recall@10: 0.02092 Recall@20: 0.03434 NDCG@10: 0.01190 NDCG@20: 0.01558 
08/24/2026,00:52:56: Epoch [25/1000]
08/24/2026,00:52:56: Negative sampling...
08/24/2026,00:52:58: Model's personal time...
08/24/2026,00:52:58: Training...
08/24/2026,00:52:58: Evaluating...
08/24/2026,00:52:59: 	Train Loss: 46.8857 (base: 46.8857, kd: 0.0000), Elapsed: train 2.48 test 0.39 *
08/24/2026,00:52:59: 	Recall@10: 0.05602 Recall@20: 0.08632 NDCG@10: 0.03289 NDCG@20: 0.04112 
08/24/2026,00:52:59: 	Recall@10: 0.02199 Recall@20: 0.03705 NDCG@10: 0.01250 NDCG@20: 0.01655 
08/24/2026,00:52:59: Epoch [26/1000]
08/24/2026,00:52:59: Negative sampling...
08/24/2026,00:53:00: Model's personal time...
08/24/2026,00:53:00: Training...
08/24/2026,00:53:01: Evaluating...
08/24/2026,00:53:01: 	Train Loss: 45.3983 (base: 45.3983, kd: 0.0000), Elapsed: train 2.13 test 0.40 *
08/24/2026,00:53:01: 	Recall@10: 0.05706 Recall@20: 0.08655 NDCG@10: 0.03457 NDCG@20: 0.04261 
08/24/2026,00:53:01: 	Recall@10: 0.02281 Recall@20: 0.03747 NDCG@10: 0.01292 NDCG@20: 0.01682 
08/24/2026,00:53:01: Epoch [27/1000]
08/24/2026,00:53:01: Negative sampling...
08/24/2026,00:53:03: Model's personal time...
08/24/2026,00:53:03: Training...
08/24/2026,00:53:04: Evaluating...
08/24/2026,00:53:04: 	Train Loss: 42.4959 (base: 42.4959, kd: 0.0000), Elapsed: train 2.25 test 0.40
08/24/2026,00:53:04: 	Recall@10: 0.05481 Recall@20: 0.08285 NDCG@10: 0.03331 NDCG@20: 0.04103 
08/24/2026,00:53:04: 	Recall@10: 0.02071 Recall@20: 0.03314 NDCG@10: 0.01205 NDCG@20: 0.01540 
08/24/2026,00:53:04: Epoch [28/1000]
08/24/2026,00:53:04: Negative sampling...
08/24/2026,00:53:05: Model's personal time...
08/24/2026,00:53:05: Training...
08/24/2026,00:53:06: Evaluating...
08/24/2026,00:53:07: 	Train Loss: 40.9903 (base: 40.9903, kd: 0.0000), Elapsed: train 2.32 test 0.48
08/24/2026,00:53:07: 	Recall@10: 0.05575 Recall@20: 0.08465 NDCG@10: 0.03356 NDCG@20: 0.04141 
08/24/2026,00:53:07: 	Recall@10: 0.02141 Recall@20: 0.03428 NDCG@10: 0.01247 NDCG@20: 0.01592 
08/24/2026,00:53:07: Epoch [29/1000]
08/24/2026,00:53:07: Negative sampling...
08/24/2026,00:53:08: Model's personal time...
08/24/2026,00:53:08: Training...
08/24/2026,00:53:09: Evaluating...
08/24/2026,00:53:10: 	Train Loss: 39.3089 (base: 39.3089, kd: 0.0000), Elapsed: train 2.29 test 0.40
08/24/2026,00:53:10: 	Recall@10: 0.05705 Recall@20: 0.08573 NDCG@10: 0.03411 NDCG@20: 0.04192 
08/24/2026,00:53:10: 	Recall@10: 0.02149 Recall@20: 0.03399 NDCG@10: 0.01240 NDCG@20: 0.01579 
08/24/2026,00:53:10: Epoch [30/1000]
08/24/2026,00:53:10: Negative sampling...
08/24/2026,00:53:11: Model's personal time...
08/24/2026,00:53:11: Training...
08/24/2026,00:53:12: Evaluating...
08/24/2026,00:53:12: 	Train Loss: 37.3545 (base: 37.3545, kd: 0.0000), Elapsed: train 2.21 test 0.40
08/24/2026,00:53:12: 	Recall@10: 0.05709 Recall@20: 0.08426 NDCG@10: 0.03401 NDCG@20: 0.04142 
08/24/2026,00:53:12: 	Recall@10: 0.02149 Recall@20: 0.03352 NDCG@10: 0.01255 NDCG@20: 0.01579 
08/24/2026,00:53:12: Epoch [31/1000]
08/24/2026,00:53:12: Negative sampling...
08/24/2026,00:53:13: Model's personal time...
08/24/2026,00:53:13: Training...
08/24/2026,00:53:14: Evaluating...
08/24/2026,00:53:15: 	Train Loss: 36.2338 (base: 36.2338, kd: 0.0000), Elapsed: train 2.12 test 0.40
08/24/2026,00:53:15: 	Recall@10: 0.05796 Recall@20: 0.08661 NDCG@10: 0.03441 NDCG@20: 0.04223 
08/24/2026,00:53:15: 	Recall@10: 0.02241 Recall@20: 0.03590 NDCG@10: 0.01275 NDCG@20: 0.01640 
08/24/2026,00:53:15: Epoch [32/1000]
08/24/2026,00:53:15: Negative sampling...
08/24/2026,00:53:16: Model's personal time...
08/24/2026,00:53:16: Training...
08/24/2026,00:53:17: Evaluating...
08/24/2026,00:53:17: 	Train Loss: 34.3338 (base: 34.3338, kd: 0.0000), Elapsed: train 2.24 test 0.40 *
08/24/2026,00:53:17: 	Recall@10: 0.05905 Recall@20: 0.08922 NDCG@10: 0.03500 NDCG@20: 0.04319 
08/24/2026,00:53:17: 	Recall@10: 0.02264 Recall@20: 0.03617 NDCG@10: 0.01308 NDCG@20: 0.01677 
08/24/2026,00:53:17: Epoch [33/1000]
08/24/2026,00:53:17: Negative sampling...
08/24/2026,00:53:19: Model's personal time...
08/24/2026,00:53:19: Training...
08/24/2026,00:53:20: Evaluating...
08/24/2026,00:53:20: 	Train Loss: 33.0837 (base: 33.0837, kd: 0.0000), Elapsed: train 2.24 test 0.40
08/24/2026,00:53:20: 	Recall@10: 0.05850 Recall@20: 0.08900 NDCG@10: 0.03466 NDCG@20: 0.04296 
08/24/2026,00:53:20: 	Recall@10: 0.02240 Recall@20: 0.03717 NDCG@10: 0.01281 NDCG@20: 0.01682 
08/24/2026,00:53:20: Epoch [34/1000]
08/24/2026,00:53:20: Negative sampling...
08/24/2026,00:53:21: Model's personal time...
08/24/2026,00:53:21: Training...
08/24/2026,00:53:22: Evaluating...
08/24/2026,00:53:22: 	Train Loss: 33.5413 (base: 33.5413, kd: 0.0000), Elapsed: train 2.12 test 0.40
08/24/2026,00:53:22: 	Recall@10: 0.06031 Recall@20: 0.09035 NDCG@10: 0.03493 NDCG@20: 0.04308 
08/24/2026,00:53:22: 	Recall@10: 0.02279 Recall@20: 0.03686 NDCG@10: 0.01283 NDCG@20: 0.01671 
08/24/2026,00:53:22: Epoch [35/1000]
08/24/2026,00:53:22: Negative sampling...
08/24/2026,00:53:24: Model's personal time...
08/24/2026,00:53:24: Training...
08/24/2026,00:53:25: Evaluating...
08/24/2026,00:53:25: 	Train Loss: 31.3495 (base: 31.3495, kd: 0.0000), Elapsed: train 2.34 test 0.40 *
08/24/2026,00:53:25: 	Recall@10: 0.06146 Recall@20: 0.09195 NDCG@10: 0.03546 NDCG@20: 0.04371 
08/24/2026,00:53:25: 	Recall@10: 0.02370 Recall@20: 0.03779 NDCG@10: 0.01334 NDCG@20: 0.01719 
08/24/2026,00:53:25: Epoch [36/1000]
08/24/2026,00:53:25: Negative sampling...
08/24/2026,00:53:27: Model's personal time...
08/24/2026,00:53:27: Training...
08/24/2026,00:53:27: Evaluating...
08/24/2026,00:53:28: 	Train Loss: 31.0820 (base: 31.0820, kd: 0.0000), Elapsed: train 2.06 test 0.38
08/24/2026,00:53:28: 	Recall@10: 0.06057 Recall@20: 0.09102 NDCG@10: 0.03502 NDCG@20: 0.04337 
08/24/2026,00:53:28: 	Recall@10: 0.02408 Recall@20: 0.03811 NDCG@10: 0.01335 NDCG@20: 0.01714 
08/24/2026,00:53:28: Epoch [37/1000]
08/24/2026,00:53:28: Negative sampling...
08/24/2026,00:53:29: Model's personal time...
08/24/2026,00:53:29: Training...
08/24/2026,00:53:30: Evaluating...
08/24/2026,00:53:30: 	Train Loss: 29.6153 (base: 29.6153, kd: 0.0000), Elapsed: train 2.18 test 0.38 *
08/24/2026,00:53:30: 	Recall@10: 0.06216 Recall@20: 0.09179 NDCG@10: 0.03605 NDCG@20: 0.04400 
08/24/2026,00:53:30: 	Recall@10: 0.02580 Recall@20: 0.03782 NDCG@10: 0.01413 NDCG@20: 0.01738 
08/24/2026,00:53:30: Epoch [38/1000]
08/24/2026,00:53:30: Negative sampling...
08/24/2026,00:53:32: Model's personal time...
08/24/2026,00:53:32: Training...
08/24/2026,00:53:32: Evaluating...
08/24/2026,00:53:33: 	Train Loss: 28.5493 (base: 28.5493, kd: 0.0000), Elapsed: train 2.15 test 0.38
08/24/2026,00:53:33: 	Recall@10: 0.06097 Recall@20: 0.08928 NDCG@10: 0.03522 NDCG@20: 0.04289 
08/24/2026,00:53:33: 	Recall@10: 0.02500 Recall@20: 0.03672 NDCG@10: 0.01353 NDCG@20: 0.01671 
08/24/2026,00:53:33: Epoch [39/1000]
08/24/2026,00:53:33: Negative sampling...
08/24/2026,00:53:34: Model's personal time...
08/24/2026,00:53:34: Training...
08/24/2026,00:53:35: Evaluating...
08/24/2026,00:53:35: 	Train Loss: 28.1915 (base: 28.1915, kd: 0.0000), Elapsed: train 2.06 test 0.38
08/24/2026,00:53:35: 	Recall@10: 0.06017 Recall@20: 0.08718 NDCG@10: 0.03489 NDCG@20: 0.04225 
08/24/2026,00:53:35: 	Recall@10: 0.02408 Recall@20: 0.03607 NDCG@10: 0.01329 NDCG@20: 0.01653 
08/24/2026,00:53:35: Epoch [40/1000]
08/24/2026,00:53:35: Negative sampling...
08/24/2026,00:53:36: Model's personal time...
08/24/2026,00:53:36: Training...
08/24/2026,00:53:37: Evaluating...
08/24/2026,00:53:38: 	Train Loss: 27.5153 (base: 27.5153, kd: 0.0000), Elapsed: train 2.15 test 0.40
08/24/2026,00:53:38: 	Recall@10: 0.06017 Recall@20: 0.08834 NDCG@10: 0.03515 NDCG@20: 0.04274 
08/24/2026,00:53:38: 	Recall@10: 0.02343 Recall@20: 0.03573 NDCG@10: 0.01290 NDCG@20: 0.01620 
08/24/2026,00:53:38: Epoch [41/1000]
08/24/2026,00:53:38: Negative sampling...
08/24/2026,00:53:39: Model's personal time...
08/24/2026,00:53:39: Training...
08/24/2026,00:53:40: Evaluating...
08/24/2026,00:53:40: 	Train Loss: 27.4698 (base: 27.4698, kd: 0.0000), Elapsed: train 2.07 test 0.40
08/24/2026,00:53:40: 	Recall@10: 0.05940 Recall@20: 0.08860 NDCG@10: 0.03521 NDCG@20: 0.04309 
08/24/2026,00:53:40: 	Recall@10: 0.02400 Recall@20: 0.03642 NDCG@10: 0.01359 NDCG@20: 0.01694 
08/24/2026,00:53:40: Epoch [42/1000]
08/24/2026,00:53:40: Negative sampling...
08/24/2026,00:53:42: Model's personal time...
08/24/2026,00:53:42: Training...
08/24/2026,00:53:42: Evaluating...
08/24/2026,00:53:43: 	Train Loss: 26.3721 (base: 26.3721, kd: 0.0000), Elapsed: train 2.27 test 0.40
08/24/2026,00:53:43: 	Recall@10: 0.05900 Recall@20: 0.08891 NDCG@10: 0.03528 NDCG@20: 0.04326 
08/24/2026,00:53:43: 	Recall@10: 0.02424 Recall@20: 0.03657 NDCG@10: 0.01377 NDCG@20: 0.01711 
08/24/2026,00:53:43: Epoch [43/1000]
08/24/2026,00:53:43: Negative sampling...
08/24/2026,00:53:44: Model's personal time...
08/24/2026,00:53:44: Training...
08/24/2026,00:53:45: Evaluating...
08/24/2026,00:53:45: 	Train Loss: 26.4661 (base: 26.4661, kd: 0.0000), Elapsed: train 2.21 test 0.38
08/24/2026,00:53:45: 	Recall@10: 0.05932 Recall@20: 0.08825 NDCG@10: 0.03584 NDCG@20: 0.04357 
08/24/2026,00:53:45: 	Recall@10: 0.02428 Recall@20: 0.03714 NDCG@10: 0.01353 NDCG@20: 0.01701 
08/24/2026,00:53:45: Epoch [44/1000]
08/24/2026,00:53:45: Negative sampling...
08/24/2026,00:53:47: Model's personal time...
08/24/2026,00:53:47: Training...
08/24/2026,00:53:48: Evaluating...
08/24/2026,00:53:48: 	Train Loss: 25.1868 (base: 25.1868, kd: 0.0000), Elapsed: train 2.08 test 0.38 *
08/24/2026,00:53:48: 	Recall@10: 0.06070 Recall@20: 0.08902 NDCG@10: 0.03677 NDCG@20: 0.04434 
08/24/2026,00:53:48: 	Recall@10: 0.02434 Recall@20: 0.03646 NDCG@10: 0.01394 NDCG@20: 0.01723 
08/24/2026,00:53:48: Epoch [45/1000]
08/24/2026,00:53:48: Negative sampling...
08/24/2026,00:53:49: Model's personal time...
08/24/2026,00:53:49: Training...
08/24/2026,00:53:50: Evaluating...
08/24/2026,00:53:50: 	Train Loss: 24.6946 (base: 24.6946, kd: 0.0000), Elapsed: train 2.17 test 0.38
08/24/2026,00:53:50: 	Recall@10: 0.05963 Recall@20: 0.08840 NDCG@10: 0.03594 NDCG@20: 0.04361 
08/24/2026,00:53:50: 	Recall@10: 0.02385 Recall@20: 0.03640 NDCG@10: 0.01378 NDCG@20: 0.01715 
08/24/2026,00:53:50: Epoch [46/1000]
08/24/2026,00:53:50: Negative sampling...
08/24/2026,00:53:52: Model's personal time...
08/24/2026,00:53:52: Training...
08/24/2026,00:53:53: Evaluating...
08/24/2026,00:53:53: 	Train Loss: 24.2013 (base: 24.2013, kd: 0.0000), Elapsed: train 2.06 test 0.38
08/24/2026,00:53:53: 	Recall@10: 0.05863 Recall@20: 0.09070 NDCG@10: 0.03537 NDCG@20: 0.04401 
08/24/2026,00:53:53: 	Recall@10: 0.02388 Recall@20: 0.03573 NDCG@10: 0.01365 NDCG@20: 0.01685 
08/24/2026,00:53:53: Epoch [47/1000]
08/24/2026,00:53:53: Negative sampling...
08/24/2026,00:53:54: Model's personal time...
08/24/2026,00:53:54: Training...
08/24/2026,00:53:55: Evaluating...
08/24/2026,00:53:55: 	Train Loss: 23.9215 (base: 23.9215, kd: 0.0000), Elapsed: train 2.18 test 0.39
08/24/2026,00:53:55: 	Recall@10: 0.05918 Recall@20: 0.09058 NDCG@10: 0.03507 NDCG@20: 0.04354 
08/24/2026,00:53:55: 	Recall@10: 0.02365 Recall@20: 0.03629 NDCG@10: 0.01360 NDCG@20: 0.01702 
08/24/2026,00:53:55: Epoch [48/1000]
08/24/2026,00:53:55: Negative sampling...
08/24/2026,00:53:57: Model's personal time...
08/24/2026,00:53:57: Training...
08/24/2026,00:53:58: Evaluating...
08/24/2026,00:53:58: 	Train Loss: 23.6306 (base: 23.6306, kd: 0.0000), Elapsed: train 2.15 test 0.40
08/24/2026,00:53:58: 	Recall@10: 0.05842 Recall@20: 0.08847 NDCG@10: 0.03459 NDCG@20: 0.04285 
08/24/2026,00:53:58: 	Recall@10: 0.02295 Recall@20: 0.03734 NDCG@10: 0.01336 NDCG@20: 0.01726 
08/24/2026,00:53:58: Epoch [49/1000]
08/24/2026,00:53:58: Negative sampling...
08/24/2026,00:53:59: Model's personal time...
08/24/2026,00:53:59: Training...
08/24/2026,00:54:00: Evaluating...
08/24/2026,00:54:00: 	Train Loss: 23.2512 (base: 23.2512, kd: 0.0000), Elapsed: train 2.06 test 0.40
08/24/2026,00:54:00: 	Recall@10: 0.05933 Recall@20: 0.08971 NDCG@10: 0.03542 NDCG@20: 0.04372 
08/24/2026,00:54:00: 	Recall@10: 0.02315 Recall@20: 0.03829 NDCG@10: 0.01317 NDCG@20: 0.01724 
08/24/2026,00:54:00: Epoch [50/1000]
08/24/2026,00:54:00: Negative sampling...
08/24/2026,00:54:02: Model's personal time...
08/24/2026,00:54:02: Training...
08/24/2026,00:54:03: Evaluating...
08/24/2026,00:54:03: 	Train Loss: 23.4590 (base: 23.4590, kd: 0.0000), Elapsed: train 2.20 test 0.39 *
08/24/2026,00:54:03: 	Recall@10: 0.05914 Recall@20: 0.09263 NDCG@10: 0.03531 NDCG@20: 0.04443 
08/24/2026,00:54:03: 	Recall@10: 0.02490 Recall@20: 0.03816 NDCG@10: 0.01373 NDCG@20: 0.01731 
08/24/2026,00:54:03: Epoch [51/1000]
08/24/2026,00:54:03: Negative sampling...
08/24/2026,00:54:04: Model's personal time...
08/24/2026,00:54:04: Training...
08/24/2026,00:54:05: Evaluating...
08/24/2026,00:54:06: 	Train Loss: 22.8265 (base: 22.8265, kd: 0.0000), Elapsed: train 2.12 test 0.38 *
08/24/2026,00:54:06: 	Recall@10: 0.06030 Recall@20: 0.09295 NDCG@10: 0.03604 NDCG@20: 0.04499 
08/24/2026,00:54:06: 	Recall@10: 0.02474 Recall@20: 0.03947 NDCG@10: 0.01381 NDCG@20: 0.01776 
08/24/2026,00:54:06: Epoch [52/1000]
08/24/2026,00:54:06: Negative sampling...
08/24/2026,00:54:07: Model's personal time...
08/24/2026,00:54:07: Training...
08/24/2026,00:54:08: Evaluating...
08/24/2026,00:54:08: 	Train Loss: 23.1024 (base: 23.1024, kd: 0.0000), Elapsed: train 2.15 test 0.38
08/24/2026,00:54:08: 	Recall@10: 0.05951 Recall@20: 0.09334 NDCG@10: 0.03568 NDCG@20: 0.04494 
08/24/2026,00:54:08: 	Recall@10: 0.02501 Recall@20: 0.03927 NDCG@10: 0.01382 NDCG@20: 0.01763 
08/24/2026,00:54:08: Epoch [53/1000]
08/24/2026,00:54:08: Negative sampling...
08/24/2026,00:54:09: Model's personal time...
08/24/2026,00:54:09: Training...
08/24/2026,00:54:10: Evaluating...
08/24/2026,00:54:11: 	Train Loss: 22.1607 (base: 22.1607, kd: 0.0000), Elapsed: train 2.18 test 0.38
08/24/2026,00:54:11: 	Recall@10: 0.05937 Recall@20: 0.09229 NDCG@10: 0.03477 NDCG@20: 0.04367 
08/24/2026,00:54:11: 	Recall@10: 0.02634 Recall@20: 0.03914 NDCG@10: 0.01419 NDCG@20: 0.01768 
08/24/2026,00:54:11: Epoch [54/1000]
08/24/2026,00:54:11: Negative sampling...
08/24/2026,00:54:12: Model's personal time...
08/24/2026,00:54:12: Training...
08/24/2026,00:54:13: Evaluating...
08/24/2026,00:54:13: 	Train Loss: 22.4659 (base: 22.4659, kd: 0.0000), Elapsed: train 2.05 test 0.38
08/24/2026,00:54:13: 	Recall@10: 0.05875 Recall@20: 0.09007 NDCG@10: 0.03500 NDCG@20: 0.04357 
08/24/2026,00:54:13: 	Recall@10: 0.02597 Recall@20: 0.03960 NDCG@10: 0.01436 NDCG@20: 0.01803 
08/24/2026,00:54:13: Epoch [55/1000]
08/24/2026,00:54:13: Negative sampling...
08/24/2026,00:54:14: Model's personal time...
08/24/2026,00:54:14: Training...
08/24/2026,00:54:15: Evaluating...
08/24/2026,00:54:16: 	Train Loss: 21.8044 (base: 21.8044, kd: 0.0000), Elapsed: train 2.17 test 0.38
08/24/2026,00:54:16: 	Recall@10: 0.05649 Recall@20: 0.08808 NDCG@10: 0.03422 NDCG@20: 0.04275 
08/24/2026,00:54:16: 	Recall@10: 0.02483 Recall@20: 0.03690 NDCG@10: 0.01390 NDCG@20: 0.01717 
08/24/2026,00:54:16: Epoch [56/1000]
08/24/2026,00:54:16: Negative sampling...
08/24/2026,00:54:17: Model's personal time...
08/24/2026,00:54:17: Training...
08/24/2026,00:54:18: Evaluating...
08/24/2026,00:54:18: 	Train Loss: 21.7856 (base: 21.7856, kd: 0.0000), Elapsed: train 2.09 test 0.42
08/24/2026,00:54:18: 	Recall@10: 0.05920 Recall@20: 0.08863 NDCG@10: 0.03500 NDCG@20: 0.04286 
08/24/2026,00:54:18: 	Recall@10: 0.02501 Recall@20: 0.03712 NDCG@10: 0.01401 NDCG@20: 0.01734 
08/24/2026,00:54:18: Epoch [57/1000]
08/24/2026,00:54:18: Negative sampling...
08/24/2026,00:54:19: Model's personal time...
08/24/2026,00:54:19: Training...
08/24/2026,00:54:20: Evaluating...
08/24/2026,00:54:21: 	Train Loss: 21.2457 (base: 21.2457, kd: 0.0000), Elapsed: train 2.20 test 0.40
08/24/2026,00:54:21: 	Recall@10: 0.05791 Recall@20: 0.08570 NDCG@10: 0.03406 NDCG@20: 0.04151 
08/24/2026,00:54:21: 	Recall@10: 0.02400 Recall@20: 0.03640 NDCG@10: 0.01351 NDCG@20: 0.01685 
08/24/2026,00:54:21: Epoch [58/1000]
08/24/2026,00:54:21: Negative sampling...
08/24/2026,00:54:22: Model's personal time...
08/24/2026,00:54:22: Training...
08/24/2026,00:54:23: Evaluating...
08/24/2026,00:54:24: 	Train Loss: 21.1316 (base: 21.1316, kd: 0.0000), Elapsed: train 2.32 test 0.48
08/24/2026,00:54:24: 	Recall@10: 0.05626 Recall@20: 0.08651 NDCG@10: 0.03351 NDCG@20: 0.04170 
08/24/2026,00:54:24: 	Recall@10: 0.02424 Recall@20: 0.03719 NDCG@10: 0.01340 NDCG@20: 0.01687 
08/24/2026,00:54:24: Epoch [59/1000]
08/24/2026,00:54:24: Negative sampling...
08/24/2026,00:54:25: Model's personal time...
08/24/2026,00:54:25: Training...
08/24/2026,00:54:26: Evaluating...
08/24/2026,00:54:27: 	Train Loss: 21.0137 (base: 21.0137, kd: 0.0000), Elapsed: train 2.58 test 0.39
08/24/2026,00:54:27: 	Recall@10: 0.05575 Recall@20: 0.08774 NDCG@10: 0.03358 NDCG@20: 0.04230 
08/24/2026,00:54:27: 	Recall@10: 0.02485 Recall@20: 0.03769 NDCG@10: 0.01363 NDCG@20: 0.01712 
08/24/2026,00:54:27: Epoch [60/1000]
08/24/2026,00:54:27: Negative sampling...
08/24/2026,00:54:28: Model's personal time...
08/24/2026,00:54:28: Training...
08/24/2026,00:54:29: Evaluating...
08/24/2026,00:54:29: 	Train Loss: 21.0288 (base: 21.0288, kd: 0.0000), Elapsed: train 2.20 test 0.40
08/24/2026,00:54:29: 	Recall@10: 0.05611 Recall@20: 0.08951 NDCG@10: 0.03386 NDCG@20: 0.04290 
08/24/2026,00:54:29: 	Recall@10: 0.02463 Recall@20: 0.03815 NDCG@10: 0.01400 NDCG@20: 0.01767 
08/24/2026,00:54:29: Epoch [61/1000]
08/24/2026,00:54:29: Negative sampling...
08/24/2026,00:54:30: Model's personal time...
08/24/2026,00:54:30: Training...
08/24/2026,00:54:31: Evaluating...
08/24/2026,00:54:32: 	Train Loss: 20.1242 (base: 20.1242, kd: 0.0000), Elapsed: train 2.10 test 0.40
08/24/2026,00:54:32: 	Recall@10: 0.05552 Recall@20: 0.08807 NDCG@10: 0.03357 NDCG@20: 0.04239 
08/24/2026,00:54:32: 	Recall@10: 0.02482 Recall@20: 0.03688 NDCG@10: 0.01387 NDCG@20: 0.01715 
08/24/2026,00:54:32: Epoch [62/1000]
08/24/2026,00:54:32: Negative sampling...
08/24/2026,00:54:33: Model's personal time...
08/24/2026,00:54:33: Training...
08/24/2026,00:54:34: Evaluating...
08/24/2026,00:54:34: 	Train Loss: 20.0840 (base: 20.0840, kd: 0.0000), Elapsed: train 2.20 test 0.48
08/24/2026,00:54:34: 	Recall@10: 0.05665 Recall@20: 0.08874 NDCG@10: 0.03366 NDCG@20: 0.04231 
08/24/2026,00:54:34: 	Recall@10: 0.02485 Recall@20: 0.03825 NDCG@10: 0.01369 NDCG@20: 0.01729 
08/24/2026,00:54:34: Epoch [63/1000]
08/24/2026,00:54:34: Negative sampling...
08/24/2026,00:54:36: Model's personal time...
08/24/2026,00:54:36: Training...
08/24/2026,00:54:37: Evaluating...
08/24/2026,00:54:37: 	Train Loss: 19.9238 (base: 19.9238, kd: 0.0000), Elapsed: train 2.69 test 0.48
08/24/2026,00:54:37: 	Recall@10: 0.05752 Recall@20: 0.08935 NDCG@10: 0.03434 NDCG@20: 0.04299 
08/24/2026,00:54:37: 	Recall@10: 0.02515 Recall@20: 0.03784 NDCG@10: 0.01408 NDCG@20: 0.01750 
08/24/2026,00:54:37: Epoch [64/1000]
08/24/2026,00:54:37: Negative sampling...
08/24/2026,00:54:39: Model's personal time...
08/24/2026,00:54:39: Training...
08/24/2026,00:54:40: Evaluating...
08/24/2026,00:54:40: 	Train Loss: 19.6575 (base: 19.6575, kd: 0.0000), Elapsed: train 2.19 test 0.38
08/24/2026,00:54:40: 	Recall@10: 0.05827 Recall@20: 0.09118 NDCG@10: 0.03466 NDCG@20: 0.04359 
08/24/2026,00:54:40: 	Recall@10: 0.02506 Recall@20: 0.03767 NDCG@10: 0.01430 NDCG@20: 0.01769 
08/24/2026,00:54:40: Epoch [65/1000]
08/24/2026,00:54:40: Negative sampling...
08/24/2026,00:54:41: Model's personal time...
08/24/2026,00:54:41: Training...
08/24/2026,00:54:42: Evaluating...
08/24/2026,00:54:43: 	Train Loss: 19.5540 (base: 19.5540, kd: 0.0000), Elapsed: train 2.21 test 0.41
08/24/2026,00:54:43: 	Recall@10: 0.05877 Recall@20: 0.09079 NDCG@10: 0.03534 NDCG@20: 0.04404 
08/24/2026,00:54:43: 	Recall@10: 0.02439 Recall@20: 0.03761 NDCG@10: 0.01402 NDCG@20: 0.01759 
08/24/2026,00:54:43: Epoch [66/1000]
08/24/2026,00:54:43: Negative sampling...
08/24/2026,00:54:44: Model's personal time...
08/24/2026,00:54:44: Training...
08/24/2026,00:54:45: Evaluating...
08/24/2026,00:54:45: 	Train Loss: 19.6110 (base: 19.6110, kd: 0.0000), Elapsed: train 2.08 test 0.48
08/24/2026,00:54:45: 	Recall@10: 0.05900 Recall@20: 0.09007 NDCG@10: 0.03550 NDCG@20: 0.04393 
08/24/2026,00:54:45: 	Recall@10: 0.02449 Recall@20: 0.03713 NDCG@10: 0.01400 NDCG@20: 0.01745 
08/24/2026,00:54:45: Epoch [67/1000]
08/24/2026,00:54:45: Negative sampling...
08/24/2026,00:54:47: Model's personal time...
08/24/2026,00:54:47: Training...
08/24/2026,00:54:48: Evaluating...
08/24/2026,00:54:48: 	Train Loss: 19.2616 (base: 19.2616, kd: 0.0000), Elapsed: train 2.60 test 0.39
08/24/2026,00:54:48: 	Recall@10: 0.06045 Recall@20: 0.09078 NDCG@10: 0.03611 NDCG@20: 0.04434 
08/24/2026,00:54:48: 	Recall@10: 0.02547 Recall@20: 0.03739 NDCG@10: 0.01441 NDCG@20: 0.01767 
08/24/2026,00:54:48: Epoch [68/1000]
08/24/2026,00:54:48: Negative sampling...
08/24/2026,00:54:50: Model's personal time...
08/24/2026,00:54:50: Training...
08/24/2026,00:54:50: Evaluating...
08/24/2026,00:54:51: 	Train Loss: 19.5051 (base: 19.5051, kd: 0.0000), Elapsed: train 2.20 test 0.40
08/24/2026,00:54:51: 	Recall@10: 0.06016 Recall@20: 0.09113 NDCG@10: 0.03563 NDCG@20: 0.04403 
08/24/2026,00:54:51: 	Recall@10: 0.02534 Recall@20: 0.03683 NDCG@10: 0.01431 NDCG@20: 0.01748 
08/24/2026,00:54:51: Epoch [69/1000]
08/24/2026,00:54:51: Negative sampling...
08/24/2026,00:54:52: Model's personal time...
08/24/2026,00:54:52: Training...
08/24/2026,00:54:53: Evaluating...
08/24/2026,00:54:53: 	Train Loss: 19.0519 (base: 19.0519, kd: 0.0000), Elapsed: train 2.09 test 0.39
08/24/2026,00:54:53: 	Recall@10: 0.06051 Recall@20: 0.09024 NDCG@10: 0.03640 NDCG@20: 0.04457 
08/24/2026,00:54:53: 	Recall@10: 0.02601 Recall@20: 0.03803 NDCG@10: 0.01463 NDCG@20: 0.01790 
08/24/2026,00:54:53: Epoch [70/1000]
08/24/2026,00:54:53: Negative sampling...
08/24/2026,00:54:55: Model's personal time...
08/24/2026,00:54:55: Training...
08/24/2026,00:54:56: Evaluating...
08/24/2026,00:54:56: 	Train Loss: 18.6085 (base: 18.6085, kd: 0.0000), Elapsed: train 2.21 test 0.39
08/24/2026,00:54:56: 	Recall@10: 0.06094 Recall@20: 0.09065 NDCG@10: 0.03645 NDCG@20: 0.04468 
08/24/2026,00:54:56: 	Recall@10: 0.02458 Recall@20: 0.03847 NDCG@10: 0.01415 NDCG@20: 0.01794 
08/24/2026,00:54:56: Epoch [71/1000]
08/24/2026,00:54:56: Negative sampling...
08/24/2026,00:54:57: Model's personal time...
08/24/2026,00:54:57: Training...
08/24/2026,00:54:58: Evaluating...
08/24/2026,00:54:58: 	Train Loss: 18.8235 (base: 18.8235, kd: 0.0000), Elapsed: train 2.13 test 0.39 *
08/24/2026,00:54:58: 	Recall@10: 0.06151 Recall@20: 0.09225 NDCG@10: 0.03676 NDCG@20: 0.04519 
08/24/2026,00:54:58: 	Recall@10: 0.02536 Recall@20: 0.03859 NDCG@10: 0.01439 NDCG@20: 0.01797 
08/24/2026,00:54:58: Epoch [72/1000]
08/24/2026,00:54:58: Negative sampling...
08/24/2026,00:55:00: Model's personal time...
08/24/2026,00:55:00: Training...
08/24/2026,00:55:01: Evaluating...
08/24/2026,00:55:01: 	Train Loss: 18.4616 (base: 18.4616, kd: 0.0000), Elapsed: train 2.23 test 0.39
08/24/2026,00:55:01: 	Recall@10: 0.06268 Recall@20: 0.08956 NDCG@10: 0.03721 NDCG@20: 0.04456 
08/24/2026,00:55:01: 	Recall@10: 0.02485 Recall@20: 0.03553 NDCG@10: 0.01428 NDCG@20: 0.01714 
08/24/2026,00:55:01: Epoch [73/1000]
08/24/2026,00:55:01: Negative sampling...
08/24/2026,00:55:02: Model's personal time...
08/24/2026,00:55:02: Training...
08/24/2026,00:55:03: Evaluating...
08/24/2026,00:55:04: 	Train Loss: 18.2812 (base: 18.2812, kd: 0.0000), Elapsed: train 2.37 test 0.49
08/24/2026,00:55:04: 	Recall@10: 0.06245 Recall@20: 0.08989 NDCG@10: 0.03722 NDCG@20: 0.04471 
08/24/2026,00:55:04: 	Recall@10: 0.02606 Recall@20: 0.03639 NDCG@10: 0.01453 NDCG@20: 0.01728 
08/24/2026,00:55:04: Epoch [74/1000]
08/24/2026,00:55:04: Negative sampling...
08/24/2026,00:55:06: Model's personal time...
08/24/2026,00:55:06: Training...
08/24/2026,00:55:07: Evaluating...
08/24/2026,00:55:07: 	Train Loss: 18.4401 (base: 18.4401, kd: 0.0000), Elapsed: train 2.59 test 0.44
08/24/2026,00:55:07: 	Recall@10: 0.06193 Recall@20: 0.08949 NDCG@10: 0.03678 NDCG@20: 0.04428 
08/24/2026,00:55:07: 	Recall@10: 0.02505 Recall@20: 0.03576 NDCG@10: 0.01398 NDCG@20: 0.01687 
08/24/2026,00:55:07: Epoch [75/1000]
08/24/2026,00:55:07: Negative sampling...
08/24/2026,00:55:08: Model's personal time...
08/24/2026,00:55:08: Training...
08/24/2026,00:55:09: Evaluating...
08/24/2026,00:55:10: 	Train Loss: 18.7464 (base: 18.7464, kd: 0.0000), Elapsed: train 2.26 test 0.43
08/24/2026,00:55:10: 	Recall@10: 0.06108 Recall@20: 0.09112 NDCG@10: 0.03680 NDCG@20: 0.04491 
08/24/2026,00:55:10: 	Recall@10: 0.02513 Recall@20: 0.03652 NDCG@10: 0.01462 NDCG@20: 0.01765 
08/24/2026,00:55:10: Epoch [76/1000]
08/24/2026,00:55:10: Negative sampling...
08/24/2026,00:55:11: Model's personal time...
08/24/2026,00:55:11: Training...
08/24/2026,00:55:12: Evaluating...
08/24/2026,00:55:12: 	Train Loss: 18.3254 (base: 18.3254, kd: 0.0000), Elapsed: train 2.11 test 0.41
08/24/2026,00:55:12: 	Recall@10: 0.06181 Recall@20: 0.09146 NDCG@10: 0.03675 NDCG@20: 0.04476 
08/24/2026,00:55:12: 	Recall@10: 0.02449 Recall@20: 0.03614 NDCG@10: 0.01413 NDCG@20: 0.01729 
08/24/2026,00:55:12: Epoch [77/1000]
08/24/2026,00:55:12: Negative sampling...
08/24/2026,00:55:13: Model's personal time...
08/24/2026,00:55:13: Training...
08/24/2026,00:55:14: Evaluating...
08/24/2026,00:55:15: 	Train Loss: 18.4273 (base: 18.4273, kd: 0.0000), Elapsed: train 2.29 test 0.41
08/24/2026,00:55:15: 	Recall@10: 0.06222 Recall@20: 0.09107 NDCG@10: 0.03648 NDCG@20: 0.04438 
08/24/2026,00:55:15: 	Recall@10: 0.02385 Recall@20: 0.03684 NDCG@10: 0.01351 NDCG@20: 0.01705 
08/24/2026,00:55:15: Epoch [78/1000]
08/24/2026,00:55:15: Negative sampling...
08/24/2026,00:55:16: Model's personal time...
08/24/2026,00:55:16: Training...
08/24/2026,00:55:17: Evaluating...
08/24/2026,00:55:18: 	Train Loss: 18.4549 (base: 18.4549, kd: 0.0000), Elapsed: train 2.34 test 0.47 *
08/24/2026,00:55:18: 	Recall@10: 0.06179 Recall@20: 0.09218 NDCG@10: 0.03717 NDCG@20: 0.04543 
08/24/2026,00:55:18: 	Recall@10: 0.02490 Recall@20: 0.03777 NDCG@10: 0.01411 NDCG@20: 0.01762 
08/24/2026,00:55:18: Epoch [79/1000]
08/24/2026,00:55:18: Negative sampling...
08/24/2026,00:55:19: Model's personal time...
08/24/2026,00:55:19: Training...
08/24/2026,00:55:20: Evaluating...
08/24/2026,00:55:21: 	Train Loss: 17.8276 (base: 17.8276, kd: 0.0000), Elapsed: train 2.59 test 0.48 *
08/24/2026,00:55:21: 	Recall@10: 0.06334 Recall@20: 0.09174 NDCG@10: 0.03791 NDCG@20: 0.04567 
08/24/2026,00:55:21: 	Recall@10: 0.02496 Recall@20: 0.03887 NDCG@10: 0.01427 NDCG@20: 0.01806 
08/24/2026,00:55:21: Epoch [80/1000]
08/24/2026,00:55:21: Negative sampling...
08/24/2026,00:55:22: Model's personal time...
08/24/2026,00:55:22: Training...
08/24/2026,00:55:23: Evaluating...
08/24/2026,00:55:24: 	Train Loss: 18.0035 (base: 18.0035, kd: 0.0000), Elapsed: train 2.69 test 0.40
08/24/2026,00:55:24: 	Recall@10: 0.06333 Recall@20: 0.09229 NDCG@10: 0.03748 NDCG@20: 0.04537 
08/24/2026,00:55:24: 	Recall@10: 0.02476 Recall@20: 0.03831 NDCG@10: 0.01447 NDCG@20: 0.01814 
08/24/2026,00:55:24: Epoch [81/1000]
08/24/2026,00:55:24: Negative sampling...
08/24/2026,00:55:25: Model's personal time...
08/24/2026,00:55:25: Training...
08/24/2026,00:55:26: Evaluating...
08/24/2026,00:55:26: 	Train Loss: 17.5920 (base: 17.5920, kd: 0.0000), Elapsed: train 2.12 test 0.40
08/24/2026,00:55:26: 	Recall@10: 0.06315 Recall@20: 0.09076 NDCG@10: 0.03750 NDCG@20: 0.04507 
08/24/2026,00:55:26: 	Recall@10: 0.02551 Recall@20: 0.03923 NDCG@10: 0.01468 NDCG@20: 0.01841 
08/24/2026,00:55:26: Epoch [82/1000]
08/24/2026,00:55:26: Negative sampling...
08/24/2026,00:55:28: Model's personal time...
08/24/2026,00:55:28: Training...
08/24/2026,00:55:29: Evaluating...
08/24/2026,00:55:29: 	Train Loss: 17.7417 (base: 17.7417, kd: 0.0000), Elapsed: train 2.40 test 0.49
08/24/2026,00:55:29: 	Recall@10: 0.06341 Recall@20: 0.09360 NDCG@10: 0.03744 NDCG@20: 0.04562 
08/24/2026,00:55:29: 	Recall@10: 0.02488 Recall@20: 0.03933 NDCG@10: 0.01443 NDCG@20: 0.01837 
08/24/2026,00:55:29: Epoch [83/1000]
08/24/2026,00:55:29: Negative sampling...
08/24/2026,00:55:31: Model's personal time...
08/24/2026,00:55:31: Training...
08/24/2026,00:55:32: Evaluating...
08/24/2026,00:55:32: 	Train Loss: 17.5442 (base: 17.5442, kd: 0.0000), Elapsed: train 2.64 test 0.41 *
08/24/2026,00:55:32: 	Recall@10: 0.06385 Recall@20: 0.09454 NDCG@10: 0.03782 NDCG@20: 0.04603 
08/24/2026,00:55:32: 	Recall@10: 0.02477 Recall@20: 0.03964 NDCG@10: 0.01422 NDCG@20: 0.01828 
08/24/2026,00:55:32: Epoch [84/1000]
08/24/2026,00:55:32: Negative sampling...
08/24/2026,00:55:34: Model's personal time...
08/24/2026,00:55:34: Training...
08/24/2026,00:55:34: Evaluating...
08/24/2026,00:55:35: 	Train Loss: 17.6039 (base: 17.6039, kd: 0.0000), Elapsed: train 2.15 test 0.40
08/24/2026,00:55:35: 	Recall@10: 0.06428 Recall@20: 0.09463 NDCG@10: 0.03752 NDCG@20: 0.04572 
08/24/2026,00:55:35: 	Recall@10: 0.02416 Recall@20: 0.03964 NDCG@10: 0.01406 NDCG@20: 0.01826 
08/24/2026,00:55:35: Epoch [85/1000]
08/24/2026,00:55:35: Negative sampling...
08/24/2026,00:55:36: Model's personal time...
08/24/2026,00:55:36: Training...
08/24/2026,00:55:37: Evaluating...
08/24/2026,00:55:37: 	Train Loss: 17.5440 (base: 17.5440, kd: 0.0000), Elapsed: train 2.26 test 0.41
08/24/2026,00:55:37: 	Recall@10: 0.06478 Recall@20: 0.09413 NDCG@10: 0.03781 NDCG@20: 0.04575 
08/24/2026,00:55:37: 	Recall@10: 0.02560 Recall@20: 0.04012 NDCG@10: 0.01468 NDCG@20: 0.01862 
08/24/2026,00:55:37: Epoch [86/1000]
08/24/2026,00:55:37: Negative sampling...
08/24/2026,00:55:39: Model's personal time...
08/24/2026,00:55:39: Training...
08/24/2026,00:55:40: Evaluating...
08/24/2026,00:55:40: 	Train Loss: 17.3042 (base: 17.3042, kd: 0.0000), Elapsed: train 2.14 test 0.41 *
08/24/2026,00:55:40: 	Recall@10: 0.06516 Recall@20: 0.09506 NDCG@10: 0.03847 NDCG@20: 0.04659 
08/24/2026,00:55:40: 	Recall@10: 0.02528 Recall@20: 0.03979 NDCG@10: 0.01487 NDCG@20: 0.01877 
08/24/2026,00:55:40: Epoch [87/1000]
08/24/2026,00:55:40: Negative sampling...
08/24/2026,00:55:41: Model's personal time...
08/24/2026,00:55:41: Training...
08/24/2026,00:55:42: Evaluating...
08/24/2026,00:55:43: 	Train Loss: 17.2847 (base: 17.2847, kd: 0.0000), Elapsed: train 2.26 test 0.42 *
08/24/2026,00:55:43: 	Recall@10: 0.06506 Recall@20: 0.09565 NDCG@10: 0.03869 NDCG@20: 0.04698 
08/24/2026,00:55:43: 	Recall@10: 0.02552 Recall@20: 0.03915 NDCG@10: 0.01478 NDCG@20: 0.01851 
08/24/2026,00:55:43: Epoch [88/1000]
08/24/2026,00:55:43: Negative sampling...
08/24/2026,00:55:44: Model's personal time...
08/24/2026,00:55:44: Training...
08/24/2026,00:55:45: Evaluating...
08/24/2026,00:55:46: 	Train Loss: 17.1649 (base: 17.1649, kd: 0.0000), Elapsed: train 2.38 test 0.49
08/24/2026,00:55:46: 	Recall@10: 0.06426 Recall@20: 0.09563 NDCG@10: 0.03833 NDCG@20: 0.04677 
08/24/2026,00:55:46: 	Recall@10: 0.02502 Recall@20: 0.03899 NDCG@10: 0.01485 NDCG@20: 0.01868 
08/24/2026,00:55:46: Epoch [89/1000]
08/24/2026,00:55:46: Negative sampling...
08/24/2026,00:55:47: Model's personal time...
08/24/2026,00:55:47: Training...
08/24/2026,00:55:48: Evaluating...
08/24/2026,00:55:49: 	Train Loss: 17.0925 (base: 17.0925, kd: 0.0000), Elapsed: train 2.48 test 0.49
08/24/2026,00:55:49: 	Recall@10: 0.06327 Recall@20: 0.09383 NDCG@10: 0.03796 NDCG@20: 0.04627 
08/24/2026,00:55:49: 	Recall@10: 0.02418 Recall@20: 0.03883 NDCG@10: 0.01450 NDCG@20: 0.01854 
08/24/2026,00:55:49: Epoch [90/1000]
08/24/2026,00:55:49: Negative sampling...
08/24/2026,00:55:50: Model's personal time...
08/24/2026,00:55:50: Training...
08/24/2026,00:55:51: Evaluating...
08/24/2026,00:55:52: 	Train Loss: 16.7812 (base: 16.7812, kd: 0.0000), Elapsed: train 2.69 test 0.42
08/24/2026,00:55:52: 	Recall@10: 0.06282 Recall@20: 0.09594 NDCG@10: 0.03742 NDCG@20: 0.04634 
08/24/2026,00:55:52: 	Recall@10: 0.02418 Recall@20: 0.03872 NDCG@10: 0.01429 NDCG@20: 0.01834 
08/24/2026,00:55:52: Epoch [91/1000]
08/24/2026,00:55:52: Negative sampling...
08/24/2026,00:55:53: Model's personal time...
08/24/2026,00:55:53: Training...
08/24/2026,00:55:54: Evaluating...
08/24/2026,00:55:54: 	Train Loss: 17.0751 (base: 17.0751, kd: 0.0000), Elapsed: train 2.11 test 0.39
08/24/2026,00:55:54: 	Recall@10: 0.06271 Recall@20: 0.09438 NDCG@10: 0.03723 NDCG@20: 0.04584 
08/24/2026,00:55:54: 	Recall@10: 0.02467 Recall@20: 0.03794 NDCG@10: 0.01444 NDCG@20: 0.01812 
08/24/2026,00:55:54: Epoch [92/1000]
08/24/2026,00:55:54: Negative sampling...
08/24/2026,00:55:56: Model's personal time...
08/24/2026,00:55:56: Training...
08/24/2026,00:55:56: Evaluating...
08/24/2026,00:55:57: 	Train Loss: 17.2835 (base: 17.2835, kd: 0.0000), Elapsed: train 2.20 test 0.40
08/24/2026,00:55:57: 	Recall@10: 0.06386 Recall@20: 0.09507 NDCG@10: 0.03741 NDCG@20: 0.04582 
08/24/2026,00:55:57: 	Recall@10: 0.02507 Recall@20: 0.03821 NDCG@10: 0.01423 NDCG@20: 0.01787 
08/24/2026,00:55:57: Epoch [93/1000]
08/24/2026,00:55:57: Negative sampling...
08/24/2026,00:55:58: Model's personal time...
08/24/2026,00:55:58: Training...
08/24/2026,00:55:59: Evaluating...
08/24/2026,00:55:59: 	Train Loss: 16.6664 (base: 16.6664, kd: 0.0000), Elapsed: train 2.20 test 0.40
08/24/2026,00:55:59: 	Recall@10: 0.06316 Recall@20: 0.09522 NDCG@10: 0.03793 NDCG@20: 0.04663 
08/24/2026,00:55:59: 	Recall@10: 0.02486 Recall@20: 0.03840 NDCG@10: 0.01437 NDCG@20: 0.01812 
08/24/2026,00:55:59: Epoch [94/1000]
08/24/2026,00:55:59: Negative sampling...
08/24/2026,00:56:01: Model's personal time...
08/24/2026,00:56:01: Training...
08/24/2026,00:56:01: Evaluating...
08/24/2026,00:56:02: 	Train Loss: 17.0470 (base: 17.0470, kd: 0.0000), Elapsed: train 2.10 test 0.40
08/24/2026,00:56:02: 	Recall@10: 0.06343 Recall@20: 0.09547 NDCG@10: 0.03719 NDCG@20: 0.04603 
08/24/2026,00:56:02: 	Recall@10: 0.02528 Recall@20: 0.03901 NDCG@10: 0.01445 NDCG@20: 0.01827 
08/24/2026,00:56:02: Epoch [95/1000]
08/24/2026,00:56:02: Negative sampling...
08/24/2026,00:56:03: Model's personal time...
08/24/2026,00:56:03: Training...
08/24/2026,00:56:04: Evaluating...
08/24/2026,00:56:04: 	Train Loss: 16.7152 (base: 16.7152, kd: 0.0000), Elapsed: train 2.21 test 0.41 *
08/24/2026,00:56:04: 	Recall@10: 0.06386 Recall@20: 0.09789 NDCG@10: 0.03792 NDCG@20: 0.04721 
08/24/2026,00:56:04: 	Recall@10: 0.02520 Recall@20: 0.03966 NDCG@10: 0.01444 NDCG@20: 0.01845 
08/24/2026,00:56:04: Epoch [96/1000]
08/24/2026,00:56:04: Negative sampling...
08/24/2026,00:56:06: Model's personal time...
08/24/2026,00:56:06: Training...
08/24/2026,00:56:07: Evaluating...
08/24/2026,00:56:07: 	Train Loss: 16.5473 (base: 16.5473, kd: 0.0000), Elapsed: train 2.10 test 0.41 *
08/24/2026,00:56:07: 	Recall@10: 0.06454 Recall@20: 0.09800 NDCG@10: 0.03824 NDCG@20: 0.04745 
08/24/2026,00:56:07: 	Recall@10: 0.02702 Recall@20: 0.03977 NDCG@10: 0.01477 NDCG@20: 0.01832 
08/24/2026,00:56:07: Epoch [97/1000]
08/24/2026,00:56:07: Negative sampling...
08/24/2026,00:56:08: Model's personal time...
08/24/2026,00:56:08: Training...
08/24/2026,00:56:09: Evaluating...
08/24/2026,00:56:10: 	Train Loss: 16.9260 (base: 16.9260, kd: 0.0000), Elapsed: train 2.25 test 0.40
08/24/2026,00:56:10: 	Recall@10: 0.06570 Recall@20: 0.09782 NDCG@10: 0.03797 NDCG@20: 0.04686 
08/24/2026,00:56:10: 	Recall@10: 0.02768 Recall@20: 0.04052 NDCG@10: 0.01472 NDCG@20: 0.01826 
08/24/2026,00:56:10: Epoch [98/1000]
08/24/2026,00:56:10: Negative sampling...
08/24/2026,00:56:11: Model's personal time...
08/24/2026,00:56:11: Training...
08/24/2026,00:56:12: Evaluating...
08/24/2026,00:56:12: 	Train Loss: 16.6270 (base: 16.6270, kd: 0.0000), Elapsed: train 2.19 test 0.40
08/24/2026,00:56:12: 	Recall@10: 0.06369 Recall@20: 0.09692 NDCG@10: 0.03687 NDCG@20: 0.04603 
08/24/2026,00:56:12: 	Recall@10: 0.02614 Recall@20: 0.04009 NDCG@10: 0.01412 NDCG@20: 0.01796 
08/24/2026,00:56:12: Epoch [99/1000]
08/24/2026,00:56:12: Negative sampling...
08/24/2026,00:56:14: Model's personal time...
08/24/2026,00:56:14: Training...
08/24/2026,00:56:14: Evaluating...
08/24/2026,00:56:15: 	Train Loss: 16.5207 (base: 16.5207, kd: 0.0000), Elapsed: train 2.08 test 0.40
08/24/2026,00:56:15: 	Recall@10: 0.06287 Recall@20: 0.09842 NDCG@10: 0.03625 NDCG@20: 0.04598 
08/24/2026,00:56:15: 	Recall@10: 0.02682 Recall@20: 0.04028 NDCG@10: 0.01427 NDCG@20: 0.01801 
08/24/2026,00:56:15: Epoch [100/1000]
08/24/2026,00:56:15: Negative sampling...
08/24/2026,00:56:16: Model's personal time...
08/24/2026,00:56:16: Training...
08/24/2026,00:56:17: Evaluating...
08/24/2026,00:56:17: 	Train Loss: 16.1655 (base: 16.1655, kd: 0.0000), Elapsed: train 2.19 test 0.39
08/24/2026,00:56:17: 	Recall@10: 0.06436 Recall@20: 0.09842 NDCG@10: 0.03685 NDCG@20: 0.04618 
08/24/2026,00:56:17: 	Recall@10: 0.02619 Recall@20: 0.04160 NDCG@10: 0.01401 NDCG@20: 0.01830 
08/24/2026,00:56:17: Epoch [101/1000]
08/24/2026,00:56:17: Negative sampling...
08/24/2026,00:56:19: Model's personal time...
08/24/2026,00:56:19: Training...
08/24/2026,00:56:19: Evaluating...
08/24/2026,00:56:20: 	Train Loss: 16.4911 (base: 16.4911, kd: 0.0000), Elapsed: train 2.10 test 0.42
08/24/2026,00:56:20: 	Recall@10: 0.06466 Recall@20: 0.09915 NDCG@10: 0.03744 NDCG@20: 0.04678 
08/24/2026,00:56:20: 	Recall@10: 0.02604 Recall@20: 0.04141 NDCG@10: 0.01412 NDCG@20: 0.01838 
08/24/2026,00:56:20: Epoch [102/1000]
08/24/2026,00:56:20: Negative sampling...
08/24/2026,00:56:21: Model's personal time...
08/24/2026,00:56:21: Training...
08/24/2026,00:56:22: Evaluating...
08/24/2026,00:56:22: 	Train Loss: 16.0904 (base: 16.0904, kd: 0.0000), Elapsed: train 2.19 test 0.40
08/24/2026,00:56:22: 	Recall@10: 0.06602 Recall@20: 0.10033 NDCG@10: 0.03809 NDCG@20: 0.04740 
08/24/2026,00:56:22: 	Recall@10: 0.02753 Recall@20: 0.04082 NDCG@10: 0.01486 NDCG@20: 0.01855 
08/24/2026,00:56:22: Epoch [103/1000]
08/24/2026,00:56:22: Negative sampling...
08/24/2026,00:56:24: Model's personal time...
08/24/2026,00:56:24: Training...
08/24/2026,00:56:25: Evaluating...
08/24/2026,00:56:25: 	Train Loss: 16.2865 (base: 16.2865, kd: 0.0000), Elapsed: train 2.20 test 0.40
08/24/2026,00:56:25: 	Recall@10: 0.06652 Recall@20: 0.09926 NDCG@10: 0.03829 NDCG@20: 0.04711 
08/24/2026,00:56:25: 	Recall@10: 0.02737 Recall@20: 0.04144 NDCG@10: 0.01457 NDCG@20: 0.01840 
08/24/2026,00:56:25: Epoch [104/1000]
08/24/2026,00:56:25: Negative sampling...
08/24/2026,00:56:26: Model's personal time...
08/24/2026,00:56:26: Training...
08/24/2026,00:56:27: Evaluating...
08/24/2026,00:56:28: 	Train Loss: 16.2370 (base: 16.2370, kd: 0.0000), Elapsed: train 2.11 test 0.39
08/24/2026,00:56:28: 	Recall@10: 0.06704 Recall@20: 0.09955 NDCG@10: 0.03819 NDCG@20: 0.04700 
08/24/2026,00:56:28: 	Recall@10: 0.02764 Recall@20: 0.04112 NDCG@10: 0.01460 NDCG@20: 0.01828 
08/24/2026,00:56:28: Epoch [105/1000]
08/24/2026,00:56:28: Negative sampling...
08/24/2026,00:56:29: Model's personal time...
08/24/2026,00:56:29: Training...
08/24/2026,00:56:30: Evaluating...
08/24/2026,00:56:30: 	Train Loss: 16.3947 (base: 16.3947, kd: 0.0000), Elapsed: train 2.20 test 0.40
08/24/2026,00:56:30: 	Recall@10: 0.06413 Recall@20: 0.09593 NDCG@10: 0.03677 NDCG@20: 0.04545 
08/24/2026,00:56:30: 	Recall@10: 0.02572 Recall@20: 0.03804 NDCG@10: 0.01395 NDCG@20: 0.01738 
08/24/2026,00:56:30: Epoch [106/1000]
08/24/2026,00:56:30: Negative sampling...
08/24/2026,00:56:31: Model's personal time...
08/24/2026,00:56:31: Training...
08/24/2026,00:56:32: Evaluating...
08/24/2026,00:56:33: 	Train Loss: 16.4597 (base: 16.4597, kd: 0.0000), Elapsed: train 2.10 test 0.40
08/24/2026,00:56:33: 	Recall@10: 0.06506 Recall@20: 0.09507 NDCG@10: 0.03700 NDCG@20: 0.04530 
08/24/2026,00:56:33: 	Recall@10: 0.02566 Recall@20: 0.03883 NDCG@10: 0.01395 NDCG@20: 0.01760 
08/24/2026,00:56:33: Epoch [107/1000]
08/24/2026,00:56:33: Negative sampling...
08/24/2026,00:56:34: Model's personal time...
08/24/2026,00:56:34: Training...
08/24/2026,00:56:35: Evaluating...
08/24/2026,00:56:35: 	Train Loss: 16.2174 (base: 16.2174, kd: 0.0000), Elapsed: train 2.20 test 0.38
08/24/2026,00:56:35: 	Recall@10: 0.06474 Recall@20: 0.09775 NDCG@10: 0.03718 NDCG@20: 0.04632 
08/24/2026,00:56:35: 	Recall@10: 0.02553 Recall@20: 0.03952 NDCG@10: 0.01399 NDCG@20: 0.01783 
08/24/2026,00:56:35: Epoch [108/1000]
08/24/2026,00:56:35: Negative sampling...
08/24/2026,00:56:37: Model's personal time...
08/24/2026,00:56:37: Training...
08/24/2026,00:56:37: Evaluating...
08/24/2026,00:56:38: 	Train Loss: 16.2218 (base: 16.2218, kd: 0.0000), Elapsed: train 2.17 test 0.39
08/24/2026,00:56:38: 	Recall@10: 0.06457 Recall@20: 0.09774 NDCG@10: 0.03683 NDCG@20: 0.04598 
08/24/2026,00:56:38: 	Recall@10: 0.02585 Recall@20: 0.03902 NDCG@10: 0.01383 NDCG@20: 0.01744 
08/24/2026,00:56:38: Epoch [109/1000]
08/24/2026,00:56:38: Negative sampling...
08/24/2026,00:56:39: Model's personal time...
08/24/2026,00:56:39: Training...
08/24/2026,00:56:40: Evaluating...
08/24/2026,00:56:40: 	Train Loss: 16.3242 (base: 16.3242, kd: 0.0000), Elapsed: train 2.09 test 0.38
08/24/2026,00:56:40: 	Recall@10: 0.06478 Recall@20: 0.09861 NDCG@10: 0.03626 NDCG@20: 0.04556 
08/24/2026,00:56:40: 	Recall@10: 0.02560 Recall@20: 0.04002 NDCG@10: 0.01373 NDCG@20: 0.01766 
08/24/2026,00:56:40: Epoch [110/1000]
08/24/2026,00:56:40: Negative sampling...
08/24/2026,00:56:42: Model's personal time...
08/24/2026,00:56:42: Training...
08/24/2026,00:56:42: Evaluating...
08/24/2026,00:56:43: 	Train Loss: 16.1350 (base: 16.1350, kd: 0.0000), Elapsed: train 2.17 test 0.39
08/24/2026,00:56:43: 	Recall@10: 0.06496 Recall@20: 0.09826 NDCG@10: 0.03650 NDCG@20: 0.04570 
08/24/2026,00:56:43: 	Recall@10: 0.02538 Recall@20: 0.04052 NDCG@10: 0.01382 NDCG@20: 0.01795 
08/24/2026,00:56:43: Epoch [111/1000]
08/24/2026,00:56:43: Negative sampling...
08/24/2026,00:56:44: Model's personal time...
08/24/2026,00:56:44: Training...
08/24/2026,00:56:45: Evaluating...
08/24/2026,00:56:45: 	Train Loss: 16.0958 (base: 16.0958, kd: 0.0000), Elapsed: train 2.08 test 0.40
08/24/2026,00:56:45: 	Recall@10: 0.06569 Recall@20: 0.09878 NDCG@10: 0.03677 NDCG@20: 0.04587 
08/24/2026,00:56:45: 	Recall@10: 0.02576 Recall@20: 0.04007 NDCG@10: 0.01400 NDCG@20: 0.01799 
08/24/2026,00:56:45: Epoch [112/1000]
08/24/2026,00:56:45: Negative sampling...
08/24/2026,00:56:47: Model's personal time...
08/24/2026,00:56:47: Training...
08/24/2026,00:56:48: Evaluating...
08/24/2026,00:56:48: 	Train Loss: 15.8107 (base: 15.8107, kd: 0.0000), Elapsed: train 2.33 test 0.50
08/24/2026,00:56:48: 	Recall@10: 0.06707 Recall@20: 0.09824 NDCG@10: 0.03711 NDCG@20: 0.04571 
08/24/2026,00:56:48: 	Recall@10: 0.02552 Recall@20: 0.03919 NDCG@10: 0.01381 NDCG@20: 0.01759 
08/24/2026,00:56:48: Epoch [113/1000]
08/24/2026,00:56:48: Negative sampling...
08/24/2026,00:56:50: Model's personal time...
08/24/2026,00:56:50: Training...
08/24/2026,00:56:51: Evaluating...
08/24/2026,00:56:51: 	Train Loss: 15.8608 (base: 15.8608, kd: 0.0000), Elapsed: train 2.66 test 0.39
08/24/2026,00:56:51: 	Recall@10: 0.06879 Recall@20: 0.09937 NDCG@10: 0.03800 NDCG@20: 0.04639 
08/24/2026,00:56:51: 	Recall@10: 0.02546 Recall@20: 0.03970 NDCG@10: 0.01395 NDCG@20: 0.01788 
08/24/2026,00:56:51: Epoch [114/1000]
08/24/2026,00:56:51: Negative sampling...
08/24/2026,00:56:53: Model's personal time...
08/24/2026,00:56:53: Training...
08/24/2026,00:56:53: Evaluating...
08/24/2026,00:56:54: 	Train Loss: 16.0094 (base: 16.0094, kd: 0.0000), Elapsed: train 2.15 test 0.40
08/24/2026,00:56:54: 	Recall@10: 0.06839 Recall@20: 0.09908 NDCG@10: 0.03774 NDCG@20: 0.04618 
08/24/2026,00:56:54: 	Recall@10: 0.02558 Recall@20: 0.03943 NDCG@10: 0.01413 NDCG@20: 0.01795 
08/24/2026,00:56:54: Epoch [115/1000]
08/24/2026,00:56:54: Negative sampling...
08/24/2026,00:56:55: Model's personal time...
08/24/2026,00:56:55: Training...
08/24/2026,00:56:56: Evaluating...
08/24/2026,00:56:56: 	Train Loss: 16.0441 (base: 16.0441, kd: 0.0000), Elapsed: train 2.22 test 0.40
08/24/2026,00:56:56: 	Recall@10: 0.06691 Recall@20: 0.09925 NDCG@10: 0.03755 NDCG@20: 0.04637 
08/24/2026,00:56:56: 	Recall@10: 0.02546 Recall@20: 0.04010 NDCG@10: 0.01406 NDCG@20: 0.01808 
08/24/2026,00:56:56: Epoch [116/1000]
08/24/2026,00:56:56: Negative sampling...
08/24/2026,00:56:58: Model's personal time...
08/24/2026,00:56:58: Training...
08/24/2026,00:56:58: Evaluating...
08/24/2026,00:56:59: 	Train Loss: 16.1541 (base: 16.1541, kd: 0.0000), Elapsed: train 2.11 test 0.39
08/24/2026,00:56:59: 	Recall@10: 0.06591 Recall@20: 0.09803 NDCG@10: 0.03708 NDCG@20: 0.04592 
08/24/2026,00:56:59: 	Recall@10: 0.02536 Recall@20: 0.04056 NDCG@10: 0.01374 NDCG@20: 0.01787 
08/24/2026,00:56:59: Epoch [117/1000]
08/24/2026,00:56:59: Negative sampling...
08/24/2026,00:57:00: Model's personal time...
08/24/2026,00:57:00: Training...
08/24/2026,00:57:01: Evaluating...
08/24/2026,00:57:01: 	Train Loss: 15.8841 (base: 15.8841, kd: 0.0000), Elapsed: train 2.20 test 0.40
08/24/2026,00:57:01: 	Recall@10: 0.06665 Recall@20: 0.09942 NDCG@10: 0.03745 NDCG@20: 0.04656 
08/24/2026,00:57:01: 	Recall@10: 0.02640 Recall@20: 0.04029 NDCG@10: 0.01420 NDCG@20: 0.01803 
08/24/2026,00:57:01: Epoch [118/1000]
08/24/2026,00:57:01: Negative sampling...
08/24/2026,00:57:03: Model's personal time...
08/24/2026,00:57:03: Training...
08/24/2026,00:57:04: Evaluating...
08/24/2026,00:57:04: 	Train Loss: 15.5142 (base: 15.5142, kd: 0.0000), Elapsed: train 2.23 test 0.41
08/24/2026,00:57:04: 	Recall@10: 0.06646 Recall@20: 0.10135 NDCG@10: 0.03778 NDCG@20: 0.04737 
08/24/2026,00:57:04: 	Recall@10: 0.02676 Recall@20: 0.04061 NDCG@10: 0.01477 NDCG@20: 0.01859 
08/24/2026,00:57:04: Epoch [119/1000]
08/24/2026,00:57:04: Negative sampling...
08/24/2026,00:57:05: Model's personal time...
08/24/2026,00:57:05: Training...
08/24/2026,00:57:06: Evaluating...
08/24/2026,00:57:07: 	Train Loss: 15.8057 (base: 15.8057, kd: 0.0000), Elapsed: train 2.13 test 0.39
08/24/2026,00:57:07: 	Recall@10: 0.06658 Recall@20: 0.10035 NDCG@10: 0.03744 NDCG@20: 0.04680 
08/24/2026,00:57:07: 	Recall@10: 0.02688 Recall@20: 0.04002 NDCG@10: 0.01478 NDCG@20: 0.01838 
08/24/2026,00:57:07: Epoch [120/1000]
08/24/2026,00:57:07: Negative sampling...
08/24/2026,00:57:08: Model's personal time...
08/24/2026,00:57:08: Training...
08/24/2026,00:57:09: Evaluating...
08/24/2026,00:57:09: 	Train Loss: 15.7788 (base: 15.7788, kd: 0.0000), Elapsed: train 2.22 test 0.39
08/24/2026,00:57:09: 	Recall@10: 0.06696 Recall@20: 0.09923 NDCG@10: 0.03788 NDCG@20: 0.04677 
08/24/2026,00:57:09: 	Recall@10: 0.02669 Recall@20: 0.04011 NDCG@10: 0.01474 NDCG@20: 0.01846 
08/24/2026,00:57:09: Epoch [121/1000]
08/24/2026,00:57:09: Negative sampling...
08/24/2026,00:57:11: Model's personal time...
08/24/2026,00:57:11: Training...
08/24/2026,00:57:11: Evaluating...
08/24/2026,00:57:12: 	Train Loss: 15.7065 (base: 15.7065, kd: 0.0000), Elapsed: train 2.10 test 0.39
08/24/2026,00:57:12: 	Recall@10: 0.06657 Recall@20: 0.10005 NDCG@10: 0.03803 NDCG@20: 0.04728 
08/24/2026,00:57:12: 	Recall@10: 0.02626 Recall@20: 0.04106 NDCG@10: 0.01473 NDCG@20: 0.01881 
08/24/2026,00:57:12: Epoch [122/1000]
08/24/2026,00:57:12: Negative sampling...
08/24/2026,00:57:13: Model's personal time...
08/24/2026,00:57:13: Training...
08/24/2026,00:57:14: Evaluating...
08/24/2026,00:57:14: 	Train Loss: 15.5642 (base: 15.5642, kd: 0.0000), Elapsed: train 2.20 test 0.40
08/24/2026,00:57:14: 	Recall@10: 0.06660 Recall@20: 0.10040 NDCG@10: 0.03792 NDCG@20: 0.04729 
08/24/2026,00:57:14: 	Recall@10: 0.02687 Recall@20: 0.04164 NDCG@10: 0.01496 NDCG@20: 0.01896 
08/24/2026,00:57:14: Epoch [123/1000]
08/24/2026,00:57:14: Negative sampling...
08/24/2026,00:57:16: Model's personal time...
08/24/2026,00:57:16: Training...
08/24/2026,00:57:16: Evaluating...
08/24/2026,00:57:17: 	Train Loss: 15.5876 (base: 15.5876, kd: 0.0000), Elapsed: train 2.22 test 0.39 *
08/24/2026,00:57:17: 	Recall@10: 0.06805 Recall@20: 0.10189 NDCG@10: 0.03821 NDCG@20: 0.04751 
08/24/2026,00:57:17: 	Recall@10: 0.02670 Recall@20: 0.04153 NDCG@10: 0.01496 NDCG@20: 0.01901 
08/24/2026,00:57:17: Epoch [124/1000]
08/24/2026,00:57:17: Negative sampling...
08/24/2026,00:57:18: Model's personal time...
08/24/2026,00:57:18: Training...
08/24/2026,00:57:19: Evaluating...
08/24/2026,00:57:19: 	Train Loss: 15.6633 (base: 15.6633, kd: 0.0000), Elapsed: train 2.10 test 0.40 *
08/24/2026,00:57:19: 	Recall@10: 0.06770 Recall@20: 0.09975 NDCG@10: 0.03872 NDCG@20: 0.04761 
08/24/2026,00:57:19: 	Recall@10: 0.02809 Recall@20: 0.04220 NDCG@10: 0.01529 NDCG@20: 0.01910 
08/24/2026,00:57:19: Epoch [125/1000]
08/24/2026,00:57:19: Negative sampling...
08/24/2026,00:57:21: Model's personal time...
08/24/2026,00:57:21: Training...
08/24/2026,00:57:22: Evaluating...
08/24/2026,00:57:22: 	Train Loss: 15.5908 (base: 15.5908, kd: 0.0000), Elapsed: train 2.24 test 0.40 *
08/24/2026,00:57:22: 	Recall@10: 0.06784 Recall@20: 0.10083 NDCG@10: 0.03878 NDCG@20: 0.04780 
08/24/2026,00:57:22: 	Recall@10: 0.02718 Recall@20: 0.04077 NDCG@10: 0.01504 NDCG@20: 0.01876 
08/24/2026,00:57:22: Epoch [126/1000]
08/24/2026,00:57:22: Negative sampling...
08/24/2026,00:57:23: Model's personal time...
08/24/2026,00:57:23: Training...
08/24/2026,00:57:24: Evaluating...
08/24/2026,00:57:25: 	Train Loss: 15.5476 (base: 15.5476, kd: 0.0000), Elapsed: train 2.12 test 0.40 *
08/24/2026,00:57:25: 	Recall@10: 0.06768 Recall@20: 0.10224 NDCG@10: 0.03878 NDCG@20: 0.04822 
08/24/2026,00:57:25: 	Recall@10: 0.02756 Recall@20: 0.04143 NDCG@10: 0.01505 NDCG@20: 0.01888 
08/24/2026,00:57:25: Epoch [127/1000]
08/24/2026,00:57:25: Negative sampling...
08/24/2026,00:57:26: Model's personal time...
08/24/2026,00:57:26: Training...
08/24/2026,00:57:27: Evaluating...
08/24/2026,00:57:27: 	Train Loss: 15.7424 (base: 15.7424, kd: 0.0000), Elapsed: train 2.33 test 0.47
08/24/2026,00:57:27: 	Recall@10: 0.06583 Recall@20: 0.10012 NDCG@10: 0.03831 NDCG@20: 0.04772 
08/24/2026,00:57:27: 	Recall@10: 0.02638 Recall@20: 0.04052 NDCG@10: 0.01469 NDCG@20: 0.01861 
08/24/2026,00:57:27: Epoch [128/1000]
08/24/2026,00:57:27: Negative sampling...
08/24/2026,00:57:29: Model's personal time...
08/24/2026,00:57:29: Training...
08/24/2026,00:57:30: Evaluating...
08/24/2026,00:57:30: 	Train Loss: 15.6230 (base: 15.6230, kd: 0.0000), Elapsed: train 2.23 test 0.41
08/24/2026,00:57:30: 	Recall@10: 0.06662 Recall@20: 0.09993 NDCG@10: 0.03870 NDCG@20: 0.04788 
08/24/2026,00:57:30: 	Recall@10: 0.02736 Recall@20: 0.04127 NDCG@10: 0.01523 NDCG@20: 0.01908 
08/24/2026,00:57:30: Epoch [129/1000]
08/24/2026,00:57:30: Negative sampling...
08/24/2026,00:57:31: Model's personal time...
08/24/2026,00:57:31: Training...
08/24/2026,00:57:32: Evaluating...
08/24/2026,00:57:32: 	Train Loss: 15.7398 (base: 15.7398, kd: 0.0000), Elapsed: train 2.10 test 0.40 *
08/24/2026,00:57:32: 	Recall@10: 0.06675 Recall@20: 0.10088 NDCG@10: 0.03917 NDCG@20: 0.04850 
08/24/2026,00:57:32: 	Recall@10: 0.02748 Recall@20: 0.04280 NDCG@10: 0.01529 NDCG@20: 0.01942 
08/24/2026,00:57:32: Epoch [130/1000]
08/24/2026,00:57:32: Negative sampling...
08/24/2026,00:57:34: Model's personal time...
08/24/2026,00:57:34: Training...
08/24/2026,00:57:35: Evaluating...
08/24/2026,00:57:35: 	Train Loss: 15.5341 (base: 15.5341, kd: 0.0000), Elapsed: train 2.28 test 0.40 *
08/24/2026,00:57:35: 	Recall@10: 0.06700 Recall@20: 0.10020 NDCG@10: 0.03992 NDCG@20: 0.04904 
08/24/2026,00:57:35: 	Recall@10: 0.02722 Recall@20: 0.04034 NDCG@10: 0.01531 NDCG@20: 0.01897 
08/24/2026,00:57:35: Epoch [131/1000]
08/24/2026,00:57:35: Negative sampling...
08/24/2026,00:57:36: Model's personal time...
08/24/2026,00:57:36: Training...
08/24/2026,00:57:37: Evaluating...
08/24/2026,00:57:38: 	Train Loss: 15.5967 (base: 15.5967, kd: 0.0000), Elapsed: train 2.17 test 0.42
08/24/2026,00:57:38: 	Recall@10: 0.06713 Recall@20: 0.09961 NDCG@10: 0.03948 NDCG@20: 0.04836 
08/24/2026,00:57:38: 	Recall@10: 0.02658 Recall@20: 0.04054 NDCG@10: 0.01480 NDCG@20: 0.01863 
08/24/2026,00:57:38: Epoch [132/1000]
08/24/2026,00:57:38: Negative sampling...
08/24/2026,00:57:39: Model's personal time...
08/24/2026,00:57:39: Training...
08/24/2026,00:57:40: Evaluating...
08/24/2026,00:57:40: 	Train Loss: 15.6376 (base: 15.6376, kd: 0.0000), Elapsed: train 2.24 test 0.40 *
08/24/2026,00:57:40: 	Recall@10: 0.06888 Recall@20: 0.10139 NDCG@10: 0.04048 NDCG@20: 0.04928 
08/24/2026,00:57:40: 	Recall@10: 0.02773 Recall@20: 0.04014 NDCG@10: 0.01517 NDCG@20: 0.01856 
08/24/2026,00:57:40: Epoch [133/1000]
08/24/2026,00:57:40: Negative sampling...
08/24/2026,00:57:42: Model's personal time...
08/24/2026,00:57:42: Training...
08/24/2026,00:57:43: Evaluating...
08/24/2026,00:57:43: 	Train Loss: 15.1495 (base: 15.1495, kd: 0.0000), Elapsed: train 2.22 test 0.40
08/24/2026,00:57:43: 	Recall@10: 0.06811 Recall@20: 0.10172 NDCG@10: 0.03986 NDCG@20: 0.04899 
08/24/2026,00:57:43: 	Recall@10: 0.02755 Recall@20: 0.03964 NDCG@10: 0.01514 NDCG@20: 0.01847 
08/24/2026,00:57:43: Epoch [134/1000]
08/24/2026,00:57:43: Negative sampling...
08/24/2026,00:57:44: Model's personal time...
08/24/2026,00:57:44: Training...
08/24/2026,00:57:45: Evaluating...
08/24/2026,00:57:46: 	Train Loss: 15.2252 (base: 15.2252, kd: 0.0000), Elapsed: train 2.12 test 0.40
08/24/2026,00:57:46: 	Recall@10: 0.06635 Recall@20: 0.10173 NDCG@10: 0.03923 NDCG@20: 0.04888 
08/24/2026,00:57:46: 	Recall@10: 0.02670 Recall@20: 0.03953 NDCG@10: 0.01497 NDCG@20: 0.01847 
08/24/2026,00:57:46: Epoch [135/1000]
08/24/2026,00:57:46: Negative sampling...
08/24/2026,00:57:47: Model's personal time...
08/24/2026,00:57:47: Training...
08/24/2026,00:57:48: Evaluating...
08/24/2026,00:57:48: 	Train Loss: 15.6002 (base: 15.6002, kd: 0.0000), Elapsed: train 2.22 test 0.39
08/24/2026,00:57:48: 	Recall@10: 0.06726 Recall@20: 0.10124 NDCG@10: 0.03950 NDCG@20: 0.04883 
08/24/2026,00:57:48: 	Recall@10: 0.02732 Recall@20: 0.03993 NDCG@10: 0.01516 NDCG@20: 0.01864 
08/24/2026,00:57:48: Epoch [136/1000]
08/24/2026,00:57:48: Negative sampling...
08/24/2026,00:57:49: Model's personal time...
08/24/2026,00:57:49: Training...
08/24/2026,00:57:50: Evaluating...
08/24/2026,00:57:51: 	Train Loss: 15.3787 (base: 15.3787, kd: 0.0000), Elapsed: train 2.11 test 0.41 *
08/24/2026,00:57:51: 	Recall@10: 0.06836 Recall@20: 0.10486 NDCG@10: 0.03940 NDCG@20: 0.04934 
08/24/2026,00:57:51: 	Recall@10: 0.02697 Recall@20: 0.04000 NDCG@10: 0.01497 NDCG@20: 0.01860 
08/24/2026,00:57:51: Epoch [137/1000]
08/24/2026,00:57:51: Negative sampling...
08/24/2026,00:57:52: Model's personal time...
08/24/2026,00:57:52: Training...
08/24/2026,00:57:53: Evaluating...
08/24/2026,00:57:53: 	Train Loss: 15.4142 (base: 15.4142, kd: 0.0000), Elapsed: train 2.29 test 0.41
08/24/2026,00:57:53: 	Recall@10: 0.06794 Recall@20: 0.10284 NDCG@10: 0.03920 NDCG@20: 0.04878 
08/24/2026,00:57:53: 	Recall@10: 0.02718 Recall@20: 0.04057 NDCG@10: 0.01496 NDCG@20: 0.01866 
08/24/2026,00:57:53: Epoch [138/1000]
08/24/2026,00:57:53: Negative sampling...
08/24/2026,00:57:55: Model's personal time...
08/24/2026,00:57:55: Training...
08/24/2026,00:57:56: Evaluating...
08/24/2026,00:57:56: 	Train Loss: 15.5521 (base: 15.5521, kd: 0.0000), Elapsed: train 2.24 test 0.39 *
08/24/2026,00:57:56: 	Recall@10: 0.07201 Recall@20: 0.10291 NDCG@10: 0.04083 NDCG@20: 0.04940 
08/24/2026,00:57:56: 	Recall@10: 0.02834 Recall@20: 0.04191 NDCG@10: 0.01577 NDCG@20: 0.01950 
08/24/2026,00:57:56: Epoch [139/1000]
08/24/2026,00:57:56: Negative sampling...
08/24/2026,00:57:57: Model's personal time...
08/24/2026,00:57:57: Training...
08/24/2026,00:57:58: Evaluating...
08/24/2026,00:57:59: 	Train Loss: 15.0090 (base: 15.0090, kd: 0.0000), Elapsed: train 2.14 test 0.40 *
08/24/2026,00:57:59: 	Recall@10: 0.07155 Recall@20: 0.10268 NDCG@10: 0.04105 NDCG@20: 0.04976 
08/24/2026,00:57:59: 	Recall@10: 0.02817 Recall@20: 0.04254 NDCG@10: 0.01589 NDCG@20: 0.01977 
08/24/2026,00:57:59: Epoch [140/1000]
08/24/2026,00:57:59: Negative sampling...
08/24/2026,00:58:00: Model's personal time...
08/24/2026,00:58:00: Training...
08/24/2026,00:58:01: Evaluating...
08/24/2026,00:58:01: 	Train Loss: 15.0133 (base: 15.0133, kd: 0.0000), Elapsed: train 2.25 test 0.40 *
08/24/2026,00:58:01: 	Recall@10: 0.07138 Recall@20: 0.10376 NDCG@10: 0.04085 NDCG@20: 0.04987 
08/24/2026,00:58:01: 	Recall@10: 0.02856 Recall@20: 0.04258 NDCG@10: 0.01565 NDCG@20: 0.01945 
08/24/2026,00:58:01: Epoch [141/1000]
08/24/2026,00:58:01: Negative sampling...
08/24/2026,00:58:03: Model's personal time...
08/24/2026,00:58:03: Training...
08/24/2026,00:58:03: Evaluating...
08/24/2026,00:58:04: 	Train Loss: 15.2477 (base: 15.2477, kd: 0.0000), Elapsed: train 2.21 test 0.40
08/24/2026,00:58:04: 	Recall@10: 0.07031 Recall@20: 0.10296 NDCG@10: 0.04024 NDCG@20: 0.04932 
08/24/2026,00:58:04: 	Recall@10: 0.02808 Recall@20: 0.04320 NDCG@10: 0.01546 NDCG@20: 0.01955 
08/24/2026,00:58:04: Epoch [142/1000]
08/24/2026,00:58:04: Negative sampling...
08/24/2026,00:58:05: Model's personal time...
08/24/2026,00:58:05: Training...
08/24/2026,00:58:06: Evaluating...
08/24/2026,00:58:06: 	Train Loss: 14.9361 (base: 14.9361, kd: 0.0000), Elapsed: train 2.23 test 0.40
08/24/2026,00:58:06: 	Recall@10: 0.07047 Recall@20: 0.10293 NDCG@10: 0.04020 NDCG@20: 0.04911 
08/24/2026,00:58:06: 	Recall@10: 0.02793 Recall@20: 0.04283 NDCG@10: 0.01523 NDCG@20: 0.01932 
08/24/2026,00:58:06: Epoch [143/1000]
08/24/2026,00:58:06: Negative sampling...
08/24/2026,00:58:08: Model's personal time...
08/24/2026,00:58:08: Training...
08/24/2026,00:58:09: Evaluating...
08/24/2026,00:58:09: 	Train Loss: 15.4711 (base: 15.4711, kd: 0.0000), Elapsed: train 2.22 test 0.40
08/24/2026,00:58:09: 	Recall@10: 0.06951 Recall@20: 0.10230 NDCG@10: 0.03989 NDCG@20: 0.04892 
08/24/2026,00:58:09: 	Recall@10: 0.02767 Recall@20: 0.04335 NDCG@10: 0.01500 NDCG@20: 0.01931 
08/24/2026,00:58:09: Epoch [144/1000]
08/24/2026,00:58:09: Negative sampling...
08/24/2026,00:58:10: Model's personal time...
08/24/2026,00:58:10: Training...
08/24/2026,00:58:11: Evaluating...
08/24/2026,00:58:12: 	Train Loss: 15.0319 (base: 15.0319, kd: 0.0000), Elapsed: train 2.10 test 0.39
08/24/2026,00:58:12: 	Recall@10: 0.06891 Recall@20: 0.10313 NDCG@10: 0.04009 NDCG@20: 0.04957 
08/24/2026,00:58:12: 	Recall@10: 0.02757 Recall@20: 0.04267 NDCG@10: 0.01520 NDCG@20: 0.01939 
08/24/2026,00:58:12: Epoch [145/1000]
08/24/2026,00:58:12: Negative sampling...
08/24/2026,00:58:13: Model's personal time...
08/24/2026,00:58:13: Training...
08/24/2026,00:58:14: Evaluating...
08/24/2026,00:58:14: 	Train Loss: 15.0688 (base: 15.0688, kd: 0.0000), Elapsed: train 2.20 test 0.39
08/24/2026,00:58:14: 	Recall@10: 0.06862 Recall@20: 0.10192 NDCG@10: 0.03969 NDCG@20: 0.04893 
08/24/2026,00:58:14: 	Recall@10: 0.02770 Recall@20: 0.04379 NDCG@10: 0.01520 NDCG@20: 0.01963 
08/24/2026,00:58:14: Epoch [146/1000]
08/24/2026,00:58:14: Negative sampling...
08/24/2026,00:58:15: Model's personal time...
08/24/2026,00:58:15: Training...
08/24/2026,00:58:16: Evaluating...
08/24/2026,00:58:17: 	Train Loss: 14.8894 (base: 14.8894, kd: 0.0000), Elapsed: train 2.12 test 0.39
08/24/2026,00:58:17: 	Recall@10: 0.06894 Recall@20: 0.10269 NDCG@10: 0.03991 NDCG@20: 0.04934 
08/24/2026,00:58:17: 	Recall@10: 0.02792 Recall@20: 0.04284 NDCG@10: 0.01547 NDCG@20: 0.01963 
08/24/2026,00:58:17: Epoch [147/1000]
08/24/2026,00:58:17: Negative sampling...
08/24/2026,00:58:18: Model's personal time...
08/24/2026,00:58:18: Training...
08/24/2026,00:58:19: Evaluating...
08/24/2026,00:58:19: 	Train Loss: 15.0018 (base: 15.0018, kd: 0.0000), Elapsed: train 2.20 test 0.39
08/24/2026,00:58:19: 	Recall@10: 0.06816 Recall@20: 0.10325 NDCG@10: 0.03989 NDCG@20: 0.04958 
08/24/2026,00:58:19: 	Recall@10: 0.02736 Recall@20: 0.04319 NDCG@10: 0.01516 NDCG@20: 0.01947 
08/24/2026,00:58:19: Epoch [148/1000]
08/24/2026,00:58:19: Negative sampling...
08/24/2026,00:58:21: Model's personal time...
08/24/2026,00:58:21: Training...
08/24/2026,00:58:21: Evaluating...
08/24/2026,00:58:22: 	Train Loss: 15.4591 (base: 15.4591, kd: 0.0000), Elapsed: train 2.19 test 0.39
08/24/2026,00:58:22: 	Recall@10: 0.06823 Recall@20: 0.10178 NDCG@10: 0.04007 NDCG@20: 0.04928 
08/24/2026,00:58:22: 	Recall@10: 0.02724 Recall@20: 0.04208 NDCG@10: 0.01533 NDCG@20: 0.01939 
08/24/2026,00:58:22: Epoch [149/1000]
08/24/2026,00:58:22: Negative sampling...
08/24/2026,00:58:23: Model's personal time...
08/24/2026,00:58:23: Training...
08/24/2026,00:58:24: Evaluating...
08/24/2026,00:58:24: 	Train Loss: 15.0413 (base: 15.0413, kd: 0.0000), Elapsed: train 2.14 test 0.39
08/24/2026,00:58:24: 	Recall@10: 0.06735 Recall@20: 0.10026 NDCG@10: 0.03958 NDCG@20: 0.04873 
08/24/2026,00:58:24: 	Recall@10: 0.02784 Recall@20: 0.04252 NDCG@10: 0.01559 NDCG@20: 0.01956 
08/24/2026,00:58:24: Epoch [150/1000]
08/24/2026,00:58:24: Negative sampling...
08/24/2026,00:58:26: Model's personal time...
08/24/2026,00:58:26: Training...
08/24/2026,00:58:27: Evaluating...
08/24/2026,00:58:27: 	Train Loss: 15.1020 (base: 15.1020, kd: 0.0000), Elapsed: train 2.19 test 0.39
08/24/2026,00:58:27: 	Recall@10: 0.06927 Recall@20: 0.10272 NDCG@10: 0.04044 NDCG@20: 0.04961 
08/24/2026,00:58:27: 	Recall@10: 0.02703 Recall@20: 0.04353 NDCG@10: 0.01527 NDCG@20: 0.01973 
08/24/2026,00:58:27: Epoch [151/1000]
08/24/2026,00:58:27: Negative sampling...
08/24/2026,00:58:28: Model's personal time...
08/24/2026,00:58:28: Training...
08/24/2026,00:58:29: Evaluating...
08/24/2026,00:58:29: 	Train Loss: 15.0050 (base: 15.0050, kd: 0.0000), Elapsed: train 2.13 test 0.40
08/24/2026,00:58:29: 	Recall@10: 0.06787 Recall@20: 0.10099 NDCG@10: 0.04042 NDCG@20: 0.04953 
08/24/2026,00:58:29: 	Recall@10: 0.02664 Recall@20: 0.04294 NDCG@10: 0.01522 NDCG@20: 0.01968 
08/24/2026,00:58:29: Epoch [152/1000]
08/24/2026,00:58:29: Negative sampling...
08/24/2026,00:58:31: Model's personal time...
08/24/2026,00:58:31: Training...
08/24/2026,00:58:32: Evaluating...
08/24/2026,00:58:32: 	Train Loss: 15.0739 (base: 15.0739, kd: 0.0000), Elapsed: train 2.24 test 0.40
08/24/2026,00:58:32: 	Recall@10: 0.06834 Recall@20: 0.10275 NDCG@10: 0.04035 NDCG@20: 0.04975 
08/24/2026,00:58:32: 	Recall@10: 0.02756 Recall@20: 0.04313 NDCG@10: 0.01537 NDCG@20: 0.01963 
08/24/2026,00:58:32: Epoch [153/1000]
08/24/2026,00:58:32: Negative sampling...
08/24/2026,00:58:33: Model's personal time...
08/24/2026,00:58:33: Training...
08/24/2026,00:58:34: Evaluating...
08/24/2026,00:58:35: 	Train Loss: 14.7466 (base: 14.7466, kd: 0.0000), Elapsed: train 2.19 test 0.40 *
08/24/2026,00:58:35: 	Recall@10: 0.06778 Recall@20: 0.10315 NDCG@10: 0.04052 NDCG@20: 0.05027 
08/24/2026,00:58:35: 	Recall@10: 0.02747 Recall@20: 0.04385 NDCG@10: 0.01551 NDCG@20: 0.02003 
08/24/2026,00:58:35: Epoch [154/1000]
08/24/2026,00:58:35: Negative sampling...
08/24/2026,00:58:36: Model's personal time...
08/24/2026,00:58:36: Training...
08/24/2026,00:58:37: Evaluating...
08/24/2026,00:58:37: 	Train Loss: 15.0316 (base: 15.0316, kd: 0.0000), Elapsed: train 2.10 test 0.40
08/24/2026,00:58:37: 	Recall@10: 0.06863 Recall@20: 0.10172 NDCG@10: 0.04047 NDCG@20: 0.04961 
08/24/2026,00:58:37: 	Recall@10: 0.02600 Recall@20: 0.04411 NDCG@10: 0.01498 NDCG@20: 0.01994 
08/24/2026,00:58:37: Epoch [155/1000]
08/24/2026,00:58:37: Negative sampling...
08/24/2026,00:58:39: Model's personal time...
08/24/2026,00:58:39: Training...
08/24/2026,00:58:39: Evaluating...
08/24/2026,00:58:40: 	Train Loss: 14.8715 (base: 14.8715, kd: 0.0000), Elapsed: train 2.23 test 0.40
08/24/2026,00:58:40: 	Recall@10: 0.06723 Recall@20: 0.10026 NDCG@10: 0.03990 NDCG@20: 0.04902 
08/24/2026,00:58:40: 	Recall@10: 0.02519 Recall@20: 0.04240 NDCG@10: 0.01477 NDCG@20: 0.01947 
08/24/2026,00:58:40: Epoch [156/1000]
08/24/2026,00:58:40: Negative sampling...
08/24/2026,00:58:41: Model's personal time...
08/24/2026,00:58:41: Training...
08/24/2026,00:58:42: Evaluating...
08/24/2026,00:58:42: 	Train Loss: 14.6561 (base: 14.6561, kd: 0.0000), Elapsed: train 2.11 test 0.40
08/24/2026,00:58:42: 	Recall@10: 0.06829 Recall@20: 0.10003 NDCG@10: 0.04001 NDCG@20: 0.04878 
08/24/2026,00:58:42: 	Recall@10: 0.02615 Recall@20: 0.04354 NDCG@10: 0.01496 NDCG@20: 0.01963 
08/24/2026,00:58:42: Epoch [157/1000]
08/24/2026,00:58:42: Negative sampling...
08/24/2026,00:58:44: Model's personal time...
08/24/2026,00:58:44: Training...
08/24/2026,00:58:45: Evaluating...
08/24/2026,00:58:45: 	Train Loss: 14.9416 (base: 14.9416, kd: 0.0000), Elapsed: train 2.21 test 0.40
08/24/2026,00:58:45: 	Recall@10: 0.06615 Recall@20: 0.10181 NDCG@10: 0.03912 NDCG@20: 0.04897 
08/24/2026,00:58:45: 	Recall@10: 0.02599 Recall@20: 0.04291 NDCG@10: 0.01488 NDCG@20: 0.01941 
08/24/2026,00:58:45: Epoch [158/1000]
08/24/2026,00:58:45: Negative sampling...
08/24/2026,00:58:46: Model's personal time...
08/24/2026,00:58:46: Training...
08/24/2026,00:58:47: Evaluating...
08/24/2026,00:58:48: 	Train Loss: 15.0520 (base: 15.0520, kd: 0.0000), Elapsed: train 2.21 test 0.39
08/24/2026,00:58:48: 	Recall@10: 0.06727 Recall@20: 0.10198 NDCG@10: 0.03946 NDCG@20: 0.04897 
08/24/2026,00:58:48: 	Recall@10: 0.02590 Recall@20: 0.04199 NDCG@10: 0.01479 NDCG@20: 0.01912 
08/24/2026,00:58:48: Epoch [159/1000]
08/24/2026,00:58:48: Negative sampling...
08/24/2026,00:58:49: Model's personal time...
08/24/2026,00:58:49: Training...
08/24/2026,00:58:50: Evaluating...
08/24/2026,00:58:50: 	Train Loss: 14.8554 (base: 14.8554, kd: 0.0000), Elapsed: train 2.11 test 0.39
08/24/2026,00:58:50: 	Recall@10: 0.06722 Recall@20: 0.10125 NDCG@10: 0.03961 NDCG@20: 0.04887 
08/24/2026,00:58:50: 	Recall@10: 0.02632 Recall@20: 0.04068 NDCG@10: 0.01499 NDCG@20: 0.01890 
08/24/2026,00:58:50: Epoch [160/1000]
08/24/2026,00:58:50: Negative sampling...
08/24/2026,00:58:51: Model's personal time...
08/24/2026,00:58:51: Training...
08/24/2026,00:58:52: Evaluating...
08/24/2026,00:58:53: 	Train Loss: 14.8344 (base: 14.8344, kd: 0.0000), Elapsed: train 2.23 test 0.46
08/24/2026,00:58:53: 	Recall@10: 0.06603 Recall@20: 0.09897 NDCG@10: 0.03869 NDCG@20: 0.04765 
08/24/2026,00:58:53: 	Recall@10: 0.02631 Recall@20: 0.04063 NDCG@10: 0.01491 NDCG@20: 0.01880 
08/24/2026,00:58:53: Epoch [161/1000]
08/24/2026,00:58:53: Negative sampling...
08/24/2026,00:58:54: Model's personal time...
08/24/2026,00:58:54: Training...
08/24/2026,00:58:55: Evaluating...
08/24/2026,00:58:56: 	Train Loss: 15.0730 (base: 15.0730, kd: 0.0000), Elapsed: train 2.51 test 0.48
08/24/2026,00:58:56: 	Recall@10: 0.06654 Recall@20: 0.09870 NDCG@10: 0.03819 NDCG@20: 0.04691 
08/24/2026,00:58:56: 	Recall@10: 0.02513 Recall@20: 0.04045 NDCG@10: 0.01417 NDCG@20: 0.01836 
08/24/2026,00:58:56: Epoch [162/1000]
08/24/2026,00:58:56: Negative sampling...
08/24/2026,00:58:57: Model's personal time...
08/24/2026,00:58:57: Training...
08/24/2026,00:58:58: Evaluating...
08/24/2026,00:58:59: 	Train Loss: 15.0391 (base: 15.0391, kd: 0.0000), Elapsed: train 2.45 test 0.40
08/24/2026,00:58:59: 	Recall@10: 0.06465 Recall@20: 0.09690 NDCG@10: 0.03694 NDCG@20: 0.04584 
08/24/2026,00:58:59: 	Recall@10: 0.02499 Recall@20: 0.03921 NDCG@10: 0.01412 NDCG@20: 0.01800 
08/24/2026,00:58:59: Epoch [163/1000]
08/24/2026,00:58:59: Negative sampling...
08/24/2026,00:59:00: Model's personal time...
08/24/2026,00:59:00: Training...
08/24/2026,00:59:01: Evaluating...
08/24/2026,00:59:01: 	Train Loss: 14.9694 (base: 14.9694, kd: 0.0000), Elapsed: train 2.18 test 0.41
08/24/2026,00:59:01: 	Recall@10: 0.06427 Recall@20: 0.09922 NDCG@10: 0.03722 NDCG@20: 0.04680 
08/24/2026,00:59:01: 	Recall@10: 0.02499 Recall@20: 0.03989 NDCG@10: 0.01399 NDCG@20: 0.01804 
08/24/2026,00:59:01: Epoch [164/1000]
08/24/2026,00:59:01: Negative sampling...
08/24/2026,00:59:02: Model's personal time...
08/24/2026,00:59:02: Training...
08/24/2026,00:59:03: Evaluating...
08/24/2026,00:59:04: 	Train Loss: 14.7840 (base: 14.7840, kd: 0.0000), Elapsed: train 2.09 test 0.43
08/24/2026,00:59:04: 	Recall@10: 0.06299 Recall@20: 0.10052 NDCG@10: 0.03703 NDCG@20: 0.04732 
08/24/2026,00:59:04: 	Recall@10: 0.02552 Recall@20: 0.04053 NDCG@10: 0.01416 NDCG@20: 0.01822 
08/24/2026,00:59:04: Epoch [165/1000]
08/24/2026,00:59:04: Negative sampling...
08/24/2026,00:59:05: Model's personal time...
08/24/2026,00:59:05: Training...
08/24/2026,00:59:06: Evaluating...
08/24/2026,00:59:06: 	Train Loss: 14.9307 (base: 14.9307, kd: 0.0000), Elapsed: train 2.20 test 0.41
08/24/2026,00:59:06: 	Recall@10: 0.06477 Recall@20: 0.10168 NDCG@10: 0.03790 NDCG@20: 0.04802 
08/24/2026,00:59:06: 	Recall@10: 0.02575 Recall@20: 0.04118 NDCG@10: 0.01428 NDCG@20: 0.01844 
08/24/2026,00:59:06: Epoch [166/1000]
08/24/2026,00:59:06: Negative sampling...
08/24/2026,00:59:08: Model's personal time...
08/24/2026,00:59:08: Training...
08/24/2026,00:59:08: Evaluating...
08/24/2026,00:59:09: 	Train Loss: 14.9315 (base: 14.9315, kd: 0.0000), Elapsed: train 2.15 test 0.49
08/24/2026,00:59:09: 	Recall@10: 0.06354 Recall@20: 0.10138 NDCG@10: 0.03748 NDCG@20: 0.04791 
08/24/2026,00:59:09: 	Recall@10: 0.02471 Recall@20: 0.04013 NDCG@10: 0.01412 NDCG@20: 0.01828 
08/24/2026,00:59:09: Epoch [167/1000]
08/24/2026,00:59:09: Negative sampling...
08/24/2026,00:59:11: Model's personal time...
08/24/2026,00:59:11: Training...
08/24/2026,00:59:12: Evaluating...
08/24/2026,00:59:12: 	Train Loss: 14.9509 (base: 14.9509, kd: 0.0000), Elapsed: train 2.68 test 0.45
08/24/2026,00:59:12: 	Recall@10: 0.06540 Recall@20: 0.10271 NDCG@10: 0.03820 NDCG@20: 0.04850 
08/24/2026,00:59:12: 	Recall@10: 0.02663 Recall@20: 0.03939 NDCG@10: 0.01524 NDCG@20: 0.01875 
08/24/2026,00:59:12: Epoch [168/1000]
08/24/2026,00:59:12: Negative sampling...
08/24/2026,00:59:13: Model's personal time...
08/24/2026,00:59:13: Training...
08/24/2026,00:59:14: Evaluating...
08/24/2026,00:59:15: 	Train Loss: 14.7447 (base: 14.7447, kd: 0.0000), Elapsed: train 2.20 test 0.40
08/24/2026,00:59:15: 	Recall@10: 0.06539 Recall@20: 0.10394 NDCG@10: 0.03800 NDCG@20: 0.04862 
08/24/2026,00:59:15: 	Recall@10: 0.02629 Recall@20: 0.04076 NDCG@10: 0.01534 NDCG@20: 0.01927 
08/24/2026,00:59:15: Epoch [169/1000]
08/24/2026,00:59:15: Negative sampling...
08/24/2026,00:59:16: Model's personal time...
08/24/2026,00:59:16: Training...
08/24/2026,00:59:17: Evaluating...
08/24/2026,00:59:17: 	Train Loss: 14.6660 (base: 14.6660, kd: 0.0000), Elapsed: train 2.09 test 0.39
08/24/2026,00:59:17: 	Recall@10: 0.06719 Recall@20: 0.10305 NDCG@10: 0.03808 NDCG@20: 0.04810 
08/24/2026,00:59:17: 	Recall@10: 0.02602 Recall@20: 0.04021 NDCG@10: 0.01531 NDCG@20: 0.01918 
08/24/2026,00:59:17: Epoch [170/1000]
08/24/2026,00:59:17: Negative sampling...
08/24/2026,00:59:18: Model's personal time...
08/24/2026,00:59:18: Training...
08/24/2026,00:59:19: Evaluating...
08/24/2026,00:59:20: 	Train Loss: 14.7217 (base: 14.7217, kd: 0.0000), Elapsed: train 2.19 test 0.40
08/24/2026,00:59:20: 	Recall@10: 0.06765 Recall@20: 0.10473 NDCG@10: 0.03818 NDCG@20: 0.04848 
08/24/2026,00:59:20: 	Recall@10: 0.02640 Recall@20: 0.04135 NDCG@10: 0.01537 NDCG@20: 0.01944 
08/24/2026,00:59:20: Epoch [171/1000]
08/24/2026,00:59:20: Negative sampling...
08/24/2026,00:59:21: Model's personal time...
08/24/2026,00:59:21: Training...
08/24/2026,00:59:22: Evaluating...
08/24/2026,00:59:22: 	Train Loss: 14.8013 (base: 14.8013, kd: 0.0000), Elapsed: train 2.09 test 0.40
08/24/2026,00:59:22: 	Recall@10: 0.06930 Recall@20: 0.10483 NDCG@10: 0.03850 NDCG@20: 0.04827 
08/24/2026,00:59:22: 	Recall@10: 0.02638 Recall@20: 0.04282 NDCG@10: 0.01550 NDCG@20: 0.01993 
08/24/2026,00:59:22: Epoch [172/1000]
08/24/2026,00:59:22: Negative sampling...
08/24/2026,00:59:24: Model's personal time...
08/24/2026,00:59:24: Training...
08/24/2026,00:59:24: Evaluating...
08/24/2026,00:59:25: 	Train Loss: 14.6106 (base: 14.6106, kd: 0.0000), Elapsed: train 2.22 test 0.40
08/24/2026,00:59:25: 	Recall@10: 0.06932 Recall@20: 0.10448 NDCG@10: 0.03843 NDCG@20: 0.04817 
08/24/2026,00:59:25: 	Recall@10: 0.02702 Recall@20: 0.04151 NDCG@10: 0.01534 NDCG@20: 0.01923 
08/24/2026,00:59:25: Epoch [173/1000]
08/24/2026,00:59:25: Negative sampling...
08/24/2026,00:59:26: Model's personal time...
08/24/2026,00:59:26: Training...
08/24/2026,00:59:27: Evaluating...
08/24/2026,00:59:27: 	Train Loss: 14.8563 (base: 14.8563, kd: 0.0000), Elapsed: train 2.21 test 0.39
08/24/2026,00:59:27: 	Recall@10: 0.06696 Recall@20: 0.10443 NDCG@10: 0.03761 NDCG@20: 0.04809 
08/24/2026,00:59:27: 	Recall@10: 0.02676 Recall@20: 0.04059 NDCG@10: 0.01505 NDCG@20: 0.01883 
08/24/2026,00:59:27: Epoch [174/1000]
08/24/2026,00:59:27: Negative sampling...
08/24/2026,00:59:29: Model's personal time...
08/24/2026,00:59:29: Training...
08/24/2026,00:59:30: Evaluating...
08/24/2026,00:59:30: 	Train Loss: 14.8517 (base: 14.8517, kd: 0.0000), Elapsed: train 2.10 test 0.40
08/24/2026,00:59:30: 	Recall@10: 0.06908 Recall@20: 0.10604 NDCG@10: 0.03879 NDCG@20: 0.04909 
08/24/2026,00:59:30: 	Recall@10: 0.02688 Recall@20: 0.04319 NDCG@10: 0.01530 NDCG@20: 0.01965 
08/24/2026,00:59:30: Epoch [175/1000]
08/24/2026,00:59:30: Negative sampling...
08/24/2026,00:59:31: Model's personal time...
08/24/2026,00:59:31: Training...
08/24/2026,00:59:32: Evaluating...
08/24/2026,00:59:33: 	Train Loss: 14.4649 (base: 14.4649, kd: 0.0000), Elapsed: train 2.25 test 0.40
08/24/2026,00:59:33: 	Recall@10: 0.06893 Recall@20: 0.10476 NDCG@10: 0.03918 NDCG@20: 0.04913 
08/24/2026,00:59:33: 	Recall@10: 0.02743 Recall@20: 0.04239 NDCG@10: 0.01561 NDCG@20: 0.01964 
08/24/2026,00:59:33: Epoch [176/1000]
08/24/2026,00:59:33: Negative sampling...
08/24/2026,00:59:34: Model's personal time...
08/24/2026,00:59:34: Training...
08/24/2026,00:59:35: Evaluating...
08/24/2026,00:59:35: 	Train Loss: 14.6088 (base: 14.6088, kd: 0.0000), Elapsed: train 2.07 test 0.38
08/24/2026,00:59:35: 	Recall@10: 0.06869 Recall@20: 0.10469 NDCG@10: 0.03894 NDCG@20: 0.04896 
08/24/2026,00:59:35: 	Recall@10: 0.02784 Recall@20: 0.04347 NDCG@10: 0.01589 NDCG@20: 0.02011 
08/24/2026,00:59:35: Epoch [177/1000]
08/24/2026,00:59:35: Negative sampling...
08/24/2026,00:59:36: Model's personal time...
08/24/2026,00:59:36: Training...
08/24/2026,00:59:37: Evaluating...
08/24/2026,00:59:38: 	Train Loss: 15.0506 (base: 15.0506, kd: 0.0000), Elapsed: train 2.19 test 0.39
08/24/2026,00:59:38: 	Recall@10: 0.06687 Recall@20: 0.10399 NDCG@10: 0.03899 NDCG@20: 0.04940 
08/24/2026,00:59:38: 	Recall@10: 0.02741 Recall@20: 0.04227 NDCG@10: 0.01556 NDCG@20: 0.01960 
08/24/2026,00:59:38: Epoch [178/1000]
08/24/2026,00:59:38: Negative sampling...
08/24/2026,00:59:39: Model's personal time...
08/24/2026,00:59:39: Training...
08/24/2026,00:59:40: Evaluating...
08/24/2026,00:59:41: 	Train Loss: 14.9586 (base: 14.9586, kd: 0.0000), Elapsed: train 2.43 test 0.48
08/24/2026,00:59:41: 	Recall@10: 0.06759 Recall@20: 0.10390 NDCG@10: 0.03915 NDCG@20: 0.04929 
08/24/2026,00:59:41: 	Recall@10: 0.02771 Recall@20: 0.04239 NDCG@10: 0.01576 NDCG@20: 0.01980 
08/24/2026,00:59:41: Epoch [179/1000]
08/24/2026,00:59:41: Negative sampling...
08/24/2026,00:59:42: Model's personal time...
08/24/2026,00:59:42: Training...
08/24/2026,00:59:43: Evaluating...
08/24/2026,00:59:44: 	Train Loss: 14.6262 (base: 14.6262, kd: 0.0000), Elapsed: train 2.58 test 0.49
08/24/2026,00:59:44: 	Recall@10: 0.06726 Recall@20: 0.10328 NDCG@10: 0.03893 NDCG@20: 0.04893 
08/24/2026,00:59:44: 	Recall@10: 0.02757 Recall@20: 0.04264 NDCG@10: 0.01544 NDCG@20: 0.01954 
08/24/2026,00:59:44: Epoch [180/1000]
08/24/2026,00:59:44: Negative sampling...
08/24/2026,00:59:45: Model's personal time...
08/24/2026,00:59:45: Training...
08/24/2026,00:59:46: Evaluating...
08/24/2026,00:59:47: 	Train Loss: 14.3220 (base: 14.3220, kd: 0.0000), Elapsed: train 2.67 test 0.40
08/24/2026,00:59:47: 	Recall@10: 0.06674 Recall@20: 0.10354 NDCG@10: 0.03822 NDCG@20: 0.04858 
08/24/2026,00:59:47: 	Recall@10: 0.02773 Recall@20: 0.04254 NDCG@10: 0.01554 NDCG@20: 0.01961 
08/24/2026,00:59:47: Epoch [181/1000]
08/24/2026,00:59:47: Negative sampling...
08/24/2026,00:59:48: Model's personal time...
08/24/2026,00:59:48: Training...
08/24/2026,00:59:49: Evaluating...
08/24/2026,00:59:49: 	Train Loss: 14.8308 (base: 14.8308, kd: 0.0000), Elapsed: train 2.13 test 0.40
08/24/2026,00:59:49: 	Recall@10: 0.06709 Recall@20: 0.10293 NDCG@10: 0.03880 NDCG@20: 0.04890 
08/24/2026,00:59:49: 	Recall@10: 0.02784 Recall@20: 0.04388 NDCG@10: 0.01571 NDCG@20: 0.02006 
08/24/2026,00:59:49: Epoch [182/1000]
08/24/2026,00:59:49: Negative sampling...
08/24/2026,00:59:51: Model's personal time...
08/24/2026,00:59:51: Training...
08/24/2026,00:59:51: Evaluating...
08/24/2026,00:59:52: 	Train Loss: 14.4544 (base: 14.4544, kd: 0.0000), Elapsed: train 2.20 test 0.39
08/24/2026,00:59:52: 	Recall@10: 0.06779 Recall@20: 0.10267 NDCG@10: 0.03946 NDCG@20: 0.04921 
08/24/2026,00:59:52: 	Recall@10: 0.02750 Recall@20: 0.04360 NDCG@10: 0.01558 NDCG@20: 0.02002 
08/24/2026,00:59:52: Epoch [183/1000]
08/24/2026,00:59:52: Negative sampling...
08/24/2026,00:59:53: Model's personal time...
08/24/2026,00:59:53: Training...
08/24/2026,00:59:54: Evaluating...
08/24/2026,00:59:54: 	Train Loss: 14.6532 (base: 14.6532, kd: 0.0000), Elapsed: train 2.22 test 0.39
08/24/2026,00:59:54: 	Recall@10: 0.06846 Recall@20: 0.10306 NDCG@10: 0.03945 NDCG@20: 0.04908 
08/24/2026,00:59:54: 	Recall@10: 0.02754 Recall@20: 0.04496 NDCG@10: 0.01566 NDCG@20: 0.02039 
08/24/2026,00:59:54: ------------------------------
08/24/2026,00:59:54: valid Recall@10: 0.06778 Recall@20: 0.10315 NDCG@10: 0.04052 NDCG@20: 0.05027
08/24/2026,00:59:54: test Recall@10: 0.02747 Recall@20: 0.04385 NDCG@10: 0.01551 NDCG@20: 0.02003
