----------------------------------------TEACHER----------------------------------------
init_std                                 0.01
embedding_dim                            400
----------------------------------------TEACHER----------------------------------------
----------------------------------------STUDENT----------------------------------------
init_std                                 0.01
embedding_dim                            20
----------------------------------------STUDENT----------------------------------------
----------------------------------------ARGUMENTS----------------------------------------
run_all                                  False
seed                                     0
gpu_id                                   0
no_log                                   False
no_save                                  False
suffix                                   aneg_seed0_es20
verbose                                  False
ablation                                 False
task                                     rec
dataset                                  citeulike
batch_size                               2048
num_ns                                   1
neg_sampling_on_all                      False
T_backbone                               bpr
S_backbone                               bpr
model                                    srcekd
preload                                  False
postsave                                 False
train_teacher                            False
ckpt_interval                            -1
epochs                                   1000
lr                                       0.001
wd                                       1e-05
lmbda                                    500
srce_alpha                               -0.5
srce_s                                   20
srce_eta                                 0
srce_Lu                                  20
eval_period                              1
K_list                                   [10, 20]
early_stop_metric                        NDCG
early_stop_K                             20
early_stop_patience                      30
LOG_DIR                                  logs/
CONFIG_DIR                               configs/
DATA_DIR                                 data/
CKPT_DIR                                 checkpoints/
CRAFT_DIR                                crafts/
mkd_tau                                  1
mkd_K                                    50
mkd_L                                    50
mkd_T                                    10
mkd_mxK                                  200
----------------------------------------ARGUMENTS----------------------------------------
----------------------------------------Teacher----------------------------------------
09/04/2026,21:44:49: ------------------------------
09/04/2026,21:44:49: valid Recall@10: 0.06778 Recall@20: 0.10315 NDCG@10: 0.04052 NDCG@20: 0.05027
09/04/2026,21:44:49: test Recall@10: 0.02747 Recall@20: 0.04385 NDCG@10: 0.01551 NDCG@20: 0.02003
----------------------------------------------------------------------------------------
09/04/2026,21:44:49: Epoch [1/1000]
09/04/2026,21:44:49: Negative sampling...
09/04/2026,21:44:51: Model's personal time...
09/04/2026,21:44:51: Training...
09/04/2026,21:44:52: Evaluating...
09/04/2026,21:44:52: 	Train Loss: 5073421.5000 (base: 1390.5159, kd: 10144.0605), Elapsed: train 2.79 test 0.46 *
09/04/2026,21:44:52: 	Recall@10: 0.02095 Recall@20: 0.03207 NDCG@10: 0.01282 NDCG@20: 0.01580 
09/04/2026,21:44:52: 	Recall@10: 0.01005 Recall@20: 0.01418 NDCG@10: 0.00578 NDCG@20: 0.00695 
09/04/2026,21:44:52: Epoch [2/1000]
09/04/2026,21:44:52: Negative sampling...
09/04/2026,21:44:54: Model's personal time...
09/04/2026,21:44:54: Training...
09/04/2026,21:44:55: Evaluating...
09/04/2026,21:44:56: 	Train Loss: 4900128.5000 (base: 1376.7625, kd: 9797.5039), Elapsed: train 2.84 test 0.46 *
09/04/2026,21:44:56: 	Recall@10: 0.03722 Recall@20: 0.05456 NDCG@10: 0.02356 NDCG@20: 0.02829 
09/04/2026,21:44:56: 	Recall@10: 0.01647 Recall@20: 0.02517 NDCG@10: 0.00921 NDCG@20: 0.01161 
09/04/2026,21:44:56: Epoch [3/1000]
09/04/2026,21:44:56: Negative sampling...
09/04/2026,21:44:57: Model's personal time...
09/04/2026,21:44:57: Training...
09/04/2026,21:44:58: Evaluating...
09/04/2026,21:44:58: 	Train Loss: 4824538.5000 (base: 1347.7496, kd: 9646.3809), Elapsed: train 2.38 test 0.41 *
09/04/2026,21:44:58: 	Recall@10: 0.03551 Recall@20: 0.05610 NDCG@10: 0.02334 NDCG@20: 0.02883 
09/04/2026,21:44:58: 	Recall@10: 0.01497 Recall@20: 0.02378 NDCG@10: 0.00868 NDCG@20: 0.01113 
09/04/2026,21:44:58: Epoch [4/1000]
09/04/2026,21:44:58: Negative sampling...
09/04/2026,21:45:00: Model's personal time...
09/04/2026,21:45:00: Training...
09/04/2026,21:45:01: Evaluating...
09/04/2026,21:45:02: 	Train Loss: 4749386.5000 (base: 1307.9788, kd: 9496.1562), Elapsed: train 2.61 test 0.43 *
09/04/2026,21:45:02: 	Recall@10: 0.04094 Recall@20: 0.06068 NDCG@10: 0.02574 NDCG@20: 0.03126 
09/04/2026,21:45:02: 	Recall@10: 0.01652 Recall@20: 0.02540 NDCG@10: 0.00960 NDCG@20: 0.01200 
09/04/2026,21:45:02: Epoch [5/1000]
09/04/2026,21:45:02: Negative sampling...
09/04/2026,21:45:03: Model's personal time...
09/04/2026,21:45:03: Training...
09/04/2026,21:45:04: Evaluating...
09/04/2026,21:45:05: 	Train Loss: 4649836.5000 (base: 1256.8696, kd: 9297.1582), Elapsed: train 2.89 test 0.47 *
09/04/2026,21:45:05: 	Recall@10: 0.04107 Recall@20: 0.06283 NDCG@10: 0.02562 NDCG@20: 0.03157 
09/04/2026,21:45:05: 	Recall@10: 0.01574 Recall@20: 0.02709 NDCG@10: 0.00918 NDCG@20: 0.01227 
09/04/2026,21:45:05: Epoch [6/1000]
09/04/2026,21:45:05: Negative sampling...
09/04/2026,21:45:06: Model's personal time...
09/04/2026,21:45:06: Training...
09/04/2026,21:45:07: Evaluating...
09/04/2026,21:45:08: 	Train Loss: 4552519.5000 (base: 1200.4176, kd: 9102.6396), Elapsed: train 2.51 test 0.42 *
09/04/2026,21:45:08: 	Recall@10: 0.04311 Recall@20: 0.06421 NDCG@10: 0.02691 NDCG@20: 0.03270 
09/04/2026,21:45:08: 	Recall@10: 0.01653 Recall@20: 0.02647 NDCG@10: 0.00962 NDCG@20: 0.01231 
09/04/2026,21:45:08: Epoch [7/1000]
09/04/2026,21:45:08: Negative sampling...
09/04/2026,21:45:09: Model's personal time...
09/04/2026,21:45:09: Training...
09/04/2026,21:45:11: Evaluating...
09/04/2026,21:45:11: 	Train Loss: 4461865.0000 (base: 1139.6423, kd: 8921.4502), Elapsed: train 2.70 test 0.50
09/04/2026,21:45:11: 	Recall@10: 0.04373 Recall@20: 0.06293 NDCG@10: 0.02735 NDCG@20: 0.03261 
09/04/2026,21:45:11: 	Recall@10: 0.01680 Recall@20: 0.02688 NDCG@10: 0.00931 NDCG@20: 0.01209 
09/04/2026,21:45:11: Epoch [8/1000]
09/04/2026,21:45:11: Negative sampling...
09/04/2026,21:45:12: Model's personal time...
09/04/2026,21:45:13: Training...
09/04/2026,21:45:14: Evaluating...
09/04/2026,21:45:14: 	Train Loss: 4380096.0000 (base: 1078.1859, kd: 8758.0342), Elapsed: train 2.59 test 0.45 *
09/04/2026,21:45:14: 	Recall@10: 0.04619 Recall@20: 0.06610 NDCG@10: 0.02836 NDCG@20: 0.03375 
09/04/2026,21:45:14: 	Recall@10: 0.01753 Recall@20: 0.02816 NDCG@10: 0.00958 NDCG@20: 0.01249 
09/04/2026,21:45:14: Epoch [9/1000]
09/04/2026,21:45:14: Negative sampling...
09/04/2026,21:45:15: Model's personal time...
09/04/2026,21:45:16: Training...
09/04/2026,21:45:16: Evaluating...
09/04/2026,21:45:17: 	Train Loss: 4317086.5000 (base: 1018.8243, kd: 8632.1348), Elapsed: train 2.38 test 0.46 *
09/04/2026,21:45:17: 	Recall@10: 0.04730 Recall@20: 0.06781 NDCG@10: 0.02899 NDCG@20: 0.03457 
09/04/2026,21:45:17: 	Recall@10: 0.01802 Recall@20: 0.02853 NDCG@10: 0.00996 NDCG@20: 0.01290 
09/04/2026,21:45:17: Epoch [10/1000]
09/04/2026,21:45:17: Negative sampling...
09/04/2026,21:45:19: Model's personal time...
09/04/2026,21:45:19: Training...
09/04/2026,21:45:20: Evaluating...
09/04/2026,21:45:20: 	Train Loss: 4261498.5000 (base: 959.6667, kd: 8521.0781), Elapsed: train 2.85 test 0.40 *
09/04/2026,21:45:20: 	Recall@10: 0.04906 Recall@20: 0.06930 NDCG@10: 0.02986 NDCG@20: 0.03543 
09/04/2026,21:45:20: 	Recall@10: 0.01879 Recall@20: 0.02966 NDCG@10: 0.01010 NDCG@20: 0.01311 
09/04/2026,21:45:20: Epoch [11/1000]
09/04/2026,21:45:20: Negative sampling...
09/04/2026,21:45:21: Model's personal time...
09/04/2026,21:45:22: Training...
09/04/2026,21:45:23: Evaluating...
09/04/2026,21:45:23: 	Train Loss: 4215415.0000 (base: 906.8514, kd: 8429.0166), Elapsed: train 2.54 test 0.40 *
09/04/2026,21:45:23: 	Recall@10: 0.05099 Recall@20: 0.07276 NDCG@10: 0.03093 NDCG@20: 0.03685 
09/04/2026,21:45:23: 	Recall@10: 0.01947 Recall@20: 0.03087 NDCG@10: 0.01045 NDCG@20: 0.01359 
09/04/2026,21:45:23: Epoch [12/1000]
09/04/2026,21:45:23: Negative sampling...
09/04/2026,21:45:24: Model's personal time...
09/04/2026,21:45:25: Training...
09/04/2026,21:45:26: Evaluating...
09/04/2026,21:45:26: 	Train Loss: 4178793.7500 (base: 856.2652, kd: 8355.8750), Elapsed: train 2.50 test 0.44 *
09/04/2026,21:45:26: 	Recall@10: 0.05214 Recall@20: 0.07475 NDCG@10: 0.03176 NDCG@20: 0.03796 
09/04/2026,21:45:26: 	Recall@10: 0.02012 Recall@20: 0.03169 NDCG@10: 0.01116 NDCG@20: 0.01438 
09/04/2026,21:45:26: Epoch [13/1000]
09/04/2026,21:45:26: Negative sampling...
09/04/2026,21:45:27: Model's personal time...
09/04/2026,21:45:27: Training...
09/04/2026,21:45:29: Evaluating...
09/04/2026,21:45:29: 	Train Loss: 4145178.2500 (base: 811.7690, kd: 8288.7334), Elapsed: train 2.50 test 0.40 *
09/04/2026,21:45:29: 	Recall@10: 0.05199 Recall@20: 0.07610 NDCG@10: 0.03161 NDCG@20: 0.03823 
09/04/2026,21:45:29: 	Recall@10: 0.02045 Recall@20: 0.03225 NDCG@10: 0.01124 NDCG@20: 0.01448 
09/04/2026,21:45:29: Epoch [14/1000]
09/04/2026,21:45:29: Negative sampling...
09/04/2026,21:45:30: Model's personal time...
09/04/2026,21:45:30: Training...
09/04/2026,21:45:31: Evaluating...
09/04/2026,21:45:32: 	Train Loss: 4117235.5000 (base: 768.4385, kd: 8232.9346), Elapsed: train 2.52 test 0.44 *
09/04/2026,21:45:32: 	Recall@10: 0.05280 Recall@20: 0.07763 NDCG@10: 0.03216 NDCG@20: 0.03897 
09/04/2026,21:45:32: 	Recall@10: 0.02147 Recall@20: 0.03313 NDCG@10: 0.01179 NDCG@20: 0.01496 
09/04/2026,21:45:32: Epoch [15/1000]
09/04/2026,21:45:32: Negative sampling...
09/04/2026,21:45:33: Model's personal time...
09/04/2026,21:45:33: Training...
09/04/2026,21:45:35: Evaluating...
09/04/2026,21:45:35: 	Train Loss: 4091306.2500 (base: 728.8318, kd: 8181.1553), Elapsed: train 2.69 test 0.45 *
09/04/2026,21:45:35: 	Recall@10: 0.05254 Recall@20: 0.07963 NDCG@10: 0.03261 NDCG@20: 0.03998 
09/04/2026,21:45:35: 	Recall@10: 0.02156 Recall@20: 0.03428 NDCG@10: 0.01195 NDCG@20: 0.01539 
09/04/2026,21:45:35: Epoch [16/1000]
09/04/2026,21:45:35: Negative sampling...
09/04/2026,21:45:36: Model's personal time...
09/04/2026,21:45:37: Training...
09/04/2026,21:45:38: Evaluating...
09/04/2026,21:45:38: 	Train Loss: 4067390.2500 (base: 694.2589, kd: 8133.3921), Elapsed: train 2.54 test 0.47 *
09/04/2026,21:45:38: 	Recall@10: 0.05364 Recall@20: 0.07982 NDCG@10: 0.03308 NDCG@20: 0.04014 
09/04/2026,21:45:38: 	Recall@10: 0.02239 Recall@20: 0.03545 NDCG@10: 0.01225 NDCG@20: 0.01577 
09/04/2026,21:45:38: Epoch [17/1000]
09/04/2026,21:45:38: Negative sampling...
09/04/2026,21:45:39: Model's personal time...
09/04/2026,21:45:40: Training...
09/04/2026,21:45:41: Evaluating...
09/04/2026,21:45:41: 	Train Loss: 4048626.7500 (base: 663.7020, kd: 8095.9263), Elapsed: train 2.68 test 0.40 *
09/04/2026,21:45:41: 	Recall@10: 0.05508 Recall@20: 0.08158 NDCG@10: 0.03340 NDCG@20: 0.04060 
09/04/2026,21:45:41: 	Recall@10: 0.02230 Recall@20: 0.03537 NDCG@10: 0.01240 NDCG@20: 0.01593 
09/04/2026,21:45:41: Epoch [18/1000]
09/04/2026,21:45:41: Negative sampling...
09/04/2026,21:45:42: Model's personal time...
09/04/2026,21:45:43: Training...
09/04/2026,21:45:44: Evaluating...
09/04/2026,21:45:44: 	Train Loss: 4029159.0000 (base: 635.0380, kd: 8057.0483), Elapsed: train 2.43 test 0.40 *
09/04/2026,21:45:44: 	Recall@10: 0.05512 Recall@20: 0.08156 NDCG@10: 0.03375 NDCG@20: 0.04094 
09/04/2026,21:45:44: 	Recall@10: 0.02345 Recall@20: 0.03529 NDCG@10: 0.01276 NDCG@20: 0.01598 
09/04/2026,21:45:44: Epoch [19/1000]
09/04/2026,21:45:44: Negative sampling...
09/04/2026,21:45:45: Model's personal time...
09/04/2026,21:45:45: Training...
09/04/2026,21:45:46: Evaluating...
09/04/2026,21:45:47: 	Train Loss: 4015105.0000 (base: 608.4971, kd: 8028.9927), Elapsed: train 2.35 test 0.40 *
09/04/2026,21:45:47: 	Recall@10: 0.05595 Recall@20: 0.08303 NDCG@10: 0.03414 NDCG@20: 0.04148 
09/04/2026,21:45:47: 	Recall@10: 0.02338 Recall@20: 0.03635 NDCG@10: 0.01287 NDCG@20: 0.01638 
09/04/2026,21:45:47: Epoch [20/1000]
09/04/2026,21:45:47: Negative sampling...
09/04/2026,21:45:48: Model's personal time...
09/04/2026,21:45:48: Training...
09/04/2026,21:45:49: Evaluating...
09/04/2026,21:45:50: 	Train Loss: 3998916.5000 (base: 584.7647, kd: 7996.6636), Elapsed: train 2.59 test 0.39 *
09/04/2026,21:45:50: 	Recall@10: 0.05645 Recall@20: 0.08396 NDCG@10: 0.03443 NDCG@20: 0.04187 
09/04/2026,21:45:50: 	Recall@10: 0.02350 Recall@20: 0.03653 NDCG@10: 0.01300 NDCG@20: 0.01651 
09/04/2026,21:45:50: Epoch [21/1000]
09/04/2026,21:45:50: Negative sampling...
09/04/2026,21:45:51: Model's personal time...
09/04/2026,21:45:51: Training...
09/04/2026,21:45:52: Evaluating...
09/04/2026,21:45:53: 	Train Loss: 3985035.0000 (base: 561.2012, kd: 7968.9482), Elapsed: train 2.46 test 0.42 *
09/04/2026,21:45:53: 	Recall@10: 0.05626 Recall@20: 0.08521 NDCG@10: 0.03422 NDCG@20: 0.04208 
09/04/2026,21:45:53: 	Recall@10: 0.02328 Recall@20: 0.03616 NDCG@10: 0.01294 NDCG@20: 0.01645 
09/04/2026,21:45:53: Epoch [22/1000]
09/04/2026,21:45:53: Negative sampling...
09/04/2026,21:45:54: Model's personal time...
09/04/2026,21:45:54: Training...
09/04/2026,21:45:55: Evaluating...
09/04/2026,21:45:56: 	Train Loss: 3973353.0000 (base: 542.6902, kd: 7945.6211), Elapsed: train 2.51 test 0.42 *
09/04/2026,21:45:56: 	Recall@10: 0.05699 Recall@20: 0.08667 NDCG@10: 0.03456 NDCG@20: 0.04259 
09/04/2026,21:45:56: 	Recall@10: 0.02458 Recall@20: 0.03547 NDCG@10: 0.01341 NDCG@20: 0.01636 
09/04/2026,21:45:56: Epoch [23/1000]
09/04/2026,21:45:56: Negative sampling...
09/04/2026,21:45:57: Model's personal time...
09/04/2026,21:45:57: Training...
09/04/2026,21:45:58: Evaluating...
09/04/2026,21:45:58: 	Train Loss: 3961507.7500 (base: 523.7805, kd: 7921.9678), Elapsed: train 2.48 test 0.40 *
09/04/2026,21:45:58: 	Recall@10: 0.05840 Recall@20: 0.08687 NDCG@10: 0.03499 NDCG@20: 0.04279 
09/04/2026,21:45:58: 	Recall@10: 0.02401 Recall@20: 0.03648 NDCG@10: 0.01332 NDCG@20: 0.01670 
09/04/2026,21:45:58: Epoch [24/1000]
09/04/2026,21:45:58: Negative sampling...
09/04/2026,21:46:00: Model's personal time...
09/04/2026,21:46:00: Training...
09/04/2026,21:46:01: Evaluating...
09/04/2026,21:46:01: 	Train Loss: 3949596.2500 (base: 506.7025, kd: 7898.1797), Elapsed: train 2.51 test 0.40 *
09/04/2026,21:46:01: 	Recall@10: 0.05909 Recall@20: 0.08770 NDCG@10: 0.03533 NDCG@20: 0.04309 
09/04/2026,21:46:01: 	Recall@10: 0.02446 Recall@20: 0.03785 NDCG@10: 0.01348 NDCG@20: 0.01709 
09/04/2026,21:46:01: Epoch [25/1000]
09/04/2026,21:46:01: Negative sampling...
09/04/2026,21:46:03: Model's personal time...
09/04/2026,21:46:03: Training...
09/04/2026,21:46:04: Evaluating...
09/04/2026,21:46:04: 	Train Loss: 3940652.2500 (base: 490.3744, kd: 7880.3237), Elapsed: train 2.58 test 0.45 *
09/04/2026,21:46:04: 	Recall@10: 0.06004 Recall@20: 0.08861 NDCG@10: 0.03578 NDCG@20: 0.04361 
09/04/2026,21:46:04: 	Recall@10: 0.02430 Recall@20: 0.03809 NDCG@10: 0.01349 NDCG@20: 0.01723 
09/04/2026,21:46:04: Epoch [26/1000]
09/04/2026,21:46:04: Negative sampling...
09/04/2026,21:46:06: Model's personal time...
09/04/2026,21:46:06: Training...
09/04/2026,21:46:07: Evaluating...
09/04/2026,21:46:07: 	Train Loss: 3932522.2500 (base: 477.5268, kd: 7864.0903), Elapsed: train 2.55 test 0.40 *
09/04/2026,21:46:07: 	Recall@10: 0.06063 Recall@20: 0.08839 NDCG@10: 0.03626 NDCG@20: 0.04389 
09/04/2026,21:46:07: 	Recall@10: 0.02402 Recall@20: 0.03866 NDCG@10: 0.01342 NDCG@20: 0.01741 
09/04/2026,21:46:07: Epoch [27/1000]
09/04/2026,21:46:07: Negative sampling...
09/04/2026,21:46:09: Model's personal time...
09/04/2026,21:46:09: Training...
09/04/2026,21:46:10: Evaluating...
09/04/2026,21:46:10: 	Train Loss: 3923233.2500 (base: 463.1242, kd: 7845.5405), Elapsed: train 2.55 test 0.42 *
09/04/2026,21:46:10: 	Recall@10: 0.06103 Recall@20: 0.08903 NDCG@10: 0.03632 NDCG@20: 0.04403 
09/04/2026,21:46:10: 	Recall@10: 0.02430 Recall@20: 0.03824 NDCG@10: 0.01349 NDCG@20: 0.01730 
09/04/2026,21:46:10: Epoch [28/1000]
09/04/2026,21:46:10: Negative sampling...
09/04/2026,21:46:12: Model's personal time...
09/04/2026,21:46:12: Training...
09/04/2026,21:46:13: Evaluating...
09/04/2026,21:46:13: 	Train Loss: 3915047.5000 (base: 449.1267, kd: 7829.1963), Elapsed: train 2.65 test 0.39
09/04/2026,21:46:13: 	Recall@10: 0.06245 Recall@20: 0.08793 NDCG@10: 0.03680 NDCG@20: 0.04384 
09/04/2026,21:46:13: 	Recall@10: 0.02538 Recall@20: 0.03905 NDCG@10: 0.01368 NDCG@20: 0.01736 
09/04/2026,21:46:13: Epoch [29/1000]
09/04/2026,21:46:13: Negative sampling...
09/04/2026,21:46:15: Model's personal time...
09/04/2026,21:46:15: Training...
09/04/2026,21:46:16: Evaluating...
09/04/2026,21:46:16: 	Train Loss: 3907956.7500 (base: 439.8868, kd: 7815.0337), Elapsed: train 2.53 test 0.51
09/04/2026,21:46:16: 	Recall@10: 0.06325 Recall@20: 0.08722 NDCG@10: 0.03715 NDCG@20: 0.04375 
09/04/2026,21:46:16: 	Recall@10: 0.02486 Recall@20: 0.04018 NDCG@10: 0.01367 NDCG@20: 0.01783 
09/04/2026,21:46:16: Epoch [30/1000]
09/04/2026,21:46:16: Negative sampling...
09/04/2026,21:46:18: Model's personal time...
09/04/2026,21:46:18: Training...
09/04/2026,21:46:19: Evaluating...
09/04/2026,21:46:20: 	Train Loss: 3901108.7500 (base: 428.9514, kd: 7801.3594), Elapsed: train 2.75 test 0.41 *
09/04/2026,21:46:20: 	Recall@10: 0.06346 Recall@20: 0.08853 NDCG@10: 0.03736 NDCG@20: 0.04431 
09/04/2026,21:46:20: 	Recall@10: 0.02510 Recall@20: 0.04001 NDCG@10: 0.01382 NDCG@20: 0.01785 
09/04/2026,21:46:20: Epoch [31/1000]
09/04/2026,21:46:20: Negative sampling...
09/04/2026,21:46:21: Model's personal time...
09/04/2026,21:46:21: Training...
09/04/2026,21:46:22: Evaluating...
09/04/2026,21:46:23: 	Train Loss: 3894089.7500 (base: 417.1136, kd: 7787.3457), Elapsed: train 2.62 test 0.44 *
09/04/2026,21:46:23: 	Recall@10: 0.06334 Recall@20: 0.09008 NDCG@10: 0.03779 NDCG@20: 0.04508 
09/04/2026,21:46:23: 	Recall@10: 0.02490 Recall@20: 0.04026 NDCG@10: 0.01366 NDCG@20: 0.01786 
09/04/2026,21:46:23: Epoch [32/1000]
09/04/2026,21:46:23: Negative sampling...
09/04/2026,21:46:24: Model's personal time...
09/04/2026,21:46:24: Training...
09/04/2026,21:46:25: Evaluating...
09/04/2026,21:46:26: 	Train Loss: 3888690.7500 (base: 409.1958, kd: 7776.5635), Elapsed: train 2.62 test 0.51 *
09/04/2026,21:46:26: 	Recall@10: 0.06399 Recall@20: 0.08990 NDCG@10: 0.03802 NDCG@20: 0.04513 
09/04/2026,21:46:26: 	Recall@10: 0.02556 Recall@20: 0.04079 NDCG@10: 0.01391 NDCG@20: 0.01805 
09/04/2026,21:46:26: Epoch [33/1000]
09/04/2026,21:46:26: Negative sampling...
09/04/2026,21:46:27: Model's personal time...
09/04/2026,21:46:27: Training...
09/04/2026,21:46:29: Evaluating...
09/04/2026,21:46:29: 	Train Loss: 3883203.2500 (base: 399.4921, kd: 7765.6069), Elapsed: train 2.83 test 0.45 *
09/04/2026,21:46:29: 	Recall@10: 0.06513 Recall@20: 0.09007 NDCG@10: 0.03862 NDCG@20: 0.04546 
09/04/2026,21:46:29: 	Recall@10: 0.02607 Recall@20: 0.04110 NDCG@10: 0.01410 NDCG@20: 0.01817 
09/04/2026,21:46:29: Epoch [34/1000]
09/04/2026,21:46:29: Negative sampling...
09/04/2026,21:46:30: Model's personal time...
09/04/2026,21:46:30: Training...
09/04/2026,21:46:31: Evaluating...
09/04/2026,21:46:32: 	Train Loss: 3876816.0000 (base: 393.6816, kd: 7752.8447), Elapsed: train 2.44 test 0.50
09/04/2026,21:46:32: 	Recall@10: 0.06486 Recall@20: 0.08967 NDCG@10: 0.03851 NDCG@20: 0.04537 
09/04/2026,21:46:32: 	Recall@10: 0.02588 Recall@20: 0.04088 NDCG@10: 0.01399 NDCG@20: 0.01808 
09/04/2026,21:46:32: Epoch [35/1000]
09/04/2026,21:46:32: Negative sampling...
09/04/2026,21:46:33: Model's personal time...
09/04/2026,21:46:34: Training...
09/04/2026,21:46:35: Evaluating...
09/04/2026,21:46:35: 	Train Loss: 3872725.2500 (base: 384.7349, kd: 7744.6812), Elapsed: train 2.62 test 0.42 *
09/04/2026,21:46:35: 	Recall@10: 0.06438 Recall@20: 0.09094 NDCG@10: 0.03872 NDCG@20: 0.04602 
09/04/2026,21:46:35: 	Recall@10: 0.02636 Recall@20: 0.04123 NDCG@10: 0.01425 NDCG@20: 0.01829 
09/04/2026,21:46:35: Epoch [36/1000]
09/04/2026,21:46:35: Negative sampling...
09/04/2026,21:46:36: Model's personal time...
09/04/2026,21:46:36: Training...
09/04/2026,21:46:38: Evaluating...
09/04/2026,21:46:38: 	Train Loss: 3868516.7500 (base: 376.0818, kd: 7736.2812), Elapsed: train 2.58 test 0.42 *
09/04/2026,21:46:38: 	Recall@10: 0.06483 Recall@20: 0.09079 NDCG@10: 0.03890 NDCG@20: 0.04607 
09/04/2026,21:46:38: 	Recall@10: 0.02634 Recall@20: 0.04081 NDCG@10: 0.01432 NDCG@20: 0.01827 
09/04/2026,21:46:38: Epoch [37/1000]
09/04/2026,21:46:38: Negative sampling...
09/04/2026,21:46:39: Model's personal time...
09/04/2026,21:46:39: Training...
09/04/2026,21:46:41: Evaluating...
09/04/2026,21:46:41: 	Train Loss: 3862386.2500 (base: 369.3870, kd: 7724.0337), Elapsed: train 2.66 test 0.42
09/04/2026,21:46:41: 	Recall@10: 0.06541 Recall@20: 0.09038 NDCG@10: 0.03900 NDCG@20: 0.04590 
09/04/2026,21:46:41: 	Recall@10: 0.02659 Recall@20: 0.04171 NDCG@10: 0.01451 NDCG@20: 0.01861 
09/04/2026,21:46:41: Epoch [38/1000]
09/04/2026,21:46:41: Negative sampling...
09/04/2026,21:46:42: Model's personal time...
09/04/2026,21:46:43: Training...
09/04/2026,21:46:44: Evaluating...
09/04/2026,21:46:44: 	Train Loss: 3859233.2500 (base: 362.3205, kd: 7717.7422), Elapsed: train 2.60 test 0.45
09/04/2026,21:46:44: 	Recall@10: 0.06532 Recall@20: 0.09132 NDCG@10: 0.03883 NDCG@20: 0.04599 
09/04/2026,21:46:44: 	Recall@10: 0.02663 Recall@20: 0.04157 NDCG@10: 0.01438 NDCG@20: 0.01847 
09/04/2026,21:46:44: Epoch [39/1000]
09/04/2026,21:46:44: Negative sampling...
09/04/2026,21:46:45: Model's personal time...
09/04/2026,21:46:46: Training...
09/04/2026,21:46:47: Evaluating...
09/04/2026,21:46:47: 	Train Loss: 3854640.2500 (base: 356.8231, kd: 7708.5664), Elapsed: train 2.76 test 0.43 *
09/04/2026,21:46:47: 	Recall@10: 0.06568 Recall@20: 0.09224 NDCG@10: 0.03921 NDCG@20: 0.04651 
09/04/2026,21:46:47: 	Recall@10: 0.02624 Recall@20: 0.04185 NDCG@10: 0.01441 NDCG@20: 0.01865 
09/04/2026,21:46:47: Epoch [40/1000]
09/04/2026,21:46:47: Negative sampling...
09/04/2026,21:46:49: Model's personal time...
09/04/2026,21:46:49: Training...
09/04/2026,21:46:50: Evaluating...
09/04/2026,21:46:50: 	Train Loss: 3851965.2500 (base: 353.6454, kd: 7703.2231), Elapsed: train 2.70 test 0.41 *
09/04/2026,21:46:50: 	Recall@10: 0.06524 Recall@20: 0.09277 NDCG@10: 0.03902 NDCG@20: 0.04661 
09/04/2026,21:46:50: 	Recall@10: 0.02616 Recall@20: 0.04154 NDCG@10: 0.01439 NDCG@20: 0.01858 
09/04/2026,21:46:50: Epoch [41/1000]
09/04/2026,21:46:50: Negative sampling...
09/04/2026,21:46:52: Model's personal time...
09/04/2026,21:46:52: Training...
09/04/2026,21:46:53: Evaluating...
09/04/2026,21:46:53: 	Train Loss: 3848043.0000 (base: 347.3806, kd: 7695.3916), Elapsed: train 2.62 test 0.42 *
09/04/2026,21:46:53: 	Recall@10: 0.06558 Recall@20: 0.09282 NDCG@10: 0.03933 NDCG@20: 0.04683 
09/04/2026,21:46:53: 	Recall@10: 0.02654 Recall@20: 0.04070 NDCG@10: 0.01445 NDCG@20: 0.01833 
09/04/2026,21:46:53: Epoch [42/1000]
09/04/2026,21:46:53: Negative sampling...
09/04/2026,21:46:55: Model's personal time...
09/04/2026,21:46:55: Training...
09/04/2026,21:46:56: Evaluating...
09/04/2026,21:46:57: 	Train Loss: 3845399.7500 (base: 340.8561, kd: 7690.1177), Elapsed: train 2.64 test 0.44 *
09/04/2026,21:46:57: 	Recall@10: 0.06600 Recall@20: 0.09352 NDCG@10: 0.03950 NDCG@20: 0.04703 
09/04/2026,21:46:57: 	Recall@10: 0.02674 Recall@20: 0.04206 NDCG@10: 0.01456 NDCG@20: 0.01870 
09/04/2026,21:46:57: Epoch [43/1000]
09/04/2026,21:46:57: Negative sampling...
09/04/2026,21:46:58: Model's personal time...
09/04/2026,21:46:58: Training...
09/04/2026,21:46:59: Evaluating...
09/04/2026,21:47:00: 	Train Loss: 3841725.7500 (base: 338.2449, kd: 7682.7754), Elapsed: train 2.72 test 0.46
09/04/2026,21:47:00: 	Recall@10: 0.06580 Recall@20: 0.09341 NDCG@10: 0.03931 NDCG@20: 0.04688 
09/04/2026,21:47:00: 	Recall@10: 0.02648 Recall@20: 0.04185 NDCG@10: 0.01461 NDCG@20: 0.01881 
09/04/2026,21:47:00: Epoch [44/1000]
09/04/2026,21:47:00: Negative sampling...
09/04/2026,21:47:01: Model's personal time...
09/04/2026,21:47:01: Training...
09/04/2026,21:47:02: Evaluating...
09/04/2026,21:47:03: 	Train Loss: 3837136.5000 (base: 331.9845, kd: 7673.6094), Elapsed: train 2.74 test 0.45 *
09/04/2026,21:47:03: 	Recall@10: 0.06679 Recall@20: 0.09380 NDCG@10: 0.03970 NDCG@20: 0.04709 
09/04/2026,21:47:03: 	Recall@10: 0.02725 Recall@20: 0.04167 NDCG@10: 0.01482 NDCG@20: 0.01876 
09/04/2026,21:47:03: Epoch [45/1000]
09/04/2026,21:47:03: Negative sampling...
09/04/2026,21:47:04: Model's personal time...
09/04/2026,21:47:04: Training...
09/04/2026,21:47:06: Evaluating...
09/04/2026,21:47:06: 	Train Loss: 3833215.5000 (base: 324.0529, kd: 7665.7832), Elapsed: train 2.73 test 0.40
09/04/2026,21:47:06: 	Recall@10: 0.06649 Recall@20: 0.09344 NDCG@10: 0.03952 NDCG@20: 0.04695 
09/04/2026,21:47:06: 	Recall@10: 0.02626 Recall@20: 0.04235 NDCG@10: 0.01436 NDCG@20: 0.01875 
09/04/2026,21:47:06: Epoch [46/1000]
09/04/2026,21:47:06: Negative sampling...
09/04/2026,21:47:07: Model's personal time...
09/04/2026,21:47:08: Training...
09/04/2026,21:47:09: Evaluating...
09/04/2026,21:47:09: 	Train Loss: 3831783.0000 (base: 324.0839, kd: 7662.9180), Elapsed: train 2.59 test 0.52
09/04/2026,21:47:09: 	Recall@10: 0.06548 Recall@20: 0.09344 NDCG@10: 0.03904 NDCG@20: 0.04668 
09/04/2026,21:47:09: 	Recall@10: 0.02620 Recall@20: 0.04150 NDCG@10: 0.01443 NDCG@20: 0.01861 
09/04/2026,21:47:09: Epoch [47/1000]
09/04/2026,21:47:09: Negative sampling...
09/04/2026,21:47:11: Model's personal time...
09/04/2026,21:47:11: Training...
09/04/2026,21:47:12: Evaluating...
09/04/2026,21:47:12: 	Train Loss: 3827854.2500 (base: 314.5379, kd: 7655.0796), Elapsed: train 2.73 test 0.45 *
09/04/2026,21:47:12: 	Recall@10: 0.06602 Recall@20: 0.09443 NDCG@10: 0.03934 NDCG@20: 0.04712 
09/04/2026,21:47:12: 	Recall@10: 0.02608 Recall@20: 0.04195 NDCG@10: 0.01441 NDCG@20: 0.01873 
09/04/2026,21:47:12: Epoch [48/1000]
09/04/2026,21:47:12: Negative sampling...
09/04/2026,21:47:14: Model's personal time...
09/04/2026,21:47:14: Training...
09/04/2026,21:47:15: Evaluating...
09/04/2026,21:47:16: 	Train Loss: 3826294.7500 (base: 313.9113, kd: 7651.9614), Elapsed: train 2.78 test 0.42
09/04/2026,21:47:16: 	Recall@10: 0.06605 Recall@20: 0.09386 NDCG@10: 0.03931 NDCG@20: 0.04703 
09/04/2026,21:47:16: 	Recall@10: 0.02626 Recall@20: 0.04239 NDCG@10: 0.01454 NDCG@20: 0.01894 
09/04/2026,21:47:16: Epoch [49/1000]
09/04/2026,21:47:16: Negative sampling...
09/04/2026,21:47:17: Model's personal time...
09/04/2026,21:47:17: Training...
09/04/2026,21:47:18: Evaluating...
09/04/2026,21:47:18: 	Train Loss: 3822955.0000 (base: 309.1951, kd: 7645.2920), Elapsed: train 2.57 test 0.41
09/04/2026,21:47:18: 	Recall@10: 0.06630 Recall@20: 0.09279 NDCG@10: 0.03931 NDCG@20: 0.04662 
09/04/2026,21:47:18: 	Recall@10: 0.02638 Recall@20: 0.04188 NDCG@10: 0.01454 NDCG@20: 0.01875 
09/04/2026,21:47:18: Epoch [50/1000]
09/04/2026,21:47:18: Negative sampling...
09/04/2026,21:47:20: Model's personal time...
09/04/2026,21:47:20: Training...
09/04/2026,21:47:21: Evaluating...
09/04/2026,21:47:22: 	Train Loss: 3820909.0000 (base: 306.0861, kd: 7641.2061), Elapsed: train 2.61 test 0.45
09/04/2026,21:47:22: 	Recall@10: 0.06616 Recall@20: 0.09466 NDCG@10: 0.03918 NDCG@20: 0.04706 
09/04/2026,21:47:22: 	Recall@10: 0.02751 Recall@20: 0.04178 NDCG@10: 0.01495 NDCG@20: 0.01883 
09/04/2026,21:47:22: Epoch [51/1000]
09/04/2026,21:47:22: Negative sampling...
09/04/2026,21:47:23: Model's personal time...
09/04/2026,21:47:23: Training...
09/04/2026,21:47:24: Evaluating...
09/04/2026,21:47:25: 	Train Loss: 3818502.2500 (base: 302.5186, kd: 7636.3989), Elapsed: train 2.70 test 0.52
09/04/2026,21:47:25: 	Recall@10: 0.06611 Recall@20: 0.09429 NDCG@10: 0.03903 NDCG@20: 0.04676 
09/04/2026,21:47:25: 	Recall@10: 0.02670 Recall@20: 0.04233 NDCG@10: 0.01463 NDCG@20: 0.01885 
09/04/2026,21:47:25: Epoch [52/1000]
09/04/2026,21:47:25: Negative sampling...
09/04/2026,21:47:26: Model's personal time...
09/04/2026,21:47:26: Training...
09/04/2026,21:47:28: Evaluating...
09/04/2026,21:47:28: 	Train Loss: 3816168.7500 (base: 300.4158, kd: 7631.7363), Elapsed: train 2.73 test 0.48
09/04/2026,21:47:28: 	Recall@10: 0.06615 Recall@20: 0.09384 NDCG@10: 0.03927 NDCG@20: 0.04692 
09/04/2026,21:47:28: 	Recall@10: 0.02650 Recall@20: 0.04202 NDCG@10: 0.01452 NDCG@20: 0.01874 
09/04/2026,21:47:28: Epoch [53/1000]
09/04/2026,21:47:28: Negative sampling...
09/04/2026,21:47:29: Model's personal time...
09/04/2026,21:47:30: Training...
09/04/2026,21:47:31: Evaluating...
09/04/2026,21:47:31: 	Train Loss: 3815010.0000 (base: 296.1707, kd: 7629.4272), Elapsed: train 2.83 test 0.45
09/04/2026,21:47:31: 	Recall@10: 0.06617 Recall@20: 0.09385 NDCG@10: 0.03917 NDCG@20: 0.04677 
09/04/2026,21:47:31: 	Recall@10: 0.02612 Recall@20: 0.04151 NDCG@10: 0.01443 NDCG@20: 0.01864 
09/04/2026,21:47:31: Epoch [54/1000]
09/04/2026,21:47:31: Negative sampling...
09/04/2026,21:47:33: Model's personal time...
09/04/2026,21:47:33: Training...
09/04/2026,21:47:34: Evaluating...
09/04/2026,21:47:35: 	Train Loss: 3812094.5000 (base: 290.8791, kd: 7623.6069), Elapsed: train 2.75 test 0.51
09/04/2026,21:47:35: 	Recall@10: 0.06663 Recall@20: 0.09434 NDCG@10: 0.03947 NDCG@20: 0.04708 
09/04/2026,21:47:35: 	Recall@10: 0.02670 Recall@20: 0.04160 NDCG@10: 0.01471 NDCG@20: 0.01880 
09/04/2026,21:47:35: Epoch [55/1000]
09/04/2026,21:47:35: Negative sampling...
09/04/2026,21:47:36: Model's personal time...
09/04/2026,21:47:36: Training...
09/04/2026,21:47:37: Evaluating...
09/04/2026,21:47:38: 	Train Loss: 3809973.2500 (base: 286.9736, kd: 7619.3721), Elapsed: train 2.76 test 0.45
09/04/2026,21:47:38: 	Recall@10: 0.06593 Recall@20: 0.09372 NDCG@10: 0.03875 NDCG@20: 0.04643 
09/04/2026,21:47:38: 	Recall@10: 0.02634 Recall@20: 0.04154 NDCG@10: 0.01461 NDCG@20: 0.01876 
09/04/2026,21:47:38: Epoch [56/1000]
09/04/2026,21:47:38: Negative sampling...
09/04/2026,21:47:39: Model's personal time...
09/04/2026,21:47:39: Training...
09/04/2026,21:47:41: Evaluating...
09/04/2026,21:47:41: 	Train Loss: 3808699.0000 (base: 284.0571, kd: 7616.8301), Elapsed: train 2.90 test 0.46
09/04/2026,21:47:41: 	Recall@10: 0.06635 Recall@20: 0.09482 NDCG@10: 0.03914 NDCG@20: 0.04701 
09/04/2026,21:47:41: 	Recall@10: 0.02665 Recall@20: 0.04178 NDCG@10: 0.01473 NDCG@20: 0.01885 
09/04/2026,21:47:41: Epoch [57/1000]
09/04/2026,21:47:41: Negative sampling...
09/04/2026,21:47:43: Model's personal time...
09/04/2026,21:47:43: Training...
09/04/2026,21:47:44: Evaluating...
09/04/2026,21:47:44: 	Train Loss: 3807562.2500 (base: 283.5891, kd: 7614.5571), Elapsed: train 2.68 test 0.52
09/04/2026,21:47:44: 	Recall@10: 0.06603 Recall@20: 0.09428 NDCG@10: 0.03897 NDCG@20: 0.04678 
09/04/2026,21:47:44: 	Recall@10: 0.02692 Recall@20: 0.04184 NDCG@10: 0.01484 NDCG@20: 0.01891 
09/04/2026,21:47:44: Epoch [58/1000]
09/04/2026,21:47:44: Negative sampling...
09/04/2026,21:47:46: Model's personal time...
09/04/2026,21:47:46: Training...
09/04/2026,21:47:47: Evaluating...
09/04/2026,21:47:47: 	Train Loss: 3804775.0000 (base: 280.2203, kd: 7608.9897), Elapsed: train 2.71 test 0.44
09/04/2026,21:47:47: 	Recall@10: 0.06589 Recall@20: 0.09441 NDCG@10: 0.03922 NDCG@20: 0.04707 
09/04/2026,21:47:47: 	Recall@10: 0.02701 Recall@20: 0.04161 NDCG@10: 0.01478 NDCG@20: 0.01878 
09/04/2026,21:47:47: Epoch [59/1000]
09/04/2026,21:47:47: Negative sampling...
09/04/2026,21:47:49: Model's personal time...
09/04/2026,21:47:49: Training...
09/04/2026,21:47:51: Evaluating...
09/04/2026,21:47:51: 	Train Loss: 3803522.7500 (base: 273.4533, kd: 7606.4985), Elapsed: train 3.07 test 0.43
09/04/2026,21:47:51: 	Recall@10: 0.06538 Recall@20: 0.09440 NDCG@10: 0.03886 NDCG@20: 0.04688 
09/04/2026,21:47:51: 	Recall@10: 0.02681 Recall@20: 0.04154 NDCG@10: 0.01468 NDCG@20: 0.01870 
09/04/2026,21:47:51: Epoch [60/1000]
09/04/2026,21:47:51: Negative sampling...
09/04/2026,21:47:52: Model's personal time...
09/04/2026,21:47:52: Training...
09/04/2026,21:47:53: Evaluating...
09/04/2026,21:47:54: 	Train Loss: 3800501.5000 (base: 275.1611, kd: 7600.4526), Elapsed: train 2.52 test 0.49 *
09/04/2026,21:47:54: 	Recall@10: 0.06621 Recall@20: 0.09495 NDCG@10: 0.03943 NDCG@20: 0.04729 
09/04/2026,21:47:54: 	Recall@10: 0.02660 Recall@20: 0.04233 NDCG@10: 0.01470 NDCG@20: 0.01900 
09/04/2026,21:47:54: Epoch [61/1000]
09/04/2026,21:47:54: Negative sampling...
09/04/2026,21:47:55: Model's personal time...
09/04/2026,21:47:56: Training...
09/04/2026,21:47:57: Evaluating...
09/04/2026,21:47:57: 	Train Loss: 3798507.2500 (base: 266.0053, kd: 7596.4824), Elapsed: train 2.62 test 0.45
09/04/2026,21:47:57: 	Recall@10: 0.06619 Recall@20: 0.09401 NDCG@10: 0.03913 NDCG@20: 0.04680 
09/04/2026,21:47:57: 	Recall@10: 0.02705 Recall@20: 0.04170 NDCG@10: 0.01477 NDCG@20: 0.01877 
09/04/2026,21:47:57: Epoch [62/1000]
09/04/2026,21:47:57: Negative sampling...
09/04/2026,21:47:58: Model's personal time...
09/04/2026,21:47:59: Training...
09/04/2026,21:48:00: Evaluating...
09/04/2026,21:48:00: 	Train Loss: 3798317.0000 (base: 267.4545, kd: 7596.0991), Elapsed: train 2.48 test 0.41
09/04/2026,21:48:00: 	Recall@10: 0.06567 Recall@20: 0.09509 NDCG@10: 0.03920 NDCG@20: 0.04727 
09/04/2026,21:48:00: 	Recall@10: 0.02706 Recall@20: 0.04164 NDCG@10: 0.01497 NDCG@20: 0.01896 
09/04/2026,21:48:00: Epoch [63/1000]
09/04/2026,21:48:00: Negative sampling...
09/04/2026,21:48:01: Model's personal time...
09/04/2026,21:48:02: Training...
09/04/2026,21:48:03: Evaluating...
09/04/2026,21:48:03: 	Train Loss: 3797170.7500 (base: 264.2319, kd: 7593.8130), Elapsed: train 2.77 test 0.49
09/04/2026,21:48:03: 	Recall@10: 0.06562 Recall@20: 0.09472 NDCG@10: 0.03893 NDCG@20: 0.04700 
09/04/2026,21:48:03: 	Recall@10: 0.02695 Recall@20: 0.04163 NDCG@10: 0.01465 NDCG@20: 0.01866 
09/04/2026,21:48:03: Epoch [64/1000]
09/04/2026,21:48:03: Negative sampling...
09/04/2026,21:48:05: Model's personal time...
09/04/2026,21:48:05: Training...
09/04/2026,21:48:06: Evaluating...
09/04/2026,21:48:07: 	Train Loss: 3794573.7500 (base: 258.1346, kd: 7588.6313), Elapsed: train 2.84 test 0.50
09/04/2026,21:48:07: 	Recall@10: 0.06604 Recall@20: 0.09415 NDCG@10: 0.03930 NDCG@20: 0.04704 
09/04/2026,21:48:07: 	Recall@10: 0.02745 Recall@20: 0.04208 NDCG@10: 0.01501 NDCG@20: 0.01898 
09/04/2026,21:48:07: Epoch [65/1000]
09/04/2026,21:48:07: Negative sampling...
09/04/2026,21:48:08: Model's personal time...
09/04/2026,21:48:08: Training...
09/04/2026,21:48:09: Evaluating...
09/04/2026,21:48:10: 	Train Loss: 3793469.7500 (base: 258.6411, kd: 7586.4219), Elapsed: train 2.91 test 0.53
09/04/2026,21:48:10: 	Recall@10: 0.06600 Recall@20: 0.09479 NDCG@10: 0.03919 NDCG@20: 0.04709 
09/04/2026,21:48:10: 	Recall@10: 0.02753 Recall@20: 0.04173 NDCG@10: 0.01492 NDCG@20: 0.01880 
09/04/2026,21:48:10: Epoch [66/1000]
09/04/2026,21:48:10: Negative sampling...
09/04/2026,21:48:11: Model's personal time...
09/04/2026,21:48:11: Training...
09/04/2026,21:48:12: Evaluating...
09/04/2026,21:48:13: 	Train Loss: 3791869.2500 (base: 256.0760, kd: 7583.2271), Elapsed: train 2.50 test 0.50
09/04/2026,21:48:13: 	Recall@10: 0.06596 Recall@20: 0.09506 NDCG@10: 0.03897 NDCG@20: 0.04697 
09/04/2026,21:48:13: 	Recall@10: 0.02797 Recall@20: 0.04211 NDCG@10: 0.01510 NDCG@20: 0.01893 
09/04/2026,21:48:13: Epoch [67/1000]
09/04/2026,21:48:13: Negative sampling...
09/04/2026,21:48:14: Model's personal time...
09/04/2026,21:48:15: Training...
09/04/2026,21:48:16: Evaluating...
09/04/2026,21:48:16: 	Train Loss: 3790704.0000 (base: 253.3531, kd: 7580.9019), Elapsed: train 2.75 test 0.50
09/04/2026,21:48:16: 	Recall@10: 0.06624 Recall@20: 0.09391 NDCG@10: 0.03947 NDCG@20: 0.04714 
09/04/2026,21:48:16: 	Recall@10: 0.02724 Recall@20: 0.04196 NDCG@10: 0.01501 NDCG@20: 0.01904 
09/04/2026,21:48:16: Epoch [68/1000]
09/04/2026,21:48:16: Negative sampling...
09/04/2026,21:48:18: Model's personal time...
09/04/2026,21:48:18: Training...
09/04/2026,21:48:19: Evaluating...
09/04/2026,21:48:20: 	Train Loss: 3787969.0000 (base: 248.6583, kd: 7575.4399), Elapsed: train 2.93 test 0.51
09/04/2026,21:48:20: 	Recall@10: 0.06709 Recall@20: 0.09491 NDCG@10: 0.03952 NDCG@20: 0.04720 
09/04/2026,21:48:20: 	Recall@10: 0.02733 Recall@20: 0.04233 NDCG@10: 0.01495 NDCG@20: 0.01906 
09/04/2026,21:48:20: Epoch [69/1000]
09/04/2026,21:48:20: Negative sampling...
09/04/2026,21:48:21: Model's personal time...
09/04/2026,21:48:21: Training...
09/04/2026,21:48:22: Evaluating...
09/04/2026,21:48:23: 	Train Loss: 3788126.5000 (base: 246.7657, kd: 7575.7603), Elapsed: train 2.56 test 0.52
09/04/2026,21:48:23: 	Recall@10: 0.06720 Recall@20: 0.09442 NDCG@10: 0.03957 NDCG@20: 0.04709 
09/04/2026,21:48:23: 	Recall@10: 0.02743 Recall@20: 0.04211 NDCG@10: 0.01492 NDCG@20: 0.01893 
09/04/2026,21:48:23: Epoch [70/1000]
09/04/2026,21:48:23: Negative sampling...
09/04/2026,21:48:24: Model's personal time...
09/04/2026,21:48:24: Training...
09/04/2026,21:48:25: Evaluating...
09/04/2026,21:48:26: 	Train Loss: 3787042.5000 (base: 244.1886, kd: 7573.5967), Elapsed: train 2.61 test 0.50
09/04/2026,21:48:26: 	Recall@10: 0.06702 Recall@20: 0.09544 NDCG@10: 0.03937 NDCG@20: 0.04722 
09/04/2026,21:48:26: 	Recall@10: 0.02724 Recall@20: 0.04157 NDCG@10: 0.01500 NDCG@20: 0.01894 
09/04/2026,21:48:26: Epoch [71/1000]
09/04/2026,21:48:26: Negative sampling...
09/04/2026,21:48:27: Model's personal time...
09/04/2026,21:48:27: Training...
09/04/2026,21:48:28: Evaluating...
09/04/2026,21:48:29: 	Train Loss: 3785244.7500 (base: 243.1998, kd: 7570.0039), Elapsed: train 2.50 test 0.40 *
09/04/2026,21:48:29: 	Recall@10: 0.06682 Recall@20: 0.09473 NDCG@10: 0.03959 NDCG@20: 0.04736 
09/04/2026,21:48:29: 	Recall@10: 0.02788 Recall@20: 0.04209 NDCG@10: 0.01519 NDCG@20: 0.01907 
09/04/2026,21:48:29: Epoch [72/1000]
09/04/2026,21:48:29: Negative sampling...
09/04/2026,21:48:30: Model's personal time...
09/04/2026,21:48:30: Training...
09/04/2026,21:48:31: Evaluating...
09/04/2026,21:48:32: 	Train Loss: 3785101.7500 (base: 243.8616, kd: 7569.7153), Elapsed: train 2.51 test 0.42
09/04/2026,21:48:32: 	Recall@10: 0.06597 Recall@20: 0.09523 NDCG@10: 0.03904 NDCG@20: 0.04711 
09/04/2026,21:48:32: 	Recall@10: 0.02681 Recall@20: 0.04267 NDCG@10: 0.01491 NDCG@20: 0.01925 
09/04/2026,21:48:32: Epoch [73/1000]
09/04/2026,21:48:32: Negative sampling...
09/04/2026,21:48:33: Model's personal time...
09/04/2026,21:48:33: Training...
09/04/2026,21:48:34: Evaluating...
09/04/2026,21:48:35: 	Train Loss: 3783731.2500 (base: 240.1893, kd: 7566.9819), Elapsed: train 2.66 test 0.43
09/04/2026,21:48:35: 	Recall@10: 0.06529 Recall@20: 0.09489 NDCG@10: 0.03916 NDCG@20: 0.04730 
09/04/2026,21:48:35: 	Recall@10: 0.02729 Recall@20: 0.04224 NDCG@10: 0.01495 NDCG@20: 0.01902 
09/04/2026,21:48:35: Epoch [74/1000]
09/04/2026,21:48:35: Negative sampling...
09/04/2026,21:48:36: Model's personal time...
09/04/2026,21:48:36: Training...
09/04/2026,21:48:37: Evaluating...
09/04/2026,21:48:38: 	Train Loss: 3783768.7500 (base: 238.2843, kd: 7567.0610), Elapsed: train 2.60 test 0.43 *
09/04/2026,21:48:38: 	Recall@10: 0.06638 Recall@20: 0.09585 NDCG@10: 0.03948 NDCG@20: 0.04762 
09/04/2026,21:48:38: 	Recall@10: 0.02733 Recall@20: 0.04236 NDCG@10: 0.01500 NDCG@20: 0.01912 
09/04/2026,21:48:38: Epoch [75/1000]
09/04/2026,21:48:38: Negative sampling...
09/04/2026,21:48:39: Model's personal time...
09/04/2026,21:48:39: Training...
09/04/2026,21:48:40: Evaluating...
09/04/2026,21:48:41: 	Train Loss: 3782031.0000 (base: 234.0939, kd: 7563.5942), Elapsed: train 2.57 test 0.49
09/04/2026,21:48:41: 	Recall@10: 0.06613 Recall@20: 0.09533 NDCG@10: 0.03929 NDCG@20: 0.04731 
09/04/2026,21:48:41: 	Recall@10: 0.02743 Recall@20: 0.04243 NDCG@10: 0.01503 NDCG@20: 0.01913 
09/04/2026,21:48:41: Epoch [76/1000]
09/04/2026,21:48:41: Negative sampling...
09/04/2026,21:48:42: Model's personal time...
09/04/2026,21:48:42: Training...
09/04/2026,21:48:43: Evaluating...
09/04/2026,21:48:44: 	Train Loss: 3779517.7500 (base: 231.7289, kd: 7558.5713), Elapsed: train 2.50 test 0.41 *
09/04/2026,21:48:44: 	Recall@10: 0.06697 Recall@20: 0.09589 NDCG@10: 0.03966 NDCG@20: 0.04765 
09/04/2026,21:48:44: 	Recall@10: 0.02781 Recall@20: 0.04202 NDCG@10: 0.01504 NDCG@20: 0.01895 
09/04/2026,21:48:44: Epoch [77/1000]
09/04/2026,21:48:44: Negative sampling...
09/04/2026,21:48:45: Model's personal time...
09/04/2026,21:48:45: Training...
09/04/2026,21:48:46: Evaluating...
09/04/2026,21:48:47: 	Train Loss: 3778304.5000 (base: 232.6104, kd: 7556.1440), Elapsed: train 2.58 test 0.51 *
09/04/2026,21:48:47: 	Recall@10: 0.06589 Recall@20: 0.09591 NDCG@10: 0.03941 NDCG@20: 0.04768 
09/04/2026,21:48:47: 	Recall@10: 0.02712 Recall@20: 0.04262 NDCG@10: 0.01496 NDCG@20: 0.01921 
09/04/2026,21:48:47: Epoch [78/1000]
09/04/2026,21:48:47: Negative sampling...
09/04/2026,21:48:48: Model's personal time...
09/04/2026,21:48:48: Training...
09/04/2026,21:48:50: Evaluating...
09/04/2026,21:48:50: 	Train Loss: 3778661.7500 (base: 229.9243, kd: 7556.8638), Elapsed: train 2.63 test 0.49
09/04/2026,21:48:50: 	Recall@10: 0.06673 Recall@20: 0.09591 NDCG@10: 0.03941 NDCG@20: 0.04736 
09/04/2026,21:48:50: 	Recall@10: 0.02734 Recall@20: 0.04330 NDCG@10: 0.01505 NDCG@20: 0.01939 
09/04/2026,21:48:50: Epoch [79/1000]
09/04/2026,21:48:50: Negative sampling...
09/04/2026,21:48:52: Model's personal time...
09/04/2026,21:48:52: Training...
09/04/2026,21:48:53: Evaluating...
09/04/2026,21:48:53: 	Train Loss: 3776304.2500 (base: 229.7334, kd: 7552.1489), Elapsed: train 2.92 test 0.40
09/04/2026,21:48:53: 	Recall@10: 0.06574 Recall@20: 0.09639 NDCG@10: 0.03904 NDCG@20: 0.04744 
09/04/2026,21:48:53: 	Recall@10: 0.02791 Recall@20: 0.04263 NDCG@10: 0.01532 NDCG@20: 0.01935 
09/04/2026,21:48:53: Epoch [80/1000]
09/04/2026,21:48:53: Negative sampling...
09/04/2026,21:48:55: Model's personal time...
09/04/2026,21:48:55: Training...
09/04/2026,21:48:56: Evaluating...
09/04/2026,21:48:56: 	Train Loss: 3777525.7500 (base: 223.7576, kd: 7554.6045), Elapsed: train 2.52 test 0.41
09/04/2026,21:48:56: 	Recall@10: 0.06665 Recall@20: 0.09557 NDCG@10: 0.03949 NDCG@20: 0.04737 
09/04/2026,21:48:56: 	Recall@10: 0.02786 Recall@20: 0.04304 NDCG@10: 0.01511 NDCG@20: 0.01922 
09/04/2026,21:48:56: Epoch [81/1000]
09/04/2026,21:48:56: Negative sampling...
09/04/2026,21:48:58: Model's personal time...
09/04/2026,21:48:58: Training...
09/04/2026,21:48:59: Evaluating...
09/04/2026,21:48:59: 	Train Loss: 3776281.5000 (base: 225.7637, kd: 7552.1108), Elapsed: train 2.46 test 0.41
09/04/2026,21:48:59: 	Recall@10: 0.06679 Recall@20: 0.09595 NDCG@10: 0.03929 NDCG@20: 0.04728 
09/04/2026,21:48:59: 	Recall@10: 0.02795 Recall@20: 0.04271 NDCG@10: 0.01526 NDCG@20: 0.01927 
09/04/2026,21:48:59: Epoch [82/1000]
09/04/2026,21:48:59: Negative sampling...
09/04/2026,21:49:00: Model's personal time...
09/04/2026,21:49:01: Training...
09/04/2026,21:49:02: Evaluating...
09/04/2026,21:49:02: 	Train Loss: 3774161.2500 (base: 221.7180, kd: 7547.8794), Elapsed: train 2.50 test 0.40
09/04/2026,21:49:02: 	Recall@10: 0.06709 Recall@20: 0.09572 NDCG@10: 0.03954 NDCG@20: 0.04739 
09/04/2026,21:49:02: 	Recall@10: 0.02733 Recall@20: 0.04274 NDCG@10: 0.01501 NDCG@20: 0.01923 
09/04/2026,21:49:02: Epoch [83/1000]
09/04/2026,21:49:02: Negative sampling...
09/04/2026,21:49:03: Model's personal time...
09/04/2026,21:49:03: Training...
09/04/2026,21:49:05: Evaluating...
09/04/2026,21:49:05: 	Train Loss: 3772669.2500 (base: 216.7573, kd: 7544.9053), Elapsed: train 2.54 test 0.40
09/04/2026,21:49:05: 	Recall@10: 0.06627 Recall@20: 0.09570 NDCG@10: 0.03936 NDCG@20: 0.04743 
09/04/2026,21:49:05: 	Recall@10: 0.02772 Recall@20: 0.04312 NDCG@10: 0.01515 NDCG@20: 0.01933 
09/04/2026,21:49:05: Epoch [84/1000]
09/04/2026,21:49:05: Negative sampling...
09/04/2026,21:49:06: Model's personal time...
09/04/2026,21:49:06: Training...
09/04/2026,21:49:07: Evaluating...
09/04/2026,21:49:08: 	Train Loss: 3772756.7500 (base: 213.5381, kd: 7545.0864), Elapsed: train 2.50 test 0.53 *
09/04/2026,21:49:08: 	Recall@10: 0.06608 Recall@20: 0.09638 NDCG@10: 0.03955 NDCG@20: 0.04778 
09/04/2026,21:49:08: 	Recall@10: 0.02726 Recall@20: 0.04250 NDCG@10: 0.01504 NDCG@20: 0.01920 
09/04/2026,21:49:08: Epoch [85/1000]
09/04/2026,21:49:08: Negative sampling...
09/04/2026,21:49:09: Model's personal time...
09/04/2026,21:49:10: Training...
09/04/2026,21:49:11: Evaluating...
09/04/2026,21:49:11: 	Train Loss: 3772873.7500 (base: 214.7326, kd: 7545.3179), Elapsed: train 2.61 test 0.41
09/04/2026,21:49:11: 	Recall@10: 0.06590 Recall@20: 0.09621 NDCG@10: 0.03929 NDCG@20: 0.04757 
09/04/2026,21:49:11: 	Recall@10: 0.02740 Recall@20: 0.04284 NDCG@10: 0.01515 NDCG@20: 0.01933 
09/04/2026,21:49:11: Epoch [86/1000]
09/04/2026,21:49:11: Negative sampling...
09/04/2026,21:49:12: Model's personal time...
09/04/2026,21:49:12: Training...
09/04/2026,21:49:13: Evaluating...
09/04/2026,21:49:14: 	Train Loss: 3770325.5000 (base: 213.4986, kd: 7540.2236), Elapsed: train 2.50 test 0.40
09/04/2026,21:49:14: 	Recall@10: 0.06620 Recall@20: 0.09567 NDCG@10: 0.03944 NDCG@20: 0.04755 
09/04/2026,21:49:14: 	Recall@10: 0.02788 Recall@20: 0.04333 NDCG@10: 0.01522 NDCG@20: 0.01942 
09/04/2026,21:49:14: Epoch [87/1000]
09/04/2026,21:49:14: Negative sampling...
09/04/2026,21:49:15: Model's personal time...
09/04/2026,21:49:15: Training...
09/04/2026,21:49:16: Evaluating...
09/04/2026,21:49:17: 	Train Loss: 3769917.0000 (base: 212.1116, kd: 7539.4106), Elapsed: train 2.48 test 0.41
09/04/2026,21:49:17: 	Recall@10: 0.06591 Recall@20: 0.09570 NDCG@10: 0.03918 NDCG@20: 0.04737 
09/04/2026,21:49:17: 	Recall@10: 0.02740 Recall@20: 0.04394 NDCG@10: 0.01502 NDCG@20: 0.01947 
09/04/2026,21:49:17: Epoch [88/1000]
09/04/2026,21:49:17: Negative sampling...
09/04/2026,21:49:18: Model's personal time...
09/04/2026,21:49:18: Training...
09/04/2026,21:49:19: Evaluating...
09/04/2026,21:49:20: 	Train Loss: 3769860.2500 (base: 214.2393, kd: 7539.2920), Elapsed: train 2.65 test 0.47
09/04/2026,21:49:20: 	Recall@10: 0.06716 Recall@20: 0.09511 NDCG@10: 0.03969 NDCG@20: 0.04733 
09/04/2026,21:49:20: 	Recall@10: 0.02701 Recall@20: 0.04269 NDCG@10: 0.01498 NDCG@20: 0.01923 
09/04/2026,21:49:20: Epoch [89/1000]
09/04/2026,21:49:20: Negative sampling...
09/04/2026,21:49:21: Model's personal time...
09/04/2026,21:49:21: Training...
09/04/2026,21:49:22: Evaluating...
09/04/2026,21:49:23: 	Train Loss: 3768387.7500 (base: 210.4767, kd: 7536.3545), Elapsed: train 2.56 test 0.49 *
09/04/2026,21:49:23: 	Recall@10: 0.06732 Recall@20: 0.09635 NDCG@10: 0.03991 NDCG@20: 0.04787 
09/04/2026,21:49:23: 	Recall@10: 0.02740 Recall@20: 0.04320 NDCG@10: 0.01507 NDCG@20: 0.01938 
09/04/2026,21:49:23: Epoch [90/1000]
09/04/2026,21:49:23: Negative sampling...
09/04/2026,21:49:24: Model's personal time...
09/04/2026,21:49:24: Training...
09/04/2026,21:49:26: Evaluating...
09/04/2026,21:49:26: 	Train Loss: 3769550.0000 (base: 208.3671, kd: 7538.6836), Elapsed: train 2.73 test 0.40
09/04/2026,21:49:26: 	Recall@10: 0.06689 Recall@20: 0.09565 NDCG@10: 0.03960 NDCG@20: 0.04746 
09/04/2026,21:49:26: 	Recall@10: 0.02753 Recall@20: 0.04269 NDCG@10: 0.01507 NDCG@20: 0.01921 
09/04/2026,21:49:26: Epoch [91/1000]
09/04/2026,21:49:26: Negative sampling...
09/04/2026,21:49:27: Model's personal time...
09/04/2026,21:49:28: Training...
09/04/2026,21:49:29: Evaluating...
09/04/2026,21:49:29: 	Train Loss: 3767458.0000 (base: 206.5276, kd: 7534.5024), Elapsed: train 2.74 test 0.42
09/04/2026,21:49:29: 	Recall@10: 0.06725 Recall@20: 0.09607 NDCG@10: 0.03970 NDCG@20: 0.04764 
09/04/2026,21:49:29: 	Recall@10: 0.02702 Recall@20: 0.04288 NDCG@10: 0.01494 NDCG@20: 0.01925 
09/04/2026,21:49:29: Epoch [92/1000]
09/04/2026,21:49:29: Negative sampling...
09/04/2026,21:49:31: Model's personal time...
09/04/2026,21:49:31: Training...
09/04/2026,21:49:32: Evaluating...
09/04/2026,21:49:32: 	Train Loss: 3767272.0000 (base: 206.4268, kd: 7534.1313), Elapsed: train 2.64 test 0.43
09/04/2026,21:49:32: 	Recall@10: 0.06654 Recall@20: 0.09619 NDCG@10: 0.03944 NDCG@20: 0.04758 
09/04/2026,21:49:32: 	Recall@10: 0.02702 Recall@20: 0.04282 NDCG@10: 0.01496 NDCG@20: 0.01927 
09/04/2026,21:49:32: Epoch [93/1000]
09/04/2026,21:49:32: Negative sampling...
09/04/2026,21:49:34: Model's personal time...
09/04/2026,21:49:34: Training...
09/04/2026,21:49:35: Evaluating...
09/04/2026,21:49:35: 	Train Loss: 3765181.7500 (base: 201.0156, kd: 7529.9614), Elapsed: train 2.69 test 0.43
09/04/2026,21:49:35: 	Recall@10: 0.06751 Recall@20: 0.09476 NDCG@10: 0.03972 NDCG@20: 0.04719 
09/04/2026,21:49:35: 	Recall@10: 0.02716 Recall@20: 0.04317 NDCG@10: 0.01518 NDCG@20: 0.01956 
09/04/2026,21:49:35: Epoch [94/1000]
09/04/2026,21:49:35: Negative sampling...
09/04/2026,21:49:37: Model's personal time...
09/04/2026,21:49:37: Training...
09/04/2026,21:49:38: Evaluating...
09/04/2026,21:49:39: 	Train Loss: 3765551.5000 (base: 200.4288, kd: 7530.7026), Elapsed: train 2.60 test 0.51
09/04/2026,21:49:39: 	Recall@10: 0.06668 Recall@20: 0.09569 NDCG@10: 0.03930 NDCG@20: 0.04726 
09/04/2026,21:49:39: 	Recall@10: 0.02797 Recall@20: 0.04368 NDCG@10: 0.01534 NDCG@20: 0.01960 
09/04/2026,21:49:39: Epoch [95/1000]
09/04/2026,21:49:39: Negative sampling...
09/04/2026,21:49:40: Model's personal time...
09/04/2026,21:49:40: Training...
09/04/2026,21:49:42: Evaluating...
09/04/2026,21:49:42: 	Train Loss: 3764046.2500 (base: 199.3274, kd: 7527.6938), Elapsed: train 3.04 test 0.40
09/04/2026,21:49:42: 	Recall@10: 0.06582 Recall@20: 0.09437 NDCG@10: 0.03924 NDCG@20: 0.04712 
09/04/2026,21:49:42: 	Recall@10: 0.02778 Recall@20: 0.04330 NDCG@10: 0.01527 NDCG@20: 0.01948 
09/04/2026,21:49:42: Epoch [96/1000]
09/04/2026,21:49:42: Negative sampling...
09/04/2026,21:49:43: Model's personal time...
09/04/2026,21:49:44: Training...
09/04/2026,21:49:45: Evaluating...
09/04/2026,21:49:45: 	Train Loss: 3764418.0000 (base: 197.1557, kd: 7528.4414), Elapsed: train 2.78 test 0.44
09/04/2026,21:49:45: 	Recall@10: 0.06641 Recall@20: 0.09556 NDCG@10: 0.03941 NDCG@20: 0.04745 
09/04/2026,21:49:45: 	Recall@10: 0.02816 Recall@20: 0.04314 NDCG@10: 0.01538 NDCG@20: 0.01946 
09/04/2026,21:49:45: Epoch [97/1000]
09/04/2026,21:49:45: Negative sampling...
09/04/2026,21:49:47: Model's personal time...
09/04/2026,21:49:47: Training...
09/04/2026,21:49:48: Evaluating...
09/04/2026,21:49:48: 	Train Loss: 3763725.7500 (base: 197.7443, kd: 7527.0562), Elapsed: train 2.71 test 0.47
09/04/2026,21:49:48: 	Recall@10: 0.06692 Recall@20: 0.09531 NDCG@10: 0.03950 NDCG@20: 0.04730 
09/04/2026,21:49:48: 	Recall@10: 0.02807 Recall@20: 0.04352 NDCG@10: 0.01543 NDCG@20: 0.01960 
09/04/2026,21:49:48: Epoch [98/1000]
09/04/2026,21:49:48: Negative sampling...
09/04/2026,21:49:50: Model's personal time...
09/04/2026,21:49:50: Training...
09/04/2026,21:49:51: Evaluating...
09/04/2026,21:49:52: 	Train Loss: 3762513.5000 (base: 196.9688, kd: 7524.6338), Elapsed: train 2.75 test 0.44
09/04/2026,21:49:52: 	Recall@10: 0.06633 Recall@20: 0.09496 NDCG@10: 0.03935 NDCG@20: 0.04719 
09/04/2026,21:49:52: 	Recall@10: 0.02740 Recall@20: 0.04348 NDCG@10: 0.01509 NDCG@20: 0.01945 
09/04/2026,21:49:52: Epoch [99/1000]
09/04/2026,21:49:52: Negative sampling...
09/04/2026,21:49:53: Model's personal time...
09/04/2026,21:49:53: Training...
09/04/2026,21:49:54: Evaluating...
09/04/2026,21:49:55: 	Train Loss: 3762476.7500 (base: 192.3723, kd: 7524.5688), Elapsed: train 2.65 test 0.40
09/04/2026,21:49:55: 	Recall@10: 0.06688 Recall@20: 0.09554 NDCG@10: 0.03968 NDCG@20: 0.04757 
09/04/2026,21:49:55: 	Recall@10: 0.02769 Recall@20: 0.04349 NDCG@10: 0.01515 NDCG@20: 0.01942 
09/04/2026,21:49:55: Epoch [100/1000]
09/04/2026,21:49:55: Negative sampling...
09/04/2026,21:49:56: Model's personal time...
09/04/2026,21:49:56: Training...
09/04/2026,21:49:57: Evaluating...
09/04/2026,21:49:58: 	Train Loss: 3761143.5000 (base: 195.6755, kd: 7521.8960), Elapsed: train 2.57 test 0.42 *
09/04/2026,21:49:58: 	Recall@10: 0.06638 Recall@20: 0.09723 NDCG@10: 0.03960 NDCG@20: 0.04803 
09/04/2026,21:49:58: 	Recall@10: 0.02721 Recall@20: 0.04379 NDCG@10: 0.01511 NDCG@20: 0.01962 
09/04/2026,21:49:58: Epoch [101/1000]
09/04/2026,21:49:58: Negative sampling...
09/04/2026,21:49:59: Model's personal time...
09/04/2026,21:49:59: Training...
09/04/2026,21:50:00: Evaluating...
09/04/2026,21:50:01: 	Train Loss: 3760754.2500 (base: 192.1032, kd: 7521.1235), Elapsed: train 2.52 test 0.39
09/04/2026,21:50:01: 	Recall@10: 0.06606 Recall@20: 0.09665 NDCG@10: 0.03939 NDCG@20: 0.04770 
09/04/2026,21:50:01: 	Recall@10: 0.02728 Recall@20: 0.04340 NDCG@10: 0.01503 NDCG@20: 0.01941 
09/04/2026,21:50:01: Epoch [102/1000]
09/04/2026,21:50:01: Negative sampling...
09/04/2026,21:50:02: Model's personal time...
09/04/2026,21:50:02: Training...
09/04/2026,21:50:03: Evaluating...
09/04/2026,21:50:03: 	Train Loss: 3761033.7500 (base: 193.0645, kd: 7521.6812), Elapsed: train 2.54 test 0.41
09/04/2026,21:50:03: 	Recall@10: 0.06704 Recall@20: 0.09569 NDCG@10: 0.03968 NDCG@20: 0.04759 
09/04/2026,21:50:03: 	Recall@10: 0.02772 Recall@20: 0.04375 NDCG@10: 0.01527 NDCG@20: 0.01961 
09/04/2026,21:50:03: Epoch [103/1000]
09/04/2026,21:50:03: Negative sampling...
09/04/2026,21:50:05: Model's personal time...
09/04/2026,21:50:05: Training...
09/04/2026,21:50:06: Evaluating...
09/04/2026,21:50:07: 	Train Loss: 3760802.5000 (base: 191.7871, kd: 7521.2217), Elapsed: train 2.71 test 0.41
09/04/2026,21:50:07: 	Recall@10: 0.06661 Recall@20: 0.09655 NDCG@10: 0.03986 NDCG@20: 0.04802 
09/04/2026,21:50:07: 	Recall@10: 0.02759 Recall@20: 0.04381 NDCG@10: 0.01525 NDCG@20: 0.01962 
09/04/2026,21:50:07: Epoch [104/1000]
09/04/2026,21:50:07: Negative sampling...
09/04/2026,21:50:08: Model's personal time...
09/04/2026,21:50:08: Training...
09/04/2026,21:50:09: Evaluating...
09/04/2026,21:50:10: 	Train Loss: 3760546.5000 (base: 189.7237, kd: 7520.7134), Elapsed: train 2.53 test 0.42
09/04/2026,21:50:10: 	Recall@10: 0.06692 Recall@20: 0.09584 NDCG@10: 0.03980 NDCG@20: 0.04767 
09/04/2026,21:50:10: 	Recall@10: 0.02820 Recall@20: 0.04382 NDCG@10: 0.01550 NDCG@20: 0.01972 
09/04/2026,21:50:10: Epoch [105/1000]
09/04/2026,21:50:10: Negative sampling...
09/04/2026,21:50:11: Model's personal time...
09/04/2026,21:50:11: Training...
09/04/2026,21:50:12: Evaluating...
09/04/2026,21:50:13: 	Train Loss: 3759313.2500 (base: 184.7738, kd: 7518.2573), Elapsed: train 2.58 test 0.48
09/04/2026,21:50:13: 	Recall@10: 0.06738 Recall@20: 0.09497 NDCG@10: 0.03986 NDCG@20: 0.04742 
09/04/2026,21:50:13: 	Recall@10: 0.02733 Recall@20: 0.04367 NDCG@10: 0.01523 NDCG@20: 0.01970 
09/04/2026,21:50:13: Epoch [106/1000]
09/04/2026,21:50:13: Negative sampling...
09/04/2026,21:50:14: Model's personal time...
09/04/2026,21:50:14: Training...
09/04/2026,21:50:15: Evaluating...
09/04/2026,21:50:16: 	Train Loss: 3760156.0000 (base: 186.7125, kd: 7519.9385), Elapsed: train 2.49 test 0.45
09/04/2026,21:50:16: 	Recall@10: 0.06616 Recall@20: 0.09620 NDCG@10: 0.03908 NDCG@20: 0.04724 
09/04/2026,21:50:16: 	Recall@10: 0.02813 Recall@20: 0.04375 NDCG@10: 0.01547 NDCG@20: 0.01970 
09/04/2026,21:50:16: Epoch [107/1000]
09/04/2026,21:50:16: Negative sampling...
09/04/2026,21:50:17: Model's personal time...
09/04/2026,21:50:17: Training...
09/04/2026,21:50:18: Evaluating...
09/04/2026,21:50:19: 	Train Loss: 3758074.0000 (base: 184.8591, kd: 7515.7783), Elapsed: train 2.59 test 0.41
09/04/2026,21:50:19: 	Recall@10: 0.06649 Recall@20: 0.09541 NDCG@10: 0.03964 NDCG@20: 0.04761 
09/04/2026,21:50:19: 	Recall@10: 0.02829 Recall@20: 0.04331 NDCG@10: 0.01553 NDCG@20: 0.01963 
09/04/2026,21:50:19: Epoch [108/1000]
09/04/2026,21:50:19: Negative sampling...
09/04/2026,21:50:20: Model's personal time...
09/04/2026,21:50:20: Training...
09/04/2026,21:50:21: Evaluating...
09/04/2026,21:50:21: 	Train Loss: 3757956.5000 (base: 185.4273, kd: 7515.5420), Elapsed: train 2.48 test 0.40
09/04/2026,21:50:21: 	Recall@10: 0.06642 Recall@20: 0.09582 NDCG@10: 0.03945 NDCG@20: 0.04752 
09/04/2026,21:50:21: 	Recall@10: 0.02733 Recall@20: 0.04379 NDCG@10: 0.01524 NDCG@20: 0.01968 
09/04/2026,21:50:21: Epoch [109/1000]
09/04/2026,21:50:21: Negative sampling...
09/04/2026,21:50:23: Model's personal time...
09/04/2026,21:50:23: Training...
09/04/2026,21:50:24: Evaluating...
09/04/2026,21:50:24: 	Train Loss: 3757337.7500 (base: 184.4864, kd: 7514.3066), Elapsed: train 2.46 test 0.40
09/04/2026,21:50:24: 	Recall@10: 0.06602 Recall@20: 0.09587 NDCG@10: 0.03945 NDCG@20: 0.04762 
09/04/2026,21:50:24: 	Recall@10: 0.02727 Recall@20: 0.04329 NDCG@10: 0.01522 NDCG@20: 0.01959 
09/04/2026,21:50:24: Epoch [110/1000]
09/04/2026,21:50:24: Negative sampling...
09/04/2026,21:50:26: Model's personal time...
09/04/2026,21:50:26: Training...
09/04/2026,21:50:27: Evaluating...
09/04/2026,21:50:27: 	Train Loss: 3756498.7500 (base: 182.6737, kd: 7512.6323), Elapsed: train 2.56 test 0.46
09/04/2026,21:50:27: 	Recall@10: 0.06706 Recall@20: 0.09585 NDCG@10: 0.03980 NDCG@20: 0.04772 
09/04/2026,21:50:27: 	Recall@10: 0.02785 Recall@20: 0.04308 NDCG@10: 0.01534 NDCG@20: 0.01946 
09/04/2026,21:50:27: Epoch [111/1000]
09/04/2026,21:50:27: Negative sampling...
09/04/2026,21:50:29: Model's personal time...
09/04/2026,21:50:29: Training...
09/04/2026,21:50:30: Evaluating...
09/04/2026,21:50:31: 	Train Loss: 3755378.7500 (base: 183.8535, kd: 7510.3901), Elapsed: train 3.00 test 0.50
09/04/2026,21:50:31: 	Recall@10: 0.06795 Recall@20: 0.09642 NDCG@10: 0.04005 NDCG@20: 0.04782 
09/04/2026,21:50:31: 	Recall@10: 0.02785 Recall@20: 0.04342 NDCG@10: 0.01547 NDCG@20: 0.01969 
09/04/2026,21:50:31: Epoch [112/1000]
09/04/2026,21:50:31: Negative sampling...
09/04/2026,21:50:32: Model's personal time...
09/04/2026,21:50:33: Training...
09/04/2026,21:50:34: Evaluating...
09/04/2026,21:50:34: 	Train Loss: 3755894.7500 (base: 184.6580, kd: 7511.4199), Elapsed: train 2.83 test 0.45
09/04/2026,21:50:34: 	Recall@10: 0.06673 Recall@20: 0.09574 NDCG@10: 0.03976 NDCG@20: 0.04772 
09/04/2026,21:50:34: 	Recall@10: 0.02801 Recall@20: 0.04286 NDCG@10: 0.01545 NDCG@20: 0.01952 
09/04/2026,21:50:34: Epoch [113/1000]
09/04/2026,21:50:34: Negative sampling...
09/04/2026,21:50:36: Model's personal time...
09/04/2026,21:50:36: Training...
09/04/2026,21:50:37: Evaluating...
09/04/2026,21:50:37: 	Train Loss: 3754176.5000 (base: 179.2226, kd: 7507.9946), Elapsed: train 2.59 test 0.41
09/04/2026,21:50:37: 	Recall@10: 0.06690 Recall@20: 0.09652 NDCG@10: 0.03982 NDCG@20: 0.04798 
09/04/2026,21:50:37: 	Recall@10: 0.02769 Recall@20: 0.04391 NDCG@10: 0.01538 NDCG@20: 0.01976 
09/04/2026,21:50:37: Epoch [114/1000]
09/04/2026,21:50:37: Negative sampling...
09/04/2026,21:50:39: Model's personal time...
09/04/2026,21:50:39: Training...
09/04/2026,21:50:40: Evaluating...
09/04/2026,21:50:40: 	Train Loss: 3754906.0000 (base: 183.2240, kd: 7509.4448), Elapsed: train 2.60 test 0.40
09/04/2026,21:50:40: 	Recall@10: 0.06678 Recall@20: 0.09599 NDCG@10: 0.03986 NDCG@20: 0.04777 
09/04/2026,21:50:40: 	Recall@10: 0.02788 Recall@20: 0.04319 NDCG@10: 0.01522 NDCG@20: 0.01938 
09/04/2026,21:50:40: Epoch [115/1000]
09/04/2026,21:50:40: Negative sampling...
09/04/2026,21:50:41: Model's personal time...
09/04/2026,21:50:42: Training...
09/04/2026,21:50:43: Evaluating...
09/04/2026,21:50:43: 	Train Loss: 3754159.5000 (base: 179.6145, kd: 7507.9595), Elapsed: train 2.68 test 0.41
09/04/2026,21:50:43: 	Recall@10: 0.06733 Recall@20: 0.09642 NDCG@10: 0.03970 NDCG@20: 0.04763 
09/04/2026,21:50:43: 	Recall@10: 0.02753 Recall@20: 0.04319 NDCG@10: 0.01527 NDCG@20: 0.01952 
09/04/2026,21:50:43: Epoch [116/1000]
09/04/2026,21:50:43: Negative sampling...
09/04/2026,21:50:45: Model's personal time...
09/04/2026,21:50:45: Training...
09/04/2026,21:50:46: Evaluating...
09/04/2026,21:50:46: 	Train Loss: 3754109.2500 (base: 172.5802, kd: 7507.8730), Elapsed: train 2.56 test 0.39
09/04/2026,21:50:46: 	Recall@10: 0.06687 Recall@20: 0.09631 NDCG@10: 0.03967 NDCG@20: 0.04773 
09/04/2026,21:50:46: 	Recall@10: 0.02807 Recall@20: 0.04356 NDCG@10: 0.01534 NDCG@20: 0.01956 
09/04/2026,21:50:46: Epoch [117/1000]
09/04/2026,21:50:46: Negative sampling...
09/04/2026,21:50:48: Model's personal time...
09/04/2026,21:50:48: Training...
09/04/2026,21:50:49: Evaluating...
09/04/2026,21:50:49: 	Train Loss: 3754432.5000 (base: 176.0587, kd: 7508.5127), Elapsed: train 2.51 test 0.40
09/04/2026,21:50:49: 	Recall@10: 0.06708 Recall@20: 0.09645 NDCG@10: 0.03980 NDCG@20: 0.04784 
09/04/2026,21:50:49: 	Recall@10: 0.02791 Recall@20: 0.04286 NDCG@10: 0.01532 NDCG@20: 0.01936 
09/04/2026,21:50:49: Epoch [118/1000]
09/04/2026,21:50:49: Negative sampling...
09/04/2026,21:50:50: Model's personal time...
09/04/2026,21:50:51: Training...
09/04/2026,21:50:52: Evaluating...
09/04/2026,21:50:52: 	Train Loss: 3753198.5000 (base: 173.8638, kd: 7506.0498), Elapsed: train 2.52 test 0.40
09/04/2026,21:50:52: 	Recall@10: 0.06738 Recall@20: 0.09664 NDCG@10: 0.03973 NDCG@20: 0.04773 
09/04/2026,21:50:52: 	Recall@10: 0.02810 Recall@20: 0.04329 NDCG@10: 0.01534 NDCG@20: 0.01945 
09/04/2026,21:50:52: Epoch [119/1000]
09/04/2026,21:50:52: Negative sampling...
09/04/2026,21:50:53: Model's personal time...
09/04/2026,21:50:53: Training...
09/04/2026,21:50:54: Evaluating...
09/04/2026,21:50:55: 	Train Loss: 3753212.0000 (base: 171.9851, kd: 7506.0801), Elapsed: train 2.46 test 0.41
09/04/2026,21:50:55: 	Recall@10: 0.06727 Recall@20: 0.09584 NDCG@10: 0.03958 NDCG@20: 0.04736 
09/04/2026,21:50:55: 	Recall@10: 0.02784 Recall@20: 0.04286 NDCG@10: 0.01527 NDCG@20: 0.01934 
09/04/2026,21:50:55: Epoch [120/1000]
09/04/2026,21:50:55: Negative sampling...
09/04/2026,21:50:56: Model's personal time...
09/04/2026,21:50:56: Training...
09/04/2026,21:50:58: Evaluating...
09/04/2026,21:50:58: 	Train Loss: 3753378.2500 (base: 169.9637, kd: 7506.4170), Elapsed: train 2.73 test 0.45
09/04/2026,21:50:58: 	Recall@10: 0.06765 Recall@20: 0.09730 NDCG@10: 0.03986 NDCG@20: 0.04791 
09/04/2026,21:50:58: 	Recall@10: 0.02842 Recall@20: 0.04291 NDCG@10: 0.01555 NDCG@20: 0.01944 
09/04/2026,21:50:58: Epoch [121/1000]
09/04/2026,21:50:58: Negative sampling...
09/04/2026,21:50:59: Model's personal time...
09/04/2026,21:50:59: Training...
09/04/2026,21:51:01: Evaluating...
09/04/2026,21:51:01: 	Train Loss: 3751197.0000 (base: 170.9794, kd: 7502.0522), Elapsed: train 2.49 test 0.47
09/04/2026,21:51:01: 	Recall@10: 0.06806 Recall@20: 0.09658 NDCG@10: 0.03993 NDCG@20: 0.04772 
09/04/2026,21:51:01: 	Recall@10: 0.02794 Recall@20: 0.04295 NDCG@10: 0.01536 NDCG@20: 0.01941 
09/04/2026,21:51:01: Epoch [122/1000]
09/04/2026,21:51:01: Negative sampling...
09/04/2026,21:51:02: Model's personal time...
09/04/2026,21:51:02: Training...
09/04/2026,21:51:04: Evaluating...
09/04/2026,21:51:04: 	Train Loss: 3752048.2500 (base: 172.2729, kd: 7503.7524), Elapsed: train 2.59 test 0.41
09/04/2026,21:51:04: 	Recall@10: 0.06752 Recall@20: 0.09597 NDCG@10: 0.03994 NDCG@20: 0.04769 
09/04/2026,21:51:04: 	Recall@10: 0.02816 Recall@20: 0.04391 NDCG@10: 0.01555 NDCG@20: 0.01980 
09/04/2026,21:51:04: Epoch [123/1000]
09/04/2026,21:51:04: Negative sampling...
09/04/2026,21:51:05: Model's personal time...
09/04/2026,21:51:06: Training...
09/04/2026,21:51:07: Evaluating...
09/04/2026,21:51:07: 	Train Loss: 3752003.5000 (base: 169.3450, kd: 7503.6685), Elapsed: train 2.60 test 0.40
09/04/2026,21:51:07: 	Recall@10: 0.06728 Recall@20: 0.09697 NDCG@10: 0.03987 NDCG@20: 0.04796 
09/04/2026,21:51:07: 	Recall@10: 0.02810 Recall@20: 0.04318 NDCG@10: 0.01550 NDCG@20: 0.01956 
09/04/2026,21:51:07: Epoch [124/1000]
09/04/2026,21:51:07: Negative sampling...
09/04/2026,21:51:08: Model's personal time...
09/04/2026,21:51:09: Training...
09/04/2026,21:51:10: Evaluating...
09/04/2026,21:51:10: 	Train Loss: 3751735.5000 (base: 168.4096, kd: 7503.1338), Elapsed: train 2.67 test 0.41
09/04/2026,21:51:10: 	Recall@10: 0.06744 Recall@20: 0.09621 NDCG@10: 0.03956 NDCG@20: 0.04745 
09/04/2026,21:51:10: 	Recall@10: 0.02746 Recall@20: 0.04318 NDCG@10: 0.01530 NDCG@20: 0.01953 
09/04/2026,21:51:10: Epoch [125/1000]
09/04/2026,21:51:10: Negative sampling...
09/04/2026,21:51:12: Model's personal time...
09/04/2026,21:51:12: Training...
09/04/2026,21:51:13: Evaluating...
09/04/2026,21:51:13: 	Train Loss: 3750627.7500 (base: 167.9507, kd: 7500.9199), Elapsed: train 2.64 test 0.40
09/04/2026,21:51:13: 	Recall@10: 0.06773 Recall@20: 0.09635 NDCG@10: 0.03973 NDCG@20: 0.04757 
09/04/2026,21:51:13: 	Recall@10: 0.02816 Recall@20: 0.04319 NDCG@10: 0.01548 NDCG@20: 0.01954 
09/04/2026,21:51:13: Epoch [126/1000]
09/04/2026,21:51:13: Negative sampling...
09/04/2026,21:51:14: Model's personal time...
09/04/2026,21:51:15: Training...
09/04/2026,21:51:16: Evaluating...
09/04/2026,21:51:16: 	Train Loss: 3751241.5000 (base: 171.8614, kd: 7502.1387), Elapsed: train 2.46 test 0.40
09/04/2026,21:51:16: 	Recall@10: 0.06718 Recall@20: 0.09642 NDCG@10: 0.03980 NDCG@20: 0.04777 
09/04/2026,21:51:16: 	Recall@10: 0.02781 Recall@20: 0.04300 NDCG@10: 0.01549 NDCG@20: 0.01963 
09/04/2026,21:51:16: Epoch [127/1000]
09/04/2026,21:51:16: Negative sampling...
09/04/2026,21:51:17: Model's personal time...
09/04/2026,21:51:17: Training...
09/04/2026,21:51:18: Evaluating...
09/04/2026,21:51:19: 	Train Loss: 3750831.0000 (base: 169.7026, kd: 7501.3228), Elapsed: train 2.51 test 0.42
09/04/2026,21:51:19: 	Recall@10: 0.06757 Recall@20: 0.09717 NDCG@10: 0.03958 NDCG@20: 0.04768 
09/04/2026,21:51:19: 	Recall@10: 0.02844 Recall@20: 0.04361 NDCG@10: 0.01568 NDCG@20: 0.01978 
09/04/2026,21:51:19: Epoch [128/1000]
09/04/2026,21:51:19: Negative sampling...
09/04/2026,21:51:20: Model's personal time...
09/04/2026,21:51:20: Training...
09/04/2026,21:51:21: Evaluating...
09/04/2026,21:51:22: 	Train Loss: 3749744.0000 (base: 164.5712, kd: 7499.1587), Elapsed: train 2.52 test 0.42
09/04/2026,21:51:22: 	Recall@10: 0.06653 Recall@20: 0.09640 NDCG@10: 0.03943 NDCG@20: 0.04751 
09/04/2026,21:51:22: 	Recall@10: 0.02835 Recall@20: 0.04289 NDCG@10: 0.01567 NDCG@20: 0.01960 
09/04/2026,21:51:22: Epoch [129/1000]
09/04/2026,21:51:22: Negative sampling...
09/04/2026,21:51:23: Model's personal time...
09/04/2026,21:51:23: Training...
09/04/2026,21:51:24: Evaluating...
09/04/2026,21:51:25: 	Train Loss: 3748162.5000 (base: 168.8066, kd: 7495.9873), Elapsed: train 2.58 test 0.49
09/04/2026,21:51:25: 	Recall@10: 0.06764 Recall@20: 0.09679 NDCG@10: 0.03956 NDCG@20: 0.04750 
09/04/2026,21:51:25: 	Recall@10: 0.02857 Recall@20: 0.04342 NDCG@10: 0.01563 NDCG@20: 0.01964 
09/04/2026,21:51:25: Epoch [130/1000]
09/04/2026,21:51:25: Negative sampling...
09/04/2026,21:51:26: Model's personal time...
09/04/2026,21:51:27: Training...
09/04/2026,21:51:28: Evaluating...
09/04/2026,21:51:28: 	Train Loss: 3749134.5000 (base: 164.7687, kd: 7497.9399), Elapsed: train 2.85 test 0.41
09/04/2026,21:51:28: 	Recall@10: 0.06733 Recall@20: 0.09792 NDCG@10: 0.03961 NDCG@20: 0.04793 
09/04/2026,21:51:28: 	Recall@10: 0.02857 Recall@20: 0.04316 NDCG@10: 0.01553 NDCG@20: 0.01948 
09/04/2026,21:51:28: ------------------------------
09/04/2026,21:51:28: valid Recall@10: 0.06638 Recall@20: 0.09723 NDCG@10: 0.03960 NDCG@20: 0.04803
09/04/2026,21:51:28: test Recall@10: 0.02721 Recall@20: 0.04379 NDCG@10: 0.01511 NDCG@20: 0.01962
