----------------------------------------TEACHER----------------------------------------
init_std                                 0.01
embedding_dim                            400
----------------------------------------TEACHER----------------------------------------
----------------------------------------STUDENT----------------------------------------
init_std                                 0.01
embedding_dim                            20
----------------------------------------STUDENT----------------------------------------
----------------------------------------ARGUMENTS----------------------------------------
run_all                                  False
seed                                     0
gpu_id                                   0
no_log                                   False
no_save                                  False
suffix                                   Lu100_seed0_es20
verbose                                  False
ablation                                 False
task                                     rec
dataset                                  citeulike
batch_size                               2048
num_ns                                   1
neg_sampling_on_all                      False
T_backbone                               bpr
S_backbone                               bpr
model                                    srcekd
preload                                  False
postsave                                 False
train_teacher                            False
ckpt_interval                            -1
epochs                                   1000
lr                                       0.001
wd                                       1e-05
lmbda                                    500
srce_alpha                               0
srce_s                                   20
srce_eta                                 0
srce_Lu                                  100
eval_period                              1
K_list                                   [10, 20]
early_stop_metric                        NDCG
early_stop_K                             20
early_stop_patience                      30
LOG_DIR                                  logs/
CONFIG_DIR                               configs/
DATA_DIR                                 data/
CKPT_DIR                                 checkpoints/
CRAFT_DIR                                crafts/
mkd_tau                                  1
mkd_K                                    50
mkd_L                                    50
mkd_T                                    10
mkd_mxK                                  200
----------------------------------------ARGUMENTS----------------------------------------
----------------------------------------Teacher----------------------------------------
09/04/2026,21:33:18: ------------------------------
09/04/2026,21:33:18: valid Recall@10: 0.06778 Recall@20: 0.10315 NDCG@10: 0.04052 NDCG@20: 0.05027
09/04/2026,21:33:18: test Recall@10: 0.02747 Recall@20: 0.04385 NDCG@10: 0.01551 NDCG@20: 0.02003
----------------------------------------------------------------------------------------
09/04/2026,21:33:18: Epoch [1/1000]
09/04/2026,21:33:18: Negative sampling...
09/04/2026,21:33:19: Model's personal time...
09/04/2026,21:33:19: Training...
09/04/2026,21:33:20: Evaluating...
09/04/2026,21:33:21: 	Train Loss: 5483820.5000 (base: 1390.0791, kd: 10964.8594), Elapsed: train 2.72 test 0.42 *
09/04/2026,21:33:21: 	Recall@10: 0.02297 Recall@20: 0.03722 NDCG@10: 0.01399 NDCG@20: 0.01783 
09/04/2026,21:33:21: 	Recall@10: 0.00883 Recall@20: 0.01446 NDCG@10: 0.00489 NDCG@20: 0.00642 
09/04/2026,21:33:21: Epoch [2/1000]
09/04/2026,21:33:21: Negative sampling...
09/04/2026,21:33:22: Model's personal time...
09/04/2026,21:33:22: Training...
09/04/2026,21:33:24: Evaluating...
09/04/2026,21:33:24: 	Train Loss: 5342086.5000 (base: 1370.1604, kd: 10681.4326), Elapsed: train 2.70 test 0.42 *
09/04/2026,21:33:24: 	Recall@10: 0.03940 Recall@20: 0.06003 NDCG@10: 0.02424 NDCG@20: 0.02991 
09/04/2026,21:33:24: 	Recall@10: 0.01660 Recall@20: 0.02601 NDCG@10: 0.00945 NDCG@20: 0.01205 
09/04/2026,21:33:24: Epoch [3/1000]
09/04/2026,21:33:24: Negative sampling...
09/04/2026,21:33:25: Model's personal time...
09/04/2026,21:33:25: Training...
09/04/2026,21:33:26: Evaluating...
09/04/2026,21:33:27: 	Train Loss: 5228713.5000 (base: 1318.6393, kd: 10454.7891), Elapsed: train 2.47 test 0.40 *
09/04/2026,21:33:27: 	Recall@10: 0.03842 Recall@20: 0.06288 NDCG@10: 0.02467 NDCG@20: 0.03137 
09/04/2026,21:33:27: 	Recall@10: 0.01583 Recall@20: 0.02725 NDCG@10: 0.00918 NDCG@20: 0.01234 
09/04/2026,21:33:27: Epoch [4/1000]
09/04/2026,21:33:27: Negative sampling...
09/04/2026,21:33:28: Model's personal time...
09/04/2026,21:33:28: Training...
09/04/2026,21:33:29: Evaluating...
09/04/2026,21:33:30: 	Train Loss: 5103701.0000 (base: 1239.1434, kd: 10204.9238), Elapsed: train 2.51 test 0.54 *
09/04/2026,21:33:30: 	Recall@10: 0.04313 Recall@20: 0.06537 NDCG@10: 0.02647 NDCG@20: 0.03248 
09/04/2026,21:33:30: 	Recall@10: 0.01741 Recall@20: 0.02737 NDCG@10: 0.00999 NDCG@20: 0.01275 
09/04/2026,21:33:30: Epoch [5/1000]
09/04/2026,21:33:30: Negative sampling...
09/04/2026,21:33:31: Model's personal time...
09/04/2026,21:33:31: Training...
09/04/2026,21:33:32: Evaluating...
09/04/2026,21:33:33: 	Train Loss: 4958314.5000 (base: 1145.6924, kd: 9914.3379), Elapsed: train 2.56 test 0.44 *
09/04/2026,21:33:33: 	Recall@10: 0.04326 Recall@20: 0.06610 NDCG@10: 0.02687 NDCG@20: 0.03311 
09/04/2026,21:33:33: 	Recall@10: 0.01702 Recall@20: 0.02860 NDCG@10: 0.00980 NDCG@20: 0.01296 
09/04/2026,21:33:33: Epoch [6/1000]
09/04/2026,21:33:33: Negative sampling...
09/04/2026,21:33:34: Model's personal time...
09/04/2026,21:33:35: Training...
09/04/2026,21:33:36: Evaluating...
09/04/2026,21:33:36: 	Train Loss: 4813919.5000 (base: 1049.6931, kd: 9625.7393), Elapsed: train 2.64 test 0.41 *
09/04/2026,21:33:36: 	Recall@10: 0.04298 Recall@20: 0.06822 NDCG@10: 0.02672 NDCG@20: 0.03365 
09/04/2026,21:33:36: 	Recall@10: 0.01644 Recall@20: 0.02873 NDCG@10: 0.00940 NDCG@20: 0.01281 
09/04/2026,21:33:36: Epoch [7/1000]
09/04/2026,21:33:36: Negative sampling...
09/04/2026,21:33:37: Model's personal time...
09/04/2026,21:33:37: Training...
09/04/2026,21:33:38: Evaluating...
09/04/2026,21:33:39: 	Train Loss: 4681492.0000 (base: 961.9691, kd: 9361.0596), Elapsed: train 2.50 test 0.41 *
09/04/2026,21:33:39: 	Recall@10: 0.04683 Recall@20: 0.06818 NDCG@10: 0.02834 NDCG@20: 0.03416 
09/04/2026,21:33:39: 	Recall@10: 0.01847 Recall@20: 0.02905 NDCG@10: 0.01013 NDCG@20: 0.01305 
09/04/2026,21:33:39: Epoch [8/1000]
09/04/2026,21:33:39: Negative sampling...
09/04/2026,21:33:40: Model's personal time...
09/04/2026,21:33:40: Training...
09/04/2026,21:33:41: Evaluating...
09/04/2026,21:33:42: 	Train Loss: 4569072.0000 (base: 883.2485, kd: 9136.3770), Elapsed: train 2.61 test 0.53 *
09/04/2026,21:33:42: 	Recall@10: 0.04708 Recall@20: 0.06921 NDCG@10: 0.02831 NDCG@20: 0.03436 
09/04/2026,21:33:42: 	Recall@10: 0.01827 Recall@20: 0.02878 NDCG@10: 0.00981 NDCG@20: 0.01271 
09/04/2026,21:33:42: Epoch [9/1000]
09/04/2026,21:33:42: Negative sampling...
09/04/2026,21:33:43: Model's personal time...
09/04/2026,21:33:44: Training...
09/04/2026,21:33:45: Evaluating...
09/04/2026,21:33:45: 	Train Loss: 4479138.5000 (base: 816.6890, kd: 8956.6436), Elapsed: train 2.58 test 0.53 *
09/04/2026,21:33:45: 	Recall@10: 0.04883 Recall@20: 0.07098 NDCG@10: 0.02950 NDCG@20: 0.03555 
09/04/2026,21:33:45: 	Recall@10: 0.01889 Recall@20: 0.02979 NDCG@10: 0.01020 NDCG@20: 0.01322 
09/04/2026,21:33:45: Epoch [10/1000]
09/04/2026,21:33:45: Negative sampling...
09/04/2026,21:33:47: Model's personal time...
09/04/2026,21:33:47: Training...
09/04/2026,21:33:48: Evaluating...
09/04/2026,21:33:48: 	Train Loss: 4406011.5000 (base: 756.9659, kd: 8810.5088), Elapsed: train 2.68 test 0.46 *
09/04/2026,21:33:48: 	Recall@10: 0.04972 Recall@20: 0.07129 NDCG@10: 0.03007 NDCG@20: 0.03597 
09/04/2026,21:33:48: 	Recall@10: 0.01922 Recall@20: 0.03025 NDCG@10: 0.01049 NDCG@20: 0.01351 
09/04/2026,21:33:48: Epoch [11/1000]
09/04/2026,21:33:48: Negative sampling...
09/04/2026,21:33:50: Model's personal time...
09/04/2026,21:33:50: Training...
09/04/2026,21:33:51: Evaluating...
09/04/2026,21:33:52: 	Train Loss: 4346950.5000 (base: 706.8506, kd: 8692.4873), Elapsed: train 2.94 test 0.58 *
09/04/2026,21:33:52: 	Recall@10: 0.05146 Recall@20: 0.07313 NDCG@10: 0.03115 NDCG@20: 0.03703 
09/04/2026,21:33:52: 	Recall@10: 0.02038 Recall@20: 0.03051 NDCG@10: 0.01085 NDCG@20: 0.01361 
09/04/2026,21:33:52: Epoch [12/1000]
09/04/2026,21:33:52: Negative sampling...
09/04/2026,21:33:53: Model's personal time...
09/04/2026,21:33:53: Training...
09/04/2026,21:33:54: Evaluating...
09/04/2026,21:33:55: 	Train Loss: 4298286.0000 (base: 661.9677, kd: 8595.2490), Elapsed: train 2.69 test 0.42 *
09/04/2026,21:33:55: 	Recall@10: 0.05277 Recall@20: 0.07586 NDCG@10: 0.03172 NDCG@20: 0.03799 
09/04/2026,21:33:55: 	Recall@10: 0.02018 Recall@20: 0.03160 NDCG@10: 0.01089 NDCG@20: 0.01401 
09/04/2026,21:33:55: Epoch [13/1000]
09/04/2026,21:33:55: Negative sampling...
09/04/2026,21:33:56: Model's personal time...
09/04/2026,21:33:57: Training...
09/04/2026,21:33:58: Evaluating...
09/04/2026,21:33:58: 	Train Loss: 4257513.0000 (base: 623.1347, kd: 8513.7803), Elapsed: train 2.62 test 0.42 *
09/04/2026,21:33:58: 	Recall@10: 0.05410 Recall@20: 0.07886 NDCG@10: 0.03276 NDCG@20: 0.03938 
09/04/2026,21:33:58: 	Recall@10: 0.02092 Recall@20: 0.03184 NDCG@10: 0.01126 NDCG@20: 0.01425 
09/04/2026,21:33:58: Epoch [14/1000]
09/04/2026,21:33:58: Negative sampling...
09/04/2026,21:33:59: Model's personal time...
09/04/2026,21:33:59: Training...
09/04/2026,21:34:01: Evaluating...
09/04/2026,21:34:01: 	Train Loss: 4221944.5000 (base: 592.7417, kd: 8442.7031), Elapsed: train 2.62 test 0.48 *
09/04/2026,21:34:01: 	Recall@10: 0.05465 Recall@20: 0.08030 NDCG@10: 0.03319 NDCG@20: 0.04011 
09/04/2026,21:34:01: 	Recall@10: 0.02184 Recall@20: 0.03296 NDCG@10: 0.01169 NDCG@20: 0.01472 
09/04/2026,21:34:01: Epoch [15/1000]
09/04/2026,21:34:01: Negative sampling...
09/04/2026,21:34:02: Model's personal time...
09/04/2026,21:34:03: Training...
09/04/2026,21:34:04: Evaluating...
09/04/2026,21:34:04: 	Train Loss: 4190778.0000 (base: 559.2768, kd: 8380.4375), Elapsed: train 2.59 test 0.43 *
09/04/2026,21:34:04: 	Recall@10: 0.05547 Recall@20: 0.08018 NDCG@10: 0.03352 NDCG@20: 0.04025 
09/04/2026,21:34:04: 	Recall@10: 0.02205 Recall@20: 0.03323 NDCG@10: 0.01201 NDCG@20: 0.01510 
09/04/2026,21:34:04: Epoch [16/1000]
09/04/2026,21:34:04: Negative sampling...
09/04/2026,21:34:05: Model's personal time...
09/04/2026,21:34:06: Training...
09/04/2026,21:34:06: Evaluating...
09/04/2026,21:34:07: 	Train Loss: 4164434.5000 (base: 534.9639, kd: 8327.7988), Elapsed: train 2.46 test 0.41 *
09/04/2026,21:34:07: 	Recall@10: 0.05586 Recall@20: 0.08148 NDCG@10: 0.03373 NDCG@20: 0.04073 
09/04/2026,21:34:07: 	Recall@10: 0.02246 Recall@20: 0.03317 NDCG@10: 0.01254 NDCG@20: 0.01547 
09/04/2026,21:34:07: Epoch [17/1000]
09/04/2026,21:34:07: Negative sampling...
09/04/2026,21:34:08: Model's personal time...
09/04/2026,21:34:08: Training...
09/04/2026,21:34:10: Evaluating...
09/04/2026,21:34:10: 	Train Loss: 4141154.2500 (base: 512.0487, kd: 8281.2842), Elapsed: train 2.60 test 0.52 *
09/04/2026,21:34:10: 	Recall@10: 0.05624 Recall@20: 0.08264 NDCG@10: 0.03398 NDCG@20: 0.04112 
09/04/2026,21:34:10: 	Recall@10: 0.02284 Recall@20: 0.03326 NDCG@10: 0.01261 NDCG@20: 0.01548 
09/04/2026,21:34:10: Epoch [18/1000]
09/04/2026,21:34:10: Negative sampling...
09/04/2026,21:34:11: Model's personal time...
09/04/2026,21:34:12: Training...
09/04/2026,21:34:13: Evaluating...
09/04/2026,21:34:13: 	Train Loss: 4118769.5000 (base: 491.9376, kd: 8236.5557), Elapsed: train 2.59 test 0.52 *
09/04/2026,21:34:13: 	Recall@10: 0.05772 Recall@20: 0.08437 NDCG@10: 0.03467 NDCG@20: 0.04186 
09/04/2026,21:34:13: 	Recall@10: 0.02343 Recall@20: 0.03499 NDCG@10: 0.01295 NDCG@20: 0.01605 
09/04/2026,21:34:13: Epoch [19/1000]
09/04/2026,21:34:13: Negative sampling...
09/04/2026,21:34:15: Model's personal time...
09/04/2026,21:34:15: Training...
09/04/2026,21:34:16: Evaluating...
09/04/2026,21:34:16: 	Train Loss: 4099646.0000 (base: 474.6360, kd: 8198.3428), Elapsed: train 2.48 test 0.41 *
09/04/2026,21:34:16: 	Recall@10: 0.05671 Recall@20: 0.08521 NDCG@10: 0.03442 NDCG@20: 0.04218 
09/04/2026,21:34:16: 	Recall@10: 0.02378 Recall@20: 0.03491 NDCG@10: 0.01307 NDCG@20: 0.01605 
09/04/2026,21:34:16: Epoch [20/1000]
09/04/2026,21:34:16: Negative sampling...
09/04/2026,21:34:18: Model's personal time...
09/04/2026,21:34:18: Training...
09/04/2026,21:34:19: Evaluating...
09/04/2026,21:34:19: 	Train Loss: 4082757.2500 (base: 458.6896, kd: 8164.5972), Elapsed: train 2.79 test 0.45 *
09/04/2026,21:34:19: 	Recall@10: 0.05777 Recall@20: 0.08615 NDCG@10: 0.03481 NDCG@20: 0.04257 
09/04/2026,21:34:19: 	Recall@10: 0.02385 Recall@20: 0.03487 NDCG@10: 0.01317 NDCG@20: 0.01617 
09/04/2026,21:34:19: Epoch [21/1000]
09/04/2026,21:34:19: Negative sampling...
09/04/2026,21:34:21: Model's personal time...
09/04/2026,21:34:21: Training...
09/04/2026,21:34:22: Evaluating...
09/04/2026,21:34:22: 	Train Loss: 4067627.7500 (base: 443.6570, kd: 8134.3677), Elapsed: train 2.68 test 0.45 *
09/04/2026,21:34:22: 	Recall@10: 0.05811 Recall@20: 0.08687 NDCG@10: 0.03500 NDCG@20: 0.04282 
09/04/2026,21:34:22: 	Recall@10: 0.02410 Recall@20: 0.03620 NDCG@10: 0.01325 NDCG@20: 0.01646 
09/04/2026,21:34:22: Epoch [22/1000]
09/04/2026,21:34:22: Negative sampling...
09/04/2026,21:34:24: Model's personal time...
09/04/2026,21:34:24: Training...
09/04/2026,21:34:25: Evaluating...
09/04/2026,21:34:25: 	Train Loss: 4052870.0000 (base: 431.2940, kd: 8104.8779), Elapsed: train 2.39 test 0.52 *
09/04/2026,21:34:25: 	Recall@10: 0.05845 Recall@20: 0.08745 NDCG@10: 0.03504 NDCG@20: 0.04294 
09/04/2026,21:34:25: 	Recall@10: 0.02364 Recall@20: 0.03511 NDCG@10: 0.01305 NDCG@20: 0.01616 
09/04/2026,21:34:25: Epoch [23/1000]
09/04/2026,21:34:25: Negative sampling...
09/04/2026,21:34:27: Model's personal time...
09/04/2026,21:34:27: Training...
09/04/2026,21:34:28: Evaluating...
09/04/2026,21:34:28: 	Train Loss: 4039966.5000 (base: 419.2308, kd: 8079.0947), Elapsed: train 2.54 test 0.44 *
09/04/2026,21:34:28: 	Recall@10: 0.05943 Recall@20: 0.08841 NDCG@10: 0.03552 NDCG@20: 0.04339 
09/04/2026,21:34:28: 	Recall@10: 0.02378 Recall@20: 0.03647 NDCG@10: 0.01314 NDCG@20: 0.01657 
09/04/2026,21:34:28: Epoch [24/1000]
09/04/2026,21:34:28: Negative sampling...
09/04/2026,21:34:30: Model's personal time...
09/04/2026,21:34:30: Training...
09/04/2026,21:34:31: Evaluating...
09/04/2026,21:34:32: 	Train Loss: 4026427.2500 (base: 408.2962, kd: 8052.0381), Elapsed: train 2.86 test 0.53
09/04/2026,21:34:32: 	Recall@10: 0.06053 Recall@20: 0.08742 NDCG@10: 0.03579 NDCG@20: 0.04315 
09/04/2026,21:34:32: 	Recall@10: 0.02397 Recall@20: 0.03602 NDCG@10: 0.01324 NDCG@20: 0.01653 
09/04/2026,21:34:32: Epoch [25/1000]
09/04/2026,21:34:32: Negative sampling...
09/04/2026,21:34:33: Model's personal time...
09/04/2026,21:34:33: Training...
09/04/2026,21:34:35: Evaluating...
09/04/2026,21:34:35: 	Train Loss: 4017071.2500 (base: 396.9989, kd: 8033.3481), Elapsed: train 2.91 test 0.45 *
09/04/2026,21:34:35: 	Recall@10: 0.06213 Recall@20: 0.08899 NDCG@10: 0.03661 NDCG@20: 0.04386 
09/04/2026,21:34:35: 	Recall@10: 0.02448 Recall@20: 0.03683 NDCG@10: 0.01344 NDCG@20: 0.01676 
09/04/2026,21:34:35: Epoch [26/1000]
09/04/2026,21:34:35: Negative sampling...
09/04/2026,21:34:36: Model's personal time...
09/04/2026,21:34:37: Training...
09/04/2026,21:34:38: Evaluating...
09/04/2026,21:34:38: 	Train Loss: 4007348.2500 (base: 388.2174, kd: 8013.9194), Elapsed: train 2.60 test 0.46 *
09/04/2026,21:34:38: 	Recall@10: 0.06220 Recall@20: 0.08972 NDCG@10: 0.03670 NDCG@20: 0.04418 
09/04/2026,21:34:38: 	Recall@10: 0.02375 Recall@20: 0.03699 NDCG@10: 0.01320 NDCG@20: 0.01679 
09/04/2026,21:34:38: Epoch [27/1000]
09/04/2026,21:34:38: Negative sampling...
09/04/2026,21:34:40: Model's personal time...
09/04/2026,21:34:40: Training...
09/04/2026,21:34:41: Evaluating...
09/04/2026,21:34:41: 	Train Loss: 3997909.2500 (base: 377.5389, kd: 7995.0635), Elapsed: train 2.60 test 0.50 *
09/04/2026,21:34:41: 	Recall@10: 0.06227 Recall@20: 0.09130 NDCG@10: 0.03690 NDCG@20: 0.04478 
09/04/2026,21:34:41: 	Recall@10: 0.02387 Recall@20: 0.03697 NDCG@10: 0.01316 NDCG@20: 0.01677 
09/04/2026,21:34:41: Epoch [28/1000]
09/04/2026,21:34:41: Negative sampling...
09/04/2026,21:34:43: Model's personal time...
09/04/2026,21:34:43: Training...
09/04/2026,21:34:44: Evaluating...
09/04/2026,21:34:45: 	Train Loss: 3989816.7500 (base: 367.9014, kd: 7978.8979), Elapsed: train 2.95 test 0.53
09/04/2026,21:34:45: 	Recall@10: 0.06215 Recall@20: 0.09005 NDCG@10: 0.03704 NDCG@20: 0.04466 
09/04/2026,21:34:45: 	Recall@10: 0.02417 Recall@20: 0.03791 NDCG@10: 0.01329 NDCG@20: 0.01704 
09/04/2026,21:34:45: Epoch [29/1000]
09/04/2026,21:34:45: Negative sampling...
09/04/2026,21:34:46: Model's personal time...
09/04/2026,21:34:46: Training...
09/04/2026,21:34:48: Evaluating...
09/04/2026,21:34:48: 	Train Loss: 3981778.2500 (base: 363.0906, kd: 7962.8301), Elapsed: train 2.85 test 0.47 *
09/04/2026,21:34:48: 	Recall@10: 0.06350 Recall@20: 0.09161 NDCG@10: 0.03748 NDCG@20: 0.04512 
09/04/2026,21:34:48: 	Recall@10: 0.02502 Recall@20: 0.03786 NDCG@10: 0.01377 NDCG@20: 0.01727 
09/04/2026,21:34:48: Epoch [30/1000]
09/04/2026,21:34:48: Negative sampling...
09/04/2026,21:34:49: Model's personal time...
09/04/2026,21:34:50: Training...
09/04/2026,21:34:51: Evaluating...
09/04/2026,21:34:51: 	Train Loss: 3974645.7500 (base: 357.4689, kd: 7948.5762), Elapsed: train 2.69 test 0.51 *
09/04/2026,21:34:51: 	Recall@10: 0.06340 Recall@20: 0.09101 NDCG@10: 0.03768 NDCG@20: 0.04524 
09/04/2026,21:34:51: 	Recall@10: 0.02488 Recall@20: 0.03814 NDCG@10: 0.01373 NDCG@20: 0.01733 
09/04/2026,21:34:51: Epoch [31/1000]
09/04/2026,21:34:51: Negative sampling...
09/04/2026,21:34:53: Model's personal time...
09/04/2026,21:34:53: Training...
09/04/2026,21:34:54: Evaluating...
09/04/2026,21:34:55: 	Train Loss: 3966570.0000 (base: 348.4162, kd: 7932.4429), Elapsed: train 2.74 test 0.61 *
09/04/2026,21:34:55: 	Recall@10: 0.06339 Recall@20: 0.09172 NDCG@10: 0.03789 NDCG@20: 0.04558 
09/04/2026,21:34:55: 	Recall@10: 0.02489 Recall@20: 0.03825 NDCG@10: 0.01386 NDCG@20: 0.01745 
09/04/2026,21:34:55: Epoch [32/1000]
09/04/2026,21:34:55: Negative sampling...
09/04/2026,21:34:56: Model's personal time...
09/04/2026,21:34:56: Training...
09/04/2026,21:34:58: Evaluating...
09/04/2026,21:34:58: 	Train Loss: 3962367.2500 (base: 343.1753, kd: 7924.0483), Elapsed: train 2.92 test 0.53
09/04/2026,21:34:58: 	Recall@10: 0.06273 Recall@20: 0.09068 NDCG@10: 0.03750 NDCG@20: 0.04519 
09/04/2026,21:34:58: 	Recall@10: 0.02488 Recall@20: 0.03907 NDCG@10: 0.01392 NDCG@20: 0.01779 
09/04/2026,21:34:58: Epoch [33/1000]
09/04/2026,21:34:58: Negative sampling...
09/04/2026,21:34:59: Model's personal time...
09/04/2026,21:35:00: Training...
09/04/2026,21:35:01: Evaluating...
09/04/2026,21:35:01: 	Train Loss: 3954815.2500 (base: 334.4639, kd: 7908.9614), Elapsed: train 2.65 test 0.49 *
09/04/2026,21:35:01: 	Recall@10: 0.06318 Recall@20: 0.09197 NDCG@10: 0.03779 NDCG@20: 0.04567 
09/04/2026,21:35:01: 	Recall@10: 0.02460 Recall@20: 0.03885 NDCG@10: 0.01384 NDCG@20: 0.01774 
09/04/2026,21:35:01: Epoch [34/1000]
09/04/2026,21:35:01: Negative sampling...
09/04/2026,21:35:03: Model's personal time...
09/04/2026,21:35:03: Training...
09/04/2026,21:35:04: Evaluating...
09/04/2026,21:35:04: 	Train Loss: 3949952.5000 (base: 331.6984, kd: 7899.2407), Elapsed: train 2.75 test 0.48 *
09/04/2026,21:35:04: 	Recall@10: 0.06413 Recall@20: 0.09250 NDCG@10: 0.03817 NDCG@20: 0.04595 
09/04/2026,21:35:04: 	Recall@10: 0.02475 Recall@20: 0.03928 NDCG@10: 0.01382 NDCG@20: 0.01775 
09/04/2026,21:35:04: Epoch [35/1000]
09/04/2026,21:35:04: Negative sampling...
09/04/2026,21:35:06: Model's personal time...
09/04/2026,21:35:06: Training...
09/04/2026,21:35:07: Evaluating...
09/04/2026,21:35:07: 	Train Loss: 3945419.7500 (base: 326.1540, kd: 7890.1875), Elapsed: train 2.62 test 0.41
09/04/2026,21:35:07: 	Recall@10: 0.06348 Recall@20: 0.09116 NDCG@10: 0.03800 NDCG@20: 0.04563 
09/04/2026,21:35:07: 	Recall@10: 0.02496 Recall@20: 0.03966 NDCG@10: 0.01396 NDCG@20: 0.01793 
09/04/2026,21:35:07: Epoch [36/1000]
09/04/2026,21:35:07: Negative sampling...
09/04/2026,21:35:09: Model's personal time...
09/04/2026,21:35:09: Training...
09/04/2026,21:35:10: Evaluating...
09/04/2026,21:35:10: 	Train Loss: 3941421.7500 (base: 321.4185, kd: 7882.2002), Elapsed: train 2.60 test 0.42
09/04/2026,21:35:10: 	Recall@10: 0.06466 Recall@20: 0.09042 NDCG@10: 0.03823 NDCG@20: 0.04535 
09/04/2026,21:35:10: 	Recall@10: 0.02464 Recall@20: 0.03898 NDCG@10: 0.01396 NDCG@20: 0.01793 
09/04/2026,21:35:10: Epoch [37/1000]
09/04/2026,21:35:10: Negative sampling...
09/04/2026,21:35:12: Model's personal time...
09/04/2026,21:35:12: Training...
09/04/2026,21:35:13: Evaluating...
09/04/2026,21:35:13: 	Train Loss: 3935266.7500 (base: 313.7850, kd: 7869.9062), Elapsed: train 2.53 test 0.43
09/04/2026,21:35:13: 	Recall@10: 0.06562 Recall@20: 0.09145 NDCG@10: 0.03886 NDCG@20: 0.04591 
09/04/2026,21:35:13: 	Recall@10: 0.02393 Recall@20: 0.03934 NDCG@10: 0.01379 NDCG@20: 0.01805 
09/04/2026,21:35:13: Epoch [38/1000]
09/04/2026,21:35:13: Negative sampling...
09/04/2026,21:35:15: Model's personal time...
09/04/2026,21:35:15: Training...
09/04/2026,21:35:16: Evaluating...
09/04/2026,21:35:16: 	Train Loss: 3931691.0000 (base: 311.4257, kd: 7862.7588), Elapsed: train 2.55 test 0.41 *
09/04/2026,21:35:16: 	Recall@10: 0.06499 Recall@20: 0.09273 NDCG@10: 0.03871 NDCG@20: 0.04629 
09/04/2026,21:35:16: 	Recall@10: 0.02455 Recall@20: 0.03917 NDCG@10: 0.01390 NDCG@20: 0.01793 
09/04/2026,21:35:16: Epoch [39/1000]
09/04/2026,21:35:16: Negative sampling...
09/04/2026,21:35:18: Model's personal time...
09/04/2026,21:35:18: Training...
09/04/2026,21:35:19: Evaluating...
09/04/2026,21:35:19: 	Train Loss: 3928550.5000 (base: 306.7198, kd: 7856.4883), Elapsed: train 2.70 test 0.43
09/04/2026,21:35:19: 	Recall@10: 0.06401 Recall@20: 0.09115 NDCG@10: 0.03827 NDCG@20: 0.04575 
09/04/2026,21:35:19: 	Recall@10: 0.02461 Recall@20: 0.03909 NDCG@10: 0.01402 NDCG@20: 0.01805 
09/04/2026,21:35:19: Epoch [40/1000]
09/04/2026,21:35:19: Negative sampling...
09/04/2026,21:35:21: Model's personal time...
09/04/2026,21:35:21: Training...
09/04/2026,21:35:22: Evaluating...
09/04/2026,21:35:23: 	Train Loss: 3925170.7500 (base: 302.8134, kd: 7849.7363), Elapsed: train 2.55 test 0.47
09/04/2026,21:35:23: 	Recall@10: 0.06480 Recall@20: 0.09212 NDCG@10: 0.03862 NDCG@20: 0.04612 
09/04/2026,21:35:23: 	Recall@10: 0.02446 Recall@20: 0.03909 NDCG@10: 0.01398 NDCG@20: 0.01806 
09/04/2026,21:35:23: Epoch [41/1000]
09/04/2026,21:35:23: Negative sampling...
09/04/2026,21:35:24: Model's personal time...
09/04/2026,21:35:24: Training...
09/04/2026,21:35:25: Evaluating...
09/04/2026,21:35:25: 	Train Loss: 3919634.7500 (base: 296.9160, kd: 7838.6758), Elapsed: train 2.52 test 0.41 *
09/04/2026,21:35:25: 	Recall@10: 0.06572 Recall@20: 0.09218 NDCG@10: 0.03923 NDCG@20: 0.04646 
09/04/2026,21:35:25: 	Recall@10: 0.02468 Recall@20: 0.03943 NDCG@10: 0.01409 NDCG@20: 0.01814 
09/04/2026,21:35:25: Epoch [42/1000]
09/04/2026,21:35:25: Negative sampling...
09/04/2026,21:35:27: Model's personal time...
09/04/2026,21:35:27: Training...
09/04/2026,21:35:28: Evaluating...
09/04/2026,21:35:28: 	Train Loss: 3917957.7500 (base: 296.3679, kd: 7835.3228), Elapsed: train 2.45 test 0.47
09/04/2026,21:35:28: 	Recall@10: 0.06562 Recall@20: 0.09169 NDCG@10: 0.03908 NDCG@20: 0.04623 
09/04/2026,21:35:28: 	Recall@10: 0.02419 Recall@20: 0.03924 NDCG@10: 0.01396 NDCG@20: 0.01817 
09/04/2026,21:35:28: Epoch [43/1000]
09/04/2026,21:35:28: Negative sampling...
09/04/2026,21:35:30: Model's personal time...
09/04/2026,21:35:30: Training...
09/04/2026,21:35:31: Evaluating...
09/04/2026,21:35:31: 	Train Loss: 3915250.5000 (base: 292.0294, kd: 7829.9170), Elapsed: train 2.55 test 0.47
09/04/2026,21:35:31: 	Recall@10: 0.06549 Recall@20: 0.09083 NDCG@10: 0.03877 NDCG@20: 0.04579 
09/04/2026,21:35:31: 	Recall@10: 0.02355 Recall@20: 0.03964 NDCG@10: 0.01367 NDCG@20: 0.01813 
09/04/2026,21:35:31: Epoch [44/1000]
09/04/2026,21:35:31: Negative sampling...
09/04/2026,21:35:33: Model's personal time...
09/04/2026,21:35:33: Training...
09/04/2026,21:35:34: Evaluating...
09/04/2026,21:35:34: 	Train Loss: 3908678.7500 (base: 283.8841, kd: 7816.7900), Elapsed: train 2.66 test 0.43
09/04/2026,21:35:34: 	Recall@10: 0.06641 Recall@20: 0.09095 NDCG@10: 0.03917 NDCG@20: 0.04597 
09/04/2026,21:35:34: 	Recall@10: 0.02403 Recall@20: 0.04034 NDCG@10: 0.01391 NDCG@20: 0.01843 
09/04/2026,21:35:34: Epoch [45/1000]
09/04/2026,21:35:34: Negative sampling...
09/04/2026,21:35:36: Model's personal time...
09/04/2026,21:35:36: Training...
09/04/2026,21:35:37: Evaluating...
09/04/2026,21:35:38: 	Train Loss: 3907386.0000 (base: 282.7443, kd: 7814.2065), Elapsed: train 2.60 test 0.49
09/04/2026,21:35:38: 	Recall@10: 0.06682 Recall@20: 0.09157 NDCG@10: 0.03942 NDCG@20: 0.04627 
09/04/2026,21:35:38: 	Recall@10: 0.02430 Recall@20: 0.04029 NDCG@10: 0.01411 NDCG@20: 0.01852 
09/04/2026,21:35:38: Epoch [46/1000]
09/04/2026,21:35:38: Negative sampling...
09/04/2026,21:35:39: Model's personal time...
09/04/2026,21:35:39: Training...
09/04/2026,21:35:40: Evaluating...
09/04/2026,21:35:41: 	Train Loss: 3905111.0000 (base: 278.3543, kd: 7809.6655), Elapsed: train 2.55 test 0.52 *
09/04/2026,21:35:41: 	Recall@10: 0.06695 Recall@20: 0.09310 NDCG@10: 0.03948 NDCG@20: 0.04668 
09/04/2026,21:35:41: 	Recall@10: 0.02446 Recall@20: 0.03996 NDCG@10: 0.01405 NDCG@20: 0.01831 
09/04/2026,21:35:41: Epoch [47/1000]
09/04/2026,21:35:41: Negative sampling...
09/04/2026,21:35:42: Model's personal time...
09/04/2026,21:35:42: Training...
09/04/2026,21:35:43: Evaluating...
09/04/2026,21:35:44: 	Train Loss: 3902404.7500 (base: 271.1876, kd: 7804.2676), Elapsed: train 2.69 test 0.42 *
09/04/2026,21:35:44: 	Recall@10: 0.06664 Recall@20: 0.09312 NDCG@10: 0.03956 NDCG@20: 0.04691 
09/04/2026,21:35:44: 	Recall@10: 0.02465 Recall@20: 0.04055 NDCG@10: 0.01420 NDCG@20: 0.01854 
09/04/2026,21:35:44: Epoch [48/1000]
09/04/2026,21:35:44: Negative sampling...
09/04/2026,21:35:45: Model's personal time...
09/04/2026,21:35:45: Training...
09/04/2026,21:35:46: Evaluating...
09/04/2026,21:35:47: 	Train Loss: 3899994.0000 (base: 270.4133, kd: 7799.4478), Elapsed: train 2.49 test 0.40
09/04/2026,21:35:47: 	Recall@10: 0.06745 Recall@20: 0.09357 NDCG@10: 0.03951 NDCG@20: 0.04669 
09/04/2026,21:35:47: 	Recall@10: 0.02484 Recall@20: 0.04029 NDCG@10: 0.01419 NDCG@20: 0.01843 
09/04/2026,21:35:47: Epoch [49/1000]
09/04/2026,21:35:47: Negative sampling...
09/04/2026,21:35:48: Model's personal time...
09/04/2026,21:35:48: Training...
09/04/2026,21:35:49: Evaluating...
09/04/2026,21:35:50: 	Train Loss: 3898022.5000 (base: 265.1649, kd: 7795.5146), Elapsed: train 2.46 test 0.42
09/04/2026,21:35:50: 	Recall@10: 0.06637 Recall@20: 0.09312 NDCG@10: 0.03937 NDCG@20: 0.04681 
09/04/2026,21:35:50: 	Recall@10: 0.02511 Recall@20: 0.04024 NDCG@10: 0.01426 NDCG@20: 0.01838 
09/04/2026,21:35:50: Epoch [50/1000]
09/04/2026,21:35:50: Negative sampling...
09/04/2026,21:35:51: Model's personal time...
09/04/2026,21:35:51: Training...
09/04/2026,21:35:52: Evaluating...
09/04/2026,21:35:52: 	Train Loss: 3894786.0000 (base: 262.9622, kd: 7789.0464), Elapsed: train 2.51 test 0.42 *
09/04/2026,21:35:52: 	Recall@10: 0.06654 Recall@20: 0.09383 NDCG@10: 0.03967 NDCG@20: 0.04722 
09/04/2026,21:35:52: 	Recall@10: 0.02542 Recall@20: 0.03986 NDCG@10: 0.01446 NDCG@20: 0.01841 
09/04/2026,21:35:52: Epoch [51/1000]
09/04/2026,21:35:52: Negative sampling...
09/04/2026,21:35:54: Model's personal time...
09/04/2026,21:35:54: Training...
09/04/2026,21:35:55: Evaluating...
09/04/2026,21:35:56: 	Train Loss: 3892550.5000 (base: 256.9915, kd: 7784.5864), Elapsed: train 2.60 test 0.44
09/04/2026,21:35:56: 	Recall@10: 0.06751 Recall@20: 0.09213 NDCG@10: 0.04012 NDCG@20: 0.04696 
09/04/2026,21:35:56: 	Recall@10: 0.02500 Recall@20: 0.04007 NDCG@10: 0.01429 NDCG@20: 0.01841 
09/04/2026,21:35:56: Epoch [52/1000]
09/04/2026,21:35:56: Negative sampling...
09/04/2026,21:35:57: Model's personal time...
09/04/2026,21:35:57: Training...
09/04/2026,21:35:58: Evaluating...
09/04/2026,21:35:58: 	Train Loss: 3892395.0000 (base: 259.1438, kd: 7784.2715), Elapsed: train 2.50 test 0.43 *
09/04/2026,21:35:58: 	Recall@10: 0.06793 Recall@20: 0.09327 NDCG@10: 0.04038 NDCG@20: 0.04736 
09/04/2026,21:35:58: 	Recall@10: 0.02566 Recall@20: 0.04080 NDCG@10: 0.01455 NDCG@20: 0.01867 
09/04/2026,21:35:58: Epoch [53/1000]
09/04/2026,21:35:58: Negative sampling...
09/04/2026,21:36:00: Model's personal time...
09/04/2026,21:36:00: Training...
09/04/2026,21:36:01: Evaluating...
09/04/2026,21:36:02: 	Train Loss: 3889266.5000 (base: 253.3038, kd: 7778.0269), Elapsed: train 2.75 test 0.48
09/04/2026,21:36:02: 	Recall@10: 0.06847 Recall@20: 0.09250 NDCG@10: 0.04045 NDCG@20: 0.04711 
09/04/2026,21:36:02: 	Recall@10: 0.02542 Recall@20: 0.04041 NDCG@10: 0.01439 NDCG@20: 0.01849 
09/04/2026,21:36:02: Epoch [54/1000]
09/04/2026,21:36:02: Negative sampling...
09/04/2026,21:36:03: Model's personal time...
09/04/2026,21:36:03: Training...
09/04/2026,21:36:04: Evaluating...
09/04/2026,21:36:05: 	Train Loss: 3886900.2500 (base: 251.5144, kd: 7773.2969), Elapsed: train 2.68 test 0.46
09/04/2026,21:36:05: 	Recall@10: 0.06943 Recall@20: 0.09305 NDCG@10: 0.04061 NDCG@20: 0.04714 
09/04/2026,21:36:05: 	Recall@10: 0.02618 Recall@20: 0.04119 NDCG@10: 0.01453 NDCG@20: 0.01859 
09/04/2026,21:36:05: Epoch [55/1000]
09/04/2026,21:36:05: Negative sampling...
09/04/2026,21:36:06: Model's personal time...
09/04/2026,21:36:06: Training...
09/04/2026,21:36:08: Evaluating...
09/04/2026,21:36:08: 	Train Loss: 3885324.7500 (base: 243.1585, kd: 7770.1631), Elapsed: train 2.72 test 0.43
09/04/2026,21:36:08: 	Recall@10: 0.06806 Recall@20: 0.09198 NDCG@10: 0.04011 NDCG@20: 0.04676 
09/04/2026,21:36:08: 	Recall@10: 0.02607 Recall@20: 0.04063 NDCG@10: 0.01469 NDCG@20: 0.01860 
09/04/2026,21:36:08: Epoch [56/1000]
09/04/2026,21:36:08: Negative sampling...
09/04/2026,21:36:09: Model's personal time...
09/04/2026,21:36:10: Training...
09/04/2026,21:36:11: Evaluating...
09/04/2026,21:36:11: 	Train Loss: 3882931.7500 (base: 244.4372, kd: 7765.3750), Elapsed: train 2.64 test 0.41
09/04/2026,21:36:11: 	Recall@10: 0.06854 Recall@20: 0.09293 NDCG@10: 0.04024 NDCG@20: 0.04688 
09/04/2026,21:36:11: 	Recall@10: 0.02611 Recall@20: 0.04083 NDCG@10: 0.01455 NDCG@20: 0.01850 
09/04/2026,21:36:11: Epoch [57/1000]
09/04/2026,21:36:11: Negative sampling...
09/04/2026,21:36:12: Model's personal time...
09/04/2026,21:36:13: Training...
09/04/2026,21:36:14: Evaluating...
09/04/2026,21:36:14: 	Train Loss: 3881078.5000 (base: 242.9945, kd: 7761.6709), Elapsed: train 2.54 test 0.42
09/04/2026,21:36:14: 	Recall@10: 0.06777 Recall@20: 0.09343 NDCG@10: 0.04016 NDCG@20: 0.04722 
09/04/2026,21:36:14: 	Recall@10: 0.02592 Recall@20: 0.04114 NDCG@10: 0.01457 NDCG@20: 0.01866 
09/04/2026,21:36:14: Epoch [58/1000]
09/04/2026,21:36:14: Negative sampling...
09/04/2026,21:36:15: Model's personal time...
09/04/2026,21:36:15: Training...
09/04/2026,21:36:17: Evaluating...
09/04/2026,21:36:17: 	Train Loss: 3880737.5000 (base: 241.5890, kd: 7760.9917), Elapsed: train 2.52 test 0.56
09/04/2026,21:36:17: 	Recall@10: 0.06749 Recall@20: 0.09333 NDCG@10: 0.04002 NDCG@20: 0.04717 
09/04/2026,21:36:17: 	Recall@10: 0.02592 Recall@20: 0.04100 NDCG@10: 0.01453 NDCG@20: 0.01860 
09/04/2026,21:36:17: Epoch [59/1000]
09/04/2026,21:36:17: Negative sampling...
09/04/2026,21:36:18: Model's personal time...
09/04/2026,21:36:19: Training...
09/04/2026,21:36:20: Evaluating...
09/04/2026,21:36:20: 	Train Loss: 3877873.2500 (base: 235.6716, kd: 7755.2754), Elapsed: train 2.63 test 0.42 *
09/04/2026,21:36:20: 	Recall@10: 0.06827 Recall@20: 0.09437 NDCG@10: 0.04018 NDCG@20: 0.04737 
09/04/2026,21:36:20: 	Recall@10: 0.02628 Recall@20: 0.04120 NDCG@10: 0.01460 NDCG@20: 0.01860 
09/04/2026,21:36:20: Epoch [60/1000]
09/04/2026,21:36:20: Negative sampling...
09/04/2026,21:36:22: Model's personal time...
09/04/2026,21:36:22: Training...
09/04/2026,21:36:23: Evaluating...
09/04/2026,21:36:24: 	Train Loss: 3877364.7500 (base: 236.2449, kd: 7754.2573), Elapsed: train 3.10 test 0.43 *
09/04/2026,21:36:24: 	Recall@10: 0.06840 Recall@20: 0.09507 NDCG@10: 0.04011 NDCG@20: 0.04741 
09/04/2026,21:36:24: 	Recall@10: 0.02621 Recall@20: 0.04084 NDCG@10: 0.01473 NDCG@20: 0.01870 
09/04/2026,21:36:24: Epoch [61/1000]
09/04/2026,21:36:24: Negative sampling...
09/04/2026,21:36:25: Model's personal time...
09/04/2026,21:36:25: Training...
09/04/2026,21:36:26: Evaluating...
09/04/2026,21:36:27: 	Train Loss: 3875057.2500 (base: 229.9730, kd: 7749.6543), Elapsed: train 2.79 test 0.48 *
09/04/2026,21:36:27: 	Recall@10: 0.06922 Recall@20: 0.09507 NDCG@10: 0.04036 NDCG@20: 0.04741 
09/04/2026,21:36:27: 	Recall@10: 0.02639 Recall@20: 0.04176 NDCG@10: 0.01471 NDCG@20: 0.01886 
09/04/2026,21:36:27: Epoch [62/1000]
09/04/2026,21:36:27: Negative sampling...
09/04/2026,21:36:28: Model's personal time...
09/04/2026,21:36:29: Training...
09/04/2026,21:36:30: Evaluating...
09/04/2026,21:36:30: 	Train Loss: 3873689.0000 (base: 228.6540, kd: 7746.9209), Elapsed: train 2.77 test 0.52
09/04/2026,21:36:30: 	Recall@10: 0.06874 Recall@20: 0.09452 NDCG@10: 0.04023 NDCG@20: 0.04727 
09/04/2026,21:36:30: 	Recall@10: 0.02552 Recall@20: 0.04112 NDCG@10: 0.01441 NDCG@20: 0.01865 
09/04/2026,21:36:30: Epoch [63/1000]
09/04/2026,21:36:30: Negative sampling...
09/04/2026,21:36:32: Model's personal time...
09/04/2026,21:36:32: Training...
09/04/2026,21:36:33: Evaluating...
09/04/2026,21:36:33: 	Train Loss: 3872888.0000 (base: 224.6953, kd: 7745.3262), Elapsed: train 2.80 test 0.46 *
09/04/2026,21:36:33: 	Recall@10: 0.06788 Recall@20: 0.09529 NDCG@10: 0.04017 NDCG@20: 0.04771 
09/04/2026,21:36:33: 	Recall@10: 0.02601 Recall@20: 0.04160 NDCG@10: 0.01463 NDCG@20: 0.01882 
09/04/2026,21:36:33: Epoch [64/1000]
09/04/2026,21:36:33: Negative sampling...
09/04/2026,21:36:35: Model's personal time...
09/04/2026,21:36:35: Training...
09/04/2026,21:36:36: Evaluating...
09/04/2026,21:36:37: 	Train Loss: 3870042.7500 (base: 222.1506, kd: 7739.6416), Elapsed: train 2.84 test 0.51
09/04/2026,21:36:37: 	Recall@10: 0.06828 Recall@20: 0.09600 NDCG@10: 0.04008 NDCG@20: 0.04766 
09/04/2026,21:36:37: 	Recall@10: 0.02566 Recall@20: 0.04168 NDCG@10: 0.01460 NDCG@20: 0.01898 
09/04/2026,21:36:37: Epoch [65/1000]
09/04/2026,21:36:37: Negative sampling...
09/04/2026,21:36:38: Model's personal time...
09/04/2026,21:36:38: Training...
09/04/2026,21:36:40: Evaluating...
09/04/2026,21:36:40: 	Train Loss: 3870286.5000 (base: 220.2963, kd: 7740.1323), Elapsed: train 2.67 test 0.53
09/04/2026,21:36:40: 	Recall@10: 0.06864 Recall@20: 0.09597 NDCG@10: 0.04007 NDCG@20: 0.04748 
09/04/2026,21:36:40: 	Recall@10: 0.02591 Recall@20: 0.04123 NDCG@10: 0.01459 NDCG@20: 0.01879 
09/04/2026,21:36:40: Epoch [66/1000]
09/04/2026,21:36:40: Negative sampling...
09/04/2026,21:36:42: Model's personal time...
09/04/2026,21:36:42: Training...
09/04/2026,21:36:43: Evaluating...
09/04/2026,21:36:44: 	Train Loss: 3868834.5000 (base: 219.3348, kd: 7737.2305), Elapsed: train 3.18 test 0.55
09/04/2026,21:36:44: 	Recall@10: 0.06822 Recall@20: 0.09556 NDCG@10: 0.03989 NDCG@20: 0.04730 
09/04/2026,21:36:44: 	Recall@10: 0.02583 Recall@20: 0.04091 NDCG@10: 0.01462 NDCG@20: 0.01871 
09/04/2026,21:36:44: Epoch [67/1000]
09/04/2026,21:36:44: Negative sampling...
09/04/2026,21:36:45: Model's personal time...
09/04/2026,21:36:45: Training...
09/04/2026,21:36:47: Evaluating...
09/04/2026,21:36:47: 	Train Loss: 3866322.7500 (base: 217.4065, kd: 7732.2114), Elapsed: train 2.91 test 0.49
09/04/2026,21:36:47: 	Recall@10: 0.06835 Recall@20: 0.09546 NDCG@10: 0.03992 NDCG@20: 0.04733 
09/04/2026,21:36:47: 	Recall@10: 0.02545 Recall@20: 0.04148 NDCG@10: 0.01453 NDCG@20: 0.01887 
09/04/2026,21:36:47: Epoch [68/1000]
09/04/2026,21:36:47: Negative sampling...
09/04/2026,21:36:49: Model's personal time...
09/04/2026,21:36:49: Training...
09/04/2026,21:36:50: Evaluating...
09/04/2026,21:36:50: 	Train Loss: 3866223.2500 (base: 213.2473, kd: 7732.0195), Elapsed: train 2.80 test 0.51
09/04/2026,21:36:50: 	Recall@10: 0.06856 Recall@20: 0.09558 NDCG@10: 0.04014 NDCG@20: 0.04750 
09/04/2026,21:36:50: 	Recall@10: 0.02583 Recall@20: 0.04128 NDCG@10: 0.01464 NDCG@20: 0.01884 
09/04/2026,21:36:50: Epoch [69/1000]
09/04/2026,21:36:50: Negative sampling...
09/04/2026,21:36:52: Model's personal time...
09/04/2026,21:36:52: Training...
09/04/2026,21:36:53: Evaluating...
09/04/2026,21:36:54: 	Train Loss: 3865000.0000 (base: 212.1537, kd: 7729.5762), Elapsed: train 2.74 test 0.42
09/04/2026,21:36:54: 	Recall@10: 0.06848 Recall@20: 0.09570 NDCG@10: 0.04016 NDCG@20: 0.04756 
09/04/2026,21:36:54: 	Recall@10: 0.02561 Recall@20: 0.04099 NDCG@10: 0.01455 NDCG@20: 0.01876 
09/04/2026,21:36:54: Epoch [70/1000]
09/04/2026,21:36:54: Negative sampling...
09/04/2026,21:36:55: Model's personal time...
09/04/2026,21:36:55: Training...
09/04/2026,21:36:56: Evaluating...
09/04/2026,21:36:57: 	Train Loss: 3862632.5000 (base: 208.7349, kd: 7724.8477), Elapsed: train 2.68 test 0.56 *
09/04/2026,21:36:57: 	Recall@10: 0.06877 Recall@20: 0.09648 NDCG@10: 0.04017 NDCG@20: 0.04773 
09/04/2026,21:36:57: 	Recall@10: 0.02569 Recall@20: 0.04181 NDCG@10: 0.01462 NDCG@20: 0.01901 
09/04/2026,21:36:57: Epoch [71/1000]
09/04/2026,21:36:57: Negative sampling...
09/04/2026,21:36:58: Model's personal time...
09/04/2026,21:36:59: Training...
09/04/2026,21:37:00: Evaluating...
09/04/2026,21:37:00: 	Train Loss: 3863095.5000 (base: 209.7101, kd: 7725.7715), Elapsed: train 2.74 test 0.49
09/04/2026,21:37:00: 	Recall@10: 0.06877 Recall@20: 0.09613 NDCG@10: 0.04016 NDCG@20: 0.04761 
09/04/2026,21:37:00: 	Recall@10: 0.02569 Recall@20: 0.04139 NDCG@10: 0.01452 NDCG@20: 0.01881 
09/04/2026,21:37:00: Epoch [72/1000]
09/04/2026,21:37:00: Negative sampling...
09/04/2026,21:37:02: Model's personal time...
09/04/2026,21:37:02: Training...
09/04/2026,21:37:03: Evaluating...
09/04/2026,21:37:04: 	Train Loss: 3861610.7500 (base: 206.6261, kd: 7722.8086), Elapsed: train 3.00 test 0.47
09/04/2026,21:37:04: 	Recall@10: 0.06797 Recall@20: 0.09611 NDCG@10: 0.03986 NDCG@20: 0.04751 
09/04/2026,21:37:04: 	Recall@10: 0.02571 Recall@20: 0.04171 NDCG@10: 0.01457 NDCG@20: 0.01894 
09/04/2026,21:37:04: Epoch [73/1000]
09/04/2026,21:37:04: Negative sampling...
09/04/2026,21:37:05: Model's personal time...
09/04/2026,21:37:05: Training...
09/04/2026,21:37:06: Evaluating...
09/04/2026,21:37:07: 	Train Loss: 3861656.0000 (base: 202.4349, kd: 7722.9072), Elapsed: train 2.82 test 0.49
09/04/2026,21:37:07: 	Recall@10: 0.06831 Recall@20: 0.09589 NDCG@10: 0.03990 NDCG@20: 0.04743 
09/04/2026,21:37:07: 	Recall@10: 0.02566 Recall@20: 0.04119 NDCG@10: 0.01453 NDCG@20: 0.01877 
09/04/2026,21:37:07: Epoch [74/1000]
09/04/2026,21:37:07: Negative sampling...
09/04/2026,21:37:08: Model's personal time...
09/04/2026,21:37:08: Training...
09/04/2026,21:37:10: Evaluating...
09/04/2026,21:37:10: 	Train Loss: 3860754.7500 (base: 204.8106, kd: 7721.1001), Elapsed: train 2.72 test 0.42
09/04/2026,21:37:10: 	Recall@10: 0.06857 Recall@20: 0.09643 NDCG@10: 0.04006 NDCG@20: 0.04770 
09/04/2026,21:37:10: 	Recall@10: 0.02526 Recall@20: 0.04214 NDCG@10: 0.01446 NDCG@20: 0.01908 
09/04/2026,21:37:10: Epoch [75/1000]
09/04/2026,21:37:10: Negative sampling...
09/04/2026,21:37:11: Model's personal time...
09/04/2026,21:37:12: Training...
09/04/2026,21:37:13: Evaluating...
09/04/2026,21:37:13: 	Train Loss: 3859307.7500 (base: 199.3505, kd: 7718.2168), Elapsed: train 2.69 test 0.42 *
09/04/2026,21:37:13: 	Recall@10: 0.06913 Recall@20: 0.09686 NDCG@10: 0.04030 NDCG@20: 0.04782 
09/04/2026,21:37:13: 	Recall@10: 0.02536 Recall@20: 0.04170 NDCG@10: 0.01458 NDCG@20: 0.01901 
09/04/2026,21:37:13: Epoch [76/1000]
09/04/2026,21:37:13: Negative sampling...
09/04/2026,21:37:15: Model's personal time...
09/04/2026,21:37:15: Training...
09/04/2026,21:37:16: Evaluating...
09/04/2026,21:37:16: 	Train Loss: 3856726.2500 (base: 197.8266, kd: 7713.0566), Elapsed: train 2.55 test 0.43
09/04/2026,21:37:16: 	Recall@10: 0.06865 Recall@20: 0.09638 NDCG@10: 0.03991 NDCG@20: 0.04747 
09/04/2026,21:37:16: 	Recall@10: 0.02507 Recall@20: 0.04130 NDCG@10: 0.01429 NDCG@20: 0.01874 
09/04/2026,21:37:16: Epoch [77/1000]
09/04/2026,21:37:16: Negative sampling...
09/04/2026,21:37:17: Model's personal time...
09/04/2026,21:37:18: Training...
09/04/2026,21:37:19: Evaluating...
09/04/2026,21:37:19: 	Train Loss: 3857012.7500 (base: 199.5633, kd: 7713.6260), Elapsed: train 2.50 test 0.42 *
09/04/2026,21:37:19: 	Recall@10: 0.06805 Recall@20: 0.09735 NDCG@10: 0.03990 NDCG@20: 0.04790 
09/04/2026,21:37:19: 	Recall@10: 0.02536 Recall@20: 0.04167 NDCG@10: 0.01440 NDCG@20: 0.01884 
09/04/2026,21:37:19: Epoch [78/1000]
09/04/2026,21:37:19: Negative sampling...
09/04/2026,21:37:20: Model's personal time...
09/04/2026,21:37:21: Training...
09/04/2026,21:37:22: Evaluating...
09/04/2026,21:37:22: 	Train Loss: 3855149.7500 (base: 195.8052, kd: 7709.9082), Elapsed: train 2.55 test 0.47
09/04/2026,21:37:22: 	Recall@10: 0.06854 Recall@20: 0.09682 NDCG@10: 0.03999 NDCG@20: 0.04770 
09/04/2026,21:37:22: 	Recall@10: 0.02545 Recall@20: 0.04184 NDCG@10: 0.01433 NDCG@20: 0.01877 
09/04/2026,21:37:22: Epoch [79/1000]
09/04/2026,21:37:22: Negative sampling...
09/04/2026,21:37:23: Model's personal time...
09/04/2026,21:37:24: Training...
09/04/2026,21:37:25: Evaluating...
09/04/2026,21:37:25: 	Train Loss: 3854960.2500 (base: 195.1218, kd: 7709.5303), Elapsed: train 2.56 test 0.41
09/04/2026,21:37:25: 	Recall@10: 0.06872 Recall@20: 0.09710 NDCG@10: 0.04013 NDCG@20: 0.04785 
09/04/2026,21:37:25: 	Recall@10: 0.02570 Recall@20: 0.04153 NDCG@10: 0.01453 NDCG@20: 0.01881 
09/04/2026,21:37:25: Epoch [80/1000]
09/04/2026,21:37:25: Negative sampling...
09/04/2026,21:37:26: Model's personal time...
09/04/2026,21:37:27: Training...
09/04/2026,21:37:28: Evaluating...
09/04/2026,21:37:28: 	Train Loss: 3855586.0000 (base: 194.0815, kd: 7710.7837), Elapsed: train 2.61 test 0.52
09/04/2026,21:37:28: 	Recall@10: 0.06825 Recall@20: 0.09663 NDCG@10: 0.04009 NDCG@20: 0.04780 
09/04/2026,21:37:28: 	Recall@10: 0.02582 Recall@20: 0.04176 NDCG@10: 0.01454 NDCG@20: 0.01886 
09/04/2026,21:37:28: Epoch [81/1000]
09/04/2026,21:37:28: Negative sampling...
09/04/2026,21:37:30: Model's personal time...
09/04/2026,21:37:30: Training...
09/04/2026,21:37:31: Evaluating...
09/04/2026,21:37:31: 	Train Loss: 3855093.5000 (base: 188.5715, kd: 7709.8096), Elapsed: train 2.73 test 0.43
09/04/2026,21:37:31: 	Recall@10: 0.06808 Recall@20: 0.09649 NDCG@10: 0.04006 NDCG@20: 0.04781 
09/04/2026,21:37:31: 	Recall@10: 0.02552 Recall@20: 0.04214 NDCG@10: 0.01448 NDCG@20: 0.01899 
09/04/2026,21:37:31: Epoch [82/1000]
09/04/2026,21:37:31: Negative sampling...
09/04/2026,21:37:33: Model's personal time...
09/04/2026,21:37:33: Training...
09/04/2026,21:37:34: Evaluating...
09/04/2026,21:37:34: 	Train Loss: 3851667.5000 (base: 189.4915, kd: 7702.9565), Elapsed: train 2.61 test 0.41 *
09/04/2026,21:37:34: 	Recall@10: 0.06759 Recall@20: 0.09709 NDCG@10: 0.04019 NDCG@20: 0.04820 
09/04/2026,21:37:34: 	Recall@10: 0.02576 Recall@20: 0.04166 NDCG@10: 0.01444 NDCG@20: 0.01876 
09/04/2026,21:37:34: Epoch [83/1000]
09/04/2026,21:37:34: Negative sampling...
09/04/2026,21:37:36: Model's personal time...
09/04/2026,21:37:36: Training...
09/04/2026,21:37:37: Evaluating...
09/04/2026,21:37:37: 	Train Loss: 3852034.2500 (base: 187.0645, kd: 7703.6943), Elapsed: train 2.62 test 0.42
09/04/2026,21:37:37: 	Recall@10: 0.06872 Recall@20: 0.09635 NDCG@10: 0.04037 NDCG@20: 0.04789 
09/04/2026,21:37:37: 	Recall@10: 0.02595 Recall@20: 0.04199 NDCG@10: 0.01461 NDCG@20: 0.01895 
09/04/2026,21:37:37: Epoch [84/1000]
09/04/2026,21:37:37: Negative sampling...
09/04/2026,21:37:39: Model's personal time...
09/04/2026,21:37:39: Training...
09/04/2026,21:37:40: Evaluating...
09/04/2026,21:37:40: 	Train Loss: 3852904.5000 (base: 184.1626, kd: 7705.4404), Elapsed: train 2.63 test 0.43
09/04/2026,21:37:40: 	Recall@10: 0.06864 Recall@20: 0.09571 NDCG@10: 0.04023 NDCG@20: 0.04763 
09/04/2026,21:37:40: 	Recall@10: 0.02604 Recall@20: 0.04150 NDCG@10: 0.01454 NDCG@20: 0.01872 
09/04/2026,21:37:40: Epoch [85/1000]
09/04/2026,21:37:40: Negative sampling...
09/04/2026,21:37:42: Model's personal time...
09/04/2026,21:37:42: Training...
09/04/2026,21:37:43: Evaluating...
09/04/2026,21:37:43: 	Train Loss: 3849730.7500 (base: 184.2231, kd: 7699.0928), Elapsed: train 2.51 test 0.42
09/04/2026,21:37:43: 	Recall@10: 0.06850 Recall@20: 0.09595 NDCG@10: 0.04022 NDCG@20: 0.04775 
09/04/2026,21:37:43: 	Recall@10: 0.02606 Recall@20: 0.04106 NDCG@10: 0.01463 NDCG@20: 0.01872 
09/04/2026,21:37:43: Epoch [86/1000]
09/04/2026,21:37:43: Negative sampling...
09/04/2026,21:37:45: Model's personal time...
09/04/2026,21:37:45: Training...
09/04/2026,21:37:46: Evaluating...
09/04/2026,21:37:47: 	Train Loss: 3849835.7500 (base: 179.0544, kd: 7699.3130), Elapsed: train 2.77 test 0.41
09/04/2026,21:37:47: 	Recall@10: 0.06829 Recall@20: 0.09558 NDCG@10: 0.04006 NDCG@20: 0.04751 
09/04/2026,21:37:47: 	Recall@10: 0.02602 Recall@20: 0.04142 NDCG@10: 0.01473 NDCG@20: 0.01895 
09/04/2026,21:37:47: Epoch [87/1000]
09/04/2026,21:37:47: Negative sampling...
09/04/2026,21:37:48: Model's personal time...
09/04/2026,21:37:48: Training...
09/04/2026,21:37:49: Evaluating...
09/04/2026,21:37:49: 	Train Loss: 3848642.5000 (base: 178.8676, kd: 7696.9272), Elapsed: train 2.56 test 0.41
09/04/2026,21:37:49: 	Recall@10: 0.06796 Recall@20: 0.09641 NDCG@10: 0.04001 NDCG@20: 0.04780 
09/04/2026,21:37:49: 	Recall@10: 0.02624 Recall@20: 0.04170 NDCG@10: 0.01472 NDCG@20: 0.01893 
09/04/2026,21:37:49: Epoch [88/1000]
09/04/2026,21:37:49: Negative sampling...
09/04/2026,21:37:51: Model's personal time...
09/04/2026,21:37:51: Training...
09/04/2026,21:37:52: Evaluating...
09/04/2026,21:37:53: 	Train Loss: 3848465.0000 (base: 179.9158, kd: 7696.5698), Elapsed: train 2.61 test 0.49
09/04/2026,21:37:53: 	Recall@10: 0.06812 Recall@20: 0.09590 NDCG@10: 0.04021 NDCG@20: 0.04782 
09/04/2026,21:37:53: 	Recall@10: 0.02590 Recall@20: 0.04167 NDCG@10: 0.01464 NDCG@20: 0.01894 
09/04/2026,21:37:53: Epoch [89/1000]
09/04/2026,21:37:53: Negative sampling...
09/04/2026,21:37:54: Model's personal time...
09/04/2026,21:37:54: Training...
09/04/2026,21:37:55: Evaluating...
09/04/2026,21:37:56: 	Train Loss: 3847842.7500 (base: 181.5962, kd: 7695.3228), Elapsed: train 2.55 test 0.42
09/04/2026,21:37:56: 	Recall@10: 0.06759 Recall@20: 0.09624 NDCG@10: 0.03991 NDCG@20: 0.04772 
09/04/2026,21:37:56: 	Recall@10: 0.02494 Recall@20: 0.04087 NDCG@10: 0.01436 NDCG@20: 0.01875 
09/04/2026,21:37:56: Epoch [90/1000]
09/04/2026,21:37:56: Negative sampling...
09/04/2026,21:37:57: Model's personal time...
09/04/2026,21:37:57: Training...
09/04/2026,21:37:58: Evaluating...
09/04/2026,21:37:59: 	Train Loss: 3848126.0000 (base: 177.9359, kd: 7695.8965), Elapsed: train 2.58 test 0.41
09/04/2026,21:37:59: 	Recall@10: 0.06780 Recall@20: 0.09702 NDCG@10: 0.03995 NDCG@20: 0.04796 
09/04/2026,21:37:59: 	Recall@10: 0.02633 Recall@20: 0.04104 NDCG@10: 0.01483 NDCG@20: 0.01881 
09/04/2026,21:37:59: Epoch [91/1000]
09/04/2026,21:37:59: Negative sampling...
09/04/2026,21:38:00: Model's personal time...
09/04/2026,21:38:00: Training...
09/04/2026,21:38:01: Evaluating...
09/04/2026,21:38:02: 	Train Loss: 3847700.2500 (base: 175.6814, kd: 7695.0498), Elapsed: train 2.76 test 0.42
09/04/2026,21:38:02: 	Recall@10: 0.06776 Recall@20: 0.09636 NDCG@10: 0.04004 NDCG@20: 0.04782 
09/04/2026,21:38:02: 	Recall@10: 0.02652 Recall@20: 0.04132 NDCG@10: 0.01475 NDCG@20: 0.01876 
09/04/2026,21:38:02: Epoch [92/1000]
09/04/2026,21:38:02: Negative sampling...
09/04/2026,21:38:03: Model's personal time...
09/04/2026,21:38:03: Training...
09/04/2026,21:38:04: Evaluating...
09/04/2026,21:38:05: 	Train Loss: 3845936.0000 (base: 177.4228, kd: 7691.5171), Elapsed: train 2.60 test 0.45
09/04/2026,21:38:05: 	Recall@10: 0.06774 Recall@20: 0.09722 NDCG@10: 0.03991 NDCG@20: 0.04800 
09/04/2026,21:38:05: 	Recall@10: 0.02622 Recall@20: 0.04060 NDCG@10: 0.01462 NDCG@20: 0.01857 
09/04/2026,21:38:05: Epoch [93/1000]
09/04/2026,21:38:05: Negative sampling...
09/04/2026,21:38:06: Model's personal time...
09/04/2026,21:38:06: Training...
09/04/2026,21:38:07: Evaluating...
09/04/2026,21:38:08: 	Train Loss: 3844683.7500 (base: 170.7050, kd: 7689.0269), Elapsed: train 2.63 test 0.42
09/04/2026,21:38:08: 	Recall@10: 0.06815 Recall@20: 0.09677 NDCG@10: 0.03984 NDCG@20: 0.04767 
09/04/2026,21:38:08: 	Recall@10: 0.02568 Recall@20: 0.04136 NDCG@10: 0.01446 NDCG@20: 0.01873 
09/04/2026,21:38:08: Epoch [94/1000]
09/04/2026,21:38:08: Negative sampling...
09/04/2026,21:38:09: Model's personal time...
09/04/2026,21:38:09: Training...
09/04/2026,21:38:10: Evaluating...
09/04/2026,21:38:11: 	Train Loss: 3845329.0000 (base: 170.1945, kd: 7690.3174), Elapsed: train 2.63 test 0.42
09/04/2026,21:38:11: 	Recall@10: 0.06703 Recall@20: 0.09683 NDCG@10: 0.03963 NDCG@20: 0.04780 
09/04/2026,21:38:11: 	Recall@10: 0.02589 Recall@20: 0.04129 NDCG@10: 0.01451 NDCG@20: 0.01873 
09/04/2026,21:38:11: Epoch [95/1000]
09/04/2026,21:38:11: Negative sampling...
09/04/2026,21:38:12: Model's personal time...
09/04/2026,21:38:12: Training...
09/04/2026,21:38:14: Evaluating...
09/04/2026,21:38:14: 	Train Loss: 3844843.0000 (base: 171.8622, kd: 7689.3418), Elapsed: train 2.68 test 0.45
09/04/2026,21:38:14: 	Recall@10: 0.06702 Recall@20: 0.09650 NDCG@10: 0.03971 NDCG@20: 0.04773 
09/04/2026,21:38:14: 	Recall@10: 0.02581 Recall@20: 0.04140 NDCG@10: 0.01457 NDCG@20: 0.01881 
09/04/2026,21:38:14: Epoch [96/1000]
09/04/2026,21:38:14: Negative sampling...
09/04/2026,21:38:15: Model's personal time...
09/04/2026,21:38:16: Training...
09/04/2026,21:38:17: Evaluating...
09/04/2026,21:38:17: 	Train Loss: 3843287.7500 (base: 173.1774, kd: 7686.2295), Elapsed: train 2.58 test 0.41
09/04/2026,21:38:17: 	Recall@10: 0.06805 Recall@20: 0.09653 NDCG@10: 0.04029 NDCG@20: 0.04805 
09/04/2026,21:38:17: 	Recall@10: 0.02568 Recall@20: 0.04090 NDCG@10: 0.01442 NDCG@20: 0.01860 
09/04/2026,21:38:17: Epoch [97/1000]
09/04/2026,21:38:17: Negative sampling...
09/04/2026,21:38:18: Model's personal time...
09/04/2026,21:38:18: Training...
09/04/2026,21:38:20: Evaluating...
09/04/2026,21:38:20: 	Train Loss: 3844870.2500 (base: 171.9444, kd: 7689.3965), Elapsed: train 2.58 test 0.42
09/04/2026,21:38:20: 	Recall@10: 0.06708 Recall@20: 0.09665 NDCG@10: 0.03966 NDCG@20: 0.04772 
09/04/2026,21:38:20: 	Recall@10: 0.02634 Recall@20: 0.04071 NDCG@10: 0.01475 NDCG@20: 0.01867 
09/04/2026,21:38:20: Epoch [98/1000]
09/04/2026,21:38:20: Negative sampling...
09/04/2026,21:38:21: Model's personal time...
09/04/2026,21:38:22: Training...
09/04/2026,21:38:23: Evaluating...
09/04/2026,21:38:23: 	Train Loss: 3841925.2500 (base: 168.8558, kd: 7683.5127), Elapsed: train 2.59 test 0.42
09/04/2026,21:38:23: 	Recall@10: 0.06773 Recall@20: 0.09776 NDCG@10: 0.03974 NDCG@20: 0.04791 
09/04/2026,21:38:23: 	Recall@10: 0.02585 Recall@20: 0.04217 NDCG@10: 0.01451 NDCG@20: 0.01891 
09/04/2026,21:38:23: Epoch [99/1000]
09/04/2026,21:38:23: Negative sampling...
09/04/2026,21:38:24: Model's personal time...
09/04/2026,21:38:25: Training...
09/04/2026,21:38:26: Evaluating...
09/04/2026,21:38:26: 	Train Loss: 3842205.0000 (base: 166.1208, kd: 7684.0776), Elapsed: train 2.72 test 0.44
09/04/2026,21:38:26: 	Recall@10: 0.06860 Recall@20: 0.09729 NDCG@10: 0.04016 NDCG@20: 0.04795 
09/04/2026,21:38:26: 	Recall@10: 0.02600 Recall@20: 0.04151 NDCG@10: 0.01446 NDCG@20: 0.01863 
09/04/2026,21:38:26: Epoch [100/1000]
09/04/2026,21:38:26: Negative sampling...
09/04/2026,21:38:28: Model's personal time...
09/04/2026,21:38:28: Training...
09/04/2026,21:38:29: Evaluating...
09/04/2026,21:38:29: 	Train Loss: 3841927.7500 (base: 169.5273, kd: 7683.5166), Elapsed: train 2.65 test 0.41 *
09/04/2026,21:38:29: 	Recall@10: 0.06779 Recall@20: 0.09821 NDCG@10: 0.04035 NDCG@20: 0.04862 
09/04/2026,21:38:29: 	Recall@10: 0.02623 Recall@20: 0.04205 NDCG@10: 0.01465 NDCG@20: 0.01892 
09/04/2026,21:38:29: Epoch [101/1000]
09/04/2026,21:38:29: Negative sampling...
09/04/2026,21:38:31: Model's personal time...
09/04/2026,21:38:31: Training...
09/04/2026,21:38:32: Evaluating...
09/04/2026,21:38:32: 	Train Loss: 3840859.2500 (base: 164.8326, kd: 7681.3887), Elapsed: train 2.77 test 0.42
09/04/2026,21:38:32: 	Recall@10: 0.06783 Recall@20: 0.09767 NDCG@10: 0.03985 NDCG@20: 0.04790 
09/04/2026,21:38:32: 	Recall@10: 0.02591 Recall@20: 0.04160 NDCG@10: 0.01441 NDCG@20: 0.01865 
09/04/2026,21:38:32: Epoch [102/1000]
09/04/2026,21:38:32: Negative sampling...
09/04/2026,21:38:34: Model's personal time...
09/04/2026,21:38:34: Training...
09/04/2026,21:38:35: Evaluating...
09/04/2026,21:38:36: 	Train Loss: 3840563.7500 (base: 164.3169, kd: 7680.7988), Elapsed: train 2.69 test 0.45
09/04/2026,21:38:36: 	Recall@10: 0.06721 Recall@20: 0.09757 NDCG@10: 0.03980 NDCG@20: 0.04801 
09/04/2026,21:38:36: 	Recall@10: 0.02650 Recall@20: 0.04122 NDCG@10: 0.01464 NDCG@20: 0.01862 
09/04/2026,21:38:36: Epoch [103/1000]
09/04/2026,21:38:36: Negative sampling...
09/04/2026,21:38:37: Model's personal time...
09/04/2026,21:38:37: Training...
09/04/2026,21:38:38: Evaluating...
09/04/2026,21:38:39: 	Train Loss: 3841050.0000 (base: 166.3432, kd: 7681.7676), Elapsed: train 2.61 test 0.44
09/04/2026,21:38:39: 	Recall@10: 0.06711 Recall@20: 0.09670 NDCG@10: 0.03950 NDCG@20: 0.04752 
09/04/2026,21:38:39: 	Recall@10: 0.02609 Recall@20: 0.04213 NDCG@10: 0.01460 NDCG@20: 0.01893 
09/04/2026,21:38:39: Epoch [104/1000]
09/04/2026,21:38:39: Negative sampling...
09/04/2026,21:38:40: Model's personal time...
09/04/2026,21:38:40: Training...
09/04/2026,21:38:41: Evaluating...
09/04/2026,21:38:42: 	Train Loss: 3839677.7500 (base: 164.2535, kd: 7679.0269), Elapsed: train 2.82 test 0.45
09/04/2026,21:38:42: 	Recall@10: 0.06634 Recall@20: 0.09701 NDCG@10: 0.03945 NDCG@20: 0.04778 
09/04/2026,21:38:42: 	Recall@10: 0.02595 Recall@20: 0.04135 NDCG@10: 0.01444 NDCG@20: 0.01862 
09/04/2026,21:38:42: Epoch [105/1000]
09/04/2026,21:38:42: Negative sampling...
09/04/2026,21:38:43: Model's personal time...
09/04/2026,21:38:43: Training...
09/04/2026,21:38:45: Evaluating...
09/04/2026,21:38:45: 	Train Loss: 3839927.5000 (base: 162.3280, kd: 7679.5303), Elapsed: train 2.68 test 0.48
09/04/2026,21:38:45: 	Recall@10: 0.06750 Recall@20: 0.09697 NDCG@10: 0.03956 NDCG@20: 0.04748 
09/04/2026,21:38:45: 	Recall@10: 0.02542 Recall@20: 0.04188 NDCG@10: 0.01434 NDCG@20: 0.01881 
09/04/2026,21:38:45: Epoch [106/1000]
09/04/2026,21:38:45: Negative sampling...
09/04/2026,21:38:46: Model's personal time...
09/04/2026,21:38:47: Training...
09/04/2026,21:38:48: Evaluating...
09/04/2026,21:38:48: 	Train Loss: 3840090.0000 (base: 163.4568, kd: 7679.8525), Elapsed: train 2.80 test 0.50
09/04/2026,21:38:48: 	Recall@10: 0.06733 Recall@20: 0.09787 NDCG@10: 0.03957 NDCG@20: 0.04786 
09/04/2026,21:38:48: 	Recall@10: 0.02639 Recall@20: 0.04170 NDCG@10: 0.01464 NDCG@20: 0.01878 
09/04/2026,21:38:48: Epoch [107/1000]
09/04/2026,21:38:48: Negative sampling...
09/04/2026,21:38:50: Model's personal time...
09/04/2026,21:38:50: Training...
09/04/2026,21:38:51: Evaluating...
09/04/2026,21:38:52: 	Train Loss: 3838891.0000 (base: 160.3050, kd: 7677.4614), Elapsed: train 2.69 test 0.49
09/04/2026,21:38:52: 	Recall@10: 0.06809 Recall@20: 0.09766 NDCG@10: 0.04017 NDCG@20: 0.04815 
09/04/2026,21:38:52: 	Recall@10: 0.02636 Recall@20: 0.04157 NDCG@10: 0.01457 NDCG@20: 0.01868 
09/04/2026,21:38:52: Epoch [108/1000]
09/04/2026,21:38:52: Negative sampling...
09/04/2026,21:38:53: Model's personal time...
09/04/2026,21:38:53: Training...
09/04/2026,21:38:54: Evaluating...
09/04/2026,21:38:55: 	Train Loss: 3839110.5000 (base: 161.8239, kd: 7677.8979), Elapsed: train 2.83 test 0.47
09/04/2026,21:38:55: 	Recall@10: 0.06726 Recall@20: 0.09836 NDCG@10: 0.03960 NDCG@20: 0.04804 
09/04/2026,21:38:55: 	Recall@10: 0.02562 Recall@20: 0.04180 NDCG@10: 0.01433 NDCG@20: 0.01869 
09/04/2026,21:38:55: Epoch [109/1000]
09/04/2026,21:38:55: Negative sampling...
09/04/2026,21:38:56: Model's personal time...
09/04/2026,21:38:56: Training...
09/04/2026,21:38:58: Evaluating...
09/04/2026,21:38:58: 	Train Loss: 3837756.0000 (base: 162.2987, kd: 7675.1875), Elapsed: train 2.71 test 0.59
09/04/2026,21:38:58: 	Recall@10: 0.06601 Recall@20: 0.09733 NDCG@10: 0.03936 NDCG@20: 0.04786 
09/04/2026,21:38:58: 	Recall@10: 0.02571 Recall@20: 0.04137 NDCG@10: 0.01429 NDCG@20: 0.01856 
09/04/2026,21:38:58: Epoch [110/1000]
09/04/2026,21:38:58: Negative sampling...
09/04/2026,21:39:00: Model's personal time...
09/04/2026,21:39:00: Training...
09/04/2026,21:39:01: Evaluating...
09/04/2026,21:39:01: 	Train Loss: 3837484.2500 (base: 159.3133, kd: 7674.6499), Elapsed: train 2.65 test 0.43
09/04/2026,21:39:01: 	Recall@10: 0.06712 Recall@20: 0.09748 NDCG@10: 0.03977 NDCG@20: 0.04799 
09/04/2026,21:39:01: 	Recall@10: 0.02576 Recall@20: 0.04150 NDCG@10: 0.01439 NDCG@20: 0.01867 
09/04/2026,21:39:01: Epoch [111/1000]
09/04/2026,21:39:01: Negative sampling...
09/04/2026,21:39:03: Model's personal time...
09/04/2026,21:39:03: Training...
09/04/2026,21:39:04: Evaluating...
09/04/2026,21:39:04: 	Train Loss: 3836680.0000 (base: 158.5673, kd: 7673.0430), Elapsed: train 2.52 test 0.41
09/04/2026,21:39:04: 	Recall@10: 0.06544 Recall@20: 0.09818 NDCG@10: 0.03905 NDCG@20: 0.04795 
09/04/2026,21:39:04: 	Recall@10: 0.02539 Recall@20: 0.04091 NDCG@10: 0.01425 NDCG@20: 0.01851 
09/04/2026,21:39:04: Epoch [112/1000]
09/04/2026,21:39:04: Negative sampling...
09/04/2026,21:39:06: Model's personal time...
09/04/2026,21:39:06: Training...
09/04/2026,21:39:07: Evaluating...
09/04/2026,21:39:07: 	Train Loss: 3836521.5000 (base: 159.1140, kd: 7672.7241), Elapsed: train 2.59 test 0.42
09/04/2026,21:39:07: 	Recall@10: 0.06678 Recall@20: 0.09752 NDCG@10: 0.03926 NDCG@20: 0.04755 
09/04/2026,21:39:07: 	Recall@10: 0.02554 Recall@20: 0.04161 NDCG@10: 0.01435 NDCG@20: 0.01871 
09/04/2026,21:39:07: Epoch [113/1000]
09/04/2026,21:39:07: Negative sampling...
09/04/2026,21:39:09: Model's personal time...
09/04/2026,21:39:09: Training...
09/04/2026,21:39:10: Evaluating...
09/04/2026,21:39:10: 	Train Loss: 3834835.7500 (base: 153.9703, kd: 7669.3633), Elapsed: train 2.60 test 0.45
09/04/2026,21:39:10: 	Recall@10: 0.06611 Recall@20: 0.09837 NDCG@10: 0.03936 NDCG@20: 0.04810 
09/04/2026,21:39:10: 	Recall@10: 0.02509 Recall@20: 0.04225 NDCG@10: 0.01421 NDCG@20: 0.01884 
09/04/2026,21:39:10: Epoch [114/1000]
09/04/2026,21:39:10: Negative sampling...
09/04/2026,21:39:12: Model's personal time...
09/04/2026,21:39:12: Training...
09/04/2026,21:39:13: Evaluating...
09/04/2026,21:39:13: 	Train Loss: 3834931.7500 (base: 160.2337, kd: 7669.5430), Elapsed: train 2.58 test 0.43
09/04/2026,21:39:13: 	Recall@10: 0.06628 Recall@20: 0.09700 NDCG@10: 0.03935 NDCG@20: 0.04780 
09/04/2026,21:39:13: 	Recall@10: 0.02563 Recall@20: 0.04165 NDCG@10: 0.01433 NDCG@20: 0.01865 
09/04/2026,21:39:13: Epoch [115/1000]
09/04/2026,21:39:13: Negative sampling...
09/04/2026,21:39:15: Model's personal time...
09/04/2026,21:39:15: Training...
09/04/2026,21:39:16: Evaluating...
09/04/2026,21:39:16: 	Train Loss: 3835006.0000 (base: 157.4257, kd: 7669.6968), Elapsed: train 2.73 test 0.50
09/04/2026,21:39:16: 	Recall@10: 0.06737 Recall@20: 0.09750 NDCG@10: 0.03985 NDCG@20: 0.04807 
09/04/2026,21:39:16: 	Recall@10: 0.02555 Recall@20: 0.04123 NDCG@10: 0.01436 NDCG@20: 0.01860 
09/04/2026,21:39:16: Epoch [116/1000]
09/04/2026,21:39:16: Negative sampling...
09/04/2026,21:39:18: Model's personal time...
09/04/2026,21:39:18: Training...
09/04/2026,21:39:19: Evaluating...
09/04/2026,21:39:20: 	Train Loss: 3835385.7500 (base: 151.6179, kd: 7670.4678), Elapsed: train 2.94 test 0.45
09/04/2026,21:39:20: 	Recall@10: 0.06604 Recall@20: 0.09731 NDCG@10: 0.03962 NDCG@20: 0.04819 
09/04/2026,21:39:20: 	Recall@10: 0.02606 Recall@20: 0.04219 NDCG@10: 0.01445 NDCG@20: 0.01878 
09/04/2026,21:39:20: Epoch [117/1000]
09/04/2026,21:39:20: Negative sampling...
09/04/2026,21:39:21: Model's personal time...
09/04/2026,21:39:21: Training...
09/04/2026,21:39:23: Evaluating...
09/04/2026,21:39:23: 	Train Loss: 3835061.5000 (base: 155.2646, kd: 7669.8125), Elapsed: train 2.67 test 0.49
09/04/2026,21:39:23: 	Recall@10: 0.06736 Recall@20: 0.09803 NDCG@10: 0.03997 NDCG@20: 0.04822 
09/04/2026,21:39:23: 	Recall@10: 0.02620 Recall@20: 0.04265 NDCG@10: 0.01448 NDCG@20: 0.01891 
09/04/2026,21:39:23: Epoch [118/1000]
09/04/2026,21:39:23: Negative sampling...
09/04/2026,21:39:25: Model's personal time...
09/04/2026,21:39:25: Training...
09/04/2026,21:39:26: Evaluating...
09/04/2026,21:39:26: 	Train Loss: 3834057.7500 (base: 154.8515, kd: 7667.8062), Elapsed: train 2.87 test 0.51
09/04/2026,21:39:26: 	Recall@10: 0.06549 Recall@20: 0.09724 NDCG@10: 0.03915 NDCG@20: 0.04779 
09/04/2026,21:39:26: 	Recall@10: 0.02631 Recall@20: 0.04219 NDCG@10: 0.01461 NDCG@20: 0.01888 
09/04/2026,21:39:26: Epoch [119/1000]
09/04/2026,21:39:26: Negative sampling...
09/04/2026,21:39:28: Model's personal time...
09/04/2026,21:39:28: Training...
09/04/2026,21:39:29: Evaluating...
09/04/2026,21:39:30: 	Train Loss: 3833300.7500 (base: 152.8841, kd: 7666.2959), Elapsed: train 2.72 test 0.53
09/04/2026,21:39:30: 	Recall@10: 0.06622 Recall@20: 0.09770 NDCG@10: 0.03941 NDCG@20: 0.04795 
09/04/2026,21:39:30: 	Recall@10: 0.02667 Recall@20: 0.04248 NDCG@10: 0.01466 NDCG@20: 0.01891 
09/04/2026,21:39:30: Epoch [120/1000]
09/04/2026,21:39:30: Negative sampling...
09/04/2026,21:39:31: Model's personal time...
09/04/2026,21:39:31: Training...
09/04/2026,21:39:32: Evaluating...
09/04/2026,21:39:33: 	Train Loss: 3834535.5000 (base: 153.5010, kd: 7668.7637), Elapsed: train 2.66 test 0.43
09/04/2026,21:39:33: 	Recall@10: 0.06588 Recall@20: 0.09739 NDCG@10: 0.03974 NDCG@20: 0.04819 
09/04/2026,21:39:33: 	Recall@10: 0.02591 Recall@20: 0.04191 NDCG@10: 0.01448 NDCG@20: 0.01877 
09/04/2026,21:39:33: Epoch [121/1000]
09/04/2026,21:39:33: Negative sampling...
09/04/2026,21:39:34: Model's personal time...
09/04/2026,21:39:34: Training...
09/04/2026,21:39:35: Evaluating...
09/04/2026,21:39:36: 	Train Loss: 3833410.7500 (base: 153.5099, kd: 7666.5151), Elapsed: train 2.56 test 0.41
09/04/2026,21:39:36: 	Recall@10: 0.06589 Recall@20: 0.09787 NDCG@10: 0.03945 NDCG@20: 0.04807 
09/04/2026,21:39:36: 	Recall@10: 0.02601 Recall@20: 0.04238 NDCG@10: 0.01447 NDCG@20: 0.01891 
09/04/2026,21:39:36: Epoch [122/1000]
09/04/2026,21:39:36: Negative sampling...
09/04/2026,21:39:37: Model's personal time...
09/04/2026,21:39:37: Training...
09/04/2026,21:39:38: Evaluating...
09/04/2026,21:39:39: 	Train Loss: 3832757.2500 (base: 153.6926, kd: 7665.2065), Elapsed: train 2.75 test 0.44
09/04/2026,21:39:39: 	Recall@10: 0.06563 Recall@20: 0.09725 NDCG@10: 0.03940 NDCG@20: 0.04790 
09/04/2026,21:39:39: 	Recall@10: 0.02628 Recall@20: 0.04206 NDCG@10: 0.01459 NDCG@20: 0.01886 
09/04/2026,21:39:39: Epoch [123/1000]
09/04/2026,21:39:39: Negative sampling...
09/04/2026,21:39:40: Model's personal time...
09/04/2026,21:39:40: Training...
09/04/2026,21:39:42: Evaluating...
09/04/2026,21:39:42: 	Train Loss: 3832515.2500 (base: 154.8672, kd: 7664.7207), Elapsed: train 2.64 test 0.44
09/04/2026,21:39:42: 	Recall@10: 0.06546 Recall@20: 0.09692 NDCG@10: 0.03920 NDCG@20: 0.04772 
09/04/2026,21:39:42: 	Recall@10: 0.02663 Recall@20: 0.04202 NDCG@10: 0.01465 NDCG@20: 0.01879 
09/04/2026,21:39:42: Epoch [124/1000]
09/04/2026,21:39:42: Negative sampling...
09/04/2026,21:39:43: Model's personal time...
09/04/2026,21:39:44: Training...
09/04/2026,21:39:45: Evaluating...
09/04/2026,21:39:45: 	Train Loss: 3833284.5000 (base: 148.1443, kd: 7666.2720), Elapsed: train 2.64 test 0.49
09/04/2026,21:39:45: 	Recall@10: 0.06585 Recall@20: 0.09779 NDCG@10: 0.03945 NDCG@20: 0.04815 
09/04/2026,21:39:45: 	Recall@10: 0.02634 Recall@20: 0.04280 NDCG@10: 0.01464 NDCG@20: 0.01905 
09/04/2026,21:39:45: Epoch [125/1000]
09/04/2026,21:39:45: Negative sampling...
09/04/2026,21:39:46: Model's personal time...
09/04/2026,21:39:47: Training...
09/04/2026,21:39:48: Evaluating...
09/04/2026,21:39:48: 	Train Loss: 3832367.5000 (base: 150.4327, kd: 7664.4336), Elapsed: train 2.68 test 0.42
09/04/2026,21:39:48: 	Recall@10: 0.06582 Recall@20: 0.09777 NDCG@10: 0.03927 NDCG@20: 0.04791 
09/04/2026,21:39:48: 	Recall@10: 0.02645 Recall@20: 0.04243 NDCG@10: 0.01473 NDCG@20: 0.01900 
09/04/2026,21:39:48: Epoch [126/1000]
09/04/2026,21:39:48: Negative sampling...
09/04/2026,21:39:50: Model's personal time...
09/04/2026,21:39:50: Training...
09/04/2026,21:39:51: Evaluating...
09/04/2026,21:39:51: 	Train Loss: 3833351.7500 (base: 149.8477, kd: 7666.4043), Elapsed: train 2.61 test 0.49
09/04/2026,21:39:51: 	Recall@10: 0.06583 Recall@20: 0.09823 NDCG@10: 0.03976 NDCG@20: 0.04859 
09/04/2026,21:39:51: 	Recall@10: 0.02656 Recall@20: 0.04340 NDCG@10: 0.01461 NDCG@20: 0.01911 
09/04/2026,21:39:51: Epoch [127/1000]
09/04/2026,21:39:51: Negative sampling...
09/04/2026,21:39:53: Model's personal time...
09/04/2026,21:39:53: Training...
09/04/2026,21:39:54: Evaluating...
09/04/2026,21:39:54: 	Train Loss: 3833066.0000 (base: 149.8645, kd: 7665.8315), Elapsed: train 2.65 test 0.50
09/04/2026,21:39:54: 	Recall@10: 0.06539 Recall@20: 0.09818 NDCG@10: 0.03927 NDCG@20: 0.04822 
09/04/2026,21:39:54: 	Recall@10: 0.02630 Recall@20: 0.04287 NDCG@10: 0.01461 NDCG@20: 0.01904 
09/04/2026,21:39:54: Epoch [128/1000]
09/04/2026,21:39:54: Negative sampling...
09/04/2026,21:39:56: Model's personal time...
09/04/2026,21:39:56: Training...
09/04/2026,21:39:57: Evaluating...
09/04/2026,21:39:58: 	Train Loss: 3831348.2500 (base: 152.6505, kd: 7662.3906), Elapsed: train 2.74 test 0.48
09/04/2026,21:39:58: 	Recall@10: 0.06612 Recall@20: 0.09817 NDCG@10: 0.03946 NDCG@20: 0.04820 
09/04/2026,21:39:58: 	Recall@10: 0.02603 Recall@20: 0.04243 NDCG@10: 0.01457 NDCG@20: 0.01896 
09/04/2026,21:39:58: Epoch [129/1000]
09/04/2026,21:39:58: Negative sampling...
09/04/2026,21:39:59: Model's personal time...
09/04/2026,21:39:59: Training...
09/04/2026,21:40:00: Evaluating...
09/04/2026,21:40:01: 	Train Loss: 3831622.2500 (base: 152.5797, kd: 7662.9399), Elapsed: train 2.72 test 0.50
09/04/2026,21:40:01: 	Recall@10: 0.06540 Recall@20: 0.09857 NDCG@10: 0.03942 NDCG@20: 0.04836 
09/04/2026,21:40:01: 	Recall@10: 0.02597 Recall@20: 0.04287 NDCG@10: 0.01449 NDCG@20: 0.01901 
09/04/2026,21:40:01: Epoch [130/1000]
09/04/2026,21:40:01: Negative sampling...
09/04/2026,21:40:02: Model's personal time...
09/04/2026,21:40:02: Training...
09/04/2026,21:40:04: Evaluating...
09/04/2026,21:40:04: 	Train Loss: 3831581.7500 (base: 151.3706, kd: 7662.8608), Elapsed: train 2.74 test 0.51
09/04/2026,21:40:04: 	Recall@10: 0.06531 Recall@20: 0.09847 NDCG@10: 0.03924 NDCG@20: 0.04823 
09/04/2026,21:40:04: 	Recall@10: 0.02592 Recall@20: 0.04232 NDCG@10: 0.01446 NDCG@20: 0.01884 
09/04/2026,21:40:04: ------------------------------
09/04/2026,21:40:04: valid Recall@10: 0.06779 Recall@20: 0.09821 NDCG@10: 0.04035 NDCG@20: 0.04862
09/04/2026,21:40:04: test Recall@10: 0.02623 Recall@20: 0.04205 NDCG@10: 0.01465 NDCG@20: 0.01892
