----------------------------------------TEACHER----------------------------------------
init_std                                 0.01
embedding_dim                            400
----------------------------------------TEACHER----------------------------------------
----------------------------------------STUDENT----------------------------------------
init_std                                 0.01
embedding_dim                            20
----------------------------------------STUDENT----------------------------------------
----------------------------------------ARGUMENTS----------------------------------------
run_all                                  False
seed                                     0
gpu_id                                   0
no_log                                   False
no_save                                  False
suffix                                   no_soft_no_uniform_seed0_es20
verbose                                  False
ablation                                 False
task                                     rec
dataset                                  citeulike
batch_size                               2048
num_ns                                   1
neg_sampling_on_all                      False
T_backbone                               bpr
S_backbone                               bpr
model                                    srcekd
preload                                  False
postsave                                 False
train_teacher                            False
ckpt_interval                            -1
epochs                                   1000
lr                                       0.001
wd                                       1e-05
lmbda                                    500
srce_alpha                               0
srce_s                                   20
srce_eta                                 0
srce_Lu                                  0
eval_period                              1
K_list                                   [10, 20]
early_stop_metric                        NDCG
early_stop_K                             20
early_stop_patience                      30
LOG_DIR                                  logs/
CONFIG_DIR                               configs/
DATA_DIR                                 data/
CKPT_DIR                                 checkpoints/
CRAFT_DIR                                crafts/
mkd_tau                                  1
mkd_K                                    50
mkd_L                                    50
mkd_T                                    10
mkd_mxK                                  200
----------------------------------------ARGUMENTS----------------------------------------
----------------------------------------Teacher----------------------------------------
09/04/2026,19:25:59: ------------------------------
09/04/2026,19:25:59: valid Recall@10: 0.06778 Recall@20: 0.10315 NDCG@10: 0.04052 NDCG@20: 0.05027
09/04/2026,19:25:59: test Recall@10: 0.02747 Recall@20: 0.04385 NDCG@10: 0.01551 NDCG@20: 0.02003
----------------------------------------------------------------------------------------
09/04/2026,19:25:59: Epoch [1/1000]
09/04/2026,19:25:59: Negative sampling...
09/04/2026,19:26:01: Model's personal time...
09/04/2026,19:26:01: Training...
09/04/2026,19:26:02: Evaluating...
09/04/2026,19:26:03: 	Train Loss: 4938008.5000 (base: 1390.6809, kd: 9873.2354), Elapsed: train 3.03 test 0.50 *
09/04/2026,19:26:03: 	Recall@10: 0.02221 Recall@20: 0.03214 NDCG@10: 0.01322 NDCG@20: 0.01590 
09/04/2026,19:26:03: 	Recall@10: 0.00812 Recall@20: 0.01315 NDCG@10: 0.00499 NDCG@20: 0.00635 
09/04/2026,19:26:03: Epoch [2/1000]
09/04/2026,19:26:03: Negative sampling...
09/04/2026,19:26:04: Model's personal time...
09/04/2026,19:26:05: Training...
09/04/2026,19:26:06: Evaluating...
09/04/2026,19:26:06: 	Train Loss: 4752050.0000 (base: 1379.7484, kd: 9501.3418), Elapsed: train 2.98 test 0.51 *
09/04/2026,19:26:06: 	Recall@10: 0.03937 Recall@20: 0.05750 NDCG@10: 0.02461 NDCG@20: 0.02946 
09/04/2026,19:26:06: 	Recall@10: 0.01601 Recall@20: 0.02507 NDCG@10: 0.00972 NDCG@20: 0.01227 
09/04/2026,19:26:06: Epoch [3/1000]
09/04/2026,19:26:06: Negative sampling...
09/04/2026,19:26:08: Model's personal time...
09/04/2026,19:26:08: Training...
09/04/2026,19:26:09: Evaluating...
09/04/2026,19:26:10: 	Train Loss: 4697416.5000 (base: 1361.0261, kd: 9392.1104), Elapsed: train 2.70 test 0.55 *
09/04/2026,19:26:10: 	Recall@10: 0.03780 Recall@20: 0.05732 NDCG@10: 0.02468 NDCG@20: 0.02990 
09/04/2026,19:26:10: 	Recall@10: 0.01529 Recall@20: 0.02359 NDCG@10: 0.00911 NDCG@20: 0.01138 
09/04/2026,19:26:10: Epoch [4/1000]
09/04/2026,19:26:10: Negative sampling...
09/04/2026,19:26:11: Model's personal time...
09/04/2026,19:26:11: Training...
09/04/2026,19:26:13: Evaluating...
09/04/2026,19:26:13: 	Train Loss: 4635131.5000 (base: 1336.6173, kd: 9267.5908), Elapsed: train 2.80 test 0.54 *
09/04/2026,19:26:13: 	Recall@10: 0.03891 Recall@20: 0.05908 NDCG@10: 0.02508 NDCG@20: 0.03061 
09/04/2026,19:26:13: 	Recall@10: 0.01453 Recall@20: 0.02638 NDCG@10: 0.00874 NDCG@20: 0.01192 
09/04/2026,19:26:13: Epoch [5/1000]
09/04/2026,19:26:13: Negative sampling...
09/04/2026,19:26:15: Model's personal time...
09/04/2026,19:26:15: Training...
09/04/2026,19:26:16: Evaluating...
09/04/2026,19:26:16: 	Train Loss: 4556111.0000 (base: 1304.8588, kd: 9109.6123), Elapsed: train 2.86 test 0.52 *
09/04/2026,19:26:16: 	Recall@10: 0.03960 Recall@20: 0.06139 NDCG@10: 0.02538 NDCG@20: 0.03129 
09/04/2026,19:26:16: 	Recall@10: 0.01553 Recall@20: 0.02608 NDCG@10: 0.00897 NDCG@20: 0.01187 
09/04/2026,19:26:16: Epoch [6/1000]
09/04/2026,19:26:16: Negative sampling...
09/04/2026,19:26:18: Model's personal time...
09/04/2026,19:26:18: Training...
09/04/2026,19:26:20: Evaluating...
09/04/2026,19:26:20: 	Train Loss: 4471466.5000 (base: 1269.2000, kd: 8940.3936), Elapsed: train 3.10 test 0.55 *
09/04/2026,19:26:20: 	Recall@10: 0.04065 Recall@20: 0.06344 NDCG@10: 0.02594 NDCG@20: 0.03213 
09/04/2026,19:26:20: 	Recall@10: 0.01530 Recall@20: 0.02617 NDCG@10: 0.00902 NDCG@20: 0.01201 
09/04/2026,19:26:20: Epoch [7/1000]
09/04/2026,19:26:20: Negative sampling...
09/04/2026,19:26:22: Model's personal time...
09/04/2026,19:26:22: Training...
09/04/2026,19:26:23: Evaluating...
09/04/2026,19:26:24: 	Train Loss: 4397845.0000 (base: 1228.5817, kd: 8793.2324), Elapsed: train 2.96 test 0.53 *
09/04/2026,19:26:24: 	Recall@10: 0.04152 Recall@20: 0.06395 NDCG@10: 0.02655 NDCG@20: 0.03266 
09/04/2026,19:26:24: 	Recall@10: 0.01540 Recall@20: 0.02608 NDCG@10: 0.00864 NDCG@20: 0.01162 
09/04/2026,19:26:24: Epoch [8/1000]
09/04/2026,19:26:24: Negative sampling...
09/04/2026,19:26:25: Model's personal time...
09/04/2026,19:26:25: Training...
09/04/2026,19:26:26: Evaluating...
09/04/2026,19:26:27: 	Train Loss: 4327974.0000 (base: 1185.1210, kd: 8653.5771), Elapsed: train 2.60 test 0.56 *
09/04/2026,19:26:27: 	Recall@10: 0.04252 Recall@20: 0.06422 NDCG@10: 0.02694 NDCG@20: 0.03292 
09/04/2026,19:26:27: 	Recall@10: 0.01627 Recall@20: 0.02666 NDCG@10: 0.00880 NDCG@20: 0.01174 
09/04/2026,19:26:27: Epoch [9/1000]
09/04/2026,19:26:27: Negative sampling...
09/04/2026,19:26:28: Model's personal time...
09/04/2026,19:26:29: Training...
09/04/2026,19:26:30: Evaluating...
09/04/2026,19:26:30: 	Train Loss: 4276270.5000 (base: 1140.8375, kd: 8550.2598), Elapsed: train 2.73 test 0.54 *
09/04/2026,19:26:30: 	Recall@10: 0.04396 Recall@20: 0.06731 NDCG@10: 0.02797 NDCG@20: 0.03429 
09/04/2026,19:26:30: 	Recall@10: 0.01695 Recall@20: 0.02827 NDCG@10: 0.00904 NDCG@20: 0.01219 
09/04/2026,19:26:30: Epoch [10/1000]
09/04/2026,19:26:30: Negative sampling...
09/04/2026,19:26:31: Model's personal time...
09/04/2026,19:26:32: Training...
09/04/2026,19:26:33: Evaluating...
09/04/2026,19:26:33: 	Train Loss: 4229629.5000 (base: 1095.2338, kd: 8457.0684), Elapsed: train 2.79 test 0.44 *
09/04/2026,19:26:33: 	Recall@10: 0.04727 Recall@20: 0.06811 NDCG@10: 0.02921 NDCG@20: 0.03490 
09/04/2026,19:26:33: 	Recall@10: 0.01839 Recall@20: 0.02867 NDCG@10: 0.00984 NDCG@20: 0.01270 
09/04/2026,19:26:33: Epoch [11/1000]
09/04/2026,19:26:33: Negative sampling...
09/04/2026,19:26:35: Model's personal time...
09/04/2026,19:26:35: Training...
09/04/2026,19:26:36: Evaluating...
09/04/2026,19:26:36: 	Train Loss: 4191665.5000 (base: 1050.6671, kd: 8381.2295), Elapsed: train 2.67 test 0.50 *
09/04/2026,19:26:36: 	Recall@10: 0.04643 Recall@20: 0.07140 NDCG@10: 0.02923 NDCG@20: 0.03601 
09/04/2026,19:26:36: 	Recall@10: 0.01849 Recall@20: 0.02988 NDCG@10: 0.00993 NDCG@20: 0.01303 
09/04/2026,19:26:36: Epoch [12/1000]
09/04/2026,19:26:36: Negative sampling...
09/04/2026,19:26:38: Model's personal time...
09/04/2026,19:26:38: Training...
09/04/2026,19:26:39: Evaluating...
09/04/2026,19:26:40: 	Train Loss: 4158063.0000 (base: 1007.5803, kd: 8314.1113), Elapsed: train 2.83 test 0.52 *
09/04/2026,19:26:40: 	Recall@10: 0.04797 Recall@20: 0.07197 NDCG@10: 0.02967 NDCG@20: 0.03624 
09/04/2026,19:26:40: 	Recall@10: 0.01999 Recall@20: 0.03022 NDCG@10: 0.01068 NDCG@20: 0.01345 
09/04/2026,19:26:40: Epoch [13/1000]
09/04/2026,19:26:40: Negative sampling...
09/04/2026,19:26:41: Model's personal time...
09/04/2026,19:26:41: Training...
09/04/2026,19:26:42: Evaluating...
09/04/2026,19:26:43: 	Train Loss: 4129665.2500 (base: 965.8398, kd: 8257.3975), Elapsed: train 2.64 test 0.56 *
09/04/2026,19:26:43: 	Recall@10: 0.05109 Recall@20: 0.07525 NDCG@10: 0.03166 NDCG@20: 0.03827 
09/04/2026,19:26:43: 	Recall@10: 0.02046 Recall@20: 0.03140 NDCG@10: 0.01104 NDCG@20: 0.01399 
09/04/2026,19:26:43: Epoch [14/1000]
09/04/2026,19:26:43: Negative sampling...
09/04/2026,19:26:45: Model's personal time...
09/04/2026,19:26:45: Training...
09/04/2026,19:26:46: Evaluating...
09/04/2026,19:26:46: 	Train Loss: 4104819.2500 (base: 925.1355, kd: 8207.7881), Elapsed: train 2.87 test 0.45 *
09/04/2026,19:26:46: 	Recall@10: 0.05298 Recall@20: 0.07659 NDCG@10: 0.03195 NDCG@20: 0.03834 
09/04/2026,19:26:46: 	Recall@10: 0.02046 Recall@20: 0.03209 NDCG@10: 0.01104 NDCG@20: 0.01418 
09/04/2026,19:26:46: Epoch [15/1000]
09/04/2026,19:26:46: Negative sampling...
09/04/2026,19:26:48: Model's personal time...
09/04/2026,19:26:48: Training...
09/04/2026,19:26:49: Evaluating...
09/04/2026,19:26:50: 	Train Loss: 4081506.0000 (base: 886.6545, kd: 8161.2383), Elapsed: train 2.75 test 0.43 *
09/04/2026,19:26:50: 	Recall@10: 0.05366 Recall@20: 0.07822 NDCG@10: 0.03234 NDCG@20: 0.03903 
09/04/2026,19:26:50: 	Recall@10: 0.02033 Recall@20: 0.03215 NDCG@10: 0.01096 NDCG@20: 0.01422 
09/04/2026,19:26:50: Epoch [16/1000]
09/04/2026,19:26:50: Negative sampling...
09/04/2026,19:26:51: Model's personal time...
09/04/2026,19:26:51: Training...
09/04/2026,19:26:52: Evaluating...
09/04/2026,19:26:52: 	Train Loss: 4061445.2500 (base: 849.9872, kd: 8121.1899), Elapsed: train 2.41 test 0.42 *
09/04/2026,19:26:52: 	Recall@10: 0.05504 Recall@20: 0.07978 NDCG@10: 0.03340 NDCG@20: 0.04003 
09/04/2026,19:26:52: 	Recall@10: 0.02090 Recall@20: 0.03336 NDCG@10: 0.01147 NDCG@20: 0.01486 
09/04/2026,19:26:52: Epoch [17/1000]
09/04/2026,19:26:52: Negative sampling...
09/04/2026,19:26:54: Model's personal time...
09/04/2026,19:26:54: Training...
09/04/2026,19:26:55: Evaluating...
09/04/2026,19:26:55: 	Train Loss: 4043791.0000 (base: 815.7583, kd: 8085.9502), Elapsed: train 2.58 test 0.52
09/04/2026,19:26:55: 	Recall@10: 0.05484 Recall@20: 0.07947 NDCG@10: 0.03332 NDCG@20: 0.04001 
09/04/2026,19:26:55: 	Recall@10: 0.02151 Recall@20: 0.03337 NDCG@10: 0.01173 NDCG@20: 0.01497 
09/04/2026,19:26:55: Epoch [18/1000]
09/04/2026,19:26:55: Negative sampling...
09/04/2026,19:26:57: Model's personal time...
09/04/2026,19:26:57: Training...
09/04/2026,19:26:58: Evaluating...
09/04/2026,19:26:59: 	Train Loss: 4025985.2500 (base: 785.0632, kd: 8050.4004), Elapsed: train 2.71 test 0.49 *
09/04/2026,19:26:59: 	Recall@10: 0.05659 Recall@20: 0.08187 NDCG@10: 0.03399 NDCG@20: 0.04081 
09/04/2026,19:26:59: 	Recall@10: 0.02199 Recall@20: 0.03450 NDCG@10: 0.01193 NDCG@20: 0.01535 
09/04/2026,19:26:59: Epoch [19/1000]
09/04/2026,19:26:59: Negative sampling...
09/04/2026,19:27:00: Model's personal time...
09/04/2026,19:27:00: Training...
09/04/2026,19:27:01: Evaluating...
09/04/2026,19:27:02: 	Train Loss: 4013191.7500 (base: 753.3626, kd: 8024.8774), Elapsed: train 2.41 test 0.46 *
09/04/2026,19:27:02: 	Recall@10: 0.05617 Recall@20: 0.08257 NDCG@10: 0.03396 NDCG@20: 0.04107 
09/04/2026,19:27:02: 	Recall@10: 0.02198 Recall@20: 0.03441 NDCG@10: 0.01193 NDCG@20: 0.01530 
09/04/2026,19:27:02: Epoch [20/1000]
09/04/2026,19:27:02: Negative sampling...
09/04/2026,19:27:03: Model's personal time...
09/04/2026,19:27:03: Training...
09/04/2026,19:27:04: Evaluating...
09/04/2026,19:27:05: 	Train Loss: 3998330.0000 (base: 724.2460, kd: 7995.2114), Elapsed: train 2.68 test 0.42 *
09/04/2026,19:27:05: 	Recall@10: 0.05758 Recall@20: 0.08278 NDCG@10: 0.03472 NDCG@20: 0.04160 
09/04/2026,19:27:05: 	Recall@10: 0.02212 Recall@20: 0.03470 NDCG@10: 0.01208 NDCG@20: 0.01549 
09/04/2026,19:27:05: Epoch [21/1000]
09/04/2026,19:27:05: Negative sampling...
09/04/2026,19:27:06: Model's personal time...
09/04/2026,19:27:06: Training...
09/04/2026,19:27:07: Evaluating...
09/04/2026,19:27:08: 	Train Loss: 3985066.0000 (base: 698.3719, kd: 7968.7358), Elapsed: train 2.53 test 0.43 *
09/04/2026,19:27:08: 	Recall@10: 0.05679 Recall@20: 0.08414 NDCG@10: 0.03473 NDCG@20: 0.04221 
09/04/2026,19:27:08: 	Recall@10: 0.02277 Recall@20: 0.03483 NDCG@10: 0.01231 NDCG@20: 0.01557 
09/04/2026,19:27:08: Epoch [22/1000]
09/04/2026,19:27:08: Negative sampling...
09/04/2026,19:27:09: Model's personal time...
09/04/2026,19:27:09: Training...
09/04/2026,19:27:10: Evaluating...
09/04/2026,19:27:10: 	Train Loss: 3974236.0000 (base: 673.8350, kd: 7947.1235), Elapsed: train 2.34 test 0.45 *
09/04/2026,19:27:10: 	Recall@10: 0.05816 Recall@20: 0.08474 NDCG@10: 0.03514 NDCG@20: 0.04235 
09/04/2026,19:27:10: 	Recall@10: 0.02264 Recall@20: 0.03550 NDCG@10: 0.01225 NDCG@20: 0.01575 
09/04/2026,19:27:10: Epoch [23/1000]
09/04/2026,19:27:10: Negative sampling...
09/04/2026,19:27:12: Model's personal time...
09/04/2026,19:27:12: Training...
09/04/2026,19:27:13: Evaluating...
09/04/2026,19:27:13: 	Train Loss: 3963022.2500 (base: 649.9291, kd: 7924.7446), Elapsed: train 2.49 test 0.42 *
09/04/2026,19:27:13: 	Recall@10: 0.05837 Recall@20: 0.08383 NDCG@10: 0.03583 NDCG@20: 0.04282 
09/04/2026,19:27:13: 	Recall@10: 0.02288 Recall@20: 0.03611 NDCG@10: 0.01237 NDCG@20: 0.01595 
09/04/2026,19:27:13: Epoch [24/1000]
09/04/2026,19:27:13: Negative sampling...
09/04/2026,19:27:15: Model's personal time...
09/04/2026,19:27:15: Training...
09/04/2026,19:27:16: Evaluating...
09/04/2026,19:27:16: 	Train Loss: 3952666.7500 (base: 627.6923, kd: 7904.0776), Elapsed: train 2.53 test 0.45 *
09/04/2026,19:27:16: 	Recall@10: 0.05916 Recall@20: 0.08495 NDCG@10: 0.03598 NDCG@20: 0.04311 
09/04/2026,19:27:16: 	Recall@10: 0.02368 Recall@20: 0.03594 NDCG@10: 0.01287 NDCG@20: 0.01617 
09/04/2026,19:27:16: Epoch [25/1000]
09/04/2026,19:27:16: Negative sampling...
09/04/2026,19:27:18: Model's personal time...
09/04/2026,19:27:18: Training...
09/04/2026,19:27:19: Evaluating...
09/04/2026,19:27:20: 	Train Loss: 3943234.5000 (base: 606.7291, kd: 7885.2563), Elapsed: train 2.81 test 0.45 *
09/04/2026,19:27:20: 	Recall@10: 0.06114 Recall@20: 0.08736 NDCG@10: 0.03656 NDCG@20: 0.04374 
09/04/2026,19:27:20: 	Recall@10: 0.02357 Recall@20: 0.03644 NDCG@10: 0.01297 NDCG@20: 0.01642 
09/04/2026,19:27:20: Epoch [26/1000]
09/04/2026,19:27:20: Negative sampling...
09/04/2026,19:27:21: Model's personal time...
09/04/2026,19:27:21: Training...
09/04/2026,19:27:22: Evaluating...
09/04/2026,19:27:23: 	Train Loss: 3934726.7500 (base: 586.8508, kd: 7868.2798), Elapsed: train 2.61 test 0.46 *
09/04/2026,19:27:23: 	Recall@10: 0.06122 Recall@20: 0.08794 NDCG@10: 0.03671 NDCG@20: 0.04395 
09/04/2026,19:27:23: 	Recall@10: 0.02347 Recall@20: 0.03553 NDCG@10: 0.01296 NDCG@20: 0.01626 
09/04/2026,19:27:23: Epoch [27/1000]
09/04/2026,19:27:23: Negative sampling...
09/04/2026,19:27:24: Model's personal time...
09/04/2026,19:27:24: Training...
09/04/2026,19:27:25: Evaluating...
09/04/2026,19:27:26: 	Train Loss: 3925809.2500 (base: 567.5500, kd: 7850.4834), Elapsed: train 2.59 test 0.42 *
09/04/2026,19:27:26: 	Recall@10: 0.06085 Recall@20: 0.08801 NDCG@10: 0.03649 NDCG@20: 0.04395 
09/04/2026,19:27:26: 	Recall@10: 0.02350 Recall@20: 0.03671 NDCG@10: 0.01299 NDCG@20: 0.01658 
09/04/2026,19:27:26: Epoch [28/1000]
09/04/2026,19:27:26: Negative sampling...
09/04/2026,19:27:27: Model's personal time...
09/04/2026,19:27:27: Training...
09/04/2026,19:27:28: Evaluating...
09/04/2026,19:27:29: 	Train Loss: 3919463.7500 (base: 547.7882, kd: 7837.8325), Elapsed: train 2.59 test 0.42 *
09/04/2026,19:27:29: 	Recall@10: 0.06189 Recall@20: 0.08896 NDCG@10: 0.03722 NDCG@20: 0.04462 
09/04/2026,19:27:29: 	Recall@10: 0.02386 Recall@20: 0.03712 NDCG@10: 0.01328 NDCG@20: 0.01686 
09/04/2026,19:27:29: Epoch [29/1000]
09/04/2026,19:27:29: Negative sampling...
09/04/2026,19:27:30: Model's personal time...
09/04/2026,19:27:30: Training...
09/04/2026,19:27:31: Evaluating...
09/04/2026,19:27:32: 	Train Loss: 3911025.2500 (base: 532.7073, kd: 7820.9844), Elapsed: train 2.52 test 0.42 *
09/04/2026,19:27:32: 	Recall@10: 0.06161 Recall@20: 0.08845 NDCG@10: 0.03740 NDCG@20: 0.04475 
09/04/2026,19:27:32: 	Recall@10: 0.02386 Recall@20: 0.03700 NDCG@10: 0.01329 NDCG@20: 0.01685 
09/04/2026,19:27:32: Epoch [30/1000]
09/04/2026,19:27:32: Negative sampling...
09/04/2026,19:27:33: Model's personal time...
09/04/2026,19:27:33: Training...
09/04/2026,19:27:34: Evaluating...
09/04/2026,19:27:34: 	Train Loss: 3903630.0000 (base: 514.9983, kd: 7806.2295), Elapsed: train 2.51 test 0.41 *
09/04/2026,19:27:34: 	Recall@10: 0.06069 Recall@20: 0.08952 NDCG@10: 0.03702 NDCG@20: 0.04492 
09/04/2026,19:27:34: 	Recall@10: 0.02501 Recall@20: 0.03706 NDCG@10: 0.01361 NDCG@20: 0.01687 
09/04/2026,19:27:34: Epoch [31/1000]
09/04/2026,19:27:34: Negative sampling...
09/04/2026,19:27:36: Model's personal time...
09/04/2026,19:27:36: Training...
09/04/2026,19:27:37: Evaluating...
09/04/2026,19:27:37: 	Train Loss: 3896823.5000 (base: 501.7700, kd: 7792.6436), Elapsed: train 2.47 test 0.49 *
09/04/2026,19:27:37: 	Recall@10: 0.06162 Recall@20: 0.09099 NDCG@10: 0.03733 NDCG@20: 0.04529 
09/04/2026,19:27:37: 	Recall@10: 0.02408 Recall@20: 0.03785 NDCG@10: 0.01341 NDCG@20: 0.01716 
09/04/2026,19:27:37: Epoch [32/1000]
09/04/2026,19:27:37: Negative sampling...
09/04/2026,19:27:39: Model's personal time...
09/04/2026,19:27:39: Training...
09/04/2026,19:27:40: Evaluating...
09/04/2026,19:27:40: 	Train Loss: 3891953.5000 (base: 486.8492, kd: 7782.9336), Elapsed: train 2.53 test 0.52
09/04/2026,19:27:40: 	Recall@10: 0.06159 Recall@20: 0.08995 NDCG@10: 0.03740 NDCG@20: 0.04515 
09/04/2026,19:27:40: 	Recall@10: 0.02449 Recall@20: 0.03789 NDCG@10: 0.01356 NDCG@20: 0.01721 
09/04/2026,19:27:40: Epoch [33/1000]
09/04/2026,19:27:40: Negative sampling...
09/04/2026,19:27:42: Model's personal time...
09/04/2026,19:27:42: Training...
09/04/2026,19:27:43: Evaluating...
09/04/2026,19:27:44: 	Train Loss: 3885343.2500 (base: 475.2079, kd: 7769.7363), Elapsed: train 2.60 test 0.43 *
09/04/2026,19:27:44: 	Recall@10: 0.06228 Recall@20: 0.09085 NDCG@10: 0.03777 NDCG@20: 0.04552 
09/04/2026,19:27:44: 	Recall@10: 0.02508 Recall@20: 0.03801 NDCG@10: 0.01378 NDCG@20: 0.01729 
09/04/2026,19:27:44: Epoch [34/1000]
09/04/2026,19:27:44: Negative sampling...
09/04/2026,19:27:45: Model's personal time...
09/04/2026,19:27:45: Training...
09/04/2026,19:27:46: Evaluating...
09/04/2026,19:27:47: 	Train Loss: 3880221.0000 (base: 461.2249, kd: 7759.5190), Elapsed: train 2.60 test 0.45
09/04/2026,19:27:47: 	Recall@10: 0.06128 Recall@20: 0.08970 NDCG@10: 0.03742 NDCG@20: 0.04519 
09/04/2026,19:27:47: 	Recall@10: 0.02466 Recall@20: 0.03796 NDCG@10: 0.01361 NDCG@20: 0.01718 
09/04/2026,19:27:47: Epoch [35/1000]
09/04/2026,19:27:47: Negative sampling...
09/04/2026,19:27:48: Model's personal time...
09/04/2026,19:27:48: Training...
09/04/2026,19:27:49: Evaluating...
09/04/2026,19:27:50: 	Train Loss: 3875364.2500 (base: 448.6121, kd: 7749.8315), Elapsed: train 2.57 test 0.42 *
09/04/2026,19:27:50: 	Recall@10: 0.06158 Recall@20: 0.09182 NDCG@10: 0.03756 NDCG@20: 0.04577 
09/04/2026,19:27:50: 	Recall@10: 0.02474 Recall@20: 0.03911 NDCG@10: 0.01365 NDCG@20: 0.01753 
09/04/2026,19:27:50: Epoch [36/1000]
09/04/2026,19:27:50: Negative sampling...
09/04/2026,19:27:51: Model's personal time...
09/04/2026,19:27:51: Training...
09/04/2026,19:27:52: Evaluating...
09/04/2026,19:27:53: 	Train Loss: 3870475.0000 (base: 439.2398, kd: 7740.0718), Elapsed: train 2.54 test 0.42
09/04/2026,19:27:53: 	Recall@10: 0.06198 Recall@20: 0.09092 NDCG@10: 0.03758 NDCG@20: 0.04541 
09/04/2026,19:27:53: 	Recall@10: 0.02525 Recall@20: 0.03823 NDCG@10: 0.01379 NDCG@20: 0.01734 
09/04/2026,19:27:53: Epoch [37/1000]
09/04/2026,19:27:53: Negative sampling...
09/04/2026,19:27:54: Model's personal time...
09/04/2026,19:27:54: Training...
09/04/2026,19:27:55: Evaluating...
09/04/2026,19:27:56: 	Train Loss: 3865092.7500 (base: 425.8705, kd: 7729.3340), Elapsed: train 2.51 test 0.53 *
09/04/2026,19:27:56: 	Recall@10: 0.06232 Recall@20: 0.09217 NDCG@10: 0.03808 NDCG@20: 0.04614 
09/04/2026,19:27:56: 	Recall@10: 0.02437 Recall@20: 0.03845 NDCG@10: 0.01363 NDCG@20: 0.01746 
09/04/2026,19:27:56: Epoch [38/1000]
09/04/2026,19:27:56: Negative sampling...
09/04/2026,19:27:57: Model's personal time...
09/04/2026,19:27:57: Training...
09/04/2026,19:27:58: Evaluating...
09/04/2026,19:27:58: 	Train Loss: 3860631.7500 (base: 415.8307, kd: 7720.4321), Elapsed: train 2.47 test 0.41
09/04/2026,19:27:58: 	Recall@10: 0.06297 Recall@20: 0.09144 NDCG@10: 0.03826 NDCG@20: 0.04600 
09/04/2026,19:27:58: 	Recall@10: 0.02405 Recall@20: 0.03905 NDCG@10: 0.01351 NDCG@20: 0.01759 
09/04/2026,19:27:58: Epoch [39/1000]
09/04/2026,19:27:58: Negative sampling...
09/04/2026,19:28:00: Model's personal time...
09/04/2026,19:28:00: Training...
09/04/2026,19:28:01: Evaluating...
09/04/2026,19:28:01: 	Train Loss: 3856763.7500 (base: 407.9057, kd: 7712.7114), Elapsed: train 2.62 test 0.43
09/04/2026,19:28:01: 	Recall@10: 0.06258 Recall@20: 0.09118 NDCG@10: 0.03830 NDCG@20: 0.04607 
09/04/2026,19:28:01: 	Recall@10: 0.02534 Recall@20: 0.03963 NDCG@10: 0.01408 NDCG@20: 0.01795 
09/04/2026,19:28:01: Epoch [40/1000]
09/04/2026,19:28:01: Negative sampling...
09/04/2026,19:28:03: Model's personal time...
09/04/2026,19:28:03: Training...
09/04/2026,19:28:04: Evaluating...
09/04/2026,19:28:04: 	Train Loss: 3852438.2500 (base: 398.6947, kd: 7704.0791), Elapsed: train 2.46 test 0.42
09/04/2026,19:28:04: 	Recall@10: 0.06362 Recall@20: 0.09081 NDCG@10: 0.03832 NDCG@20: 0.04573 
09/04/2026,19:28:04: 	Recall@10: 0.02459 Recall@20: 0.03902 NDCG@10: 0.01385 NDCG@20: 0.01778 
09/04/2026,19:28:04: Epoch [41/1000]
09/04/2026,19:28:04: Negative sampling...
09/04/2026,19:28:06: Model's personal time...
09/04/2026,19:28:06: Training...
09/04/2026,19:28:07: Evaluating...
09/04/2026,19:28:07: 	Train Loss: 3847508.7500 (base: 389.3552, kd: 7694.2383), Elapsed: train 2.46 test 0.42
09/04/2026,19:28:07: 	Recall@10: 0.06367 Recall@20: 0.09198 NDCG@10: 0.03829 NDCG@20: 0.04596 
09/04/2026,19:28:07: 	Recall@10: 0.02532 Recall@20: 0.03975 NDCG@10: 0.01402 NDCG@20: 0.01795 
09/04/2026,19:28:07: Epoch [42/1000]
09/04/2026,19:28:07: Negative sampling...
09/04/2026,19:28:09: Model's personal time...
09/04/2026,19:28:09: Training...
09/04/2026,19:28:10: Evaluating...
09/04/2026,19:28:10: 	Train Loss: 3844736.2500 (base: 379.3151, kd: 7688.7144), Elapsed: train 2.46 test 0.42
09/04/2026,19:28:10: 	Recall@10: 0.06300 Recall@20: 0.09234 NDCG@10: 0.03819 NDCG@20: 0.04614 
09/04/2026,19:28:10: 	Recall@10: 0.02495 Recall@20: 0.03895 NDCG@10: 0.01397 NDCG@20: 0.01781 
09/04/2026,19:28:10: Epoch [43/1000]
09/04/2026,19:28:10: Negative sampling...
09/04/2026,19:28:11: Model's personal time...
09/04/2026,19:28:12: Training...
09/04/2026,19:28:13: Evaluating...
09/04/2026,19:28:13: 	Train Loss: 3841460.7500 (base: 375.2489, kd: 7682.1709), Elapsed: train 2.50 test 0.42
09/04/2026,19:28:13: 	Recall@10: 0.06435 Recall@20: 0.09205 NDCG@10: 0.03856 NDCG@20: 0.04606 
09/04/2026,19:28:13: 	Recall@10: 0.02588 Recall@20: 0.03982 NDCG@10: 0.01444 NDCG@20: 0.01822 
09/04/2026,19:28:13: Epoch [44/1000]
09/04/2026,19:28:13: Negative sampling...
09/04/2026,19:28:14: Model's personal time...
09/04/2026,19:28:15: Training...
09/04/2026,19:28:16: Evaluating...
09/04/2026,19:28:16: 	Train Loss: 3836125.7500 (base: 364.0900, kd: 7671.5234), Elapsed: train 2.54 test 0.43 *
09/04/2026,19:28:16: 	Recall@10: 0.06457 Recall@20: 0.09252 NDCG@10: 0.03877 NDCG@20: 0.04632 
09/04/2026,19:28:16: 	Recall@10: 0.02524 Recall@20: 0.03902 NDCG@10: 0.01413 NDCG@20: 0.01789 
09/04/2026,19:28:16: Epoch [45/1000]
09/04/2026,19:28:16: Negative sampling...
09/04/2026,19:28:17: Model's personal time...
09/04/2026,19:28:18: Training...
09/04/2026,19:28:19: Evaluating...
09/04/2026,19:28:19: 	Train Loss: 3833040.2500 (base: 355.2798, kd: 7665.3696), Elapsed: train 2.56 test 0.42 *
09/04/2026,19:28:19: 	Recall@10: 0.06459 Recall@20: 0.09184 NDCG@10: 0.03899 NDCG@20: 0.04640 
09/04/2026,19:28:19: 	Recall@10: 0.02562 Recall@20: 0.04010 NDCG@10: 0.01430 NDCG@20: 0.01821 
09/04/2026,19:28:19: Epoch [46/1000]
09/04/2026,19:28:19: Negative sampling...
09/04/2026,19:28:20: Model's personal time...
09/04/2026,19:28:20: Training...
09/04/2026,19:28:22: Evaluating...
09/04/2026,19:28:22: 	Train Loss: 3829975.0000 (base: 350.7714, kd: 7659.2485), Elapsed: train 2.63 test 0.44 *
09/04/2026,19:28:22: 	Recall@10: 0.06461 Recall@20: 0.09193 NDCG@10: 0.03904 NDCG@20: 0.04644 
09/04/2026,19:28:22: 	Recall@10: 0.02591 Recall@20: 0.04013 NDCG@10: 0.01441 NDCG@20: 0.01829 
09/04/2026,19:28:22: Epoch [47/1000]
09/04/2026,19:28:22: Negative sampling...
09/04/2026,19:28:23: Model's personal time...
09/04/2026,19:28:24: Training...
09/04/2026,19:28:25: Evaluating...
09/04/2026,19:28:25: 	Train Loss: 3826608.2500 (base: 342.4682, kd: 7652.5317), Elapsed: train 2.73 test 0.51
09/04/2026,19:28:25: 	Recall@10: 0.06413 Recall@20: 0.09176 NDCG@10: 0.03882 NDCG@20: 0.04637 
09/04/2026,19:28:25: 	Recall@10: 0.02591 Recall@20: 0.04007 NDCG@10: 0.01432 NDCG@20: 0.01817 
09/04/2026,19:28:25: Epoch [48/1000]
09/04/2026,19:28:25: Negative sampling...
09/04/2026,19:28:27: Model's personal time...
09/04/2026,19:28:27: Training...
09/04/2026,19:28:28: Evaluating...
09/04/2026,19:28:28: 	Train Loss: 3823659.0000 (base: 336.3202, kd: 7646.6460), Elapsed: train 2.68 test 0.42 *
09/04/2026,19:28:28: 	Recall@10: 0.06394 Recall@20: 0.09193 NDCG@10: 0.03884 NDCG@20: 0.04646 
09/04/2026,19:28:28: 	Recall@10: 0.02569 Recall@20: 0.03953 NDCG@10: 0.01446 NDCG@20: 0.01822 
09/04/2026,19:28:28: Epoch [49/1000]
09/04/2026,19:28:28: Negative sampling...
09/04/2026,19:28:30: Model's personal time...
09/04/2026,19:28:30: Training...
09/04/2026,19:28:31: Evaluating...
09/04/2026,19:28:31: 	Train Loss: 3820187.7500 (base: 330.7926, kd: 7639.7144), Elapsed: train 2.53 test 0.44 *
09/04/2026,19:28:31: 	Recall@10: 0.06519 Recall@20: 0.09237 NDCG@10: 0.03927 NDCG@20: 0.04665 
09/04/2026,19:28:31: 	Recall@10: 0.02582 Recall@20: 0.03927 NDCG@10: 0.01454 NDCG@20: 0.01823 
09/04/2026,19:28:31: Epoch [50/1000]
09/04/2026,19:28:31: Negative sampling...
09/04/2026,19:28:33: Model's personal time...
09/04/2026,19:28:33: Training...
09/04/2026,19:28:34: Evaluating...
09/04/2026,19:28:34: 	Train Loss: 3818346.7500 (base: 325.9482, kd: 7636.0415), Elapsed: train 2.54 test 0.41
09/04/2026,19:28:34: 	Recall@10: 0.06368 Recall@20: 0.09223 NDCG@10: 0.03856 NDCG@20: 0.04638 
09/04/2026,19:28:34: 	Recall@10: 0.02543 Recall@20: 0.04028 NDCG@10: 0.01433 NDCG@20: 0.01839 
09/04/2026,19:28:34: Epoch [51/1000]
09/04/2026,19:28:34: Negative sampling...
09/04/2026,19:28:36: Model's personal time...
09/04/2026,19:28:36: Training...
09/04/2026,19:28:37: Evaluating...
09/04/2026,19:28:37: 	Train Loss: 3815688.7500 (base: 319.8099, kd: 7630.7378), Elapsed: train 2.47 test 0.41 *
09/04/2026,19:28:37: 	Recall@10: 0.06422 Recall@20: 0.09264 NDCG@10: 0.03904 NDCG@20: 0.04677 
09/04/2026,19:28:37: 	Recall@10: 0.02543 Recall@20: 0.04044 NDCG@10: 0.01430 NDCG@20: 0.01843 
09/04/2026,19:28:37: Epoch [52/1000]
09/04/2026,19:28:37: Negative sampling...
09/04/2026,19:28:39: Model's personal time...
09/04/2026,19:28:39: Training...
09/04/2026,19:28:40: Evaluating...
09/04/2026,19:28:40: 	Train Loss: 3813354.2500 (base: 314.8693, kd: 7626.0791), Elapsed: train 2.54 test 0.41
09/04/2026,19:28:40: 	Recall@10: 0.06363 Recall@20: 0.09306 NDCG@10: 0.03863 NDCG@20: 0.04664 
09/04/2026,19:28:40: 	Recall@10: 0.02569 Recall@20: 0.03998 NDCG@10: 0.01426 NDCG@20: 0.01820 
09/04/2026,19:28:40: Epoch [53/1000]
09/04/2026,19:28:40: Negative sampling...
09/04/2026,19:28:42: Model's personal time...
09/04/2026,19:28:42: Training...
09/04/2026,19:28:43: Evaluating...
09/04/2026,19:28:43: 	Train Loss: 3810596.2500 (base: 309.4787, kd: 7620.5737), Elapsed: train 2.51 test 0.46
09/04/2026,19:28:43: 	Recall@10: 0.06313 Recall@20: 0.09261 NDCG@10: 0.03839 NDCG@20: 0.04644 
09/04/2026,19:28:43: 	Recall@10: 0.02535 Recall@20: 0.04068 NDCG@10: 0.01416 NDCG@20: 0.01838 
09/04/2026,19:28:43: Epoch [54/1000]
09/04/2026,19:28:43: Negative sampling...
09/04/2026,19:28:45: Model's personal time...
09/04/2026,19:28:45: Training...
09/04/2026,19:28:46: Evaluating...
09/04/2026,19:28:46: 	Train Loss: 3807010.5000 (base: 305.6133, kd: 7613.4092), Elapsed: train 2.81 test 0.53 *
09/04/2026,19:28:46: 	Recall@10: 0.06354 Recall@20: 0.09353 NDCG@10: 0.03870 NDCG@20: 0.04687 
09/04/2026,19:28:46: 	Recall@10: 0.02631 Recall@20: 0.04004 NDCG@10: 0.01439 NDCG@20: 0.01819 
09/04/2026,19:28:46: Epoch [55/1000]
09/04/2026,19:28:46: Negative sampling...
09/04/2026,19:28:48: Model's personal time...
09/04/2026,19:28:48: Training...
09/04/2026,19:28:49: Evaluating...
09/04/2026,19:28:50: 	Train Loss: 3803859.5000 (base: 300.0019, kd: 7607.1191), Elapsed: train 2.71 test 0.45 *
09/04/2026,19:28:50: 	Recall@10: 0.06353 Recall@20: 0.09425 NDCG@10: 0.03865 NDCG@20: 0.04698 
09/04/2026,19:28:50: 	Recall@10: 0.02655 Recall@20: 0.04023 NDCG@10: 0.01459 NDCG@20: 0.01837 
09/04/2026,19:28:50: Epoch [56/1000]
09/04/2026,19:28:50: Negative sampling...
09/04/2026,19:28:51: Model's personal time...
09/04/2026,19:28:51: Training...
09/04/2026,19:28:52: Evaluating...
09/04/2026,19:28:53: 	Train Loss: 3803213.7500 (base: 295.9113, kd: 7605.8354), Elapsed: train 2.50 test 0.44
09/04/2026,19:28:53: 	Recall@10: 0.06343 Recall@20: 0.09374 NDCG@10: 0.03850 NDCG@20: 0.04673 
09/04/2026,19:28:53: 	Recall@10: 0.02627 Recall@20: 0.04083 NDCG@10: 0.01443 NDCG@20: 0.01844 
09/04/2026,19:28:53: Epoch [57/1000]
09/04/2026,19:28:53: Negative sampling...
09/04/2026,19:28:54: Model's personal time...
09/04/2026,19:28:54: Training...
09/04/2026,19:28:55: Evaluating...
09/04/2026,19:28:56: 	Train Loss: 3801385.7500 (base: 291.2042, kd: 7602.1885), Elapsed: train 2.78 test 0.50 *
09/04/2026,19:28:56: 	Recall@10: 0.06353 Recall@20: 0.09444 NDCG@10: 0.03867 NDCG@20: 0.04704 
09/04/2026,19:28:56: 	Recall@10: 0.02675 Recall@20: 0.04080 NDCG@10: 0.01460 NDCG@20: 0.01847 
09/04/2026,19:28:56: Epoch [58/1000]
09/04/2026,19:28:56: Negative sampling...
09/04/2026,19:28:57: Model's personal time...
09/04/2026,19:28:57: Training...
09/04/2026,19:28:58: Evaluating...
09/04/2026,19:28:59: 	Train Loss: 3798454.7500 (base: 289.9614, kd: 7596.3291), Elapsed: train 2.61 test 0.44
09/04/2026,19:28:59: 	Recall@10: 0.06330 Recall@20: 0.09442 NDCG@10: 0.03839 NDCG@20: 0.04677 
09/04/2026,19:28:59: 	Recall@10: 0.02730 Recall@20: 0.04042 NDCG@10: 0.01483 NDCG@20: 0.01845 
09/04/2026,19:28:59: Epoch [59/1000]
09/04/2026,19:28:59: Negative sampling...
09/04/2026,19:29:00: Model's personal time...
09/04/2026,19:29:00: Training...
09/04/2026,19:29:02: Evaluating...
09/04/2026,19:29:02: 	Train Loss: 3796611.2500 (base: 282.8090, kd: 7592.6567), Elapsed: train 2.62 test 0.51
09/04/2026,19:29:02: 	Recall@10: 0.06333 Recall@20: 0.09477 NDCG@10: 0.03857 NDCG@20: 0.04702 
09/04/2026,19:29:02: 	Recall@10: 0.02679 Recall@20: 0.04035 NDCG@10: 0.01471 NDCG@20: 0.01844 
09/04/2026,19:29:02: Epoch [60/1000]
09/04/2026,19:29:02: Negative sampling...
09/04/2026,19:29:03: Model's personal time...
09/04/2026,19:29:04: Training...
09/04/2026,19:29:05: Evaluating...
09/04/2026,19:29:05: 	Train Loss: 3794389.7500 (base: 281.3395, kd: 7588.2168), Elapsed: train 2.54 test 0.43
09/04/2026,19:29:05: 	Recall@10: 0.06419 Recall@20: 0.09426 NDCG@10: 0.03868 NDCG@20: 0.04674 
09/04/2026,19:29:05: 	Recall@10: 0.02679 Recall@20: 0.04095 NDCG@10: 0.01478 NDCG@20: 0.01865 
09/04/2026,19:29:05: Epoch [61/1000]
09/04/2026,19:29:05: Negative sampling...
09/04/2026,19:29:06: Model's personal time...
09/04/2026,19:29:07: Training...
09/04/2026,19:29:08: Evaluating...
09/04/2026,19:29:08: 	Train Loss: 3791205.2500 (base: 275.0193, kd: 7581.8608), Elapsed: train 2.56 test 0.45 *
09/04/2026,19:29:08: 	Recall@10: 0.06261 Recall@20: 0.09449 NDCG@10: 0.03843 NDCG@20: 0.04710 
09/04/2026,19:29:08: 	Recall@10: 0.02651 Recall@20: 0.04060 NDCG@10: 0.01476 NDCG@20: 0.01859 
09/04/2026,19:29:08: Epoch [62/1000]
09/04/2026,19:29:08: Negative sampling...
09/04/2026,19:29:09: Model's personal time...
09/04/2026,19:29:10: Training...
09/04/2026,19:29:11: Evaluating...
09/04/2026,19:29:11: 	Train Loss: 3790729.0000 (base: 271.1604, kd: 7580.9155), Elapsed: train 2.73 test 0.43 *
09/04/2026,19:29:11: 	Recall@10: 0.06231 Recall@20: 0.09550 NDCG@10: 0.03834 NDCG@20: 0.04735 
09/04/2026,19:29:11: 	Recall@10: 0.02727 Recall@20: 0.04064 NDCG@10: 0.01490 NDCG@20: 0.01857 
09/04/2026,19:29:11: Epoch [63/1000]
09/04/2026,19:29:11: Negative sampling...
09/04/2026,19:29:13: Model's personal time...
09/04/2026,19:29:13: Training...
09/04/2026,19:29:14: Evaluating...
09/04/2026,19:29:14: 	Train Loss: 3789092.2500 (base: 269.9765, kd: 7577.6445), Elapsed: train 2.50 test 0.49
09/04/2026,19:29:14: 	Recall@10: 0.06280 Recall@20: 0.09433 NDCG@10: 0.03824 NDCG@20: 0.04677 
09/04/2026,19:29:14: 	Recall@10: 0.02701 Recall@20: 0.04047 NDCG@10: 0.01477 NDCG@20: 0.01848 
09/04/2026,19:29:14: Epoch [64/1000]
09/04/2026,19:29:14: Negative sampling...
09/04/2026,19:29:16: Model's personal time...
09/04/2026,19:29:16: Training...
09/04/2026,19:29:17: Evaluating...
09/04/2026,19:29:17: 	Train Loss: 3786537.0000 (base: 263.4439, kd: 7572.5479), Elapsed: train 2.60 test 0.50
09/04/2026,19:29:17: 	Recall@10: 0.06269 Recall@20: 0.09431 NDCG@10: 0.03839 NDCG@20: 0.04697 
09/04/2026,19:29:17: 	Recall@10: 0.02650 Recall@20: 0.04083 NDCG@10: 0.01468 NDCG@20: 0.01861 
09/04/2026,19:29:17: Epoch [65/1000]
09/04/2026,19:29:17: Negative sampling...
09/04/2026,19:29:19: Model's personal time...
09/04/2026,19:29:19: Training...
09/04/2026,19:29:20: Evaluating...
09/04/2026,19:29:20: 	Train Loss: 3785265.5000 (base: 262.2887, kd: 7570.0063), Elapsed: train 2.56 test 0.46 *
09/04/2026,19:29:20: 	Recall@10: 0.06302 Recall@20: 0.09571 NDCG@10: 0.03865 NDCG@20: 0.04751 
09/04/2026,19:29:20: 	Recall@10: 0.02702 Recall@20: 0.04041 NDCG@10: 0.01484 NDCG@20: 0.01852 
09/04/2026,19:29:20: Epoch [66/1000]
09/04/2026,19:29:20: Negative sampling...
09/04/2026,19:29:22: Model's personal time...
09/04/2026,19:29:22: Training...
09/04/2026,19:29:23: Evaluating...
09/04/2026,19:29:23: 	Train Loss: 3782564.5000 (base: 259.5782, kd: 7564.6104), Elapsed: train 2.63 test 0.48
09/04/2026,19:29:23: 	Recall@10: 0.06322 Recall@20: 0.09565 NDCG@10: 0.03861 NDCG@20: 0.04745 
09/04/2026,19:29:23: 	Recall@10: 0.02632 Recall@20: 0.04100 NDCG@10: 0.01466 NDCG@20: 0.01868 
09/04/2026,19:29:23: Epoch [67/1000]
09/04/2026,19:29:23: Negative sampling...
09/04/2026,19:29:25: Model's personal time...
09/04/2026,19:29:25: Training...
09/04/2026,19:29:26: Evaluating...
09/04/2026,19:29:26: 	Train Loss: 3781187.7500 (base: 256.8704, kd: 7561.8623), Elapsed: train 2.61 test 0.50
09/04/2026,19:29:26: 	Recall@10: 0.06345 Recall@20: 0.09546 NDCG@10: 0.03845 NDCG@20: 0.04713 
09/04/2026,19:29:26: 	Recall@10: 0.02740 Recall@20: 0.04089 NDCG@10: 0.01510 NDCG@20: 0.01878 
09/04/2026,19:29:26: Epoch [68/1000]
09/04/2026,19:29:26: Negative sampling...
09/04/2026,19:29:28: Model's personal time...
09/04/2026,19:29:28: Training...
09/04/2026,19:29:29: Evaluating...
09/04/2026,19:29:30: 	Train Loss: 3779110.5000 (base: 253.9743, kd: 7557.7129), Elapsed: train 2.61 test 0.42
09/04/2026,19:29:30: 	Recall@10: 0.06319 Recall@20: 0.09619 NDCG@10: 0.03855 NDCG@20: 0.04750 
09/04/2026,19:29:30: 	Recall@10: 0.02759 Recall@20: 0.04127 NDCG@10: 0.01508 NDCG@20: 0.01880 
09/04/2026,19:29:30: Epoch [69/1000]
09/04/2026,19:29:30: Negative sampling...
09/04/2026,19:29:31: Model's personal time...
09/04/2026,19:29:31: Training...
09/04/2026,19:29:32: Evaluating...
09/04/2026,19:29:33: 	Train Loss: 3778480.0000 (base: 251.8521, kd: 7556.4561), Elapsed: train 2.71 test 0.42
09/04/2026,19:29:33: 	Recall@10: 0.06342 Recall@20: 0.09551 NDCG@10: 0.03876 NDCG@20: 0.04748 
09/04/2026,19:29:33: 	Recall@10: 0.02730 Recall@20: 0.04124 NDCG@10: 0.01496 NDCG@20: 0.01876 
09/04/2026,19:29:33: Epoch [70/1000]
09/04/2026,19:29:33: Negative sampling...
09/04/2026,19:29:34: Model's personal time...
09/04/2026,19:29:34: Training...
09/04/2026,19:29:35: Evaluating...
09/04/2026,19:29:36: 	Train Loss: 3777067.7500 (base: 247.7165, kd: 7553.6396), Elapsed: train 2.55 test 0.43
09/04/2026,19:29:36: 	Recall@10: 0.06355 Recall@20: 0.09600 NDCG@10: 0.03858 NDCG@20: 0.04738 
09/04/2026,19:29:36: 	Recall@10: 0.02736 Recall@20: 0.04096 NDCG@10: 0.01513 NDCG@20: 0.01886 
09/04/2026,19:29:36: Epoch [71/1000]
09/04/2026,19:29:36: Negative sampling...
09/04/2026,19:29:37: Model's personal time...
09/04/2026,19:29:37: Training...
09/04/2026,19:29:38: Evaluating...
09/04/2026,19:29:39: 	Train Loss: 3774502.5000 (base: 242.4726, kd: 7548.5200), Elapsed: train 2.66 test 0.42
09/04/2026,19:29:39: 	Recall@10: 0.06281 Recall@20: 0.09593 NDCG@10: 0.03840 NDCG@20: 0.04733 
09/04/2026,19:29:39: 	Recall@10: 0.02730 Recall@20: 0.04108 NDCG@10: 0.01498 NDCG@20: 0.01877 
09/04/2026,19:29:39: Epoch [72/1000]
09/04/2026,19:29:39: Negative sampling...
09/04/2026,19:29:40: Model's personal time...
09/04/2026,19:29:40: Training...
09/04/2026,19:29:41: Evaluating...
09/04/2026,19:29:42: 	Train Loss: 3774349.0000 (base: 243.5244, kd: 7548.2109), Elapsed: train 2.49 test 0.41 *
09/04/2026,19:29:42: 	Recall@10: 0.06330 Recall@20: 0.09682 NDCG@10: 0.03864 NDCG@20: 0.04764 
09/04/2026,19:29:42: 	Recall@10: 0.02701 Recall@20: 0.04025 NDCG@10: 0.01499 NDCG@20: 0.01864 
09/04/2026,19:29:42: Epoch [73/1000]
09/04/2026,19:29:42: Negative sampling...
09/04/2026,19:29:43: Model's personal time...
09/04/2026,19:29:43: Training...
09/04/2026,19:29:44: Evaluating...
09/04/2026,19:29:45: 	Train Loss: 3772605.0000 (base: 241.6992, kd: 7544.7271), Elapsed: train 2.56 test 0.44 *
09/04/2026,19:29:45: 	Recall@10: 0.06313 Recall@20: 0.09769 NDCG@10: 0.03854 NDCG@20: 0.04792 
09/04/2026,19:29:45: 	Recall@10: 0.02650 Recall@20: 0.04155 NDCG@10: 0.01482 NDCG@20: 0.01894 
09/04/2026,19:29:45: Epoch [74/1000]
09/04/2026,19:29:45: Negative sampling...
09/04/2026,19:29:46: Model's personal time...
09/04/2026,19:29:46: Training...
09/04/2026,19:29:47: Evaluating...
09/04/2026,19:29:48: 	Train Loss: 3772647.5000 (base: 239.4399, kd: 7544.8164), Elapsed: train 2.46 test 0.44 *
09/04/2026,19:29:48: 	Recall@10: 0.06345 Recall@20: 0.09767 NDCG@10: 0.03884 NDCG@20: 0.04808 
09/04/2026,19:29:48: 	Recall@10: 0.02631 Recall@20: 0.04136 NDCG@10: 0.01480 NDCG@20: 0.01893 
09/04/2026,19:29:48: Epoch [75/1000]
09/04/2026,19:29:48: Negative sampling...
09/04/2026,19:29:49: Model's personal time...
09/04/2026,19:29:49: Training...
09/04/2026,19:29:50: Evaluating...
09/04/2026,19:29:51: 	Train Loss: 3769810.5000 (base: 234.3164, kd: 7539.1528), Elapsed: train 2.54 test 0.46 *
09/04/2026,19:29:51: 	Recall@10: 0.06425 Recall@20: 0.09723 NDCG@10: 0.03918 NDCG@20: 0.04810 
09/04/2026,19:29:51: 	Recall@10: 0.02657 Recall@20: 0.04114 NDCG@10: 0.01488 NDCG@20: 0.01885 
09/04/2026,19:29:51: Epoch [76/1000]
09/04/2026,19:29:51: Negative sampling...
09/04/2026,19:29:52: Model's personal time...
09/04/2026,19:29:52: Training...
09/04/2026,19:29:53: Evaluating...
09/04/2026,19:29:53: 	Train Loss: 3768099.2500 (base: 233.7634, kd: 7535.7310), Elapsed: train 2.49 test 0.43
09/04/2026,19:29:53: 	Recall@10: 0.06311 Recall@20: 0.09682 NDCG@10: 0.03850 NDCG@20: 0.04771 
09/04/2026,19:29:53: 	Recall@10: 0.02655 Recall@20: 0.04052 NDCG@10: 0.01489 NDCG@20: 0.01875 
09/04/2026,19:29:53: Epoch [77/1000]
09/04/2026,19:29:53: Negative sampling...
09/04/2026,19:29:55: Model's personal time...
09/04/2026,19:29:55: Training...
09/04/2026,19:29:56: Evaluating...
09/04/2026,19:29:56: 	Train Loss: 3767064.0000 (base: 233.9255, kd: 7533.6606), Elapsed: train 2.49 test 0.45
09/04/2026,19:29:56: 	Recall@10: 0.06431 Recall@20: 0.09686 NDCG@10: 0.03898 NDCG@20: 0.04783 
09/04/2026,19:29:56: 	Recall@10: 0.02695 Recall@20: 0.04085 NDCG@10: 0.01502 NDCG@20: 0.01884 
09/04/2026,19:29:56: Epoch [78/1000]
09/04/2026,19:29:56: Negative sampling...
09/04/2026,19:29:58: Model's personal time...
09/04/2026,19:29:58: Training...
09/04/2026,19:29:59: Evaluating...
09/04/2026,19:29:59: 	Train Loss: 3766684.0000 (base: 231.5681, kd: 7532.9048), Elapsed: train 2.44 test 0.43
09/04/2026,19:29:59: 	Recall@10: 0.06375 Recall@20: 0.09656 NDCG@10: 0.03871 NDCG@20: 0.04763 
09/04/2026,19:29:59: 	Recall@10: 0.02685 Recall@20: 0.04106 NDCG@10: 0.01507 NDCG@20: 0.01895 
09/04/2026,19:29:59: Epoch [79/1000]
09/04/2026,19:29:59: Negative sampling...
09/04/2026,19:30:01: Model's personal time...
09/04/2026,19:30:01: Training...
09/04/2026,19:30:02: Evaluating...
09/04/2026,19:30:02: 	Train Loss: 3764041.7500 (base: 230.1174, kd: 7527.6235), Elapsed: train 2.52 test 0.41
09/04/2026,19:30:02: 	Recall@10: 0.06370 Recall@20: 0.09751 NDCG@10: 0.03891 NDCG@20: 0.04801 
09/04/2026,19:30:02: 	Recall@10: 0.02716 Recall@20: 0.04123 NDCG@10: 0.01521 NDCG@20: 0.01903 
09/04/2026,19:30:02: Epoch [80/1000]
09/04/2026,19:30:02: Negative sampling...
09/04/2026,19:30:04: Model's personal time...
09/04/2026,19:30:04: Training...
09/04/2026,19:30:05: Evaluating...
09/04/2026,19:30:05: 	Train Loss: 3763607.0000 (base: 226.5014, kd: 7526.7612), Elapsed: train 2.59 test 0.47
09/04/2026,19:30:05: 	Recall@10: 0.06405 Recall@20: 0.09645 NDCG@10: 0.03916 NDCG@20: 0.04794 
09/04/2026,19:30:05: 	Recall@10: 0.02698 Recall@20: 0.04126 NDCG@10: 0.01515 NDCG@20: 0.01905 
09/04/2026,19:30:05: Epoch [81/1000]
09/04/2026,19:30:05: Negative sampling...
09/04/2026,19:30:07: Model's personal time...
09/04/2026,19:30:07: Training...
09/04/2026,19:30:08: Evaluating...
09/04/2026,19:30:08: 	Train Loss: 3763684.7500 (base: 223.6089, kd: 7526.9219), Elapsed: train 2.46 test 0.40
09/04/2026,19:30:08: 	Recall@10: 0.06331 Recall@20: 0.09717 NDCG@10: 0.03850 NDCG@20: 0.04769 
09/04/2026,19:30:08: 	Recall@10: 0.02719 Recall@20: 0.04071 NDCG@10: 0.01517 NDCG@20: 0.01886 
09/04/2026,19:30:08: Epoch [82/1000]
09/04/2026,19:30:08: Negative sampling...
09/04/2026,19:30:09: Model's personal time...
09/04/2026,19:30:10: Training...
09/04/2026,19:30:11: Evaluating...
09/04/2026,19:30:11: 	Train Loss: 3761061.7500 (base: 223.2704, kd: 7521.6772), Elapsed: train 2.48 test 0.46 *
09/04/2026,19:30:11: 	Recall@10: 0.06396 Recall@20: 0.09827 NDCG@10: 0.03896 NDCG@20: 0.04824 
09/04/2026,19:30:11: 	Recall@10: 0.02682 Recall@20: 0.04029 NDCG@10: 0.01503 NDCG@20: 0.01875 
09/04/2026,19:30:11: Epoch [83/1000]
09/04/2026,19:30:11: Negative sampling...
09/04/2026,19:30:12: Model's personal time...
09/04/2026,19:30:13: Training...
09/04/2026,19:30:14: Evaluating...
09/04/2026,19:30:14: 	Train Loss: 3760480.0000 (base: 223.1492, kd: 7520.5137), Elapsed: train 2.58 test 0.42
09/04/2026,19:30:14: 	Recall@10: 0.06459 Recall@20: 0.09732 NDCG@10: 0.03895 NDCG@20: 0.04786 
09/04/2026,19:30:14: 	Recall@10: 0.02640 Recall@20: 0.04045 NDCG@10: 0.01488 NDCG@20: 0.01875 
09/04/2026,19:30:14: Epoch [84/1000]
09/04/2026,19:30:14: Negative sampling...
09/04/2026,19:30:15: Model's personal time...
09/04/2026,19:30:16: Training...
09/04/2026,19:30:17: Evaluating...
09/04/2026,19:30:17: 	Train Loss: 3760420.5000 (base: 220.5990, kd: 7520.3999), Elapsed: train 2.65 test 0.42
09/04/2026,19:30:17: 	Recall@10: 0.06434 Recall@20: 0.09853 NDCG@10: 0.03881 NDCG@20: 0.04806 
09/04/2026,19:30:17: 	Recall@10: 0.02666 Recall@20: 0.04066 NDCG@10: 0.01491 NDCG@20: 0.01877 
09/04/2026,19:30:17: Epoch [85/1000]
09/04/2026,19:30:17: Negative sampling...
09/04/2026,19:30:19: Model's personal time...
09/04/2026,19:30:19: Training...
09/04/2026,19:30:20: Evaluating...
09/04/2026,19:30:20: 	Train Loss: 3758635.2500 (base: 219.7591, kd: 7516.8311), Elapsed: train 2.64 test 0.42
09/04/2026,19:30:20: 	Recall@10: 0.06458 Recall@20: 0.09787 NDCG@10: 0.03889 NDCG@20: 0.04797 
09/04/2026,19:30:20: 	Recall@10: 0.02714 Recall@20: 0.04141 NDCG@10: 0.01510 NDCG@20: 0.01902 
09/04/2026,19:30:20: Epoch [86/1000]
09/04/2026,19:30:20: Negative sampling...
09/04/2026,19:30:22: Model's personal time...
09/04/2026,19:30:22: Training...
09/04/2026,19:30:23: Evaluating...
09/04/2026,19:30:23: 	Train Loss: 3756923.0000 (base: 219.2831, kd: 7513.4067), Elapsed: train 2.51 test 0.48 *
09/04/2026,19:30:23: 	Recall@10: 0.06486 Recall@20: 0.09900 NDCG@10: 0.03900 NDCG@20: 0.04826 
09/04/2026,19:30:23: 	Recall@10: 0.02711 Recall@20: 0.04106 NDCG@10: 0.01519 NDCG@20: 0.01899 
09/04/2026,19:30:23: Epoch [87/1000]
09/04/2026,19:30:23: Negative sampling...
09/04/2026,19:30:25: Model's personal time...
09/04/2026,19:30:25: Training...
09/04/2026,19:30:26: Evaluating...
09/04/2026,19:30:26: 	Train Loss: 3755534.2500 (base: 216.1920, kd: 7510.6353), Elapsed: train 2.61 test 0.47
09/04/2026,19:30:26: 	Recall@10: 0.06587 Recall@20: 0.09828 NDCG@10: 0.03936 NDCG@20: 0.04813 
09/04/2026,19:30:26: 	Recall@10: 0.02714 Recall@20: 0.04111 NDCG@10: 0.01516 NDCG@20: 0.01897 
09/04/2026,19:30:26: Epoch [88/1000]
09/04/2026,19:30:26: Negative sampling...
09/04/2026,19:30:28: Model's personal time...
09/04/2026,19:30:28: Training...
09/04/2026,19:30:29: Evaluating...
09/04/2026,19:30:29: 	Train Loss: 3755610.0000 (base: 216.0963, kd: 7510.7881), Elapsed: train 2.51 test 0.44
09/04/2026,19:30:29: 	Recall@10: 0.06611 Recall@20: 0.09840 NDCG@10: 0.03939 NDCG@20: 0.04815 
09/04/2026,19:30:29: 	Recall@10: 0.02714 Recall@20: 0.04141 NDCG@10: 0.01505 NDCG@20: 0.01896 
09/04/2026,19:30:29: Epoch [89/1000]
09/04/2026,19:30:29: Negative sampling...
09/04/2026,19:30:31: Model's personal time...
09/04/2026,19:30:31: Training...
09/04/2026,19:30:32: Evaluating...
09/04/2026,19:30:32: 	Train Loss: 3752916.7500 (base: 210.5899, kd: 7505.4131), Elapsed: train 2.55 test 0.46 *
09/04/2026,19:30:32: 	Recall@10: 0.06598 Recall@20: 0.09795 NDCG@10: 0.03963 NDCG@20: 0.04828 
09/04/2026,19:30:32: 	Recall@10: 0.02742 Recall@20: 0.04090 NDCG@10: 0.01536 NDCG@20: 0.01906 
09/04/2026,19:30:32: Epoch [90/1000]
09/04/2026,19:30:32: Negative sampling...
09/04/2026,19:30:34: Model's personal time...
09/04/2026,19:30:34: Training...
09/04/2026,19:30:35: Evaluating...
09/04/2026,19:30:35: 	Train Loss: 3754121.0000 (base: 211.9240, kd: 7507.8188), Elapsed: train 2.61 test 0.52
09/04/2026,19:30:35: 	Recall@10: 0.06575 Recall@20: 0.09795 NDCG@10: 0.03942 NDCG@20: 0.04811 
09/04/2026,19:30:35: 	Recall@10: 0.02730 Recall@20: 0.04156 NDCG@10: 0.01529 NDCG@20: 0.01916 
09/04/2026,19:30:35: Epoch [91/1000]
09/04/2026,19:30:35: Negative sampling...
09/04/2026,19:30:37: Model's personal time...
09/04/2026,19:30:37: Training...
09/04/2026,19:30:38: Evaluating...
09/04/2026,19:30:39: 	Train Loss: 3753378.0000 (base: 212.3118, kd: 7506.3311), Elapsed: train 2.75 test 0.46 *
09/04/2026,19:30:39: 	Recall@10: 0.06654 Recall@20: 0.09804 NDCG@10: 0.03977 NDCG@20: 0.04829 
09/04/2026,19:30:39: 	Recall@10: 0.02720 Recall@20: 0.04132 NDCG@10: 0.01534 NDCG@20: 0.01920 
09/04/2026,19:30:39: Epoch [92/1000]
09/04/2026,19:30:39: Negative sampling...
09/04/2026,19:30:40: Model's personal time...
09/04/2026,19:30:40: Training...
09/04/2026,19:30:41: Evaluating...
09/04/2026,19:30:42: 	Train Loss: 3751932.2500 (base: 209.7681, kd: 7503.4448), Elapsed: train 2.52 test 0.41 *
09/04/2026,19:30:42: 	Recall@10: 0.06627 Recall@20: 0.09868 NDCG@10: 0.03977 NDCG@20: 0.04856 
09/04/2026,19:30:42: 	Recall@10: 0.02689 Recall@20: 0.04173 NDCG@10: 0.01525 NDCG@20: 0.01927 
09/04/2026,19:30:42: Epoch [93/1000]
09/04/2026,19:30:42: Negative sampling...
09/04/2026,19:30:43: Model's personal time...
09/04/2026,19:30:43: Training...
09/04/2026,19:30:44: Evaluating...
09/04/2026,19:30:44: 	Train Loss: 3750800.2500 (base: 205.0188, kd: 7501.1914), Elapsed: train 2.52 test 0.42
09/04/2026,19:30:44: 	Recall@10: 0.06641 Recall@20: 0.09923 NDCG@10: 0.03956 NDCG@20: 0.04839 
09/04/2026,19:30:44: 	Recall@10: 0.02655 Recall@20: 0.04158 NDCG@10: 0.01517 NDCG@20: 0.01925 
09/04/2026,19:30:44: Epoch [94/1000]
09/04/2026,19:30:44: Negative sampling...
09/04/2026,19:30:46: Model's personal time...
09/04/2026,19:30:46: Training...
09/04/2026,19:30:47: Evaluating...
09/04/2026,19:30:47: 	Train Loss: 3749973.5000 (base: 205.8763, kd: 7499.5356), Elapsed: train 2.56 test 0.47 *
09/04/2026,19:30:47: 	Recall@10: 0.06602 Recall@20: 0.09942 NDCG@10: 0.03959 NDCG@20: 0.04866 
09/04/2026,19:30:47: 	Recall@10: 0.02660 Recall@20: 0.04171 NDCG@10: 0.01512 NDCG@20: 0.01924 
09/04/2026,19:30:47: Epoch [95/1000]
09/04/2026,19:30:47: Negative sampling...
09/04/2026,19:30:49: Model's personal time...
09/04/2026,19:30:49: Training...
09/04/2026,19:30:50: Evaluating...
09/04/2026,19:30:50: 	Train Loss: 3748650.2500 (base: 207.7525, kd: 7496.8857), Elapsed: train 2.49 test 0.42
09/04/2026,19:30:50: 	Recall@10: 0.06653 Recall@20: 0.09884 NDCG@10: 0.03972 NDCG@20: 0.04843 
09/04/2026,19:30:50: 	Recall@10: 0.02756 Recall@20: 0.04212 NDCG@10: 0.01531 NDCG@20: 0.01924 
09/04/2026,19:30:50: Epoch [96/1000]
09/04/2026,19:30:50: Negative sampling...
09/04/2026,19:30:52: Model's personal time...
09/04/2026,19:30:52: Training...
09/04/2026,19:30:53: Evaluating...
09/04/2026,19:30:53: 	Train Loss: 3749382.2500 (base: 205.8634, kd: 7498.3530), Elapsed: train 2.49 test 0.41
09/04/2026,19:30:53: 	Recall@10: 0.06632 Recall@20: 0.09841 NDCG@10: 0.03973 NDCG@20: 0.04845 
09/04/2026,19:30:53: 	Recall@10: 0.02626 Recall@20: 0.04179 NDCG@10: 0.01499 NDCG@20: 0.01920 
09/04/2026,19:30:53: Epoch [97/1000]
09/04/2026,19:30:53: Negative sampling...
09/04/2026,19:30:55: Model's personal time...
09/04/2026,19:30:55: Training...
09/04/2026,19:30:56: Evaluating...
09/04/2026,19:30:56: 	Train Loss: 3747968.0000 (base: 204.7994, kd: 7495.5269), Elapsed: train 2.52 test 0.44
09/04/2026,19:30:56: 	Recall@10: 0.06612 Recall@20: 0.09920 NDCG@10: 0.03964 NDCG@20: 0.04852 
09/04/2026,19:30:56: 	Recall@10: 0.02677 Recall@20: 0.04229 NDCG@10: 0.01516 NDCG@20: 0.01939 
09/04/2026,19:30:56: Epoch [98/1000]
09/04/2026,19:30:56: Negative sampling...
09/04/2026,19:30:58: Model's personal time...
09/04/2026,19:30:58: Training...
09/04/2026,19:30:59: Evaluating...
09/04/2026,19:30:59: 	Train Loss: 3746862.2500 (base: 202.8930, kd: 7493.3188), Elapsed: train 2.71 test 0.43
09/04/2026,19:30:59: 	Recall@10: 0.06723 Recall@20: 0.09825 NDCG@10: 0.03999 NDCG@20: 0.04829 
09/04/2026,19:30:59: 	Recall@10: 0.02703 Recall@20: 0.04171 NDCG@10: 0.01528 NDCG@20: 0.01927 
09/04/2026,19:30:59: Epoch [99/1000]
09/04/2026,19:30:59: Negative sampling...
09/04/2026,19:31:01: Model's personal time...
09/04/2026,19:31:01: Training...
09/04/2026,19:31:02: Evaluating...
09/04/2026,19:31:02: 	Train Loss: 3745854.0000 (base: 200.5975, kd: 7491.3066), Elapsed: train 2.63 test 0.41 *
09/04/2026,19:31:02: 	Recall@10: 0.06620 Recall@20: 0.09955 NDCG@10: 0.03974 NDCG@20: 0.04872 
09/04/2026,19:31:02: 	Recall@10: 0.02713 Recall@20: 0.04124 NDCG@10: 0.01523 NDCG@20: 0.01909 
09/04/2026,19:31:02: Epoch [100/1000]
09/04/2026,19:31:02: Negative sampling...
09/04/2026,19:31:04: Model's personal time...
09/04/2026,19:31:04: Training...
09/04/2026,19:31:05: Evaluating...
09/04/2026,19:31:06: 	Train Loss: 3745441.2500 (base: 196.8915, kd: 7490.4888), Elapsed: train 2.67 test 0.42
09/04/2026,19:31:06: 	Recall@10: 0.06678 Recall@20: 0.09916 NDCG@10: 0.03980 NDCG@20: 0.04853 
09/04/2026,19:31:06: 	Recall@10: 0.02655 Recall@20: 0.04129 NDCG@10: 0.01507 NDCG@20: 0.01908 
09/04/2026,19:31:06: Epoch [101/1000]
09/04/2026,19:31:06: Negative sampling...
09/04/2026,19:31:07: Model's personal time...
09/04/2026,19:31:07: Training...
09/04/2026,19:31:08: Evaluating...
09/04/2026,19:31:09: 	Train Loss: 3744767.2500 (base: 195.7012, kd: 7489.1440), Elapsed: train 2.66 test 0.42
09/04/2026,19:31:09: 	Recall@10: 0.06600 Recall@20: 0.09942 NDCG@10: 0.03956 NDCG@20: 0.04860 
09/04/2026,19:31:09: 	Recall@10: 0.02708 Recall@20: 0.04129 NDCG@10: 0.01530 NDCG@20: 0.01919 
09/04/2026,19:31:09: Epoch [102/1000]
09/04/2026,19:31:09: Negative sampling...
09/04/2026,19:31:10: Model's personal time...
09/04/2026,19:31:10: Training...
09/04/2026,19:31:11: Evaluating...
09/04/2026,19:31:12: 	Train Loss: 3744837.5000 (base: 200.7815, kd: 7489.2734), Elapsed: train 2.67 test 0.46 *
09/04/2026,19:31:12: 	Recall@10: 0.06567 Recall@20: 0.09963 NDCG@10: 0.03953 NDCG@20: 0.04872 
09/04/2026,19:31:12: 	Recall@10: 0.02751 Recall@20: 0.04148 NDCG@10: 0.01551 NDCG@20: 0.01932 
09/04/2026,19:31:12: Epoch [103/1000]
09/04/2026,19:31:12: Negative sampling...
09/04/2026,19:31:13: Model's personal time...
09/04/2026,19:31:13: Training...
09/04/2026,19:31:14: Evaluating...
09/04/2026,19:31:15: 	Train Loss: 3744916.5000 (base: 198.0070, kd: 7489.4375), Elapsed: train 2.58 test 0.41
09/04/2026,19:31:15: 	Recall@10: 0.06703 Recall@20: 0.09953 NDCG@10: 0.03958 NDCG@20: 0.04843 
09/04/2026,19:31:15: 	Recall@10: 0.02703 Recall@20: 0.04153 NDCG@10: 0.01532 NDCG@20: 0.01929 
09/04/2026,19:31:15: Epoch [104/1000]
09/04/2026,19:31:15: Negative sampling...
09/04/2026,19:31:16: Model's personal time...
09/04/2026,19:31:16: Training...
09/04/2026,19:31:17: Evaluating...
09/04/2026,19:31:18: 	Train Loss: 3742209.5000 (base: 198.5964, kd: 7484.0220), Elapsed: train 2.59 test 0.42
09/04/2026,19:31:18: 	Recall@10: 0.06708 Recall@20: 0.09924 NDCG@10: 0.03973 NDCG@20: 0.04849 
09/04/2026,19:31:18: 	Recall@10: 0.02668 Recall@20: 0.04152 NDCG@10: 0.01511 NDCG@20: 0.01916 
09/04/2026,19:31:18: Epoch [105/1000]
09/04/2026,19:31:18: Negative sampling...
09/04/2026,19:31:19: Model's personal time...
09/04/2026,19:31:19: Training...
09/04/2026,19:31:20: Evaluating...
09/04/2026,19:31:21: 	Train Loss: 3742241.0000 (base: 194.9640, kd: 7484.0918), Elapsed: train 2.64 test 0.44 *
09/04/2026,19:31:21: 	Recall@10: 0.06788 Recall@20: 0.09974 NDCG@10: 0.04015 NDCG@20: 0.04883 
09/04/2026,19:31:21: 	Recall@10: 0.02677 Recall@20: 0.04235 NDCG@10: 0.01521 NDCG@20: 0.01940 
09/04/2026,19:31:21: Epoch [106/1000]
09/04/2026,19:31:21: Negative sampling...
09/04/2026,19:31:22: Model's personal time...
09/04/2026,19:31:22: Training...
09/04/2026,19:31:23: Evaluating...
09/04/2026,19:31:24: 	Train Loss: 3741664.0000 (base: 193.1311, kd: 7482.9414), Elapsed: train 2.63 test 0.50
09/04/2026,19:31:24: 	Recall@10: 0.06658 Recall@20: 0.09958 NDCG@10: 0.03969 NDCG@20: 0.04869 
09/04/2026,19:31:24: 	Recall@10: 0.02639 Recall@20: 0.04236 NDCG@10: 0.01509 NDCG@20: 0.01944 
09/04/2026,19:31:24: Epoch [107/1000]
09/04/2026,19:31:24: Negative sampling...
09/04/2026,19:31:25: Model's personal time...
09/04/2026,19:31:25: Training...
09/04/2026,19:31:27: Evaluating...
09/04/2026,19:31:27: 	Train Loss: 3741500.0000 (base: 194.2071, kd: 7482.6113), Elapsed: train 2.77 test 0.43 *
09/04/2026,19:31:27: 	Recall@10: 0.06663 Recall@20: 0.09910 NDCG@10: 0.04004 NDCG@20: 0.04885 
09/04/2026,19:31:27: 	Recall@10: 0.02642 Recall@20: 0.04179 NDCG@10: 0.01500 NDCG@20: 0.01918 
09/04/2026,19:31:27: Epoch [108/1000]
09/04/2026,19:31:27: Negative sampling...
09/04/2026,19:31:28: Model's personal time...
09/04/2026,19:31:29: Training...
09/04/2026,19:31:30: Evaluating...
09/04/2026,19:31:30: 	Train Loss: 3740412.0000 (base: 193.7867, kd: 7480.4375), Elapsed: train 2.60 test 0.46 *
09/04/2026,19:31:30: 	Recall@10: 0.06702 Recall@20: 0.09925 NDCG@10: 0.04007 NDCG@20: 0.04887 
09/04/2026,19:31:30: 	Recall@10: 0.02655 Recall@20: 0.04222 NDCG@10: 0.01510 NDCG@20: 0.01932 
09/04/2026,19:31:30: Epoch [109/1000]
09/04/2026,19:31:30: Negative sampling...
09/04/2026,19:31:32: Model's personal time...
09/04/2026,19:31:32: Training...
09/04/2026,19:31:33: Evaluating...
09/04/2026,19:31:33: 	Train Loss: 3740188.0000 (base: 193.5139, kd: 7479.9883), Elapsed: train 2.49 test 0.43
09/04/2026,19:31:33: 	Recall@10: 0.06694 Recall@20: 0.10006 NDCG@10: 0.03969 NDCG@20: 0.04865 
09/04/2026,19:31:33: 	Recall@10: 0.02757 Recall@20: 0.04253 NDCG@10: 0.01544 NDCG@20: 0.01947 
09/04/2026,19:31:33: Epoch [110/1000]
09/04/2026,19:31:33: Negative sampling...
09/04/2026,19:31:34: Model's personal time...
09/04/2026,19:31:35: Training...
09/04/2026,19:31:36: Evaluating...
09/04/2026,19:31:36: 	Train Loss: 3738769.0000 (base: 193.0554, kd: 7477.1519), Elapsed: train 2.50 test 0.42
09/04/2026,19:31:36: 	Recall@10: 0.06678 Recall@20: 0.10060 NDCG@10: 0.03974 NDCG@20: 0.04886 
09/04/2026,19:31:36: 	Recall@10: 0.02682 Recall@20: 0.04146 NDCG@10: 0.01523 NDCG@20: 0.01925 
09/04/2026,19:31:36: Epoch [111/1000]
09/04/2026,19:31:36: Negative sampling...
09/04/2026,19:31:37: Model's personal time...
09/04/2026,19:31:38: Training...
09/04/2026,19:31:39: Evaluating...
09/04/2026,19:31:39: 	Train Loss: 3738205.0000 (base: 193.1184, kd: 7476.0239), Elapsed: train 2.51 test 0.45
09/04/2026,19:31:39: 	Recall@10: 0.06710 Recall@20: 0.10037 NDCG@10: 0.03992 NDCG@20: 0.04883 
09/04/2026,19:31:39: 	Recall@10: 0.02660 Recall@20: 0.04247 NDCG@10: 0.01517 NDCG@20: 0.01948 
09/04/2026,19:31:39: Epoch [112/1000]
09/04/2026,19:31:39: Negative sampling...
09/04/2026,19:31:40: Model's personal time...
09/04/2026,19:31:41: Training...
09/04/2026,19:31:41: Evaluating...
09/04/2026,19:31:42: 	Train Loss: 3737911.7500 (base: 192.3285, kd: 7475.4385), Elapsed: train 2.49 test 0.50 *
09/04/2026,19:31:42: 	Recall@10: 0.06683 Recall@20: 0.10013 NDCG@10: 0.03997 NDCG@20: 0.04898 
09/04/2026,19:31:42: 	Recall@10: 0.02695 Recall@20: 0.04132 NDCG@10: 0.01527 NDCG@20: 0.01919 
09/04/2026,19:31:42: Epoch [113/1000]
09/04/2026,19:31:42: Negative sampling...
09/04/2026,19:31:43: Model's personal time...
09/04/2026,19:31:44: Training...
09/04/2026,19:31:45: Evaluating...
09/04/2026,19:31:45: 	Train Loss: 3736379.7500 (base: 190.0263, kd: 7472.3789), Elapsed: train 2.53 test 0.43
09/04/2026,19:31:45: 	Recall@10: 0.06727 Recall@20: 0.10044 NDCG@10: 0.03984 NDCG@20: 0.04882 
09/04/2026,19:31:45: 	Recall@10: 0.02641 Recall@20: 0.04175 NDCG@10: 0.01512 NDCG@20: 0.01931 
09/04/2026,19:31:45: Epoch [114/1000]
09/04/2026,19:31:45: Negative sampling...
09/04/2026,19:31:46: Model's personal time...
09/04/2026,19:31:46: Training...
09/04/2026,19:31:47: Evaluating...
09/04/2026,19:31:48: 	Train Loss: 3737365.7500 (base: 191.6603, kd: 7474.3486), Elapsed: train 2.52 test 0.44
09/04/2026,19:31:48: 	Recall@10: 0.06774 Recall@20: 0.10002 NDCG@10: 0.04013 NDCG@20: 0.04890 
09/04/2026,19:31:48: 	Recall@10: 0.02602 Recall@20: 0.04137 NDCG@10: 0.01489 NDCG@20: 0.01913 
09/04/2026,19:31:48: Epoch [115/1000]
09/04/2026,19:31:48: Negative sampling...
09/04/2026,19:31:49: Model's personal time...
09/04/2026,19:31:49: Training...
09/04/2026,19:31:51: Evaluating...
09/04/2026,19:31:51: 	Train Loss: 3736175.2500 (base: 189.8857, kd: 7471.9707), Elapsed: train 2.62 test 0.47 *
09/04/2026,19:31:51: 	Recall@10: 0.06723 Recall@20: 0.09996 NDCG@10: 0.04014 NDCG@20: 0.04900 
09/04/2026,19:31:51: 	Recall@10: 0.02669 Recall@20: 0.04201 NDCG@10: 0.01536 NDCG@20: 0.01954 
09/04/2026,19:31:51: Epoch [116/1000]
09/04/2026,19:31:51: Negative sampling...
09/04/2026,19:31:52: Model's personal time...
09/04/2026,19:31:53: Training...
09/04/2026,19:31:54: Evaluating...
09/04/2026,19:31:54: 	Train Loss: 3736620.0000 (base: 184.7343, kd: 7472.8711), Elapsed: train 2.56 test 0.49
09/04/2026,19:31:54: 	Recall@10: 0.06806 Recall@20: 0.09943 NDCG@10: 0.04024 NDCG@20: 0.04874 
09/04/2026,19:31:54: 	Recall@10: 0.02602 Recall@20: 0.04153 NDCG@10: 0.01487 NDCG@20: 0.01915 
09/04/2026,19:31:54: Epoch [117/1000]
09/04/2026,19:31:54: Negative sampling...
09/04/2026,19:31:55: Model's personal time...
09/04/2026,19:31:56: Training...
09/04/2026,19:31:57: Evaluating...
09/04/2026,19:31:57: 	Train Loss: 3734835.7500 (base: 185.5128, kd: 7469.3003), Elapsed: train 2.49 test 0.43
09/04/2026,19:31:57: 	Recall@10: 0.06739 Recall@20: 0.09992 NDCG@10: 0.04001 NDCG@20: 0.04881 
09/04/2026,19:31:57: 	Recall@10: 0.02618 Recall@20: 0.04177 NDCG@10: 0.01494 NDCG@20: 0.01920 
09/04/2026,19:31:57: Epoch [118/1000]
09/04/2026,19:31:57: Negative sampling...
09/04/2026,19:31:58: Model's personal time...
09/04/2026,19:31:58: Training...
09/04/2026,19:32:00: Evaluating...
09/04/2026,19:32:00: 	Train Loss: 3735531.7500 (base: 185.3385, kd: 7470.6929), Elapsed: train 2.61 test 0.46
09/04/2026,19:32:00: 	Recall@10: 0.06738 Recall@20: 0.09929 NDCG@10: 0.04029 NDCG@20: 0.04888 
09/04/2026,19:32:00: 	Recall@10: 0.02607 Recall@20: 0.04186 NDCG@10: 0.01482 NDCG@20: 0.01917 
09/04/2026,19:32:00: Epoch [119/1000]
09/04/2026,19:32:00: Negative sampling...
09/04/2026,19:32:01: Model's personal time...
09/04/2026,19:32:02: Training...
09/04/2026,19:32:03: Evaluating...
09/04/2026,19:32:03: 	Train Loss: 3734358.5000 (base: 186.0000, kd: 7468.3447), Elapsed: train 2.59 test 0.43
09/04/2026,19:32:03: 	Recall@10: 0.06675 Recall@20: 0.09972 NDCG@10: 0.04005 NDCG@20: 0.04893 
09/04/2026,19:32:03: 	Recall@10: 0.02669 Recall@20: 0.04164 NDCG@10: 0.01502 NDCG@20: 0.01913 
09/04/2026,19:32:03: Epoch [120/1000]
09/04/2026,19:32:03: Negative sampling...
09/04/2026,19:32:04: Model's personal time...
09/04/2026,19:32:05: Training...
09/04/2026,19:32:06: Evaluating...
09/04/2026,19:32:06: 	Train Loss: 3734205.0000 (base: 181.1171, kd: 7468.0479), Elapsed: train 2.65 test 0.41
09/04/2026,19:32:06: 	Recall@10: 0.06736 Recall@20: 0.09996 NDCG@10: 0.04008 NDCG@20: 0.04887 
09/04/2026,19:32:06: 	Recall@10: 0.02768 Recall@20: 0.04190 NDCG@10: 0.01538 NDCG@20: 0.01928 
09/04/2026,19:32:06: Epoch [121/1000]
09/04/2026,19:32:06: Negative sampling...
09/04/2026,19:32:07: Model's personal time...
09/04/2026,19:32:08: Training...
09/04/2026,19:32:09: Evaluating...
09/04/2026,19:32:09: 	Train Loss: 3733697.2500 (base: 184.7596, kd: 7467.0249), Elapsed: train 2.62 test 0.41 *
09/04/2026,19:32:09: 	Recall@10: 0.06721 Recall@20: 0.10052 NDCG@10: 0.04013 NDCG@20: 0.04913 
09/04/2026,19:32:09: 	Recall@10: 0.02714 Recall@20: 0.04223 NDCG@10: 0.01528 NDCG@20: 0.01941 
09/04/2026,19:32:09: Epoch [122/1000]
09/04/2026,19:32:09: Negative sampling...
09/04/2026,19:32:11: Model's personal time...
09/04/2026,19:32:11: Training...
09/04/2026,19:32:12: Evaluating...
09/04/2026,19:32:12: 	Train Loss: 3732196.5000 (base: 181.3615, kd: 7464.0303), Elapsed: train 2.55 test 0.42
09/04/2026,19:32:12: 	Recall@10: 0.06704 Recall@20: 0.09938 NDCG@10: 0.04011 NDCG@20: 0.04885 
09/04/2026,19:32:12: 	Recall@10: 0.02730 Recall@20: 0.04158 NDCG@10: 0.01535 NDCG@20: 0.01925 
09/04/2026,19:32:12: Epoch [123/1000]
09/04/2026,19:32:12: Negative sampling...
09/04/2026,19:32:13: Model's personal time...
09/04/2026,19:32:14: Training...
09/04/2026,19:32:15: Evaluating...
09/04/2026,19:32:15: 	Train Loss: 3733309.0000 (base: 180.5462, kd: 7466.2563), Elapsed: train 2.58 test 0.42
09/04/2026,19:32:15: 	Recall@10: 0.06720 Recall@20: 0.09986 NDCG@10: 0.03990 NDCG@20: 0.04876 
09/04/2026,19:32:15: 	Recall@10: 0.02733 Recall@20: 0.04110 NDCG@10: 0.01523 NDCG@20: 0.01899 
09/04/2026,19:32:15: Epoch [124/1000]
09/04/2026,19:32:15: Negative sampling...
09/04/2026,19:32:16: Model's personal time...
09/04/2026,19:32:17: Training...
09/04/2026,19:32:18: Evaluating...
09/04/2026,19:32:18: 	Train Loss: 3732963.5000 (base: 176.5811, kd: 7465.5737), Elapsed: train 2.48 test 0.43
09/04/2026,19:32:18: 	Recall@10: 0.06667 Recall@20: 0.09932 NDCG@10: 0.03986 NDCG@20: 0.04872 
09/04/2026,19:32:18: 	Recall@10: 0.02756 Recall@20: 0.04058 NDCG@10: 0.01527 NDCG@20: 0.01883 
09/04/2026,19:32:18: Epoch [125/1000]
09/04/2026,19:32:18: Negative sampling...
09/04/2026,19:32:19: Model's personal time...
09/04/2026,19:32:20: Training...
09/04/2026,19:32:21: Evaluating...
09/04/2026,19:32:21: 	Train Loss: 3731585.2500 (base: 178.9724, kd: 7462.8125), Elapsed: train 2.66 test 0.44
09/04/2026,19:32:21: 	Recall@10: 0.06698 Recall@20: 0.09898 NDCG@10: 0.03992 NDCG@20: 0.04864 
09/04/2026,19:32:21: 	Recall@10: 0.02704 Recall@20: 0.04092 NDCG@10: 0.01529 NDCG@20: 0.01910 
09/04/2026,19:32:21: Epoch [126/1000]
09/04/2026,19:32:21: Negative sampling...
09/04/2026,19:32:22: Model's personal time...
09/04/2026,19:32:23: Training...
09/04/2026,19:32:24: Evaluating...
09/04/2026,19:32:24: 	Train Loss: 3731176.5000 (base: 181.2952, kd: 7461.9907), Elapsed: train 2.51 test 0.44
09/04/2026,19:32:24: 	Recall@10: 0.06715 Recall@20: 0.09885 NDCG@10: 0.04012 NDCG@20: 0.04872 
09/04/2026,19:32:24: 	Recall@10: 0.02698 Recall@20: 0.04084 NDCG@10: 0.01520 NDCG@20: 0.01901 
09/04/2026,19:32:24: Epoch [127/1000]
09/04/2026,19:32:24: Negative sampling...
09/04/2026,19:32:25: Model's personal time...
09/04/2026,19:32:26: Training...
09/04/2026,19:32:27: Evaluating...
09/04/2026,19:32:27: 	Train Loss: 3731215.0000 (base: 183.5532, kd: 7462.0630), Elapsed: train 2.56 test 0.44
09/04/2026,19:32:27: 	Recall@10: 0.06726 Recall@20: 0.09933 NDCG@10: 0.04013 NDCG@20: 0.04890 
09/04/2026,19:32:27: 	Recall@10: 0.02717 Recall@20: 0.04124 NDCG@10: 0.01511 NDCG@20: 0.01899 
09/04/2026,19:32:27: Epoch [128/1000]
09/04/2026,19:32:27: Negative sampling...
09/04/2026,19:32:28: Model's personal time...
09/04/2026,19:32:29: Training...
09/04/2026,19:32:30: Evaluating...
09/04/2026,19:32:30: 	Train Loss: 3730897.5000 (base: 180.4555, kd: 7461.4336), Elapsed: train 2.57 test 0.44
09/04/2026,19:32:30: 	Recall@10: 0.06676 Recall@20: 0.09919 NDCG@10: 0.03991 NDCG@20: 0.04874 
09/04/2026,19:32:30: 	Recall@10: 0.02752 Recall@20: 0.04115 NDCG@10: 0.01512 NDCG@20: 0.01887 
09/04/2026,19:32:30: Epoch [129/1000]
09/04/2026,19:32:30: Negative sampling...
09/04/2026,19:32:31: Model's personal time...
09/04/2026,19:32:32: Training...
09/04/2026,19:32:33: Evaluating...
09/04/2026,19:32:33: 	Train Loss: 3729280.0000 (base: 177.9954, kd: 7458.2046), Elapsed: train 2.60 test 0.42
09/04/2026,19:32:33: 	Recall@10: 0.06700 Recall@20: 0.10006 NDCG@10: 0.03985 NDCG@20: 0.04886 
09/04/2026,19:32:33: 	Recall@10: 0.02756 Recall@20: 0.04135 NDCG@10: 0.01527 NDCG@20: 0.01904 
09/04/2026,19:32:33: Epoch [130/1000]
09/04/2026,19:32:33: Negative sampling...
09/04/2026,19:32:34: Model's personal time...
09/04/2026,19:32:35: Training...
09/04/2026,19:32:36: Evaluating...
09/04/2026,19:32:36: 	Train Loss: 3729620.2500 (base: 179.1742, kd: 7458.8823), Elapsed: train 2.59 test 0.47
09/04/2026,19:32:36: 	Recall@10: 0.06692 Recall@20: 0.09956 NDCG@10: 0.04003 NDCG@20: 0.04893 
09/04/2026,19:32:36: 	Recall@10: 0.02705 Recall@20: 0.04112 NDCG@10: 0.01514 NDCG@20: 0.01903 
09/04/2026,19:32:36: Epoch [131/1000]
09/04/2026,19:32:36: Negative sampling...
09/04/2026,19:32:38: Model's personal time...
09/04/2026,19:32:38: Training...
09/04/2026,19:32:39: Evaluating...
09/04/2026,19:32:39: 	Train Loss: 3729870.5000 (base: 178.6845, kd: 7459.3838), Elapsed: train 2.54 test 0.53 *
09/04/2026,19:32:39: 	Recall@10: 0.06743 Recall@20: 0.09969 NDCG@10: 0.04035 NDCG@20: 0.04917 
09/04/2026,19:32:39: 	Recall@10: 0.02710 Recall@20: 0.04159 NDCG@10: 0.01504 NDCG@20: 0.01902 
09/04/2026,19:32:39: Epoch [132/1000]
09/04/2026,19:32:39: Negative sampling...
09/04/2026,19:32:41: Model's personal time...
09/04/2026,19:32:41: Training...
09/04/2026,19:32:42: Evaluating...
09/04/2026,19:32:42: 	Train Loss: 3728113.0000 (base: 178.5887, kd: 7455.8687), Elapsed: train 2.57 test 0.46
09/04/2026,19:32:42: 	Recall@10: 0.06732 Recall@20: 0.09917 NDCG@10: 0.04009 NDCG@20: 0.04875 
09/04/2026,19:32:42: 	Recall@10: 0.02746 Recall@20: 0.04115 NDCG@10: 0.01520 NDCG@20: 0.01897 
09/04/2026,19:32:42: Epoch [133/1000]
09/04/2026,19:32:42: Negative sampling...
09/04/2026,19:32:44: Model's personal time...
09/04/2026,19:32:44: Training...
09/04/2026,19:32:45: Evaluating...
09/04/2026,19:32:45: 	Train Loss: 3727352.7500 (base: 174.2475, kd: 7454.3569), Elapsed: train 2.55 test 0.42
09/04/2026,19:32:45: 	Recall@10: 0.06642 Recall@20: 0.09988 NDCG@10: 0.03971 NDCG@20: 0.04885 
09/04/2026,19:32:45: 	Recall@10: 0.02733 Recall@20: 0.04101 NDCG@10: 0.01514 NDCG@20: 0.01895 
09/04/2026,19:32:45: Epoch [134/1000]
09/04/2026,19:32:45: Negative sampling...
09/04/2026,19:32:47: Model's personal time...
09/04/2026,19:32:47: Training...
09/04/2026,19:32:48: Evaluating...
09/04/2026,19:32:48: 	Train Loss: 3728436.2500 (base: 175.7589, kd: 7456.5210), Elapsed: train 2.66 test 0.44
09/04/2026,19:32:48: 	Recall@10: 0.06718 Recall@20: 0.09913 NDCG@10: 0.04023 NDCG@20: 0.04887 
09/04/2026,19:32:48: 	Recall@10: 0.02734 Recall@20: 0.04110 NDCG@10: 0.01515 NDCG@20: 0.01895 
09/04/2026,19:32:48: Epoch [135/1000]
09/04/2026,19:32:48: Negative sampling...
09/04/2026,19:32:50: Model's personal time...
09/04/2026,19:32:50: Training...
09/04/2026,19:32:51: Evaluating...
09/04/2026,19:32:51: 	Train Loss: 3727087.0000 (base: 177.3115, kd: 7453.8198), Elapsed: train 2.46 test 0.41
09/04/2026,19:32:51: 	Recall@10: 0.06813 Recall@20: 0.09923 NDCG@10: 0.04046 NDCG@20: 0.04899 
09/04/2026,19:32:51: 	Recall@10: 0.02720 Recall@20: 0.04201 NDCG@10: 0.01497 NDCG@20: 0.01904 
09/04/2026,19:32:51: Epoch [136/1000]
09/04/2026,19:32:51: Negative sampling...
09/04/2026,19:32:53: Model's personal time...
09/04/2026,19:32:53: Training...
09/04/2026,19:32:54: Evaluating...
09/04/2026,19:32:54: 	Train Loss: 3727435.7500 (base: 173.5456, kd: 7454.5239), Elapsed: train 2.47 test 0.42
09/04/2026,19:32:54: 	Recall@10: 0.06759 Recall@20: 0.09911 NDCG@10: 0.04042 NDCG@20: 0.04897 
09/04/2026,19:32:54: 	Recall@10: 0.02738 Recall@20: 0.04195 NDCG@10: 0.01511 NDCG@20: 0.01914 
09/04/2026,19:32:54: Epoch [137/1000]
09/04/2026,19:32:54: Negative sampling...
09/04/2026,19:32:55: Model's personal time...
09/04/2026,19:32:56: Training...
09/04/2026,19:32:57: Evaluating...
09/04/2026,19:32:57: 	Train Loss: 3726681.7500 (base: 174.1753, kd: 7453.0151), Elapsed: train 2.62 test 0.45
09/04/2026,19:32:57: 	Recall@10: 0.06761 Recall@20: 0.09837 NDCG@10: 0.04009 NDCG@20: 0.04854 
09/04/2026,19:32:57: 	Recall@10: 0.02702 Recall@20: 0.04181 NDCG@10: 0.01493 NDCG@20: 0.01901 
09/04/2026,19:32:57: Epoch [138/1000]
09/04/2026,19:32:57: Negative sampling...
09/04/2026,19:32:59: Model's personal time...
09/04/2026,19:32:59: Training...
09/04/2026,19:33:00: Evaluating...
09/04/2026,19:33:00: 	Train Loss: 3726547.7500 (base: 172.0794, kd: 7452.7510), Elapsed: train 2.51 test 0.50
09/04/2026,19:33:00: 	Recall@10: 0.06730 Recall@20: 0.09884 NDCG@10: 0.04014 NDCG@20: 0.04876 
09/04/2026,19:33:00: 	Recall@10: 0.02732 Recall@20: 0.04149 NDCG@10: 0.01503 NDCG@20: 0.01895 
09/04/2026,19:33:00: Epoch [139/1000]
09/04/2026,19:33:00: Negative sampling...
09/04/2026,19:33:02: Model's personal time...
09/04/2026,19:33:02: Training...
09/04/2026,19:33:03: Evaluating...
09/04/2026,19:33:03: 	Train Loss: 3725667.5000 (base: 172.9451, kd: 7450.9897), Elapsed: train 2.72 test 0.45
09/04/2026,19:33:03: 	Recall@10: 0.06773 Recall@20: 0.09910 NDCG@10: 0.03998 NDCG@20: 0.04851 
09/04/2026,19:33:03: 	Recall@10: 0.02831 Recall@20: 0.04147 NDCG@10: 0.01541 NDCG@20: 0.01905 
09/04/2026,19:33:03: Epoch [140/1000]
09/04/2026,19:33:03: Negative sampling...
09/04/2026,19:33:05: Model's personal time...
09/04/2026,19:33:05: Training...
09/04/2026,19:33:06: Evaluating...
09/04/2026,19:33:06: 	Train Loss: 3725784.0000 (base: 172.9933, kd: 7451.2217), Elapsed: train 2.46 test 0.43
09/04/2026,19:33:06: 	Recall@10: 0.06831 Recall@20: 0.09837 NDCG@10: 0.04028 NDCG@20: 0.04843 
09/04/2026,19:33:06: 	Recall@10: 0.02813 Recall@20: 0.04089 NDCG@10: 0.01530 NDCG@20: 0.01888 
09/04/2026,19:33:06: Epoch [141/1000]
09/04/2026,19:33:06: Negative sampling...
09/04/2026,19:33:08: Model's personal time...
09/04/2026,19:33:08: Training...
09/04/2026,19:33:09: Evaluating...
09/04/2026,19:33:09: 	Train Loss: 3725861.7500 (base: 167.2261, kd: 7451.3887), Elapsed: train 2.58 test 0.48
09/04/2026,19:33:09: 	Recall@10: 0.06712 Recall@20: 0.09794 NDCG@10: 0.03994 NDCG@20: 0.04836 
09/04/2026,19:33:09: 	Recall@10: 0.02757 Recall@20: 0.04126 NDCG@10: 0.01526 NDCG@20: 0.01903 
09/04/2026,19:33:09: Epoch [142/1000]
09/04/2026,19:33:09: Negative sampling...
09/04/2026,19:33:11: Model's personal time...
09/04/2026,19:33:11: Training...
09/04/2026,19:33:12: Evaluating...
09/04/2026,19:33:12: 	Train Loss: 3724303.5000 (base: 169.6016, kd: 7448.2676), Elapsed: train 2.47 test 0.41
09/04/2026,19:33:12: 	Recall@10: 0.06744 Recall@20: 0.09837 NDCG@10: 0.04021 NDCG@20: 0.04865 
09/04/2026,19:33:12: 	Recall@10: 0.02770 Recall@20: 0.04120 NDCG@10: 0.01516 NDCG@20: 0.01891 
09/04/2026,19:33:12: Epoch [143/1000]
09/04/2026,19:33:12: Negative sampling...
09/04/2026,19:33:14: Model's personal time...
09/04/2026,19:33:14: Training...
09/04/2026,19:33:15: Evaluating...
09/04/2026,19:33:15: 	Train Loss: 3725261.2500 (base: 171.3651, kd: 7450.1802), Elapsed: train 2.53 test 0.41
09/04/2026,19:33:15: 	Recall@10: 0.06690 Recall@20: 0.09751 NDCG@10: 0.03983 NDCG@20: 0.04823 
09/04/2026,19:33:15: 	Recall@10: 0.02713 Recall@20: 0.04077 NDCG@10: 0.01494 NDCG@20: 0.01875 
09/04/2026,19:33:15: Epoch [144/1000]
09/04/2026,19:33:15: Negative sampling...
09/04/2026,19:33:16: Model's personal time...
09/04/2026,19:33:17: Training...
09/04/2026,19:33:18: Evaluating...
09/04/2026,19:33:18: 	Train Loss: 3724066.5000 (base: 169.8037, kd: 7447.7939), Elapsed: train 2.56 test 0.41
09/04/2026,19:33:18: 	Recall@10: 0.06721 Recall@20: 0.09803 NDCG@10: 0.04003 NDCG@20: 0.04844 
09/04/2026,19:33:18: 	Recall@10: 0.02748 Recall@20: 0.04150 NDCG@10: 0.01517 NDCG@20: 0.01906 
09/04/2026,19:33:18: Epoch [145/1000]
09/04/2026,19:33:18: Negative sampling...
09/04/2026,19:33:19: Model's personal time...
09/04/2026,19:33:20: Training...
09/04/2026,19:33:21: Evaluating...
09/04/2026,19:33:21: 	Train Loss: 3723187.5000 (base: 167.8735, kd: 7446.0396), Elapsed: train 2.61 test 0.43
09/04/2026,19:33:21: 	Recall@10: 0.06654 Recall@20: 0.09768 NDCG@10: 0.03981 NDCG@20: 0.04833 
09/04/2026,19:33:21: 	Recall@10: 0.02754 Recall@20: 0.04220 NDCG@10: 0.01527 NDCG@20: 0.01928 
09/04/2026,19:33:21: Epoch [146/1000]
09/04/2026,19:33:21: Negative sampling...
09/04/2026,19:33:23: Model's personal time...
09/04/2026,19:33:23: Training...
09/04/2026,19:33:24: Evaluating...
09/04/2026,19:33:24: 	Train Loss: 3723426.5000 (base: 165.9749, kd: 7446.5210), Elapsed: train 2.62 test 0.42
09/04/2026,19:33:24: 	Recall@10: 0.06845 Recall@20: 0.09888 NDCG@10: 0.04019 NDCG@20: 0.04848 
09/04/2026,19:33:24: 	Recall@10: 0.02741 Recall@20: 0.04151 NDCG@10: 0.01505 NDCG@20: 0.01897 
09/04/2026,19:33:24: Epoch [147/1000]
09/04/2026,19:33:24: Negative sampling...
09/04/2026,19:33:26: Model's personal time...
09/04/2026,19:33:26: Training...
09/04/2026,19:33:27: Evaluating...
09/04/2026,19:33:27: 	Train Loss: 3723990.7500 (base: 171.3796, kd: 7447.6382), Elapsed: train 2.50 test 0.44
09/04/2026,19:33:27: 	Recall@10: 0.06832 Recall@20: 0.09811 NDCG@10: 0.04031 NDCG@20: 0.04852 
09/04/2026,19:33:27: 	Recall@10: 0.02733 Recall@20: 0.04207 NDCG@10: 0.01502 NDCG@20: 0.01907 
09/04/2026,19:33:27: Epoch [148/1000]
09/04/2026,19:33:27: Negative sampling...
09/04/2026,19:33:28: Model's personal time...
09/04/2026,19:33:29: Training...
09/04/2026,19:33:30: Evaluating...
09/04/2026,19:33:30: 	Train Loss: 3721916.0000 (base: 167.7970, kd: 7443.4961), Elapsed: train 2.51 test 0.43
09/04/2026,19:33:30: 	Recall@10: 0.06770 Recall@20: 0.09746 NDCG@10: 0.04044 NDCG@20: 0.04862 
09/04/2026,19:33:30: 	Recall@10: 0.02779 Recall@20: 0.04208 NDCG@10: 0.01518 NDCG@20: 0.01910 
09/04/2026,19:33:30: Epoch [149/1000]
09/04/2026,19:33:30: Negative sampling...
09/04/2026,19:33:31: Model's personal time...
09/04/2026,19:33:32: Training...
09/04/2026,19:33:33: Evaluating...
09/04/2026,19:33:33: 	Train Loss: 3721850.0000 (base: 167.5306, kd: 7443.3652), Elapsed: train 2.61 test 0.43
09/04/2026,19:33:33: 	Recall@10: 0.06763 Recall@20: 0.09768 NDCG@10: 0.04034 NDCG@20: 0.04858 
09/04/2026,19:33:33: 	Recall@10: 0.02756 Recall@20: 0.04162 NDCG@10: 0.01503 NDCG@20: 0.01889 
09/04/2026,19:33:33: Epoch [150/1000]
09/04/2026,19:33:33: Negative sampling...
09/04/2026,19:33:34: Model's personal time...
09/04/2026,19:33:35: Training...
09/04/2026,19:33:36: Evaluating...
09/04/2026,19:33:36: 	Train Loss: 3721910.7500 (base: 163.0604, kd: 7443.4961), Elapsed: train 2.53 test 0.41
09/04/2026,19:33:36: 	Recall@10: 0.06770 Recall@20: 0.09794 NDCG@10: 0.04010 NDCG@20: 0.04840 
09/04/2026,19:33:36: 	Recall@10: 0.02765 Recall@20: 0.04106 NDCG@10: 0.01502 NDCG@20: 0.01875 
09/04/2026,19:33:36: Epoch [151/1000]
09/04/2026,19:33:36: Negative sampling...
09/04/2026,19:33:37: Model's personal time...
09/04/2026,19:33:38: Training...
09/04/2026,19:33:39: Evaluating...
09/04/2026,19:33:39: 	Train Loss: 3722142.2500 (base: 164.1676, kd: 7443.9561), Elapsed: train 2.55 test 0.51
09/04/2026,19:33:39: 	Recall@10: 0.06767 Recall@20: 0.09836 NDCG@10: 0.04024 NDCG@20: 0.04855 
09/04/2026,19:33:39: 	Recall@10: 0.02726 Recall@20: 0.04022 NDCG@10: 0.01504 NDCG@20: 0.01866 
09/04/2026,19:33:39: Epoch [152/1000]
09/04/2026,19:33:39: Negative sampling...
09/04/2026,19:33:40: Model's personal time...
09/04/2026,19:33:41: Training...
09/04/2026,19:33:42: Evaluating...
09/04/2026,19:33:42: 	Train Loss: 3721132.7500 (base: 155.3556, kd: 7441.9546), Elapsed: train 2.62 test 0.46
09/04/2026,19:33:42: 	Recall@10: 0.06797 Recall@20: 0.09802 NDCG@10: 0.04011 NDCG@20: 0.04834 
09/04/2026,19:33:42: 	Recall@10: 0.02783 Recall@20: 0.04056 NDCG@10: 0.01501 NDCG@20: 0.01856 
09/04/2026,19:33:42: Epoch [153/1000]
09/04/2026,19:33:42: Negative sampling...
09/04/2026,19:33:44: Model's personal time...
09/04/2026,19:33:44: Training...
09/04/2026,19:33:45: Evaluating...
09/04/2026,19:33:45: 	Train Loss: 3720651.7500 (base: 162.8461, kd: 7440.9780), Elapsed: train 2.61 test 0.49
09/04/2026,19:33:45: 	Recall@10: 0.06845 Recall@20: 0.09814 NDCG@10: 0.04042 NDCG@20: 0.04854 
09/04/2026,19:33:45: 	Recall@10: 0.02772 Recall@20: 0.04122 NDCG@10: 0.01503 NDCG@20: 0.01879 
09/04/2026,19:33:45: Epoch [154/1000]
09/04/2026,19:33:45: Negative sampling...
09/04/2026,19:33:47: Model's personal time...
09/04/2026,19:33:47: Training...
09/04/2026,19:33:48: Evaluating...
09/04/2026,19:33:49: 	Train Loss: 3720340.2500 (base: 170.2626, kd: 7440.3403), Elapsed: train 2.74 test 0.53
09/04/2026,19:33:49: 	Recall@10: 0.06876 Recall@20: 0.09821 NDCG@10: 0.04017 NDCG@20: 0.04822 
09/04/2026,19:33:49: 	Recall@10: 0.02720 Recall@20: 0.04149 NDCG@10: 0.01489 NDCG@20: 0.01885 
09/04/2026,19:33:49: Epoch [155/1000]
09/04/2026,19:33:49: Negative sampling...
09/04/2026,19:33:50: Model's personal time...
09/04/2026,19:33:50: Training...
09/04/2026,19:33:51: Evaluating...
09/04/2026,19:33:52: 	Train Loss: 3720719.0000 (base: 174.9451, kd: 7441.0879), Elapsed: train 2.54 test 0.44
09/04/2026,19:33:52: 	Recall@10: 0.06789 Recall@20: 0.09846 NDCG@10: 0.04022 NDCG@20: 0.04862 
09/04/2026,19:33:52: 	Recall@10: 0.02740 Recall@20: 0.04166 NDCG@10: 0.01487 NDCG@20: 0.01883 
09/04/2026,19:33:52: Epoch [156/1000]
09/04/2026,19:33:52: Negative sampling...
09/04/2026,19:33:53: Model's personal time...
09/04/2026,19:33:53: Training...
09/04/2026,19:33:54: Evaluating...
09/04/2026,19:33:55: 	Train Loss: 3720806.7500 (base: 174.7728, kd: 7441.2637), Elapsed: train 2.54 test 0.43
09/04/2026,19:33:55: 	Recall@10: 0.06781 Recall@20: 0.09759 NDCG@10: 0.03945 NDCG@20: 0.04762 
09/04/2026,19:33:55: 	Recall@10: 0.02765 Recall@20: 0.04143 NDCG@10: 0.01490 NDCG@20: 0.01870 
09/04/2026,19:33:55: Epoch [157/1000]
09/04/2026,19:33:55: Negative sampling...
09/04/2026,19:33:56: Model's personal time...
09/04/2026,19:33:56: Training...
09/04/2026,19:33:57: Evaluating...
09/04/2026,19:33:58: 	Train Loss: 3719268.5000 (base: 180.6710, kd: 7438.1758), Elapsed: train 2.61 test 0.47
09/04/2026,19:33:58: 	Recall@10: 0.06727 Recall@20: 0.09698 NDCG@10: 0.03976 NDCG@20: 0.04792 
09/04/2026,19:33:58: 	Recall@10: 0.02719 Recall@20: 0.04172 NDCG@10: 0.01488 NDCG@20: 0.01894 
09/04/2026,19:33:58: Epoch [158/1000]
09/04/2026,19:33:58: Negative sampling...
09/04/2026,19:33:59: Model's personal time...
09/04/2026,19:33:59: Training...
09/04/2026,19:34:00: Evaluating...
09/04/2026,19:34:01: 	Train Loss: 3720387.7500 (base: 172.1958, kd: 7440.4316), Elapsed: train 2.58 test 0.41
09/04/2026,19:34:01: 	Recall@10: 0.06838 Recall@20: 0.09806 NDCG@10: 0.04020 NDCG@20: 0.04828 
09/04/2026,19:34:01: 	Recall@10: 0.02720 Recall@20: 0.04159 NDCG@10: 0.01475 NDCG@20: 0.01877 
09/04/2026,19:34:01: Epoch [159/1000]
09/04/2026,19:34:01: Negative sampling...
09/04/2026,19:34:02: Model's personal time...
09/04/2026,19:34:02: Training...
09/04/2026,19:34:03: Evaluating...
09/04/2026,19:34:04: 	Train Loss: 3718271.2500 (base: 175.8277, kd: 7436.1914), Elapsed: train 2.52 test 0.42
09/04/2026,19:34:04: 	Recall@10: 0.06783 Recall@20: 0.09700 NDCG@10: 0.04004 NDCG@20: 0.04805 
09/04/2026,19:34:04: 	Recall@10: 0.02741 Recall@20: 0.04175 NDCG@10: 0.01480 NDCG@20: 0.01879 
09/04/2026,19:34:04: Epoch [160/1000]
09/04/2026,19:34:04: Negative sampling...
09/04/2026,19:34:05: Model's personal time...
09/04/2026,19:34:05: Training...
09/04/2026,19:34:06: Evaluating...
09/04/2026,19:34:07: 	Train Loss: 3720484.5000 (base: 170.3736, kd: 7440.6274), Elapsed: train 2.72 test 0.45
09/04/2026,19:34:07: 	Recall@10: 0.06784 Recall@20: 0.09784 NDCG@10: 0.04005 NDCG@20: 0.04826 
09/04/2026,19:34:07: 	Recall@10: 0.02711 Recall@20: 0.04144 NDCG@10: 0.01503 NDCG@20: 0.01902 
09/04/2026,19:34:07: Epoch [161/1000]
09/04/2026,19:34:07: Negative sampling...
09/04/2026,19:34:08: Model's personal time...
09/04/2026,19:34:08: Training...
09/04/2026,19:34:09: Evaluating...
09/04/2026,19:34:10: 	Train Loss: 3718436.5000 (base: 173.5095, kd: 7436.5259), Elapsed: train 2.71 test 0.44
09/04/2026,19:34:10: 	Recall@10: 0.06782 Recall@20: 0.09775 NDCG@10: 0.04002 NDCG@20: 0.04818 
09/04/2026,19:34:10: 	Recall@10: 0.02703 Recall@20: 0.04111 NDCG@10: 0.01508 NDCG@20: 0.01901 
09/04/2026,19:34:10: ------------------------------
09/04/2026,19:34:10: valid Recall@10: 0.06743 Recall@20: 0.09969 NDCG@10: 0.04035 NDCG@20: 0.04917
09/04/2026,19:34:10: test Recall@10: 0.02710 Recall@20: 0.04159 NDCG@10: 0.01504 NDCG@20: 0.01902
