----------------------------------------TEACHER----------------------------------------
init_std                                 0.01
embedding_dim                            400
----------------------------------------TEACHER----------------------------------------
----------------------------------------STUDENT----------------------------------------
init_std                                 0.01
embedding_dim                            20
----------------------------------------STUDENT----------------------------------------
----------------------------------------ARGUMENTS----------------------------------------
run_all                                  False
seed                                     0
gpu_id                                   0
no_log                                   False
no_save                                  False
suffix                                   splitLu20_homo_seed0
verbose                                  False
ablation                                 False
task                                     rec
dataset                                  citeulike
batch_size                               2048
num_ns                                   1
neg_sampling_on_all                      False
T_backbone                               bpr
S_backbone                               bpr
model                                    srcekd
preload                                  False
postsave                                 False
train_teacher                            False
ckpt_interval                            -1
epochs                                   1000
lr                                       0.001
wd                                       1e-05
lmbda                                    500
srce_alpha                               1
srce_s                                   20
srce_eta                                 1
srce_Lu                                  20
srce_mode                                split
eval_period                              1
K_list                                   [10, 20]
early_stop_metric                        NDCG
early_stop_K                             20
early_stop_patience                      30
LOG_DIR                                  logs/
CONFIG_DIR                               configs/
DATA_DIR                                 data/
CKPT_DIR                                 checkpoints/
CRAFT_DIR                                crafts/
mkd_tau                                  1
mkd_K                                    50
mkd_L                                    50
mkd_T                                    10
mkd_mxK                                  200
mkd_beta                                 3
----------------------------------------ARGUMENTS----------------------------------------
----------------------------------------Teacher----------------------------------------
09/04/2026,23:35:23: ------------------------------
09/04/2026,23:35:23: valid Recall@10: 0.06778 Recall@20: 0.10315 NDCG@10: 0.04052 NDCG@20: 0.05027
09/04/2026,23:35:23: test Recall@10: 0.02747 Recall@20: 0.04385 NDCG@10: 0.01551 NDCG@20: 0.02003
----------------------------------------------------------------------------------------
09/04/2026,23:35:23: Epoch [1/1000]
09/04/2026,23:35:23: Negative sampling...
09/04/2026,23:35:25: Model's personal time...
09/04/2026,23:35:26: Training...
09/04/2026,23:35:27: Evaluating...
09/04/2026,23:35:28: 	Train Loss: 4795325.5000 (base: 1390.6898, kd: 9587.8691), Elapsed: train 3.88 test 1.25 *
09/04/2026,23:35:28: 	Recall@10: 0.02093 Recall@20: 0.03045 NDCG@10: 0.01242 NDCG@20: 0.01502 
09/04/2026,23:35:28: 	Recall@10: 0.00857 Recall@20: 0.01361 NDCG@10: 0.00560 NDCG@20: 0.00703 
09/04/2026,23:35:28: Epoch [2/1000]
09/04/2026,23:35:28: Negative sampling...
09/04/2026,23:35:30: Model's personal time...
09/04/2026,23:35:30: Training...
09/04/2026,23:35:32: Evaluating...
09/04/2026,23:35:35: 	Train Loss: 4455570.5000 (base: 1378.1996, kd: 8908.3848), Elapsed: train 3.50 test 3.17 *
09/04/2026,23:35:35: 	Recall@10: 0.03656 Recall@20: 0.05300 NDCG@10: 0.02207 NDCG@20: 0.02663 
09/04/2026,23:35:35: 	Recall@10: 0.01621 Recall@20: 0.02561 NDCG@10: 0.00870 NDCG@20: 0.01123 
09/04/2026,23:35:35: Epoch [3/1000]
09/04/2026,23:35:35: Negative sampling...
09/04/2026,23:35:36: Model's personal time...
09/04/2026,23:35:36: Training...
09/04/2026,23:35:38: Evaluating...
09/04/2026,23:35:41: 	Train Loss: 4295397.0000 (base: 1351.1777, kd: 8588.0908), Elapsed: train 2.81 test 3.75 *
09/04/2026,23:35:41: 	Recall@10: 0.03933 Recall@20: 0.05136 NDCG@10: 0.02514 NDCG@20: 0.02843 
09/04/2026,23:35:41: 	Recall@10: 0.01675 Recall@20: 0.02301 NDCG@10: 0.00931 NDCG@20: 0.01108 
09/04/2026,23:35:41: Epoch [4/1000]
09/04/2026,23:35:41: Negative sampling...
09/04/2026,23:35:43: Model's personal time...
09/04/2026,23:35:44: Training...
09/04/2026,23:35:46: Evaluating...
09/04/2026,23:35:48: 	Train Loss: 4213384.0000 (base: 1316.8293, kd: 8424.1348), Elapsed: train 4.26 test 2.49 *
09/04/2026,23:35:48: 	Recall@10: 0.04099 Recall@20: 0.05570 NDCG@10: 0.02622 NDCG@20: 0.03019 
09/04/2026,23:35:48: 	Recall@10: 0.01708 Recall@20: 0.02471 NDCG@10: 0.00968 NDCG@20: 0.01181 
09/04/2026,23:35:48: Epoch [5/1000]
09/04/2026,23:35:48: Negative sampling...
09/04/2026,23:35:50: Model's personal time...
09/04/2026,23:35:50: Training...
09/04/2026,23:35:52: Evaluating...
09/04/2026,23:35:55: 	Train Loss: 4122807.5000 (base: 1271.6887, kd: 8243.0723), Elapsed: train 3.51 test 3.39 *
09/04/2026,23:35:55: 	Recall@10: 0.04246 Recall@20: 0.05988 NDCG@10: 0.02567 NDCG@20: 0.03046 
09/04/2026,23:35:55: 	Recall@10: 0.01718 Recall@20: 0.02711 NDCG@10: 0.00925 NDCG@20: 0.01204 
09/04/2026,23:35:55: Epoch [6/1000]
09/04/2026,23:35:55: Negative sampling...
09/04/2026,23:35:57: Model's personal time...
09/04/2026,23:35:57: Training...
09/04/2026,23:35:59: Evaluating...
09/04/2026,23:36:02: 	Train Loss: 4013704.5000 (base: 1222.6786, kd: 8024.9644), Elapsed: train 3.42 test 3.53 *
09/04/2026,23:36:02: 	Recall@10: 0.04224 Recall@20: 0.06271 NDCG@10: 0.02549 NDCG@20: 0.03104 
09/04/2026,23:36:02: 	Recall@10: 0.01860 Recall@20: 0.02808 NDCG@10: 0.00973 NDCG@20: 0.01236 
09/04/2026,23:36:02: Epoch [7/1000]
09/04/2026,23:36:02: Negative sampling...
09/04/2026,23:36:04: Model's personal time...
09/04/2026,23:36:06: Training...
09/04/2026,23:36:07: Evaluating...
09/04/2026,23:36:09: 	Train Loss: 3915589.7500 (base: 1170.1346, kd: 7828.8398), Elapsed: train 5.13 test 1.39 *
09/04/2026,23:36:09: 	Recall@10: 0.04572 Recall@20: 0.06403 NDCG@10: 0.02728 NDCG@20: 0.03229 
09/04/2026,23:36:09: 	Recall@10: 0.01991 Recall@20: 0.02906 NDCG@10: 0.01027 NDCG@20: 0.01279 
09/04/2026,23:36:09: Epoch [8/1000]
09/04/2026,23:36:09: Negative sampling...
09/04/2026,23:36:10: Model's personal time...
09/04/2026,23:36:13: Training...
09/04/2026,23:36:14: Evaluating...
09/04/2026,23:36:16: 	Train Loss: 3855552.5000 (base: 1117.6349, kd: 7708.8706), Elapsed: train 5.62 test 1.78 *
09/04/2026,23:36:16: 	Recall@10: 0.04799 Recall@20: 0.06521 NDCG@10: 0.02803 NDCG@20: 0.03277 
09/04/2026,23:36:16: 	Recall@10: 0.01868 Recall@20: 0.02834 NDCG@10: 0.00991 NDCG@20: 0.01259 
09/04/2026,23:36:16: Epoch [9/1000]
09/04/2026,23:36:16: Negative sampling...
09/04/2026,23:36:18: Model's personal time...
09/04/2026,23:36:18: Training...
09/04/2026,23:36:20: Evaluating...
09/04/2026,23:36:22: 	Train Loss: 3776896.5000 (base: 1064.9843, kd: 7551.6636), Elapsed: train 3.72 test 1.94 *
09/04/2026,23:36:22: 	Recall@10: 0.04897 Recall@20: 0.06654 NDCG@10: 0.02929 NDCG@20: 0.03409 
09/04/2026,23:36:22: 	Recall@10: 0.01954 Recall@20: 0.02852 NDCG@10: 0.01044 NDCG@20: 0.01291 
09/04/2026,23:36:22: Epoch [10/1000]
09/04/2026,23:36:22: Negative sampling...
09/04/2026,23:36:23: Model's personal time...
09/04/2026,23:36:24: Training...
09/04/2026,23:36:25: Evaluating...
09/04/2026,23:36:28: 	Train Loss: 3726682.2500 (base: 1013.6625, kd: 7451.3379), Elapsed: train 3.38 test 2.60 *
09/04/2026,23:36:28: 	Recall@10: 0.05011 Recall@20: 0.06958 NDCG@10: 0.02994 NDCG@20: 0.03520 
09/04/2026,23:36:28: 	Recall@10: 0.02034 Recall@20: 0.03005 NDCG@10: 0.01081 NDCG@20: 0.01347 
09/04/2026,23:36:28: Epoch [11/1000]
09/04/2026,23:36:28: Negative sampling...
09/04/2026,23:36:29: Model's personal time...
09/04/2026,23:36:29: Training...
09/04/2026,23:36:30: Evaluating...
09/04/2026,23:36:34: 	Train Loss: 3691814.5000 (base: 965.6636, kd: 7381.6978), Elapsed: train 2.78 test 3.62 *
09/04/2026,23:36:34: 	Recall@10: 0.05064 Recall@20: 0.07345 NDCG@10: 0.03030 NDCG@20: 0.03643 
09/04/2026,23:36:34: 	Recall@10: 0.02131 Recall@20: 0.03130 NDCG@10: 0.01120 NDCG@20: 0.01391 
09/04/2026,23:36:34: Epoch [12/1000]
09/04/2026,23:36:34: Negative sampling...
09/04/2026,23:36:35: Model's personal time...
09/04/2026,23:36:36: Training...
09/04/2026,23:36:37: Evaluating...
09/04/2026,23:36:40: 	Train Loss: 3659181.0000 (base: 922.4914, kd: 7316.5166), Elapsed: train 2.74 test 3.54 *
09/04/2026,23:36:40: 	Recall@10: 0.05091 Recall@20: 0.07464 NDCG@10: 0.03054 NDCG@20: 0.03698 
09/04/2026,23:36:40: 	Recall@10: 0.02205 Recall@20: 0.03139 NDCG@10: 0.01152 NDCG@20: 0.01408 
09/04/2026,23:36:40: Epoch [13/1000]
09/04/2026,23:36:40: Negative sampling...
09/04/2026,23:36:42: Model's personal time...
09/04/2026,23:36:42: Training...
09/04/2026,23:36:43: Evaluating...
09/04/2026,23:36:47: 	Train Loss: 3636297.0000 (base: 880.9490, kd: 7270.8325), Elapsed: train 2.70 test 4.00 *
09/04/2026,23:36:47: 	Recall@10: 0.05210 Recall@20: 0.07552 NDCG@10: 0.03126 NDCG@20: 0.03759 
09/04/2026,23:36:47: 	Recall@10: 0.02188 Recall@20: 0.03333 NDCG@10: 0.01182 NDCG@20: 0.01491 
09/04/2026,23:36:47: Epoch [14/1000]
09/04/2026,23:36:47: Negative sampling...
09/04/2026,23:36:48: Model's personal time...
09/04/2026,23:36:49: Training...
09/04/2026,23:36:50: Evaluating...
09/04/2026,23:36:53: 	Train Loss: 3612429.0000 (base: 841.0049, kd: 7223.1758), Elapsed: train 3.38 test 2.73 *
09/04/2026,23:36:53: 	Recall@10: 0.05131 Recall@20: 0.07744 NDCG@10: 0.03144 NDCG@20: 0.03854 
09/04/2026,23:36:53: 	Recall@10: 0.02209 Recall@20: 0.03386 NDCG@10: 0.01207 NDCG@20: 0.01528 
09/04/2026,23:36:53: Epoch [15/1000]
09/04/2026,23:36:53: Negative sampling...
09/04/2026,23:36:54: Model's personal time...
09/04/2026,23:36:55: Training...
09/04/2026,23:36:56: Evaluating...
09/04/2026,23:36:59: 	Train Loss: 3598749.7500 (base: 805.9024, kd: 7195.8877), Elapsed: train 2.81 test 3.49 *
09/04/2026,23:36:59: 	Recall@10: 0.05285 Recall@20: 0.07956 NDCG@10: 0.03193 NDCG@20: 0.03914 
09/04/2026,23:36:59: 	Recall@10: 0.02232 Recall@20: 0.03476 NDCG@10: 0.01222 NDCG@20: 0.01558 
09/04/2026,23:36:59: Epoch [16/1000]
09/04/2026,23:36:59: Negative sampling...
09/04/2026,23:37:01: Model's personal time...
09/04/2026,23:37:01: Training...
09/04/2026,23:37:02: Evaluating...
09/04/2026,23:37:06: 	Train Loss: 3581522.2500 (base: 771.9648, kd: 7161.5005), Elapsed: train 2.77 test 3.53 *
09/04/2026,23:37:06: 	Recall@10: 0.05253 Recall@20: 0.07994 NDCG@10: 0.03214 NDCG@20: 0.03970 
09/04/2026,23:37:06: 	Recall@10: 0.02341 Recall@20: 0.03563 NDCG@10: 0.01266 NDCG@20: 0.01598 
09/04/2026,23:37:06: Epoch [17/1000]
09/04/2026,23:37:06: Negative sampling...
09/04/2026,23:37:07: Model's personal time...
09/04/2026,23:37:07: Training...
09/04/2026,23:37:09: Evaluating...
09/04/2026,23:37:11: 	Train Loss: 3569450.0000 (base: 742.5704, kd: 7137.4150), Elapsed: train 3.19 test 2.60 *
09/04/2026,23:37:12: 	Recall@10: 0.05444 Recall@20: 0.08116 NDCG@10: 0.03281 NDCG@20: 0.04007 
09/04/2026,23:37:12: 	Recall@10: 0.02366 Recall@20: 0.03627 NDCG@10: 0.01291 NDCG@20: 0.01631 
09/04/2026,23:37:12: Epoch [18/1000]
09/04/2026,23:37:12: Negative sampling...
09/04/2026,23:37:13: Model's personal time...
09/04/2026,23:37:13: Training...
09/04/2026,23:37:14: Evaluating...
09/04/2026,23:37:19: 	Train Loss: 3558628.5000 (base: 716.2557, kd: 7115.8247), Elapsed: train 2.89 test 4.33 *
09/04/2026,23:37:19: 	Recall@10: 0.05487 Recall@20: 0.08335 NDCG@10: 0.03301 NDCG@20: 0.04077 
09/04/2026,23:37:19: 	Recall@10: 0.02403 Recall@20: 0.03648 NDCG@10: 0.01324 NDCG@20: 0.01661 
09/04/2026,23:37:19: Epoch [19/1000]
09/04/2026,23:37:19: Negative sampling...
09/04/2026,23:37:20: Model's personal time...
09/04/2026,23:37:20: Training...
09/04/2026,23:37:22: Evaluating...
09/04/2026,23:37:23: 	Train Loss: 3548685.2500 (base: 692.7576, kd: 7095.9854), Elapsed: train 2.80 test 1.07 *
09/04/2026,23:37:23: 	Recall@10: 0.05496 Recall@20: 0.08406 NDCG@10: 0.03318 NDCG@20: 0.04106 
09/04/2026,23:37:23: 	Recall@10: 0.02442 Recall@20: 0.03632 NDCG@10: 0.01335 NDCG@20: 0.01661 
09/04/2026,23:37:23: Epoch [20/1000]
09/04/2026,23:37:23: Negative sampling...
09/04/2026,23:37:24: Model's personal time...
09/04/2026,23:37:24: Training...
09/04/2026,23:37:26: Evaluating...
09/04/2026,23:37:26: 	Train Loss: 3539716.5000 (base: 667.7343, kd: 7078.0981), Elapsed: train 2.98 test 0.52 *
09/04/2026,23:37:26: 	Recall@10: 0.05652 Recall@20: 0.08553 NDCG@10: 0.03404 NDCG@20: 0.04187 
09/04/2026,23:37:26: 	Recall@10: 0.02442 Recall@20: 0.03631 NDCG@10: 0.01351 NDCG@20: 0.01679 
09/04/2026,23:37:26: Epoch [21/1000]
09/04/2026,23:37:26: Negative sampling...
09/04/2026,23:37:28: Model's personal time...
09/04/2026,23:37:30: Training...
09/04/2026,23:37:32: Evaluating...
09/04/2026,23:37:32: 	Train Loss: 3531410.0000 (base: 644.8771, kd: 7061.5298), Elapsed: train 5.54 test 0.43
09/04/2026,23:37:32: 	Recall@10: 0.05712 Recall@20: 0.08506 NDCG@10: 0.03410 NDCG@20: 0.04168 
09/04/2026,23:37:32: 	Recall@10: 0.02474 Recall@20: 0.03653 NDCG@10: 0.01367 NDCG@20: 0.01695 
09/04/2026,23:37:32: Epoch [22/1000]
09/04/2026,23:37:32: Negative sampling...
09/04/2026,23:37:33: Model's personal time...
09/04/2026,23:37:35: Training...
09/04/2026,23:37:36: Evaluating...
09/04/2026,23:37:38: 	Train Loss: 3526919.5000 (base: 625.1383, kd: 7052.5894), Elapsed: train 4.36 test 1.57 *
09/04/2026,23:37:38: 	Recall@10: 0.05786 Recall@20: 0.08623 NDCG@10: 0.03455 NDCG@20: 0.04224 
09/04/2026,23:37:38: 	Recall@10: 0.02557 Recall@20: 0.03811 NDCG@10: 0.01407 NDCG@20: 0.01746 
09/04/2026,23:37:38: Epoch [23/1000]
09/04/2026,23:37:38: Negative sampling...
09/04/2026,23:37:39: Model's personal time...
09/04/2026,23:37:40: Training...
09/04/2026,23:37:42: Evaluating...
09/04/2026,23:37:45: 	Train Loss: 3520415.0000 (base: 608.5730, kd: 7039.6133), Elapsed: train 3.64 test 3.27
09/04/2026,23:37:45: 	Recall@10: 0.05894 Recall@20: 0.08670 NDCG@10: 0.03473 NDCG@20: 0.04218 
09/04/2026,23:37:45: 	Recall@10: 0.02598 Recall@20: 0.03739 NDCG@10: 0.01409 NDCG@20: 0.01724 
09/04/2026,23:37:45: Epoch [24/1000]
09/04/2026,23:37:45: Negative sampling...
09/04/2026,23:37:46: Model's personal time...
09/04/2026,23:37:46: Training...
09/04/2026,23:37:48: Evaluating...
09/04/2026,23:37:51: 	Train Loss: 3514924.0000 (base: 588.7828, kd: 7028.6709), Elapsed: train 2.91 test 3.31 *
09/04/2026,23:37:51: 	Recall@10: 0.05916 Recall@20: 0.08681 NDCG@10: 0.03508 NDCG@20: 0.04254 
09/04/2026,23:37:51: 	Recall@10: 0.02630 Recall@20: 0.03835 NDCG@10: 0.01426 NDCG@20: 0.01754 
09/04/2026,23:37:51: Epoch [25/1000]
09/04/2026,23:37:51: Negative sampling...
09/04/2026,23:37:52: Model's personal time...
09/04/2026,23:37:53: Training...
09/04/2026,23:37:54: Evaluating...
09/04/2026,23:37:58: 	Train Loss: 3509107.5000 (base: 573.5345, kd: 7017.0674), Elapsed: train 2.75 test 3.72 *
09/04/2026,23:37:58: 	Recall@10: 0.06036 Recall@20: 0.08791 NDCG@10: 0.03531 NDCG@20: 0.04271 
09/04/2026,23:37:58: 	Recall@10: 0.02664 Recall@20: 0.03786 NDCG@10: 0.01436 NDCG@20: 0.01743 
09/04/2026,23:37:58: Epoch [26/1000]
09/04/2026,23:37:58: Negative sampling...
09/04/2026,23:37:59: Model's personal time...
09/04/2026,23:37:59: Training...
09/04/2026,23:38:00: Evaluating...
09/04/2026,23:38:04: 	Train Loss: 3505187.2500 (base: 558.5046, kd: 7009.2573), Elapsed: train 2.85 test 3.28
09/04/2026,23:38:04: 	Recall@10: 0.06039 Recall@20: 0.08718 NDCG@10: 0.03541 NDCG@20: 0.04262 
09/04/2026,23:38:04: 	Recall@10: 0.02660 Recall@20: 0.03722 NDCG@10: 0.01450 NDCG@20: 0.01745 
09/04/2026,23:38:04: Epoch [27/1000]
09/04/2026,23:38:04: Negative sampling...
09/04/2026,23:38:05: Model's personal time...
09/04/2026,23:38:05: Training...
09/04/2026,23:38:07: Evaluating...
09/04/2026,23:38:10: 	Train Loss: 3500379.2500 (base: 544.8439, kd: 6999.6685), Elapsed: train 2.86 test 3.32 *
09/04/2026,23:38:10: 	Recall@10: 0.05994 Recall@20: 0.08773 NDCG@10: 0.03547 NDCG@20: 0.04301 
09/04/2026,23:38:10: 	Recall@10: 0.02610 Recall@20: 0.03700 NDCG@10: 0.01440 NDCG@20: 0.01742 
09/04/2026,23:38:10: Epoch [28/1000]
09/04/2026,23:38:10: Negative sampling...
09/04/2026,23:38:11: Model's personal time...
09/04/2026,23:38:11: Training...
09/04/2026,23:38:13: Evaluating...
09/04/2026,23:38:16: 	Train Loss: 3498236.0000 (base: 530.1860, kd: 6995.4116), Elapsed: train 2.84 test 3.58 *
09/04/2026,23:38:16: 	Recall@10: 0.06126 Recall@20: 0.08779 NDCG@10: 0.03585 NDCG@20: 0.04308 
09/04/2026,23:38:16: 	Recall@10: 0.02607 Recall@20: 0.03832 NDCG@10: 0.01449 NDCG@20: 0.01786 
09/04/2026,23:38:16: Epoch [29/1000]
09/04/2026,23:38:16: Negative sampling...
09/04/2026,23:38:18: Model's personal time...
09/04/2026,23:38:18: Training...
09/04/2026,23:38:20: Evaluating...
09/04/2026,23:38:23: 	Train Loss: 3491650.2500 (base: 519.2039, kd: 6982.2612), Elapsed: train 3.23 test 3.22 *
09/04/2026,23:38:23: 	Recall@10: 0.06212 Recall@20: 0.08845 NDCG@10: 0.03634 NDCG@20: 0.04348 
09/04/2026,23:38:23: 	Recall@10: 0.02650 Recall@20: 0.03917 NDCG@10: 0.01466 NDCG@20: 0.01809 
09/04/2026,23:38:23: Epoch [30/1000]
09/04/2026,23:38:23: Negative sampling...
09/04/2026,23:38:24: Model's personal time...
09/04/2026,23:38:24: Training...
09/04/2026,23:38:26: Evaluating...
09/04/2026,23:38:28: 	Train Loss: 3490057.7500 (base: 506.5294, kd: 6979.1021), Elapsed: train 2.87 test 2.14
09/04/2026,23:38:28: 	Recall@10: 0.06253 Recall@20: 0.08751 NDCG@10: 0.03645 NDCG@20: 0.04329 
09/04/2026,23:38:28: 	Recall@10: 0.02630 Recall@20: 0.03850 NDCG@10: 0.01456 NDCG@20: 0.01793 
09/04/2026,23:38:28: Epoch [31/1000]
09/04/2026,23:38:28: Negative sampling...
09/04/2026,23:38:29: Model's personal time...
09/04/2026,23:38:29: Training...
09/04/2026,23:38:31: Evaluating...
09/04/2026,23:38:32: 	Train Loss: 3485700.5000 (base: 493.5315, kd: 6970.4136), Elapsed: train 2.83 test 1.76 *
09/04/2026,23:38:32: 	Recall@10: 0.06342 Recall@20: 0.08837 NDCG@10: 0.03712 NDCG@20: 0.04385 
09/04/2026,23:38:32: 	Recall@10: 0.02598 Recall@20: 0.03857 NDCG@10: 0.01453 NDCG@20: 0.01803 
09/04/2026,23:38:32: Epoch [32/1000]
09/04/2026,23:38:32: Negative sampling...
09/04/2026,23:38:34: Model's personal time...
09/04/2026,23:38:36: Training...
09/04/2026,23:38:37: Evaluating...
09/04/2026,23:38:37: 	Train Loss: 3482586.7500 (base: 484.6919, kd: 6964.2041), Elapsed: train 4.65 test 0.41 *
09/04/2026,23:38:37: 	Recall@10: 0.06285 Recall@20: 0.08873 NDCG@10: 0.03722 NDCG@20: 0.04423 
09/04/2026,23:38:37: 	Recall@10: 0.02681 Recall@20: 0.03873 NDCG@10: 0.01467 NDCG@20: 0.01801 
09/04/2026,23:38:37: Epoch [33/1000]
09/04/2026,23:38:37: Negative sampling...
09/04/2026,23:38:39: Model's personal time...
09/04/2026,23:38:40: Training...
09/04/2026,23:38:42: Evaluating...
09/04/2026,23:38:43: 	Train Loss: 3481184.2500 (base: 472.6155, kd: 6961.4233), Elapsed: train 4.43 test 0.90 *
09/04/2026,23:38:43: 	Recall@10: 0.06377 Recall@20: 0.08912 NDCG@10: 0.03744 NDCG@20: 0.04427 
09/04/2026,23:38:43: 	Recall@10: 0.02700 Recall@20: 0.03885 NDCG@10: 0.01472 NDCG@20: 0.01804 
09/04/2026,23:38:43: Epoch [34/1000]
09/04/2026,23:38:43: Negative sampling...
09/04/2026,23:38:44: Model's personal time...
09/04/2026,23:38:45: Training...
09/04/2026,23:38:47: Evaluating...
09/04/2026,23:38:49: 	Train Loss: 3478718.0000 (base: 466.0192, kd: 6956.5039), Elapsed: train 3.88 test 2.13 *
09/04/2026,23:38:49: 	Recall@10: 0.06304 Recall@20: 0.08858 NDCG@10: 0.03735 NDCG@20: 0.04428 
09/04/2026,23:38:49: 	Recall@10: 0.02651 Recall@20: 0.03899 NDCG@10: 0.01447 NDCG@20: 0.01792 
09/04/2026,23:38:49: Epoch [35/1000]
09/04/2026,23:38:49: Negative sampling...
09/04/2026,23:38:50: Model's personal time...
09/04/2026,23:38:50: Training...
09/04/2026,23:38:52: Evaluating...
09/04/2026,23:38:56: 	Train Loss: 3475833.5000 (base: 455.3513, kd: 6950.7554), Elapsed: train 2.97 test 3.74
09/04/2026,23:38:56: 	Recall@10: 0.06387 Recall@20: 0.08817 NDCG@10: 0.03765 NDCG@20: 0.04426 
09/04/2026,23:38:56: 	Recall@10: 0.02623 Recall@20: 0.03975 NDCG@10: 0.01439 NDCG@20: 0.01812 
09/04/2026,23:38:56: Epoch [36/1000]
09/04/2026,23:38:56: Negative sampling...
09/04/2026,23:38:57: Model's personal time...
09/04/2026,23:38:58: Training...
09/04/2026,23:38:59: Evaluating...
09/04/2026,23:39:02: 	Train Loss: 3474269.2500 (base: 444.5773, kd: 6947.6489), Elapsed: train 3.57 test 3.18 *
09/04/2026,23:39:02: 	Recall@10: 0.06371 Recall@20: 0.08920 NDCG@10: 0.03776 NDCG@20: 0.04472 
09/04/2026,23:39:02: 	Recall@10: 0.02633 Recall@20: 0.03939 NDCG@10: 0.01447 NDCG@20: 0.01811 
09/04/2026,23:39:02: Epoch [37/1000]
09/04/2026,23:39:02: Negative sampling...
09/04/2026,23:39:04: Model's personal time...
09/04/2026,23:39:04: Training...
09/04/2026,23:39:05: Evaluating...
09/04/2026,23:39:09: 	Train Loss: 3472261.5000 (base: 438.8256, kd: 6943.6455), Elapsed: train 2.93 test 3.81 *
09/04/2026,23:39:09: 	Recall@10: 0.06414 Recall@20: 0.08979 NDCG@10: 0.03802 NDCG@20: 0.04503 
09/04/2026,23:39:09: 	Recall@10: 0.02606 Recall@20: 0.04025 NDCG@10: 0.01445 NDCG@20: 0.01839 
09/04/2026,23:39:09: Epoch [38/1000]
09/04/2026,23:39:09: Negative sampling...
09/04/2026,23:39:10: Model's personal time...
09/04/2026,23:39:11: Training...
09/04/2026,23:39:13: Evaluating...
09/04/2026,23:39:16: 	Train Loss: 3470386.7500 (base: 430.3594, kd: 6939.9131), Elapsed: train 3.53 test 2.96 *
09/04/2026,23:39:16: 	Recall@10: 0.06367 Recall@20: 0.09022 NDCG@10: 0.03815 NDCG@20: 0.04539 
09/04/2026,23:39:16: 	Recall@10: 0.02641 Recall@20: 0.04032 NDCG@10: 0.01472 NDCG@20: 0.01855 
09/04/2026,23:39:16: Epoch [39/1000]
09/04/2026,23:39:16: Negative sampling...
09/04/2026,23:39:17: Model's personal time...
09/04/2026,23:39:17: Training...
09/04/2026,23:39:18: Evaluating...
09/04/2026,23:39:21: 	Train Loss: 3469081.5000 (base: 422.8368, kd: 6937.3174), Elapsed: train 2.71 test 2.37
09/04/2026,23:39:21: 	Recall@10: 0.06486 Recall@20: 0.09056 NDCG@10: 0.03836 NDCG@20: 0.04535 
09/04/2026,23:39:21: 	Recall@10: 0.02644 Recall@20: 0.04073 NDCG@10: 0.01471 NDCG@20: 0.01863 
09/04/2026,23:39:21: Epoch [40/1000]
09/04/2026,23:39:21: Negative sampling...
09/04/2026,23:39:22: Model's personal time...
09/04/2026,23:39:22: Training...
09/04/2026,23:39:23: Evaluating...
09/04/2026,23:39:24: 	Train Loss: 3467192.7500 (base: 419.1543, kd: 6933.5469), Elapsed: train 2.58 test 0.50 *
09/04/2026,23:39:24: 	Recall@10: 0.06448 Recall@20: 0.09125 NDCG@10: 0.03826 NDCG@20: 0.04552 
09/04/2026,23:39:24: 	Recall@10: 0.02585 Recall@20: 0.04113 NDCG@10: 0.01454 NDCG@20: 0.01875 
09/04/2026,23:39:24: Epoch [41/1000]
09/04/2026,23:39:24: Negative sampling...
09/04/2026,23:39:25: Model's personal time...
09/04/2026,23:39:28: Training...
09/04/2026,23:39:29: Evaluating...
09/04/2026,23:39:30: 	Train Loss: 3466278.7500 (base: 408.5462, kd: 6931.7407), Elapsed: train 5.41 test 0.45
09/04/2026,23:39:30: 	Recall@10: 0.06526 Recall@20: 0.09001 NDCG@10: 0.03871 NDCG@20: 0.04545 
09/04/2026,23:39:30: 	Recall@10: 0.02644 Recall@20: 0.04098 NDCG@10: 0.01465 NDCG@20: 0.01863 
09/04/2026,23:39:30: Epoch [42/1000]
09/04/2026,23:39:30: Negative sampling...
09/04/2026,23:39:31: Model's personal time...
09/04/2026,23:39:33: Training...
09/04/2026,23:39:35: Evaluating...
09/04/2026,23:39:35: 	Train Loss: 3465113.7500 (base: 402.2109, kd: 6929.4229), Elapsed: train 5.22 test 0.45 *
09/04/2026,23:39:35: 	Recall@10: 0.06467 Recall@20: 0.09062 NDCG@10: 0.03848 NDCG@20: 0.04558 
09/04/2026,23:39:35: 	Recall@10: 0.02609 Recall@20: 0.04078 NDCG@10: 0.01470 NDCG@20: 0.01873 
09/04/2026,23:39:35: Epoch [43/1000]
09/04/2026,23:39:35: Negative sampling...
09/04/2026,23:39:37: Model's personal time...
09/04/2026,23:39:37: Training...
09/04/2026,23:39:38: Evaluating...
09/04/2026,23:39:41: 	Train Loss: 3463764.7500 (base: 396.3119, kd: 6926.7373), Elapsed: train 3.16 test 2.77 *
09/04/2026,23:39:41: 	Recall@10: 0.06531 Recall@20: 0.09080 NDCG@10: 0.03878 NDCG@20: 0.04577 
09/04/2026,23:39:41: 	Recall@10: 0.02674 Recall@20: 0.04156 NDCG@10: 0.01478 NDCG@20: 0.01881 
09/04/2026,23:39:41: Epoch [44/1000]
09/04/2026,23:39:41: Negative sampling...
09/04/2026,23:39:43: Model's personal time...
09/04/2026,23:39:43: Training...
09/04/2026,23:39:45: Evaluating...
09/04/2026,23:39:48: 	Train Loss: 3462841.0000 (base: 388.2612, kd: 6924.9053), Elapsed: train 3.44 test 3.01
09/04/2026,23:39:48: 	Recall@10: 0.06524 Recall@20: 0.09049 NDCG@10: 0.03885 NDCG@20: 0.04574 
09/04/2026,23:39:48: 	Recall@10: 0.02651 Recall@20: 0.04158 NDCG@10: 0.01483 NDCG@20: 0.01892 
09/04/2026,23:39:48: Epoch [45/1000]
09/04/2026,23:39:48: Negative sampling...
09/04/2026,23:39:49: Model's personal time...
09/04/2026,23:39:49: Training...
09/04/2026,23:39:51: Evaluating...
09/04/2026,23:39:54: 	Train Loss: 3462353.0000 (base: 381.2368, kd: 6923.9438), Elapsed: train 3.16 test 3.11 *
09/04/2026,23:39:54: 	Recall@10: 0.06528 Recall@20: 0.09071 NDCG@10: 0.03901 NDCG@20: 0.04597 
09/04/2026,23:39:54: 	Recall@10: 0.02650 Recall@20: 0.04147 NDCG@10: 0.01487 NDCG@20: 0.01892 
09/04/2026,23:39:54: Epoch [46/1000]
09/04/2026,23:39:54: Negative sampling...
09/04/2026,23:39:55: Model's personal time...
09/04/2026,23:39:55: Training...
09/04/2026,23:39:57: Evaluating...
09/04/2026,23:40:00: 	Train Loss: 3459347.5000 (base: 377.2301, kd: 6917.9404), Elapsed: train 3.03 test 3.51 *
09/04/2026,23:40:00: 	Recall@10: 0.06505 Recall@20: 0.09136 NDCG@10: 0.03896 NDCG@20: 0.04615 
09/04/2026,23:40:00: 	Recall@10: 0.02686 Recall@20: 0.04152 NDCG@10: 0.01503 NDCG@20: 0.01903 
09/04/2026,23:40:00: Epoch [47/1000]
09/04/2026,23:40:00: Negative sampling...
09/04/2026,23:40:02: Model's personal time...
09/04/2026,23:40:02: Training...
09/04/2026,23:40:03: Evaluating...
09/04/2026,23:40:07: 	Train Loss: 3458716.0000 (base: 368.7434, kd: 6916.6948), Elapsed: train 2.97 test 3.63 *
09/04/2026,23:40:07: 	Recall@10: 0.06508 Recall@20: 0.09143 NDCG@10: 0.03893 NDCG@20: 0.04618 
09/04/2026,23:40:07: 	Recall@10: 0.02679 Recall@20: 0.04123 NDCG@10: 0.01491 NDCG@20: 0.01886 
09/04/2026,23:40:07: Epoch [48/1000]
09/04/2026,23:40:07: Negative sampling...
09/04/2026,23:40:08: Model's personal time...
09/04/2026,23:40:08: Training...
09/04/2026,23:40:10: Evaluating...
09/04/2026,23:40:13: 	Train Loss: 3458203.2500 (base: 366.2447, kd: 6915.6738), Elapsed: train 2.95 test 3.18 *
09/04/2026,23:40:13: 	Recall@10: 0.06524 Recall@20: 0.09173 NDCG@10: 0.03891 NDCG@20: 0.04619 
09/04/2026,23:40:13: 	Recall@10: 0.02686 Recall@20: 0.04171 NDCG@10: 0.01486 NDCG@20: 0.01893 
09/04/2026,23:40:13: Epoch [49/1000]
09/04/2026,23:40:13: Negative sampling...
09/04/2026,23:40:15: Model's personal time...
09/04/2026,23:40:15: Training...
09/04/2026,23:40:16: Evaluating...
09/04/2026,23:40:20: 	Train Loss: 3457201.5000 (base: 360.4314, kd: 6913.6821), Elapsed: train 2.79 test 3.62 *
09/04/2026,23:40:20: 	Recall@10: 0.06558 Recall@20: 0.09230 NDCG@10: 0.03896 NDCG@20: 0.04630 
09/04/2026,23:40:20: 	Recall@10: 0.02702 Recall@20: 0.04201 NDCG@10: 0.01494 NDCG@20: 0.01901 
09/04/2026,23:40:20: Epoch [50/1000]
09/04/2026,23:40:20: Negative sampling...
09/04/2026,23:40:21: Model's personal time...
09/04/2026,23:40:21: Training...
09/04/2026,23:40:22: Evaluating...
09/04/2026,23:40:24: 	Train Loss: 3456206.2500 (base: 355.8724, kd: 6911.7012), Elapsed: train 2.78 test 2.13
09/04/2026,23:40:24: 	Recall@10: 0.06536 Recall@20: 0.09315 NDCG@10: 0.03867 NDCG@20: 0.04626 
09/04/2026,23:40:24: 	Recall@10: 0.02660 Recall@20: 0.04110 NDCG@10: 0.01489 NDCG@20: 0.01889 
09/04/2026,23:40:24: Epoch [51/1000]
09/04/2026,23:40:24: Negative sampling...
09/04/2026,23:40:26: Model's personal time...
09/04/2026,23:40:26: Training...
09/04/2026,23:40:27: Evaluating...
09/04/2026,23:40:28: 	Train Loss: 3455431.0000 (base: 348.8727, kd: 6910.1646), Elapsed: train 2.66 test 0.66
09/04/2026,23:40:28: 	Recall@10: 0.06455 Recall@20: 0.09267 NDCG@10: 0.03857 NDCG@20: 0.04629 
09/04/2026,23:40:28: 	Recall@10: 0.02705 Recall@20: 0.04096 NDCG@10: 0.01510 NDCG@20: 0.01892 
09/04/2026,23:40:28: Epoch [52/1000]
09/04/2026,23:40:28: Negative sampling...
09/04/2026,23:40:29: Model's personal time...
09/04/2026,23:40:30: Training...
09/04/2026,23:40:32: Evaluating...
09/04/2026,23:40:32: 	Train Loss: 3454833.0000 (base: 346.3848, kd: 6908.9731), Elapsed: train 4.04 test 0.51 *
09/04/2026,23:40:32: 	Recall@10: 0.06463 Recall@20: 0.09312 NDCG@10: 0.03853 NDCG@20: 0.04638 
09/04/2026,23:40:32: 	Recall@10: 0.02663 Recall@20: 0.04078 NDCG@10: 0.01496 NDCG@20: 0.01889 
09/04/2026,23:40:32: Epoch [53/1000]
09/04/2026,23:40:32: Negative sampling...
09/04/2026,23:40:34: Model's personal time...
09/04/2026,23:40:35: Training...
09/04/2026,23:40:37: Evaluating...
09/04/2026,23:40:39: 	Train Loss: 3453182.0000 (base: 341.5751, kd: 6905.6812), Elapsed: train 4.61 test 2.27 *
09/04/2026,23:40:39: 	Recall@10: 0.06484 Recall@20: 0.09346 NDCG@10: 0.03860 NDCG@20: 0.04650 
09/04/2026,23:40:39: 	Recall@10: 0.02721 Recall@20: 0.04052 NDCG@10: 0.01523 NDCG@20: 0.01891 
09/04/2026,23:40:39: Epoch [54/1000]
09/04/2026,23:40:39: Negative sampling...
09/04/2026,23:40:41: Model's personal time...
09/04/2026,23:40:42: Training...
09/04/2026,23:40:43: Evaluating...
09/04/2026,23:40:46: 	Train Loss: 3453912.0000 (base: 339.9421, kd: 6907.1445), Elapsed: train 4.03 test 2.42 *
09/04/2026,23:40:46: 	Recall@10: 0.06387 Recall@20: 0.09301 NDCG@10: 0.03846 NDCG@20: 0.04652 
09/04/2026,23:40:46: 	Recall@10: 0.02791 Recall@20: 0.04130 NDCG@10: 0.01529 NDCG@20: 0.01897 
09/04/2026,23:40:46: Epoch [55/1000]
09/04/2026,23:40:46: Negative sampling...
09/04/2026,23:40:47: Model's personal time...
09/04/2026,23:40:47: Training...
09/04/2026,23:40:49: Evaluating...
09/04/2026,23:40:52: 	Train Loss: 3452524.2500 (base: 329.7660, kd: 6904.3887), Elapsed: train 3.07 test 3.60 *
09/04/2026,23:40:52: 	Recall@10: 0.06334 Recall@20: 0.09328 NDCG@10: 0.03827 NDCG@20: 0.04655 
09/04/2026,23:40:52: 	Recall@10: 0.02750 Recall@20: 0.04133 NDCG@10: 0.01513 NDCG@20: 0.01894 
09/04/2026,23:40:52: Epoch [56/1000]
09/04/2026,23:40:52: Negative sampling...
09/04/2026,23:40:54: Model's personal time...
09/04/2026,23:40:54: Training...
09/04/2026,23:40:56: Evaluating...
09/04/2026,23:40:59: 	Train Loss: 3453120.0000 (base: 327.4521, kd: 6905.5845), Elapsed: train 3.40 test 3.42 *
09/04/2026,23:40:59: 	Recall@10: 0.06489 Recall@20: 0.09345 NDCG@10: 0.03892 NDCG@20: 0.04670 
09/04/2026,23:40:59: 	Recall@10: 0.02740 Recall@20: 0.04137 NDCG@10: 0.01511 NDCG@20: 0.01896 
09/04/2026,23:40:59: Epoch [57/1000]
09/04/2026,23:40:59: Negative sampling...
09/04/2026,23:41:01: Model's personal time...
09/04/2026,23:41:02: Training...
09/04/2026,23:41:03: Evaluating...
09/04/2026,23:41:05: 	Train Loss: 3452269.2500 (base: 324.9702, kd: 6903.8887), Elapsed: train 3.87 test 1.53 *
09/04/2026,23:41:05: 	Recall@10: 0.06403 Recall@20: 0.09352 NDCG@10: 0.03858 NDCG@20: 0.04676 
09/04/2026,23:41:05: 	Recall@10: 0.02734 Recall@20: 0.04101 NDCG@10: 0.01508 NDCG@20: 0.01889 
09/04/2026,23:41:05: Epoch [58/1000]
09/04/2026,23:41:05: Negative sampling...
09/04/2026,23:41:06: Model's personal time...
09/04/2026,23:41:06: Training...
09/04/2026,23:41:07: Evaluating...
09/04/2026,23:41:09: 	Train Loss: 3451101.2500 (base: 320.9495, kd: 6901.5610), Elapsed: train 2.86 test 1.88 *
09/04/2026,23:41:09: 	Recall@10: 0.06382 Recall@20: 0.09379 NDCG@10: 0.03858 NDCG@20: 0.04685 
09/04/2026,23:41:09: 	Recall@10: 0.02716 Recall@20: 0.04115 NDCG@10: 0.01500 NDCG@20: 0.01886 
09/04/2026,23:41:09: Epoch [59/1000]
09/04/2026,23:41:09: Negative sampling...
09/04/2026,23:41:11: Model's personal time...
09/04/2026,23:41:12: Training...
09/04/2026,23:41:14: Evaluating...
09/04/2026,23:41:14: 	Train Loss: 3451281.2500 (base: 315.6660, kd: 6901.9312), Elapsed: train 4.40 test 0.46 *
09/04/2026,23:41:14: 	Recall@10: 0.06386 Recall@20: 0.09434 NDCG@10: 0.03854 NDCG@20: 0.04688 
09/04/2026,23:41:14: 	Recall@10: 0.02737 Recall@20: 0.04074 NDCG@10: 0.01510 NDCG@20: 0.01879 
09/04/2026,23:41:14: Epoch [60/1000]
09/04/2026,23:41:14: Negative sampling...
09/04/2026,23:41:16: Model's personal time...
09/04/2026,23:41:17: Training...
09/04/2026,23:41:18: Evaluating...
09/04/2026,23:41:20: 	Train Loss: 3450878.0000 (base: 314.0472, kd: 6901.1274), Elapsed: train 4.26 test 1.32 *
09/04/2026,23:41:20: 	Recall@10: 0.06417 Recall@20: 0.09455 NDCG@10: 0.03859 NDCG@20: 0.04695 
09/04/2026,23:41:20: 	Recall@10: 0.02738 Recall@20: 0.04082 NDCG@10: 0.01520 NDCG@20: 0.01891 
09/04/2026,23:41:20: Epoch [61/1000]
09/04/2026,23:41:20: Negative sampling...
09/04/2026,23:41:22: Model's personal time...
09/04/2026,23:41:22: Training...
09/04/2026,23:41:24: Evaluating...
09/04/2026,23:41:26: 	Train Loss: 3450110.0000 (base: 304.7460, kd: 6899.6104), Elapsed: train 3.90 test 2.28
09/04/2026,23:41:26: 	Recall@10: 0.06435 Recall@20: 0.09388 NDCG@10: 0.03872 NDCG@20: 0.04687 
09/04/2026,23:41:26: 	Recall@10: 0.02776 Recall@20: 0.04063 NDCG@10: 0.01526 NDCG@20: 0.01881 
09/04/2026,23:41:26: Epoch [62/1000]
09/04/2026,23:41:26: Negative sampling...
09/04/2026,23:41:27: Model's personal time...
09/04/2026,23:41:27: Training...
09/04/2026,23:41:29: Evaluating...
09/04/2026,23:41:32: 	Train Loss: 3449831.5000 (base: 302.6668, kd: 6899.0571), Elapsed: train 2.97 test 3.33
09/04/2026,23:41:32: 	Recall@10: 0.06401 Recall@20: 0.09429 NDCG@10: 0.03852 NDCG@20: 0.04690 
09/04/2026,23:41:32: 	Recall@10: 0.02711 Recall@20: 0.04110 NDCG@10: 0.01510 NDCG@20: 0.01896 
09/04/2026,23:41:32: Epoch [63/1000]
09/04/2026,23:41:32: Negative sampling...
09/04/2026,23:41:34: Model's personal time...
09/04/2026,23:41:35: Training...
09/04/2026,23:41:36: Evaluating...
09/04/2026,23:41:39: 	Train Loss: 3449418.5000 (base: 301.9031, kd: 6898.2324), Elapsed: train 4.00 test 3.21
09/04/2026,23:41:39: 	Recall@10: 0.06472 Recall@20: 0.09371 NDCG@10: 0.03893 NDCG@20: 0.04695 
09/04/2026,23:41:39: 	Recall@10: 0.02689 Recall@20: 0.04127 NDCG@10: 0.01512 NDCG@20: 0.01904 
09/04/2026,23:41:39: Epoch [64/1000]
09/04/2026,23:41:39: Negative sampling...
09/04/2026,23:41:41: Model's personal time...
09/04/2026,23:41:41: Training...
09/04/2026,23:41:42: Evaluating...
09/04/2026,23:41:46: 	Train Loss: 3449209.5000 (base: 293.4787, kd: 6897.8315), Elapsed: train 2.89 test 3.76 *
09/04/2026,23:41:46: 	Recall@10: 0.06402 Recall@20: 0.09415 NDCG@10: 0.03870 NDCG@20: 0.04706 
09/04/2026,23:41:46: 	Recall@10: 0.02730 Recall@20: 0.04129 NDCG@10: 0.01515 NDCG@20: 0.01895 
09/04/2026,23:41:46: Epoch [65/1000]
09/04/2026,23:41:46: Negative sampling...
09/04/2026,23:41:48: Model's personal time...
09/04/2026,23:41:49: Training...
09/04/2026,23:41:50: Evaluating...
09/04/2026,23:41:53: 	Train Loss: 3449027.2500 (base: 292.3900, kd: 6897.4688), Elapsed: train 4.29 test 2.28
09/04/2026,23:41:53: 	Recall@10: 0.06494 Recall@20: 0.09406 NDCG@10: 0.03895 NDCG@20: 0.04703 
09/04/2026,23:41:53: 	Recall@10: 0.02692 Recall@20: 0.04174 NDCG@10: 0.01501 NDCG@20: 0.01903 
09/04/2026,23:41:53: Epoch [66/1000]
09/04/2026,23:41:53: Negative sampling...
09/04/2026,23:41:54: Model's personal time...
09/04/2026,23:41:54: Training...
09/04/2026,23:41:56: Evaluating...
09/04/2026,23:41:59: 	Train Loss: 3447812.2500 (base: 289.9514, kd: 6895.0444), Elapsed: train 3.36 test 3.17 *
09/04/2026,23:41:59: 	Recall@10: 0.06493 Recall@20: 0.09486 NDCG@10: 0.03895 NDCG@20: 0.04715 
09/04/2026,23:41:59: 	Recall@10: 0.02691 Recall@20: 0.04191 NDCG@10: 0.01492 NDCG@20: 0.01901 
09/04/2026,23:41:59: Epoch [67/1000]
09/04/2026,23:41:59: Negative sampling...
09/04/2026,23:42:01: Model's personal time...
09/04/2026,23:42:01: Training...
09/04/2026,23:42:02: Evaluating...
09/04/2026,23:42:05: 	Train Loss: 3448209.2500 (base: 286.2750, kd: 6895.8457), Elapsed: train 2.87 test 3.33
09/04/2026,23:42:05: 	Recall@10: 0.06555 Recall@20: 0.09457 NDCG@10: 0.03909 NDCG@20: 0.04707 
09/04/2026,23:42:05: 	Recall@10: 0.02701 Recall@20: 0.04198 NDCG@10: 0.01502 NDCG@20: 0.01909 
09/04/2026,23:42:05: Epoch [68/1000]
09/04/2026,23:42:05: Negative sampling...
09/04/2026,23:42:07: Model's personal time...
09/04/2026,23:42:07: Training...
09/04/2026,23:42:08: Evaluating...
09/04/2026,23:42:12: 	Train Loss: 3448140.7500 (base: 283.8316, kd: 6895.7144), Elapsed: train 3.01 test 3.30
09/04/2026,23:42:12: 	Recall@10: 0.06515 Recall@20: 0.09462 NDCG@10: 0.03889 NDCG@20: 0.04703 
09/04/2026,23:42:12: 	Recall@10: 0.02679 Recall@20: 0.04232 NDCG@10: 0.01496 NDCG@20: 0.01920 
09/04/2026,23:42:12: Epoch [69/1000]
09/04/2026,23:42:12: Negative sampling...
09/04/2026,23:42:13: Model's personal time...
09/04/2026,23:42:14: Training...
09/04/2026,23:42:15: Evaluating...
09/04/2026,23:42:19: 	Train Loss: 3447766.5000 (base: 278.9562, kd: 6894.9751), Elapsed: train 3.72 test 3.06 *
09/04/2026,23:42:19: 	Recall@10: 0.06573 Recall@20: 0.09501 NDCG@10: 0.03903 NDCG@20: 0.04716 
09/04/2026,23:42:19: 	Recall@10: 0.02657 Recall@20: 0.04214 NDCG@10: 0.01488 NDCG@20: 0.01911 
09/04/2026,23:42:19: Epoch [70/1000]
09/04/2026,23:42:19: Negative sampling...
09/04/2026,23:42:20: Model's personal time...
09/04/2026,23:42:21: Training...
09/04/2026,23:42:23: Evaluating...
09/04/2026,23:42:24: 	Train Loss: 3447196.0000 (base: 276.3726, kd: 6893.8394), Elapsed: train 4.28 test 1.70
09/04/2026,23:42:24: 	Recall@10: 0.06560 Recall@20: 0.09458 NDCG@10: 0.03910 NDCG@20: 0.04714 
09/04/2026,23:42:24: 	Recall@10: 0.02675 Recall@20: 0.04203 NDCG@10: 0.01495 NDCG@20: 0.01913 
09/04/2026,23:42:24: Epoch [71/1000]
09/04/2026,23:42:24: Negative sampling...
09/04/2026,23:42:26: Model's personal time...
09/04/2026,23:42:26: Training...
09/04/2026,23:42:28: Evaluating...
09/04/2026,23:42:31: 	Train Loss: 3447235.7500 (base: 273.0264, kd: 6893.9258), Elapsed: train 3.28 test 3.67
09/04/2026,23:42:31: 	Recall@10: 0.06526 Recall@20: 0.09480 NDCG@10: 0.03890 NDCG@20: 0.04703 
09/04/2026,23:42:31: 	Recall@10: 0.02644 Recall@20: 0.04210 NDCG@10: 0.01490 NDCG@20: 0.01922 
09/04/2026,23:42:31: Epoch [72/1000]
09/04/2026,23:42:31: Negative sampling...
09/04/2026,23:42:33: Model's personal time...
09/04/2026,23:42:33: Training...
09/04/2026,23:42:34: Evaluating...
09/04/2026,23:42:38: 	Train Loss: 3447744.5000 (base: 271.9727, kd: 6894.9448), Elapsed: train 2.90 test 3.38 *
09/04/2026,23:42:38: 	Recall@10: 0.06549 Recall@20: 0.09521 NDCG@10: 0.03909 NDCG@20: 0.04735 
09/04/2026,23:42:38: 	Recall@10: 0.02692 Recall@20: 0.04236 NDCG@10: 0.01499 NDCG@20: 0.01922 
09/04/2026,23:42:38: Epoch [73/1000]
09/04/2026,23:42:38: Negative sampling...
09/04/2026,23:42:39: Model's personal time...
09/04/2026,23:42:39: Training...
09/04/2026,23:42:41: Evaluating...
09/04/2026,23:42:44: 	Train Loss: 3447726.0000 (base: 269.9896, kd: 6894.9116), Elapsed: train 3.04 test 3.55 *
09/04/2026,23:42:44: 	Recall@10: 0.06552 Recall@20: 0.09563 NDCG@10: 0.03924 NDCG@20: 0.04757 
09/04/2026,23:42:44: 	Recall@10: 0.02714 Recall@20: 0.04202 NDCG@10: 0.01503 NDCG@20: 0.01912 
09/04/2026,23:42:44: Epoch [74/1000]
09/04/2026,23:42:44: Negative sampling...
09/04/2026,23:42:46: Model's personal time...
09/04/2026,23:42:49: Training...
09/04/2026,23:42:50: Evaluating...
09/04/2026,23:42:52: 	Train Loss: 3447160.7500 (base: 266.1865, kd: 6893.7896), Elapsed: train 5.76 test 1.42
09/04/2026,23:42:52: 	Recall@10: 0.06602 Recall@20: 0.09514 NDCG@10: 0.03910 NDCG@20: 0.04708 
09/04/2026,23:42:52: 	Recall@10: 0.02688 Recall@20: 0.04175 NDCG@10: 0.01485 NDCG@20: 0.01897 
09/04/2026,23:42:52: Epoch [75/1000]
09/04/2026,23:42:52: Negative sampling...
09/04/2026,23:42:53: Model's personal time...
09/04/2026,23:42:53: Training...
09/04/2026,23:42:55: Evaluating...
09/04/2026,23:42:58: 	Train Loss: 3448074.5000 (base: 264.4697, kd: 6895.6206), Elapsed: train 3.33 test 3.10
09/04/2026,23:42:58: 	Recall@10: 0.06607 Recall@20: 0.09520 NDCG@10: 0.03924 NDCG@20: 0.04724 
09/04/2026,23:42:58: 	Recall@10: 0.02723 Recall@20: 0.04202 NDCG@10: 0.01501 NDCG@20: 0.01909 
09/04/2026,23:42:58: Epoch [76/1000]
09/04/2026,23:42:58: Negative sampling...
09/04/2026,23:42:59: Model's personal time...
09/04/2026,23:42:59: Training...
09/04/2026,23:43:01: Evaluating...
09/04/2026,23:43:03: 	Train Loss: 3447258.7500 (base: 260.4031, kd: 6893.9971), Elapsed: train 3.05 test 2.10
09/04/2026,23:43:03: 	Recall@10: 0.06598 Recall@20: 0.09524 NDCG@10: 0.03924 NDCG@20: 0.04727 
09/04/2026,23:43:03: 	Recall@10: 0.02690 Recall@20: 0.04199 NDCG@10: 0.01491 NDCG@20: 0.01905 
09/04/2026,23:43:03: Epoch [77/1000]
09/04/2026,23:43:03: Negative sampling...
09/04/2026,23:43:05: Model's personal time...
09/04/2026,23:43:05: Training...
09/04/2026,23:43:06: Evaluating...
09/04/2026,23:43:07: 	Train Loss: 3446766.0000 (base: 260.4652, kd: 6893.0107), Elapsed: train 2.93 test 1.36
09/04/2026,23:43:07: 	Recall@10: 0.06609 Recall@20: 0.09602 NDCG@10: 0.03932 NDCG@20: 0.04753 
09/04/2026,23:43:07: 	Recall@10: 0.02703 Recall@20: 0.04195 NDCG@10: 0.01508 NDCG@20: 0.01918 
09/04/2026,23:43:07: Epoch [78/1000]
09/04/2026,23:43:07: Negative sampling...
09/04/2026,23:43:09: Model's personal time...
09/04/2026,23:43:11: Training...
09/04/2026,23:43:12: Evaluating...
09/04/2026,23:43:13: 	Train Loss: 3446146.5000 (base: 256.2844, kd: 6891.7803), Elapsed: train 4.61 test 0.55 *
09/04/2026,23:43:13: 	Recall@10: 0.06636 Recall@20: 0.09613 NDCG@10: 0.03945 NDCG@20: 0.04760 
09/04/2026,23:43:13: 	Recall@10: 0.02674 Recall@20: 0.04247 NDCG@10: 0.01488 NDCG@20: 0.01920 
09/04/2026,23:43:13: Epoch [79/1000]
09/04/2026,23:43:13: Negative sampling...
09/04/2026,23:43:14: Model's personal time...
09/04/2026,23:43:14: Training...
09/04/2026,23:43:16: Evaluating...
09/04/2026,23:43:18: 	Train Loss: 3446642.7500 (base: 253.1662, kd: 6892.7793), Elapsed: train 3.07 test 2.34
09/04/2026,23:43:18: 	Recall@10: 0.06639 Recall@20: 0.09582 NDCG@10: 0.03930 NDCG@20: 0.04741 
09/04/2026,23:43:18: 	Recall@10: 0.02693 Recall@20: 0.04166 NDCG@10: 0.01491 NDCG@20: 0.01894 
09/04/2026,23:43:18: Epoch [80/1000]
09/04/2026,23:43:18: Negative sampling...
09/04/2026,23:43:20: Model's personal time...
09/04/2026,23:43:21: Training...
09/04/2026,23:43:23: Evaluating...
09/04/2026,23:43:25: 	Train Loss: 3446294.2500 (base: 250.1132, kd: 6892.0879), Elapsed: train 4.78 test 2.10
09/04/2026,23:43:25: 	Recall@10: 0.06720 Recall@20: 0.09554 NDCG@10: 0.03963 NDCG@20: 0.04741 
09/04/2026,23:43:25: 	Recall@10: 0.02682 Recall@20: 0.04195 NDCG@10: 0.01488 NDCG@20: 0.01902 
09/04/2026,23:43:25: Epoch [81/1000]
09/04/2026,23:43:25: Negative sampling...
09/04/2026,23:43:27: Model's personal time...
09/04/2026,23:43:27: Training...
09/04/2026,23:43:28: Evaluating...
09/04/2026,23:43:30: 	Train Loss: 3445319.0000 (base: 248.6955, kd: 6890.1401), Elapsed: train 3.51 test 1.90 *
09/04/2026,23:43:30: 	Recall@10: 0.06628 Recall@20: 0.09632 NDCG@10: 0.03944 NDCG@20: 0.04766 
09/04/2026,23:43:30: 	Recall@10: 0.02721 Recall@20: 0.04222 NDCG@10: 0.01502 NDCG@20: 0.01909 
09/04/2026,23:43:30: Epoch [82/1000]
09/04/2026,23:43:30: Negative sampling...
09/04/2026,23:43:32: Model's personal time...
09/04/2026,23:43:32: Training...
09/04/2026,23:43:33: Evaluating...
09/04/2026,23:43:33: 	Train Loss: 3445690.0000 (base: 246.5690, kd: 6890.8877), Elapsed: train 2.58 test 0.56
09/04/2026,23:43:33: 	Recall@10: 0.06614 Recall@20: 0.09602 NDCG@10: 0.03950 NDCG@20: 0.04763 
09/04/2026,23:43:33: 	Recall@10: 0.02693 Recall@20: 0.04193 NDCG@10: 0.01489 NDCG@20: 0.01902 
09/04/2026,23:43:33: Epoch [83/1000]
09/04/2026,23:43:33: Negative sampling...
09/04/2026,23:43:35: Model's personal time...
09/04/2026,23:43:37: Training...
09/04/2026,23:43:39: Evaluating...
09/04/2026,23:43:39: 	Train Loss: 3445204.5000 (base: 242.6851, kd: 6889.9233), Elapsed: train 5.34 test 0.51
09/04/2026,23:43:39: 	Recall@10: 0.06626 Recall@20: 0.09608 NDCG@10: 0.03942 NDCG@20: 0.04760 
09/04/2026,23:43:39: 	Recall@10: 0.02680 Recall@20: 0.04132 NDCG@10: 0.01495 NDCG@20: 0.01895 
09/04/2026,23:43:39: Epoch [84/1000]
09/04/2026,23:43:39: Negative sampling...
09/04/2026,23:43:41: Model's personal time...
09/04/2026,23:43:42: Training...
09/04/2026,23:43:44: Evaluating...
09/04/2026,23:43:45: 	Train Loss: 3444856.0000 (base: 238.7720, kd: 6889.2339), Elapsed: train 4.67 test 1.36 *
09/04/2026,23:43:45: 	Recall@10: 0.06651 Recall@20: 0.09644 NDCG@10: 0.03959 NDCG@20: 0.04776 
09/04/2026,23:43:45: 	Recall@10: 0.02696 Recall@20: 0.04186 NDCG@10: 0.01495 NDCG@20: 0.01906 
09/04/2026,23:43:45: Epoch [85/1000]
09/04/2026,23:43:45: Negative sampling...
09/04/2026,23:43:47: Model's personal time...
09/04/2026,23:43:47: Training...
09/04/2026,23:43:48: Evaluating...
09/04/2026,23:43:52: 	Train Loss: 3445874.7500 (base: 234.8974, kd: 6891.2798), Elapsed: train 3.00 test 3.78 *
09/04/2026,23:43:52: 	Recall@10: 0.06619 Recall@20: 0.09662 NDCG@10: 0.03953 NDCG@20: 0.04787 
09/04/2026,23:43:52: 	Recall@10: 0.02689 Recall@20: 0.04140 NDCG@10: 0.01483 NDCG@20: 0.01885 
09/04/2026,23:43:52: Epoch [86/1000]
09/04/2026,23:43:52: Negative sampling...
09/04/2026,23:43:54: Model's personal time...
09/04/2026,23:43:54: Training...
09/04/2026,23:43:55: Evaluating...
09/04/2026,23:43:59: 	Train Loss: 3444620.2500 (base: 233.8771, kd: 6888.7729), Elapsed: train 2.94 test 3.55
09/04/2026,23:43:59: 	Recall@10: 0.06672 Recall@20: 0.09576 NDCG@10: 0.03955 NDCG@20: 0.04751 
09/04/2026,23:43:59: 	Recall@10: 0.02645 Recall@20: 0.04239 NDCG@10: 0.01484 NDCG@20: 0.01921 
09/04/2026,23:43:59: Epoch [87/1000]
09/04/2026,23:43:59: Negative sampling...
09/04/2026,23:44:00: Model's personal time...
09/04/2026,23:44:00: Training...
09/04/2026,23:44:01: Evaluating...
09/04/2026,23:44:04: 	Train Loss: 3445026.0000 (base: 231.4851, kd: 6889.5894), Elapsed: train 2.81 test 2.24 *
09/04/2026,23:44:04: 	Recall@10: 0.06677 Recall@20: 0.09620 NDCG@10: 0.03986 NDCG@20: 0.04795 
09/04/2026,23:44:04: 	Recall@10: 0.02685 Recall@20: 0.04200 NDCG@10: 0.01499 NDCG@20: 0.01917 
09/04/2026,23:44:04: Epoch [88/1000]
09/04/2026,23:44:04: Negative sampling...
09/04/2026,23:44:05: Model's personal time...
09/04/2026,23:44:05: Training...
09/04/2026,23:44:06: Evaluating...
09/04/2026,23:44:07: 	Train Loss: 3444739.5000 (base: 233.6493, kd: 6889.0122), Elapsed: train 2.75 test 0.52
09/04/2026,23:44:07: 	Recall@10: 0.06675 Recall@20: 0.09577 NDCG@10: 0.03972 NDCG@20: 0.04773 
09/04/2026,23:44:07: 	Recall@10: 0.02687 Recall@20: 0.04215 NDCG@10: 0.01502 NDCG@20: 0.01919 
09/04/2026,23:44:07: Epoch [89/1000]
09/04/2026,23:44:07: Negative sampling...
09/04/2026,23:44:09: Model's personal time...
09/04/2026,23:44:10: Training...
09/04/2026,23:44:11: Evaluating...
09/04/2026,23:44:12: 	Train Loss: 3445044.7500 (base: 232.1414, kd: 6889.6255), Elapsed: train 4.24 test 1.02
09/04/2026,23:44:12: 	Recall@10: 0.06686 Recall@20: 0.09667 NDCG@10: 0.03977 NDCG@20: 0.04793 
09/04/2026,23:44:12: 	Recall@10: 0.02734 Recall@20: 0.04189 NDCG@10: 0.01518 NDCG@20: 0.01924 
09/04/2026,23:44:12: Epoch [90/1000]
09/04/2026,23:44:12: Negative sampling...
09/04/2026,23:44:14: Model's personal time...
09/04/2026,23:44:14: Training...
09/04/2026,23:44:16: Evaluating...
09/04/2026,23:44:19: 	Train Loss: 3444135.7500 (base: 225.7815, kd: 6887.8198), Elapsed: train 3.77 test 3.35
09/04/2026,23:44:19: 	Recall@10: 0.06659 Recall@20: 0.09616 NDCG@10: 0.03967 NDCG@20: 0.04779 
09/04/2026,23:44:19: 	Recall@10: 0.02744 Recall@20: 0.04219 NDCG@10: 0.01514 NDCG@20: 0.01924 
09/04/2026,23:44:19: Epoch [91/1000]
09/04/2026,23:44:19: Negative sampling...
09/04/2026,23:44:21: Model's personal time...
09/04/2026,23:44:22: Training...
09/04/2026,23:44:23: Evaluating...
09/04/2026,23:44:26: 	Train Loss: 3444579.7500 (base: 226.1069, kd: 6888.7070), Elapsed: train 3.82 test 2.47
09/04/2026,23:44:26: 	Recall@10: 0.06613 Recall@20: 0.09556 NDCG@10: 0.03958 NDCG@20: 0.04774 
09/04/2026,23:44:26: 	Recall@10: 0.02726 Recall@20: 0.04148 NDCG@10: 0.01515 NDCG@20: 0.01905 
09/04/2026,23:44:26: Epoch [92/1000]
09/04/2026,23:44:26: Negative sampling...
09/04/2026,23:44:27: Model's personal time...
09/04/2026,23:44:27: Training...
09/04/2026,23:44:29: Evaluating...
09/04/2026,23:44:31: 	Train Loss: 3444856.7500 (base: 225.0375, kd: 6889.2632), Elapsed: train 2.97 test 2.25
09/04/2026,23:44:31: 	Recall@10: 0.06630 Recall@20: 0.09523 NDCG@10: 0.03957 NDCG@20: 0.04764 
09/04/2026,23:44:31: 	Recall@10: 0.02777 Recall@20: 0.04196 NDCG@10: 0.01530 NDCG@20: 0.01919 
09/04/2026,23:44:31: Epoch [93/1000]
09/04/2026,23:44:31: Negative sampling...
09/04/2026,23:44:32: Model's personal time...
09/04/2026,23:44:32: Training...
09/04/2026,23:44:34: Evaluating...
09/04/2026,23:44:35: 	Train Loss: 3445468.2500 (base: 220.1868, kd: 6890.4961), Elapsed: train 2.91 test 1.71
09/04/2026,23:44:35: 	Recall@10: 0.06615 Recall@20: 0.09597 NDCG@10: 0.03938 NDCG@20: 0.04763 
09/04/2026,23:44:35: 	Recall@10: 0.02748 Recall@20: 0.04218 NDCG@10: 0.01533 NDCG@20: 0.01937 
09/04/2026,23:44:35: Epoch [94/1000]
09/04/2026,23:44:35: Negative sampling...
09/04/2026,23:44:37: Model's personal time...
09/04/2026,23:44:37: Training...
09/04/2026,23:44:38: Evaluating...
09/04/2026,23:44:40: 	Train Loss: 3444744.0000 (base: 219.6790, kd: 6889.0483), Elapsed: train 3.07 test 1.15
09/04/2026,23:44:40: 	Recall@10: 0.06682 Recall@20: 0.09542 NDCG@10: 0.03984 NDCG@20: 0.04772 
09/04/2026,23:44:40: 	Recall@10: 0.02788 Recall@20: 0.04206 NDCG@10: 0.01532 NDCG@20: 0.01923 
09/04/2026,23:44:40: Epoch [95/1000]
09/04/2026,23:44:40: Negative sampling...
09/04/2026,23:44:41: Model's personal time...
09/04/2026,23:44:42: Training...
09/04/2026,23:44:43: Evaluating...
09/04/2026,23:44:46: 	Train Loss: 3444430.2500 (base: 219.2915, kd: 6888.4219), Elapsed: train 3.33 test 3.02
09/04/2026,23:44:46: 	Recall@10: 0.06570 Recall@20: 0.09567 NDCG@10: 0.03964 NDCG@20: 0.04788 
09/04/2026,23:44:46: 	Recall@10: 0.02789 Recall@20: 0.04183 NDCG@10: 0.01531 NDCG@20: 0.01916 
09/04/2026,23:44:46: Epoch [96/1000]
09/04/2026,23:44:46: Negative sampling...
09/04/2026,23:44:47: Model's personal time...
09/04/2026,23:44:47: Training...
09/04/2026,23:44:49: Evaluating...
09/04/2026,23:44:52: 	Train Loss: 3444732.0000 (base: 215.5747, kd: 6889.0322), Elapsed: train 2.84 test 3.40 *
09/04/2026,23:44:52: 	Recall@10: 0.06584 Recall@20: 0.09639 NDCG@10: 0.03954 NDCG@20: 0.04797 
09/04/2026,23:44:52: 	Recall@10: 0.02797 Recall@20: 0.04164 NDCG@10: 0.01524 NDCG@20: 0.01902 
09/04/2026,23:44:52: Epoch [97/1000]
09/04/2026,23:44:52: Negative sampling...
09/04/2026,23:44:54: Model's personal time...
09/04/2026,23:44:54: Training...
09/04/2026,23:44:55: Evaluating...
09/04/2026,23:44:58: 	Train Loss: 3444338.0000 (base: 213.1535, kd: 6888.2500), Elapsed: train 2.85 test 3.33
09/04/2026,23:44:58: 	Recall@10: 0.06636 Recall@20: 0.09662 NDCG@10: 0.03961 NDCG@20: 0.04796 
09/04/2026,23:44:58: 	Recall@10: 0.02759 Recall@20: 0.04226 NDCG@10: 0.01523 NDCG@20: 0.01928 
09/04/2026,23:44:58: Epoch [98/1000]
09/04/2026,23:44:58: Negative sampling...
09/04/2026,23:45:00: Model's personal time...
09/04/2026,23:45:00: Training...
09/04/2026,23:45:01: Evaluating...
09/04/2026,23:45:05: 	Train Loss: 3444132.7500 (base: 214.3705, kd: 6887.8374), Elapsed: train 2.86 test 3.64
09/04/2026,23:45:05: 	Recall@10: 0.06633 Recall@20: 0.09574 NDCG@10: 0.03976 NDCG@20: 0.04787 
09/04/2026,23:45:05: 	Recall@10: 0.02778 Recall@20: 0.04166 NDCG@10: 0.01539 NDCG@20: 0.01920 
09/04/2026,23:45:05: Epoch [99/1000]
09/04/2026,23:45:05: Negative sampling...
09/04/2026,23:45:06: Model's personal time...
09/04/2026,23:45:07: Training...
09/04/2026,23:45:08: Evaluating...
09/04/2026,23:45:10: 	Train Loss: 3444670.0000 (base: 208.9693, kd: 6888.9219), Elapsed: train 3.22 test 1.89 *
09/04/2026,23:45:10: 	Recall@10: 0.06673 Recall@20: 0.09673 NDCG@10: 0.03996 NDCG@20: 0.04819 
09/04/2026,23:45:10: 	Recall@10: 0.02770 Recall@20: 0.04123 NDCG@10: 0.01524 NDCG@20: 0.01901 
09/04/2026,23:45:10: Epoch [100/1000]
09/04/2026,23:45:10: Negative sampling...
09/04/2026,23:45:11: Model's personal time...
09/04/2026,23:45:11: Training...
09/04/2026,23:45:13: Evaluating...
09/04/2026,23:45:13: 	Train Loss: 3444808.0000 (base: 207.1291, kd: 6889.2026), Elapsed: train 2.51 test 0.52
09/04/2026,23:45:13: 	Recall@10: 0.06653 Recall@20: 0.09672 NDCG@10: 0.03979 NDCG@20: 0.04806 
09/04/2026,23:45:13: 	Recall@10: 0.02798 Recall@20: 0.04226 NDCG@10: 0.01542 NDCG@20: 0.01934 
09/04/2026,23:45:13: Epoch [101/1000]
09/04/2026,23:45:13: Negative sampling...
09/04/2026,23:45:15: Model's personal time...
09/04/2026,23:45:17: Training...
09/04/2026,23:45:18: Evaluating...
09/04/2026,23:45:19: 	Train Loss: 3444569.7500 (base: 203.9313, kd: 6888.7314), Elapsed: train 5.05 test 0.46
09/04/2026,23:45:19: 	Recall@10: 0.06645 Recall@20: 0.09669 NDCG@10: 0.03948 NDCG@20: 0.04777 
09/04/2026,23:45:19: 	Recall@10: 0.02698 Recall@20: 0.04254 NDCG@10: 0.01507 NDCG@20: 0.01935 
09/04/2026,23:45:19: Epoch [102/1000]
09/04/2026,23:45:19: Negative sampling...
09/04/2026,23:45:20: Model's personal time...
09/04/2026,23:45:22: Training...
09/04/2026,23:45:23: Evaluating...
09/04/2026,23:45:25: 	Train Loss: 3445584.0000 (base: 205.8546, kd: 6890.7563), Elapsed: train 4.74 test 1.59
09/04/2026,23:45:25: 	Recall@10: 0.06634 Recall@20: 0.09729 NDCG@10: 0.03962 NDCG@20: 0.04810 
09/04/2026,23:45:25: 	Recall@10: 0.02794 Recall@20: 0.04269 NDCG@10: 0.01538 NDCG@20: 0.01942 
09/04/2026,23:45:25: Epoch [103/1000]
09/04/2026,23:45:25: Negative sampling...
09/04/2026,23:45:26: Model's personal time...
09/04/2026,23:45:27: Training...
09/04/2026,23:45:28: Evaluating...
09/04/2026,23:45:31: 	Train Loss: 3445323.0000 (base: 204.5357, kd: 6890.2363), Elapsed: train 3.27 test 3.23
09/04/2026,23:45:31: 	Recall@10: 0.06612 Recall@20: 0.09677 NDCG@10: 0.03929 NDCG@20: 0.04772 
09/04/2026,23:45:31: 	Recall@10: 0.02803 Recall@20: 0.04283 NDCG@10: 0.01536 NDCG@20: 0.01941 
09/04/2026,23:45:31: Epoch [104/1000]
09/04/2026,23:45:31: Negative sampling...
09/04/2026,23:45:33: Model's personal time...
09/04/2026,23:45:33: Training...
09/04/2026,23:45:34: Evaluating...
09/04/2026,23:45:38: 	Train Loss: 3444702.0000 (base: 203.7443, kd: 6888.9961), Elapsed: train 2.86 test 3.40
09/04/2026,23:45:38: 	Recall@10: 0.06649 Recall@20: 0.09698 NDCG@10: 0.03962 NDCG@20: 0.04796 
09/04/2026,23:45:38: 	Recall@10: 0.02819 Recall@20: 0.04295 NDCG@10: 0.01536 NDCG@20: 0.01940 
09/04/2026,23:45:38: Epoch [105/1000]
09/04/2026,23:45:38: Negative sampling...
09/04/2026,23:45:39: Model's personal time...
09/04/2026,23:45:40: Training...
09/04/2026,23:45:42: Evaluating...
09/04/2026,23:45:45: 	Train Loss: 3444812.2500 (base: 199.9123, kd: 6889.2251), Elapsed: train 4.30 test 2.58
09/04/2026,23:45:45: 	Recall@10: 0.06640 Recall@20: 0.09637 NDCG@10: 0.03966 NDCG@20: 0.04788 
09/04/2026,23:45:45: 	Recall@10: 0.02729 Recall@20: 0.04284 NDCG@10: 0.01528 NDCG@20: 0.01957 
09/04/2026,23:45:45: Epoch [106/1000]
09/04/2026,23:45:45: Negative sampling...
09/04/2026,23:45:46: Model's personal time...
09/04/2026,23:45:46: Training...
09/04/2026,23:45:48: Evaluating...
09/04/2026,23:45:51: 	Train Loss: 3443681.2500 (base: 196.3961, kd: 6886.9697), Elapsed: train 3.08 test 3.60
09/04/2026,23:45:51: 	Recall@10: 0.06647 Recall@20: 0.09743 NDCG@10: 0.03954 NDCG@20: 0.04799 
09/04/2026,23:45:51: 	Recall@10: 0.02719 Recall@20: 0.04309 NDCG@10: 0.01506 NDCG@20: 0.01945 
09/04/2026,23:45:51: Epoch [107/1000]
09/04/2026,23:45:51: Negative sampling...
09/04/2026,23:45:53: Model's personal time...
09/04/2026,23:45:53: Training...
09/04/2026,23:45:54: Evaluating...
09/04/2026,23:45:57: 	Train Loss: 3444477.0000 (base: 197.0792, kd: 6888.5596), Elapsed: train 2.89 test 3.23
09/04/2026,23:45:57: 	Recall@10: 0.06657 Recall@20: 0.09684 NDCG@10: 0.03958 NDCG@20: 0.04790 
09/04/2026,23:45:57: 	Recall@10: 0.02710 Recall@20: 0.04310 NDCG@10: 0.01519 NDCG@20: 0.01959 
09/04/2026,23:45:57: Epoch [108/1000]
09/04/2026,23:45:57: Negative sampling...
09/04/2026,23:45:59: Model's personal time...
09/04/2026,23:46:00: Training...
09/04/2026,23:46:01: Evaluating...
09/04/2026,23:46:05: 	Train Loss: 3444428.0000 (base: 197.5513, kd: 6888.4609), Elapsed: train 4.12 test 3.31
09/04/2026,23:46:05: 	Recall@10: 0.06623 Recall@20: 0.09727 NDCG@10: 0.03954 NDCG@20: 0.04806 
09/04/2026,23:46:05: 	Recall@10: 0.02743 Recall@20: 0.04270 NDCG@10: 0.01514 NDCG@20: 0.01934 
09/04/2026,23:46:05: Epoch [109/1000]
09/04/2026,23:46:05: Negative sampling...
09/04/2026,23:46:06: Model's personal time...
09/04/2026,23:46:06: Training...
09/04/2026,23:46:08: Evaluating...
09/04/2026,23:46:11: 	Train Loss: 3444641.2500 (base: 195.6556, kd: 6888.8916), Elapsed: train 3.07 test 3.54
09/04/2026,23:46:11: 	Recall@10: 0.06688 Recall@20: 0.09778 NDCG@10: 0.03967 NDCG@20: 0.04809 
09/04/2026,23:46:11: 	Recall@10: 0.02770 Recall@20: 0.04265 NDCG@10: 0.01559 NDCG@20: 0.01969 
09/04/2026,23:46:11: Epoch [110/1000]
09/04/2026,23:46:11: Negative sampling...
09/04/2026,23:46:13: Model's personal time...
09/04/2026,23:46:13: Training...
09/04/2026,23:46:15: Evaluating...
09/04/2026,23:46:18: 	Train Loss: 3444360.7500 (base: 196.6185, kd: 6888.3291), Elapsed: train 3.30 test 3.35 *
09/04/2026,23:46:18: 	Recall@10: 0.06720 Recall@20: 0.09731 NDCG@10: 0.03999 NDCG@20: 0.04820 
09/04/2026,23:46:18: 	Recall@10: 0.02807 Recall@20: 0.04280 NDCG@10: 0.01547 NDCG@20: 0.01951 
09/04/2026,23:46:18: Epoch [111/1000]
09/04/2026,23:46:18: Negative sampling...
09/04/2026,23:46:19: Model's personal time...
09/04/2026,23:46:20: Training...
09/04/2026,23:46:21: Evaluating...
09/04/2026,23:46:25: 	Train Loss: 3444709.5000 (base: 193.4351, kd: 6889.0322), Elapsed: train 3.07 test 3.70 *
09/04/2026,23:46:25: 	Recall@10: 0.06692 Recall@20: 0.09813 NDCG@10: 0.03975 NDCG@20: 0.04823 
09/04/2026,23:46:25: 	Recall@10: 0.02791 Recall@20: 0.04307 NDCG@10: 0.01531 NDCG@20: 0.01947 
09/04/2026,23:46:25: Epoch [112/1000]
09/04/2026,23:46:25: Negative sampling...
09/04/2026,23:46:26: Model's personal time...
09/04/2026,23:46:26: Training...
09/04/2026,23:46:28: Evaluating...
09/04/2026,23:46:31: 	Train Loss: 3444727.5000 (base: 192.2917, kd: 6889.0698), Elapsed: train 2.98 test 3.74 *
09/04/2026,23:46:31: 	Recall@10: 0.06709 Recall@20: 0.09827 NDCG@10: 0.03990 NDCG@20: 0.04843 
09/04/2026,23:46:31: 	Recall@10: 0.02762 Recall@20: 0.04264 NDCG@10: 0.01535 NDCG@20: 0.01953 
09/04/2026,23:46:32: Epoch [113/1000]
09/04/2026,23:46:32: Negative sampling...
09/04/2026,23:46:33: Model's personal time...
09/04/2026,23:46:33: Training...
09/04/2026,23:46:34: Evaluating...
09/04/2026,23:46:38: 	Train Loss: 3444871.0000 (base: 188.2031, kd: 6889.3667), Elapsed: train 2.85 test 3.43
09/04/2026,23:46:38: 	Recall@10: 0.06689 Recall@20: 0.09710 NDCG@10: 0.03998 NDCG@20: 0.04825 
09/04/2026,23:46:38: 	Recall@10: 0.02688 Recall@20: 0.04265 NDCG@10: 0.01499 NDCG@20: 0.01935 
09/04/2026,23:46:38: Epoch [114/1000]
09/04/2026,23:46:38: Negative sampling...
09/04/2026,23:46:39: Model's personal time...
09/04/2026,23:46:39: Training...
09/04/2026,23:46:41: Evaluating...
09/04/2026,23:46:44: 	Train Loss: 3444546.5000 (base: 190.7668, kd: 6888.7109), Elapsed: train 2.85 test 3.44
09/04/2026,23:46:44: 	Recall@10: 0.06732 Recall@20: 0.09726 NDCG@10: 0.03997 NDCG@20: 0.04819 
09/04/2026,23:46:44: 	Recall@10: 0.02679 Recall@20: 0.04278 NDCG@10: 0.01505 NDCG@20: 0.01945 
09/04/2026,23:46:44: Epoch [115/1000]
09/04/2026,23:46:44: Negative sampling...
09/04/2026,23:46:46: Model's personal time...
09/04/2026,23:46:46: Training...
09/04/2026,23:46:48: Evaluating...
09/04/2026,23:46:51: 	Train Loss: 3444955.0000 (base: 190.1649, kd: 6889.5293), Elapsed: train 3.66 test 3.38
09/04/2026,23:46:51: 	Recall@10: 0.06760 Recall@20: 0.09696 NDCG@10: 0.04032 NDCG@20: 0.04831 
09/04/2026,23:46:51: 	Recall@10: 0.02686 Recall@20: 0.04307 NDCG@10: 0.01513 NDCG@20: 0.01960 
09/04/2026,23:46:51: Epoch [116/1000]
09/04/2026,23:46:51: Negative sampling...
09/04/2026,23:46:53: Model's personal time...
09/04/2026,23:46:53: Training...
09/04/2026,23:46:54: Evaluating...
09/04/2026,23:46:58: 	Train Loss: 3444021.2500 (base: 183.7535, kd: 6887.6748), Elapsed: train 2.96 test 3.91
09/04/2026,23:46:58: 	Recall@10: 0.06745 Recall@20: 0.09703 NDCG@10: 0.04030 NDCG@20: 0.04837 
09/04/2026,23:46:58: 	Recall@10: 0.02745 Recall@20: 0.04248 NDCG@10: 0.01524 NDCG@20: 0.01939 
09/04/2026,23:46:58: Epoch [117/1000]
09/04/2026,23:46:58: Negative sampling...
09/04/2026,23:46:59: Model's personal time...
09/04/2026,23:47:00: Training...
09/04/2026,23:47:01: Evaluating...
09/04/2026,23:47:05: 	Train Loss: 3444060.0000 (base: 183.7245, kd: 6887.7524), Elapsed: train 2.97 test 3.58 *
09/04/2026,23:47:05: 	Recall@10: 0.06733 Recall@20: 0.09756 NDCG@10: 0.04034 NDCG@20: 0.04858 
09/04/2026,23:47:05: 	Recall@10: 0.02684 Recall@20: 0.04221 NDCG@10: 0.01503 NDCG@20: 0.01930 
09/04/2026,23:47:05: Epoch [118/1000]
09/04/2026,23:47:05: Negative sampling...
09/04/2026,23:47:06: Model's personal time...
09/04/2026,23:47:06: Training...
09/04/2026,23:47:07: Evaluating...
09/04/2026,23:47:11: 	Train Loss: 3444653.0000 (base: 184.1291, kd: 6888.9385), Elapsed: train 2.86 test 3.86 *
09/04/2026,23:47:11: 	Recall@10: 0.06748 Recall@20: 0.09776 NDCG@10: 0.04038 NDCG@20: 0.04860 
09/04/2026,23:47:11: 	Recall@10: 0.02698 Recall@20: 0.04190 NDCG@10: 0.01520 NDCG@20: 0.01936 
09/04/2026,23:47:11: Epoch [119/1000]
09/04/2026,23:47:11: Negative sampling...
09/04/2026,23:47:13: Model's personal time...
09/04/2026,23:47:13: Training...
09/04/2026,23:47:15: Evaluating...
09/04/2026,23:47:18: 	Train Loss: 3444542.2500 (base: 180.7631, kd: 6888.7227), Elapsed: train 3.36 test 3.37
09/04/2026,23:47:18: 	Recall@10: 0.06735 Recall@20: 0.09759 NDCG@10: 0.04028 NDCG@20: 0.04856 
09/04/2026,23:47:18: 	Recall@10: 0.02726 Recall@20: 0.04223 NDCG@10: 0.01513 NDCG@20: 0.01923 
09/04/2026,23:47:18: Epoch [120/1000]
09/04/2026,23:47:18: Negative sampling...
09/04/2026,23:47:19: Model's personal time...
09/04/2026,23:47:20: Training...
09/04/2026,23:47:21: Evaluating...
09/04/2026,23:47:25: 	Train Loss: 3444873.0000 (base: 178.3086, kd: 6889.3887), Elapsed: train 3.02 test 3.79
09/04/2026,23:47:25: 	Recall@10: 0.06712 Recall@20: 0.09731 NDCG@10: 0.04020 NDCG@20: 0.04846 
09/04/2026,23:47:25: 	Recall@10: 0.02747 Recall@20: 0.04168 NDCG@10: 0.01521 NDCG@20: 0.01918 
09/04/2026,23:47:25: Epoch [121/1000]
09/04/2026,23:47:25: Negative sampling...
09/04/2026,23:47:26: Model's personal time...
09/04/2026,23:47:26: Training...
09/04/2026,23:47:28: Evaluating...
09/04/2026,23:47:31: 	Train Loss: 3444777.0000 (base: 180.1473, kd: 6889.1943), Elapsed: train 2.93 test 3.69
09/04/2026,23:47:31: 	Recall@10: 0.06715 Recall@20: 0.09825 NDCG@10: 0.03999 NDCG@20: 0.04848 
09/04/2026,23:47:31: 	Recall@10: 0.02693 Recall@20: 0.04209 NDCG@10: 0.01530 NDCG@20: 0.01949 
09/04/2026,23:47:31: Epoch [122/1000]
09/04/2026,23:47:31: Negative sampling...
09/04/2026,23:47:33: Model's personal time...
09/04/2026,23:47:33: Training...
09/04/2026,23:47:34: Evaluating...
09/04/2026,23:47:38: 	Train Loss: 3444797.2500 (base: 178.5164, kd: 6889.2378), Elapsed: train 2.83 test 3.63
09/04/2026,23:47:38: 	Recall@10: 0.06685 Recall@20: 0.09761 NDCG@10: 0.03997 NDCG@20: 0.04840 
09/04/2026,23:47:38: 	Recall@10: 0.02685 Recall@20: 0.04187 NDCG@10: 0.01522 NDCG@20: 0.01936 
09/04/2026,23:47:38: Epoch [123/1000]
09/04/2026,23:47:38: Negative sampling...
09/04/2026,23:47:39: Model's personal time...
09/04/2026,23:47:40: Training...
09/04/2026,23:47:41: Evaluating...
09/04/2026,23:47:44: 	Train Loss: 3444721.0000 (base: 172.8958, kd: 6889.0962), Elapsed: train 3.10 test 3.31
09/04/2026,23:47:44: 	Recall@10: 0.06697 Recall@20: 0.09836 NDCG@10: 0.03996 NDCG@20: 0.04847 
09/04/2026,23:47:44: 	Recall@10: 0.02708 Recall@20: 0.04284 NDCG@10: 0.01523 NDCG@20: 0.01956 
09/04/2026,23:47:44: Epoch [124/1000]
09/04/2026,23:47:44: Negative sampling...
09/04/2026,23:47:46: Model's personal time...
09/04/2026,23:47:46: Training...
09/04/2026,23:47:48: Evaluating...
09/04/2026,23:47:51: 	Train Loss: 3444280.0000 (base: 172.8861, kd: 6888.2148), Elapsed: train 3.24 test 3.38 *
09/04/2026,23:47:51: 	Recall@10: 0.06672 Recall@20: 0.09927 NDCG@10: 0.04014 NDCG@20: 0.04903 
09/04/2026,23:47:51: 	Recall@10: 0.02717 Recall@20: 0.04189 NDCG@10: 0.01512 NDCG@20: 0.01919 
09/04/2026,23:47:51: Epoch [125/1000]
09/04/2026,23:47:51: Negative sampling...
09/04/2026,23:47:52: Model's personal time...
09/04/2026,23:47:52: Training...
09/04/2026,23:47:54: Evaluating...
09/04/2026,23:47:56: 	Train Loss: 3444303.0000 (base: 173.0053, kd: 6888.2603), Elapsed: train 2.87 test 2.26
09/04/2026,23:47:56: 	Recall@10: 0.06670 Recall@20: 0.09773 NDCG@10: 0.03983 NDCG@20: 0.04838 
09/04/2026,23:47:56: 	Recall@10: 0.02713 Recall@20: 0.04222 NDCG@10: 0.01520 NDCG@20: 0.01936 
09/04/2026,23:47:56: Epoch [126/1000]
09/04/2026,23:47:56: Negative sampling...
09/04/2026,23:47:57: Model's personal time...
09/04/2026,23:47:58: Training...
09/04/2026,23:47:59: Evaluating...
09/04/2026,23:48:02: 	Train Loss: 3443940.5000 (base: 174.3692, kd: 6887.5317), Elapsed: train 2.88 test 2.81
09/04/2026,23:48:02: 	Recall@10: 0.06760 Recall@20: 0.09919 NDCG@10: 0.04011 NDCG@20: 0.04873 
09/04/2026,23:48:02: 	Recall@10: 0.02627 Recall@20: 0.04196 NDCG@10: 0.01483 NDCG@20: 0.01920 
09/04/2026,23:48:02: Epoch [127/1000]
09/04/2026,23:48:02: Negative sampling...
09/04/2026,23:48:03: Model's personal time...
09/04/2026,23:48:03: Training...
09/04/2026,23:48:05: Evaluating...
09/04/2026,23:48:05: 	Train Loss: 3444643.7500 (base: 171.1670, kd: 6888.9458), Elapsed: train 2.81 test 0.60
09/04/2026,23:48:05: 	Recall@10: 0.06712 Recall@20: 0.09863 NDCG@10: 0.04024 NDCG@20: 0.04891 
09/04/2026,23:48:05: 	Recall@10: 0.02728 Recall@20: 0.04252 NDCG@10: 0.01520 NDCG@20: 0.01940 
09/04/2026,23:48:05: Epoch [128/1000]
09/04/2026,23:48:05: Negative sampling...
09/04/2026,23:48:07: Model's personal time...
09/04/2026,23:48:09: Training...
09/04/2026,23:48:10: Evaluating...
09/04/2026,23:48:11: 	Train Loss: 3444627.2500 (base: 170.8125, kd: 6888.9131), Elapsed: train 5.10 test 0.56
09/04/2026,23:48:11: 	Recall@10: 0.06748 Recall@20: 0.09945 NDCG@10: 0.04021 NDCG@20: 0.04900 
09/04/2026,23:48:11: 	Recall@10: 0.02678 Recall@20: 0.04213 NDCG@10: 0.01506 NDCG@20: 0.01931 
09/04/2026,23:48:11: Epoch [129/1000]
09/04/2026,23:48:11: Negative sampling...
09/04/2026,23:48:13: Model's personal time...
09/04/2026,23:48:14: Training...
09/04/2026,23:48:16: Evaluating...
09/04/2026,23:48:17: 	Train Loss: 3444638.2500 (base: 172.8418, kd: 6888.9312), Elapsed: train 4.88 test 0.83
09/04/2026,23:48:17: 	Recall@10: 0.06779 Recall@20: 0.09920 NDCG@10: 0.04018 NDCG@20: 0.04875 
09/04/2026,23:48:17: 	Recall@10: 0.02696 Recall@20: 0.04205 NDCG@10: 0.01505 NDCG@20: 0.01920 
09/04/2026,23:48:17: Epoch [130/1000]
09/04/2026,23:48:17: Negative sampling...
09/04/2026,23:48:18: Model's personal time...
09/04/2026,23:48:19: Training...
09/04/2026,23:48:21: Evaluating...
09/04/2026,23:48:23: 	Train Loss: 3444221.2500 (base: 169.7155, kd: 6888.1040), Elapsed: train 4.27 test 2.27
09/04/2026,23:48:23: 	Recall@10: 0.06762 Recall@20: 0.09906 NDCG@10: 0.04030 NDCG@20: 0.04897 
09/04/2026,23:48:23: 	Recall@10: 0.02658 Recall@20: 0.04197 NDCG@10: 0.01500 NDCG@20: 0.01925 
09/04/2026,23:48:23: Epoch [131/1000]
09/04/2026,23:48:23: Negative sampling...
09/04/2026,23:48:25: Model's personal time...
09/04/2026,23:48:25: Training...
09/04/2026,23:48:26: Evaluating...
09/04/2026,23:48:28: 	Train Loss: 3444192.2500 (base: 171.2947, kd: 6888.0420), Elapsed: train 3.04 test 2.17
09/04/2026,23:48:28: 	Recall@10: 0.06782 Recall@20: 0.09845 NDCG@10: 0.04040 NDCG@20: 0.04876 
09/04/2026,23:48:28: 	Recall@10: 0.02709 Recall@20: 0.04255 NDCG@10: 0.01511 NDCG@20: 0.01936 
09/04/2026,23:48:28: Epoch [132/1000]
09/04/2026,23:48:28: Negative sampling...
09/04/2026,23:48:30: Model's personal time...
09/04/2026,23:48:30: Training...
09/04/2026,23:48:31: Evaluating...
09/04/2026,23:48:33: 	Train Loss: 3444909.7500 (base: 167.5753, kd: 6889.4844), Elapsed: train 2.85 test 1.87
09/04/2026,23:48:33: 	Recall@10: 0.06747 Recall@20: 0.09931 NDCG@10: 0.04002 NDCG@20: 0.04879 
09/04/2026,23:48:33: 	Recall@10: 0.02699 Recall@20: 0.04186 NDCG@10: 0.01513 NDCG@20: 0.01928 
09/04/2026,23:48:33: Epoch [133/1000]
09/04/2026,23:48:33: Negative sampling...
09/04/2026,23:48:35: Model's personal time...
09/04/2026,23:48:36: Training...
09/04/2026,23:48:38: Evaluating...
09/04/2026,23:48:38: 	Train Loss: 3444875.0000 (base: 166.5385, kd: 6889.4170), Elapsed: train 4.61 test 0.53
09/04/2026,23:48:38: 	Recall@10: 0.06762 Recall@20: 0.09872 NDCG@10: 0.04030 NDCG@20: 0.04883 
09/04/2026,23:48:38: 	Recall@10: 0.02648 Recall@20: 0.04252 NDCG@10: 0.01487 NDCG@20: 0.01928 
09/04/2026,23:48:38: Epoch [134/1000]
09/04/2026,23:48:38: Negative sampling...
09/04/2026,23:48:40: Model's personal time...
09/04/2026,23:48:41: Training...
09/04/2026,23:48:43: Evaluating...
09/04/2026,23:48:44: 	Train Loss: 3444306.2500 (base: 165.7209, kd: 6888.2817), Elapsed: train 4.41 test 1.16 *
09/04/2026,23:48:44: 	Recall@10: 0.06745 Recall@20: 0.09944 NDCG@10: 0.04032 NDCG@20: 0.04914 
09/04/2026,23:48:44: 	Recall@10: 0.02680 Recall@20: 0.04197 NDCG@10: 0.01500 NDCG@20: 0.01921 
09/04/2026,23:48:44: Epoch [135/1000]
09/04/2026,23:48:44: Negative sampling...
09/04/2026,23:48:45: Model's personal time...
09/04/2026,23:48:45: Training...
09/04/2026,23:48:47: Evaluating...
09/04/2026,23:48:50: 	Train Loss: 3444754.7500 (base: 165.6115, kd: 6889.1782), Elapsed: train 3.40 test 3.14 *
09/04/2026,23:48:50: 	Recall@10: 0.06744 Recall@20: 0.09926 NDCG@10: 0.04036 NDCG@20: 0.04915 
09/04/2026,23:48:50: 	Recall@10: 0.02677 Recall@20: 0.04225 NDCG@10: 0.01499 NDCG@20: 0.01927 
09/04/2026,23:48:50: Epoch [136/1000]
09/04/2026,23:48:50: Negative sampling...
09/04/2026,23:48:52: Model's personal time...
09/04/2026,23:48:52: Training...
09/04/2026,23:48:54: Evaluating...
09/04/2026,23:48:57: 	Train Loss: 3444767.5000 (base: 165.2542, kd: 6889.2046), Elapsed: train 3.79 test 2.89
09/04/2026,23:48:57: 	Recall@10: 0.06704 Recall@20: 0.09932 NDCG@10: 0.03999 NDCG@20: 0.04887 
09/04/2026,23:48:57: 	Recall@10: 0.02699 Recall@20: 0.04257 NDCG@10: 0.01507 NDCG@20: 0.01936 
09/04/2026,23:48:57: Epoch [137/1000]
09/04/2026,23:48:57: Negative sampling...
09/04/2026,23:48:58: Model's personal time...
09/04/2026,23:48:59: Training...
09/04/2026,23:49:00: Evaluating...
09/04/2026,23:49:02: 	Train Loss: 3444371.2500 (base: 160.6948, kd: 6888.4209), Elapsed: train 3.10 test 2.30
09/04/2026,23:49:02: 	Recall@10: 0.06723 Recall@20: 0.09844 NDCG@10: 0.03996 NDCG@20: 0.04853 
09/04/2026,23:49:02: 	Recall@10: 0.02661 Recall@20: 0.04245 NDCG@10: 0.01488 NDCG@20: 0.01925 
09/04/2026,23:49:02: Epoch [138/1000]
09/04/2026,23:49:02: Negative sampling...
09/04/2026,23:49:04: Model's personal time...
09/04/2026,23:49:04: Training...
09/04/2026,23:49:05: Evaluating...
09/04/2026,23:49:07: 	Train Loss: 3444824.0000 (base: 162.6638, kd: 6889.3228), Elapsed: train 2.94 test 1.60
09/04/2026,23:49:07: 	Recall@10: 0.06733 Recall@20: 0.09908 NDCG@10: 0.04001 NDCG@20: 0.04877 
09/04/2026,23:49:07: 	Recall@10: 0.02680 Recall@20: 0.04287 NDCG@10: 0.01515 NDCG@20: 0.01960 
09/04/2026,23:49:07: Epoch [139/1000]
09/04/2026,23:49:07: Negative sampling...
09/04/2026,23:49:08: Model's personal time...
09/04/2026,23:49:10: Training...
09/04/2026,23:49:12: Evaluating...
09/04/2026,23:49:12: 	Train Loss: 3444892.0000 (base: 160.4351, kd: 6889.4629), Elapsed: train 4.65 test 0.48
09/04/2026,23:49:12: 	Recall@10: 0.06710 Recall@20: 0.09925 NDCG@10: 0.03997 NDCG@20: 0.04879 
09/04/2026,23:49:12: 	Recall@10: 0.02696 Recall@20: 0.04297 NDCG@10: 0.01507 NDCG@20: 0.01949 
09/04/2026,23:49:12: Epoch [140/1000]
09/04/2026,23:49:12: Negative sampling...
09/04/2026,23:49:13: Model's personal time...
09/04/2026,23:49:16: Training...
09/04/2026,23:49:17: Evaluating...
09/04/2026,23:49:18: 	Train Loss: 3444167.0000 (base: 160.0946, kd: 6888.0137), Elapsed: train 5.33 test 0.51
09/04/2026,23:49:18: 	Recall@10: 0.06704 Recall@20: 0.09885 NDCG@10: 0.04020 NDCG@20: 0.04891 
09/04/2026,23:49:18: 	Recall@10: 0.02706 Recall@20: 0.04373 NDCG@10: 0.01503 NDCG@20: 0.01958 
09/04/2026,23:49:18: Epoch [141/1000]
09/04/2026,23:49:18: Negative sampling...
09/04/2026,23:49:19: Model's personal time...
09/04/2026,23:49:21: Training...
09/04/2026,23:49:22: Evaluating...
09/04/2026,23:49:23: 	Train Loss: 3444924.0000 (base: 158.6748, kd: 6889.5303), Elapsed: train 4.37 test 1.12
09/04/2026,23:49:23: 	Recall@10: 0.06663 Recall@20: 0.09932 NDCG@10: 0.03989 NDCG@20: 0.04892 
09/04/2026,23:49:23: 	Recall@10: 0.02722 Recall@20: 0.04266 NDCG@10: 0.01522 NDCG@20: 0.01947 
09/04/2026,23:49:23: Epoch [142/1000]
09/04/2026,23:49:23: Negative sampling...
09/04/2026,23:49:25: Model's personal time...
09/04/2026,23:49:25: Training...
09/04/2026,23:49:27: Evaluating...
09/04/2026,23:49:30: 	Train Loss: 3444581.2500 (base: 160.0600, kd: 6888.8423), Elapsed: train 3.43 test 3.38
09/04/2026,23:49:30: 	Recall@10: 0.06666 Recall@20: 0.09835 NDCG@10: 0.03974 NDCG@20: 0.04841 
09/04/2026,23:49:30: 	Recall@10: 0.02674 Recall@20: 0.04257 NDCG@10: 0.01519 NDCG@20: 0.01957 
09/04/2026,23:49:30: Epoch [143/1000]
09/04/2026,23:49:30: Negative sampling...
09/04/2026,23:49:32: Model's personal time...
09/04/2026,23:49:32: Training...
09/04/2026,23:49:33: Evaluating...
09/04/2026,23:49:37: 	Train Loss: 3444736.5000 (base: 157.1903, kd: 6889.1587), Elapsed: train 3.27 test 3.32 *
09/04/2026,23:49:37: 	Recall@10: 0.06657 Recall@20: 0.09972 NDCG@10: 0.04008 NDCG@20: 0.04921 
09/04/2026,23:49:37: 	Recall@10: 0.02686 Recall@20: 0.04358 NDCG@10: 0.01520 NDCG@20: 0.01978 
09/04/2026,23:49:37: Epoch [144/1000]
09/04/2026,23:49:37: Negative sampling...
09/04/2026,23:49:38: Model's personal time...
09/04/2026,23:49:38: Training...
09/04/2026,23:49:40: Evaluating...
09/04/2026,23:49:44: 	Train Loss: 3444696.7500 (base: 155.4912, kd: 6889.0830), Elapsed: train 3.10 test 3.71
09/04/2026,23:49:44: 	Recall@10: 0.06711 Recall@20: 0.09911 NDCG@10: 0.04011 NDCG@20: 0.04890 
09/04/2026,23:49:44: 	Recall@10: 0.02738 Recall@20: 0.04312 NDCG@10: 0.01524 NDCG@20: 0.01956 
09/04/2026,23:49:44: Epoch [145/1000]
09/04/2026,23:49:44: Negative sampling...
09/04/2026,23:49:45: Model's personal time...
09/04/2026,23:49:45: Training...
09/04/2026,23:49:47: Evaluating...
09/04/2026,23:49:50: 	Train Loss: 3444705.2500 (base: 155.6894, kd: 6889.0986), Elapsed: train 3.29 test 3.50
09/04/2026,23:49:50: 	Recall@10: 0.06696 Recall@20: 0.09921 NDCG@10: 0.04000 NDCG@20: 0.04888 
09/04/2026,23:49:50: 	Recall@10: 0.02715 Recall@20: 0.04312 NDCG@10: 0.01511 NDCG@20: 0.01952 
09/04/2026,23:49:50: Epoch [146/1000]
09/04/2026,23:49:50: Negative sampling...
09/04/2026,23:49:52: Model's personal time...
09/04/2026,23:49:52: Training...
09/04/2026,23:49:53: Evaluating...
09/04/2026,23:49:57: 	Train Loss: 3444631.7500 (base: 149.2782, kd: 6888.9648), Elapsed: train 3.02 test 3.30
09/04/2026,23:49:57: 	Recall@10: 0.06644 Recall@20: 0.09951 NDCG@10: 0.03984 NDCG@20: 0.04893 
09/04/2026,23:49:57: 	Recall@10: 0.02712 Recall@20: 0.04221 NDCG@10: 0.01511 NDCG@20: 0.01932 
09/04/2026,23:49:57: Epoch [147/1000]
09/04/2026,23:49:57: Negative sampling...
09/04/2026,23:49:58: Model's personal time...
09/04/2026,23:49:58: Training...
09/04/2026,23:50:00: Evaluating...
09/04/2026,23:50:02: 	Train Loss: 3444282.0000 (base: 152.4231, kd: 6888.2588), Elapsed: train 2.89 test 2.34
09/04/2026,23:50:02: 	Recall@10: 0.06730 Recall@20: 0.09887 NDCG@10: 0.03995 NDCG@20: 0.04865 
09/04/2026,23:50:02: 	Recall@10: 0.02718 Recall@20: 0.04220 NDCG@10: 0.01517 NDCG@20: 0.01932 
09/04/2026,23:50:02: Epoch [148/1000]
09/04/2026,23:50:02: Negative sampling...
09/04/2026,23:50:03: Model's personal time...
09/04/2026,23:50:03: Training...
09/04/2026,23:50:05: Evaluating...
09/04/2026,23:50:05: 	Train Loss: 3444601.7500 (base: 151.5493, kd: 6888.9004), Elapsed: train 2.73 test 0.45 *
09/04/2026,23:50:05: 	Recall@10: 0.06735 Recall@20: 0.09966 NDCG@10: 0.04042 NDCG@20: 0.04927 
09/04/2026,23:50:05: 	Recall@10: 0.02753 Recall@20: 0.04266 NDCG@10: 0.01543 NDCG@20: 0.01962 
09/04/2026,23:50:05: Epoch [149/1000]
09/04/2026,23:50:05: Negative sampling...
09/04/2026,23:50:07: Model's personal time...
09/04/2026,23:50:09: Training...
09/04/2026,23:50:10: Evaluating...
09/04/2026,23:50:11: 	Train Loss: 3445387.0000 (base: 151.9081, kd: 6890.4697), Elapsed: train 5.12 test 0.48
09/04/2026,23:50:11: 	Recall@10: 0.06736 Recall@20: 0.09973 NDCG@10: 0.04012 NDCG@20: 0.04900 
09/04/2026,23:50:11: 	Recall@10: 0.02769 Recall@20: 0.04229 NDCG@10: 0.01520 NDCG@20: 0.01923 
09/04/2026,23:50:11: Epoch [150/1000]
09/04/2026,23:50:11: Negative sampling...
09/04/2026,23:50:12: Model's personal time...
09/04/2026,23:50:14: Training...
09/04/2026,23:50:16: Evaluating...
09/04/2026,23:50:16: 	Train Loss: 3445297.0000 (base: 145.7859, kd: 6890.3022), Elapsed: train 5.33 test 0.48
09/04/2026,23:50:16: 	Recall@10: 0.06718 Recall@20: 0.09937 NDCG@10: 0.03983 NDCG@20: 0.04860 
09/04/2026,23:50:16: 	Recall@10: 0.02769 Recall@20: 0.04316 NDCG@10: 0.01533 NDCG@20: 0.01960 
09/04/2026,23:50:16: Epoch [151/1000]
09/04/2026,23:50:16: Negative sampling...
09/04/2026,23:50:18: Model's personal time...
09/04/2026,23:50:20: Training...
09/04/2026,23:50:22: Evaluating...
09/04/2026,23:50:23: 	Train Loss: 3445083.0000 (base: 147.6163, kd: 6889.8711), Elapsed: train 5.46 test 0.70
09/04/2026,23:50:23: 	Recall@10: 0.06736 Recall@20: 0.09903 NDCG@10: 0.04001 NDCG@20: 0.04874 
09/04/2026,23:50:23: 	Recall@10: 0.02731 Recall@20: 0.04293 NDCG@10: 0.01510 NDCG@20: 0.01940 
09/04/2026,23:50:23: Epoch [152/1000]
09/04/2026,23:50:23: Negative sampling...
09/04/2026,23:50:24: Model's personal time...
09/04/2026,23:50:25: Training...
09/04/2026,23:50:26: Evaluating...
09/04/2026,23:50:29: 	Train Loss: 3445059.7500 (base: 143.5056, kd: 6889.8330), Elapsed: train 3.86 test 2.92
09/04/2026,23:50:29: 	Recall@10: 0.06759 Recall@20: 0.09978 NDCG@10: 0.04011 NDCG@20: 0.04901 
09/04/2026,23:50:29: 	Recall@10: 0.02753 Recall@20: 0.04300 NDCG@10: 0.01535 NDCG@20: 0.01963 
09/04/2026,23:50:29: Epoch [153/1000]
09/04/2026,23:50:29: Negative sampling...
09/04/2026,23:50:31: Model's personal time...
09/04/2026,23:50:31: Training...
09/04/2026,23:50:33: Evaluating...
09/04/2026,23:50:36: 	Train Loss: 3444581.2500 (base: 145.8524, kd: 6888.8706), Elapsed: train 3.36 test 3.39
09/04/2026,23:50:36: 	Recall@10: 0.06668 Recall@20: 0.10028 NDCG@10: 0.03966 NDCG@20: 0.04894 
09/04/2026,23:50:36: 	Recall@10: 0.02769 Recall@20: 0.04336 NDCG@10: 0.01538 NDCG@20: 0.01966 
09/04/2026,23:50:36: Epoch [154/1000]
09/04/2026,23:50:36: Negative sampling...
09/04/2026,23:50:38: Model's personal time...
09/04/2026,23:50:39: Training...
09/04/2026,23:50:41: Evaluating...
09/04/2026,23:50:43: 	Train Loss: 3444522.7500 (base: 159.5626, kd: 6888.7261), Elapsed: train 4.68 test 2.41
09/04/2026,23:50:43: 	Recall@10: 0.06720 Recall@20: 0.09923 NDCG@10: 0.03998 NDCG@20: 0.04879 
09/04/2026,23:50:43: 	Recall@10: 0.02720 Recall@20: 0.04302 NDCG@10: 0.01520 NDCG@20: 0.01953 
09/04/2026,23:50:43: Epoch [155/1000]
09/04/2026,23:50:43: Negative sampling...
09/04/2026,23:50:45: Model's personal time...
09/04/2026,23:50:45: Training...
09/04/2026,23:50:47: Evaluating...
09/04/2026,23:50:50: 	Train Loss: 3445046.2500 (base: 155.9284, kd: 6889.7803), Elapsed: train 3.55 test 2.93
09/04/2026,23:50:50: 	Recall@10: 0.06657 Recall@20: 0.09957 NDCG@10: 0.03979 NDCG@20: 0.04889 
09/04/2026,23:50:50: 	Recall@10: 0.02792 Recall@20: 0.04235 NDCG@10: 0.01533 NDCG@20: 0.01933 
09/04/2026,23:50:50: Epoch [156/1000]
09/04/2026,23:50:50: Negative sampling...
09/04/2026,23:50:51: Model's personal time...
09/04/2026,23:50:52: Training...
09/04/2026,23:50:53: Evaluating...
09/04/2026,23:50:57: 	Train Loss: 3444914.7500 (base: 160.7407, kd: 6889.5088), Elapsed: train 3.64 test 3.48
09/04/2026,23:50:57: 	Recall@10: 0.06719 Recall@20: 0.10004 NDCG@10: 0.03982 NDCG@20: 0.04892 
09/04/2026,23:50:57: 	Recall@10: 0.02862 Recall@20: 0.04319 NDCG@10: 0.01582 NDCG@20: 0.01984 
09/04/2026,23:50:57: Epoch [157/1000]
09/04/2026,23:50:57: Negative sampling...
09/04/2026,23:50:58: Model's personal time...
09/04/2026,23:50:59: Training...
09/04/2026,23:51:00: Evaluating...
09/04/2026,23:51:03: 	Train Loss: 3445483.2500 (base: 159.6640, kd: 6890.6470), Elapsed: train 3.54 test 2.19
09/04/2026,23:51:03: 	Recall@10: 0.06780 Recall@20: 0.09963 NDCG@10: 0.04015 NDCG@20: 0.04890 
09/04/2026,23:51:03: 	Recall@10: 0.02773 Recall@20: 0.04295 NDCG@10: 0.01545 NDCG@20: 0.01963 
09/04/2026,23:51:03: Epoch [158/1000]
09/04/2026,23:51:03: Negative sampling...
09/04/2026,23:51:04: Model's personal time...
09/04/2026,23:51:04: Training...
09/04/2026,23:51:06: Evaluating...
09/04/2026,23:51:08: 	Train Loss: 3444911.5000 (base: 152.8558, kd: 6889.5176), Elapsed: train 2.94 test 2.64
09/04/2026,23:51:08: 	Recall@10: 0.06681 Recall@20: 0.09985 NDCG@10: 0.03995 NDCG@20: 0.04898 
09/04/2026,23:51:08: 	Recall@10: 0.02709 Recall@20: 0.04327 NDCG@10: 0.01523 NDCG@20: 0.01966 
09/04/2026,23:51:08: Epoch [159/1000]
09/04/2026,23:51:08: Negative sampling...
09/04/2026,23:51:10: Model's personal time...
09/04/2026,23:51:10: Training...
09/04/2026,23:51:11: Evaluating...
09/04/2026,23:51:12: 	Train Loss: 3445992.5000 (base: 156.8040, kd: 6891.6714), Elapsed: train 3.01 test 1.10
09/04/2026,23:51:12: 	Recall@10: 0.06673 Recall@20: 0.09939 NDCG@10: 0.03978 NDCG@20: 0.04875 
09/04/2026,23:51:12: 	Recall@10: 0.02814 Recall@20: 0.04279 NDCG@10: 0.01555 NDCG@20: 0.01960 
09/04/2026,23:51:12: Epoch [160/1000]
09/04/2026,23:51:12: Negative sampling...
09/04/2026,23:51:14: Model's personal time...
09/04/2026,23:51:16: Training...
09/04/2026,23:51:17: Evaluating...
09/04/2026,23:51:18: 	Train Loss: 3445245.0000 (base: 156.6140, kd: 6890.1772), Elapsed: train 4.91 test 0.52
09/04/2026,23:51:18: 	Recall@10: 0.06715 Recall@20: 0.09988 NDCG@10: 0.04017 NDCG@20: 0.04915 
09/04/2026,23:51:18: 	Recall@10: 0.02792 Recall@20: 0.04310 NDCG@10: 0.01556 NDCG@20: 0.01973 
09/04/2026,23:51:18: Epoch [161/1000]
09/04/2026,23:51:18: Negative sampling...
09/04/2026,23:51:19: Model's personal time...
09/04/2026,23:51:22: Training...
09/04/2026,23:51:23: Evaluating...
09/04/2026,23:51:24: 	Train Loss: 3445012.2500 (base: 154.1551, kd: 6889.7153), Elapsed: train 5.52 test 0.48
09/04/2026,23:51:24: 	Recall@10: 0.06717 Recall@20: 0.09899 NDCG@10: 0.03999 NDCG@20: 0.04873 
09/04/2026,23:51:24: 	Recall@10: 0.02843 Recall@20: 0.04313 NDCG@10: 0.01549 NDCG@20: 0.01955 
09/04/2026,23:51:24: Epoch [162/1000]
09/04/2026,23:51:24: Negative sampling...
09/04/2026,23:51:25: Model's personal time...
09/04/2026,23:51:27: Training...
09/04/2026,23:51:28: Evaluating...
09/04/2026,23:51:29: 	Train Loss: 3444674.2500 (base: 157.1488, kd: 6889.0342), Elapsed: train 4.58 test 1.13
09/04/2026,23:51:29: 	Recall@10: 0.06705 Recall@20: 0.09955 NDCG@10: 0.04003 NDCG@20: 0.04889 
09/04/2026,23:51:29: 	Recall@10: 0.02808 Recall@20: 0.04324 NDCG@10: 0.01552 NDCG@20: 0.01972 
09/04/2026,23:51:29: Epoch [163/1000]
09/04/2026,23:51:29: Negative sampling...
09/04/2026,23:51:31: Model's personal time...
09/04/2026,23:51:32: Training...
09/04/2026,23:51:33: Evaluating...
09/04/2026,23:51:36: 	Train Loss: 3445079.7500 (base: 153.6996, kd: 6889.8525), Elapsed: train 4.04 test 2.05
09/04/2026,23:51:36: 	Recall@10: 0.06684 Recall@20: 0.09993 NDCG@10: 0.03990 NDCG@20: 0.04900 
09/04/2026,23:51:36: 	Recall@10: 0.02843 Recall@20: 0.04326 NDCG@10: 0.01550 NDCG@20: 0.01958 
09/04/2026,23:51:36: Epoch [164/1000]
09/04/2026,23:51:36: Negative sampling...
09/04/2026,23:51:37: Model's personal time...
09/04/2026,23:51:37: Training...
09/04/2026,23:51:39: Evaluating...
09/04/2026,23:51:42: 	Train Loss: 3445872.0000 (base: 153.4904, kd: 6891.4365), Elapsed: train 3.07 test 3.80
09/04/2026,23:51:42: 	Recall@10: 0.06732 Recall@20: 0.09937 NDCG@10: 0.04005 NDCG@20: 0.04887 
09/04/2026,23:51:42: 	Recall@10: 0.02795 Recall@20: 0.04351 NDCG@10: 0.01536 NDCG@20: 0.01964 
09/04/2026,23:51:42: Epoch [165/1000]
09/04/2026,23:51:42: Negative sampling...
09/04/2026,23:51:44: Model's personal time...
09/04/2026,23:51:44: Training...
09/04/2026,23:51:46: Evaluating...
09/04/2026,23:51:49: 	Train Loss: 3444960.0000 (base: 156.9954, kd: 6889.6060), Elapsed: train 3.23 test 3.52
09/04/2026,23:51:49: 	Recall@10: 0.06780 Recall@20: 0.09947 NDCG@10: 0.04027 NDCG@20: 0.04899 
09/04/2026,23:51:49: 	Recall@10: 0.02809 Recall@20: 0.04319 NDCG@10: 0.01536 NDCG@20: 0.01952 
09/04/2026,23:51:49: Epoch [166/1000]
09/04/2026,23:51:49: Negative sampling...
09/04/2026,23:51:51: Model's personal time...
09/04/2026,23:51:51: Training...
09/04/2026,23:51:52: Evaluating...
09/04/2026,23:51:56: 	Train Loss: 3445129.7500 (base: 152.4854, kd: 6889.9546), Elapsed: train 3.17 test 3.24
09/04/2026,23:51:56: 	Recall@10: 0.06704 Recall@20: 0.09940 NDCG@10: 0.04004 NDCG@20: 0.04894 
09/04/2026,23:51:56: 	Recall@10: 0.02798 Recall@20: 0.04301 NDCG@10: 0.01543 NDCG@20: 0.01958 
09/04/2026,23:51:56: Epoch [167/1000]
09/04/2026,23:51:56: Negative sampling...
09/04/2026,23:51:57: Model's personal time...
09/04/2026,23:51:57: Training...
09/04/2026,23:51:59: Evaluating...
09/04/2026,23:52:02: 	Train Loss: 3445693.0000 (base: 150.4747, kd: 6891.0854), Elapsed: train 3.13 test 3.24
09/04/2026,23:52:02: 	Recall@10: 0.06716 Recall@20: 0.09973 NDCG@10: 0.04010 NDCG@20: 0.04904 
09/04/2026,23:52:02: 	Recall@10: 0.02798 Recall@20: 0.04300 NDCG@10: 0.01540 NDCG@20: 0.01956 
09/04/2026,23:52:02: Epoch [168/1000]
09/04/2026,23:52:02: Negative sampling...
09/04/2026,23:52:03: Model's personal time...
09/04/2026,23:52:03: Training...
09/04/2026,23:52:05: Evaluating...
09/04/2026,23:52:09: 	Train Loss: 3444422.2500 (base: 150.2181, kd: 6888.5439), Elapsed: train 3.04 test 3.83
09/04/2026,23:52:09: 	Recall@10: 0.06659 Recall@20: 0.09932 NDCG@10: 0.03963 NDCG@20: 0.04861 
09/04/2026,23:52:09: 	Recall@10: 0.02840 Recall@20: 0.04309 NDCG@10: 0.01546 NDCG@20: 0.01954 
09/04/2026,23:52:09: Epoch [169/1000]
09/04/2026,23:52:09: Negative sampling...
09/04/2026,23:52:10: Model's personal time...
09/04/2026,23:52:11: Training...
09/04/2026,23:52:12: Evaluating...
09/04/2026,23:52:16: 	Train Loss: 3445225.5000 (base: 149.5374, kd: 6890.1519), Elapsed: train 3.66 test 3.41
09/04/2026,23:52:16: 	Recall@10: 0.06596 Recall@20: 0.10011 NDCG@10: 0.03975 NDCG@20: 0.04913 
09/04/2026,23:52:16: 	Recall@10: 0.02833 Recall@20: 0.04315 NDCG@10: 0.01546 NDCG@20: 0.01956 
09/04/2026,23:52:16: Epoch [170/1000]
09/04/2026,23:52:16: Negative sampling...
09/04/2026,23:52:17: Model's personal time...
09/04/2026,23:52:18: Training...
09/04/2026,23:52:20: Evaluating...
09/04/2026,23:52:22: 	Train Loss: 3445284.5000 (base: 153.7780, kd: 6890.2612), Elapsed: train 4.09 test 2.01
09/04/2026,23:52:22: 	Recall@10: 0.06637 Recall@20: 0.09930 NDCG@10: 0.03990 NDCG@20: 0.04900 
09/04/2026,23:52:22: 	Recall@10: 0.02868 Recall@20: 0.04337 NDCG@10: 0.01560 NDCG@20: 0.01964 
09/04/2026,23:52:22: Epoch [171/1000]
09/04/2026,23:52:22: Negative sampling...
09/04/2026,23:52:23: Model's personal time...
09/04/2026,23:52:23: Training...
09/04/2026,23:52:25: Evaluating...
09/04/2026,23:52:28: 	Train Loss: 3445373.2500 (base: 151.6679, kd: 6890.4429), Elapsed: train 2.97 test 3.34
09/04/2026,23:52:28: 	Recall@10: 0.06636 Recall@20: 0.09953 NDCG@10: 0.03969 NDCG@20: 0.04883 
09/04/2026,23:52:28: 	Recall@10: 0.02795 Recall@20: 0.04345 NDCG@10: 0.01529 NDCG@20: 0.01956 
09/04/2026,23:52:28: Epoch [172/1000]
09/04/2026,23:52:28: Negative sampling...
09/04/2026,23:52:30: Model's personal time...
09/04/2026,23:52:30: Training...
09/04/2026,23:52:31: Evaluating...
09/04/2026,23:52:35: 	Train Loss: 3446095.0000 (base: 149.8246, kd: 6891.8901), Elapsed: train 2.98 test 3.35
09/04/2026,23:52:35: 	Recall@10: 0.06669 Recall@20: 0.09950 NDCG@10: 0.03992 NDCG@20: 0.04896 
09/04/2026,23:52:35: 	Recall@10: 0.02833 Recall@20: 0.04350 NDCG@10: 0.01549 NDCG@20: 0.01965 
09/04/2026,23:52:35: Epoch [173/1000]
09/04/2026,23:52:35: Negative sampling...
09/04/2026,23:52:36: Model's personal time...
09/04/2026,23:52:36: Training...
09/04/2026,23:52:37: Evaluating...
09/04/2026,23:52:41: 	Train Loss: 3445763.7500 (base: 149.8342, kd: 6891.2280), Elapsed: train 2.84 test 3.38
09/04/2026,23:52:41: 	Recall@10: 0.06684 Recall@20: 0.09938 NDCG@10: 0.04025 NDCG@20: 0.04915 
09/04/2026,23:52:41: 	Recall@10: 0.02757 Recall@20: 0.04376 NDCG@10: 0.01522 NDCG@20: 0.01970 
09/04/2026,23:52:41: Epoch [174/1000]
09/04/2026,23:52:41: Negative sampling...
09/04/2026,23:52:42: Model's personal time...
09/04/2026,23:52:42: Training...
09/04/2026,23:52:44: Evaluating...
09/04/2026,23:52:47: 	Train Loss: 3445812.2500 (base: 149.1357, kd: 6891.3262), Elapsed: train 2.97 test 3.59
09/04/2026,23:52:47: 	Recall@10: 0.06561 Recall@20: 0.09995 NDCG@10: 0.03964 NDCG@20: 0.04911 
09/04/2026,23:52:47: 	Recall@10: 0.02817 Recall@20: 0.04381 NDCG@10: 0.01546 NDCG@20: 0.01977 
09/04/2026,23:52:47: Epoch [175/1000]
09/04/2026,23:52:47: Negative sampling...
09/04/2026,23:52:49: Model's personal time...
09/04/2026,23:52:49: Training...
09/04/2026,23:52:51: Evaluating...
09/04/2026,23:52:54: 	Train Loss: 3445036.0000 (base: 147.3477, kd: 6889.7769), Elapsed: train 3.16 test 3.41
09/04/2026,23:52:54: 	Recall@10: 0.06721 Recall@20: 0.09908 NDCG@10: 0.03994 NDCG@20: 0.04873 
09/04/2026,23:52:54: 	Recall@10: 0.02846 Recall@20: 0.04356 NDCG@10: 0.01553 NDCG@20: 0.01970 
09/04/2026,23:52:54: Epoch [176/1000]
09/04/2026,23:52:54: Negative sampling...
09/04/2026,23:52:55: Model's personal time...
09/04/2026,23:52:56: Training...
09/04/2026,23:52:57: Evaluating...
09/04/2026,23:53:01: 	Train Loss: 3445577.0000 (base: 147.4244, kd: 6890.8594), Elapsed: train 3.09 test 3.44
09/04/2026,23:53:01: 	Recall@10: 0.06695 Recall@20: 0.09906 NDCG@10: 0.03994 NDCG@20: 0.04878 
09/04/2026,23:53:01: 	Recall@10: 0.02891 Recall@20: 0.04346 NDCG@10: 0.01583 NDCG@20: 0.01982 
09/04/2026,23:53:01: Epoch [177/1000]
09/04/2026,23:53:01: Negative sampling...
09/04/2026,23:53:02: Model's personal time...
09/04/2026,23:53:02: Training...
09/04/2026,23:53:03: Evaluating...
09/04/2026,23:53:07: 	Train Loss: 3445470.5000 (base: 148.1713, kd: 6890.6445), Elapsed: train 2.86 test 3.66
09/04/2026,23:53:07: 	Recall@10: 0.06670 Recall@20: 0.09973 NDCG@10: 0.03991 NDCG@20: 0.04893 
09/04/2026,23:53:07: 	Recall@10: 0.02859 Recall@20: 0.04357 NDCG@10: 0.01543 NDCG@20: 0.01960 
09/04/2026,23:53:07: Epoch [178/1000]
09/04/2026,23:53:07: Negative sampling...
09/04/2026,23:53:08: Model's personal time...
09/04/2026,23:53:09: Training...
09/04/2026,23:53:10: Evaluating...
09/04/2026,23:53:13: 	Train Loss: 3445419.2500 (base: 148.5992, kd: 6890.5415), Elapsed: train 2.93 test 2.63
09/04/2026,23:53:13: 	Recall@10: 0.06633 Recall@20: 0.09904 NDCG@10: 0.03981 NDCG@20: 0.04874 
09/04/2026,23:53:13: 	Recall@10: 0.02808 Recall@20: 0.04311 NDCG@10: 0.01559 NDCG@20: 0.01978 
09/04/2026,23:53:13: ------------------------------
09/04/2026,23:53:13: valid Recall@10: 0.06735 Recall@20: 0.09966 NDCG@10: 0.04042 NDCG@20: 0.04927
09/04/2026,23:53:13: test Recall@10: 0.02753 Recall@20: 0.04266 NDCG@10: 0.01543 NDCG@20: 0.01962
