----------------------------------------TEACHER----------------------------------------
init_std                                 0.01
embedding_dim                            400
----------------------------------------TEACHER----------------------------------------
----------------------------------------STUDENT----------------------------------------
init_std                                 0.01
embedding_dim                            20
----------------------------------------STUDENT----------------------------------------
----------------------------------------ARGUMENTS----------------------------------------
run_all                                  False
seed                                     0
gpu_id                                   0
no_log                                   False
no_save                                  False
suffix                                   Lu50_seed0_es20
verbose                                  False
ablation                                 False
task                                     rec
dataset                                  citeulike
batch_size                               2048
num_ns                                   1
neg_sampling_on_all                      False
T_backbone                               bpr
S_backbone                               bpr
model                                    srcekd
preload                                  False
postsave                                 False
train_teacher                            False
ckpt_interval                            -1
epochs                                   1000
lr                                       0.001
wd                                       1e-05
lmbda                                    500
srce_alpha                               0
srce_s                                   20
srce_eta                                 0
srce_Lu                                  50
eval_period                              1
K_list                                   [10, 20]
early_stop_metric                        NDCG
early_stop_K                             20
early_stop_patience                      30
LOG_DIR                                  logs/
CONFIG_DIR                               configs/
DATA_DIR                                 data/
CKPT_DIR                                 checkpoints/
CRAFT_DIR                                crafts/
mkd_tau                                  1
mkd_K                                    50
mkd_L                                    50
mkd_T                                    10
mkd_mxK                                  200
----------------------------------------ARGUMENTS----------------------------------------
----------------------------------------Teacher----------------------------------------
09/04/2026,21:25:57: ------------------------------
09/04/2026,21:25:57: valid Recall@10: 0.06778 Recall@20: 0.10315 NDCG@10: 0.04052 NDCG@20: 0.05027
09/04/2026,21:25:57: test Recall@10: 0.02747 Recall@20: 0.04385 NDCG@10: 0.01551 NDCG@20: 0.02003
----------------------------------------------------------------------------------------
09/04/2026,21:25:57: Epoch [1/1000]
09/04/2026,21:25:57: Negative sampling...
09/04/2026,21:25:58: Model's personal time...
09/04/2026,21:25:59: Training...
09/04/2026,21:26:00: Evaluating...
09/04/2026,21:26:00: 	Train Loss: 5247445.0000 (base: 1390.3000, kd: 10492.1084), Elapsed: train 2.77 test 0.48 *
09/04/2026,21:26:00: 	Recall@10: 0.02213 Recall@20: 0.03649 NDCG@10: 0.01337 NDCG@20: 0.01726 
09/04/2026,21:26:00: 	Recall@10: 0.00933 Recall@20: 0.01761 NDCG@10: 0.00517 NDCG@20: 0.00747 
09/04/2026,21:26:00: Epoch [2/1000]
09/04/2026,21:26:00: Negative sampling...
09/04/2026,21:26:02: Model's personal time...
09/04/2026,21:26:02: Training...
09/04/2026,21:26:03: Evaluating...
09/04/2026,21:26:03: 	Train Loss: 5086643.5000 (base: 1373.1078, kd: 10170.5410), Elapsed: train 2.59 test 0.41 *
09/04/2026,21:26:03: 	Recall@10: 0.03795 Recall@20: 0.05817 NDCG@10: 0.02380 NDCG@20: 0.02932 
09/04/2026,21:26:03: 	Recall@10: 0.01518 Recall@20: 0.02588 NDCG@10: 0.00867 NDCG@20: 0.01168 
09/04/2026,21:26:03: Epoch [3/1000]
09/04/2026,21:26:03: Negative sampling...
09/04/2026,21:26:05: Model's personal time...
09/04/2026,21:26:05: Training...
09/04/2026,21:26:06: Evaluating...
09/04/2026,21:26:06: 	Train Loss: 4990381.5000 (base: 1332.4792, kd: 9978.0986), Elapsed: train 2.40 test 0.41 *
09/04/2026,21:26:06: 	Recall@10: 0.04040 Recall@20: 0.05685 NDCG@10: 0.02518 NDCG@20: 0.02969 
09/04/2026,21:26:06: 	Recall@10: 0.01447 Recall@20: 0.02669 NDCG@10: 0.00904 NDCG@20: 0.01241 
09/04/2026,21:26:06: Epoch [4/1000]
09/04/2026,21:26:06: Negative sampling...
09/04/2026,21:26:08: Model's personal time...
09/04/2026,21:26:08: Training...
09/04/2026,21:26:09: Evaluating...
09/04/2026,21:26:09: 	Train Loss: 4898795.5000 (base: 1273.4219, kd: 9795.0439), Elapsed: train 2.49 test 0.42 *
09/04/2026,21:26:09: 	Recall@10: 0.04213 Recall@20: 0.06246 NDCG@10: 0.02622 NDCG@20: 0.03185 
09/04/2026,21:26:09: 	Recall@10: 0.01713 Recall@20: 0.02760 NDCG@10: 0.00977 NDCG@20: 0.01267 
09/04/2026,21:26:09: Epoch [5/1000]
09/04/2026,21:26:09: Negative sampling...
09/04/2026,21:26:11: Model's personal time...
09/04/2026,21:26:11: Training...
09/04/2026,21:26:12: Evaluating...
09/04/2026,21:26:12: 	Train Loss: 4782467.5000 (base: 1199.8394, kd: 9562.5352), Elapsed: train 2.74 test 0.41
09/04/2026,21:26:12: 	Recall@10: 0.04253 Recall@20: 0.06267 NDCG@10: 0.02624 NDCG@20: 0.03174 
09/04/2026,21:26:12: 	Recall@10: 0.01581 Recall@20: 0.02766 NDCG@10: 0.00939 NDCG@20: 0.01270 
09/04/2026,21:26:12: Epoch [6/1000]
09/04/2026,21:26:12: Negative sampling...
09/04/2026,21:26:14: Model's personal time...
09/04/2026,21:26:14: Training...
09/04/2026,21:26:15: Evaluating...
09/04/2026,21:26:15: 	Train Loss: 4666822.0000 (base: 1122.3137, kd: 9331.3984), Elapsed: train 2.53 test 0.40 *
09/04/2026,21:26:15: 	Recall@10: 0.04285 Recall@20: 0.06461 NDCG@10: 0.02632 NDCG@20: 0.03224 
09/04/2026,21:26:15: 	Recall@10: 0.01697 Recall@20: 0.02764 NDCG@10: 0.00924 NDCG@20: 0.01219 
09/04/2026,21:26:15: Epoch [7/1000]
09/04/2026,21:26:15: Negative sampling...
09/04/2026,21:26:17: Model's personal time...
09/04/2026,21:26:17: Training...
09/04/2026,21:26:18: Evaluating...
09/04/2026,21:26:18: 	Train Loss: 4558364.0000 (base: 1042.2109, kd: 9114.6445), Elapsed: train 2.51 test 0.40 *
09/04/2026,21:26:18: 	Recall@10: 0.04362 Recall@20: 0.06635 NDCG@10: 0.02745 NDCG@20: 0.03362 
09/04/2026,21:26:18: 	Recall@10: 0.01764 Recall@20: 0.02853 NDCG@10: 0.00972 NDCG@20: 0.01272 
09/04/2026,21:26:18: Epoch [8/1000]
09/04/2026,21:26:18: Negative sampling...
09/04/2026,21:26:19: Model's personal time...
09/04/2026,21:26:20: Training...
09/04/2026,21:26:21: Evaluating...
09/04/2026,21:26:21: 	Train Loss: 4461540.5000 (base: 967.8005, kd: 8921.1455), Elapsed: train 2.51 test 0.42 *
09/04/2026,21:26:21: 	Recall@10: 0.04704 Recall@20: 0.06895 NDCG@10: 0.02847 NDCG@20: 0.03442 
09/04/2026,21:26:21: 	Recall@10: 0.01879 Recall@20: 0.03000 NDCG@10: 0.01022 NDCG@20: 0.01328 
09/04/2026,21:26:21: Epoch [9/1000]
09/04/2026,21:26:21: Negative sampling...
09/04/2026,21:26:22: Model's personal time...
09/04/2026,21:26:23: Training...
09/04/2026,21:26:23: Evaluating...
09/04/2026,21:26:24: 	Train Loss: 4386021.0000 (base: 900.0733, kd: 8770.2412), Elapsed: train 2.39 test 0.39 *
09/04/2026,21:26:24: 	Recall@10: 0.04722 Recall@20: 0.07077 NDCG@10: 0.02912 NDCG@20: 0.03551 
09/04/2026,21:26:24: 	Recall@10: 0.01879 Recall@20: 0.03020 NDCG@10: 0.01013 NDCG@20: 0.01326 
09/04/2026,21:26:24: Epoch [10/1000]
09/04/2026,21:26:24: Negative sampling...
09/04/2026,21:26:25: Model's personal time...
09/04/2026,21:26:25: Training...
09/04/2026,21:26:26: Evaluating...
09/04/2026,21:26:27: 	Train Loss: 4322476.0000 (base: 837.7101, kd: 8643.2764), Elapsed: train 2.66 test 0.42 *
09/04/2026,21:26:27: 	Recall@10: 0.04836 Recall@20: 0.07292 NDCG@10: 0.02955 NDCG@20: 0.03617 
09/04/2026,21:26:27: 	Recall@10: 0.01937 Recall@20: 0.03030 NDCG@10: 0.01020 NDCG@20: 0.01322 
09/04/2026,21:26:27: Epoch [11/1000]
09/04/2026,21:26:27: Negative sampling...
09/04/2026,21:26:28: Model's personal time...
09/04/2026,21:26:28: Training...
09/04/2026,21:26:30: Evaluating...
09/04/2026,21:26:30: 	Train Loss: 4269891.5000 (base: 781.8702, kd: 8538.2188), Elapsed: train 2.65 test 0.45 *
09/04/2026,21:26:30: 	Recall@10: 0.05095 Recall@20: 0.07428 NDCG@10: 0.03050 NDCG@20: 0.03687 
09/04/2026,21:26:30: 	Recall@10: 0.02027 Recall@20: 0.03113 NDCG@10: 0.01069 NDCG@20: 0.01368 
09/04/2026,21:26:30: Epoch [12/1000]
09/04/2026,21:26:30: Negative sampling...
09/04/2026,21:26:31: Model's personal time...
09/04/2026,21:26:31: Training...
09/04/2026,21:26:32: Evaluating...
09/04/2026,21:26:33: 	Train Loss: 4226202.0000 (base: 733.0250, kd: 8450.9375), Elapsed: train 2.47 test 0.42 *
09/04/2026,21:26:33: 	Recall@10: 0.05232 Recall@20: 0.07784 NDCG@10: 0.03124 NDCG@20: 0.03808 
09/04/2026,21:26:33: 	Recall@10: 0.02102 Recall@20: 0.03182 NDCG@10: 0.01112 NDCG@20: 0.01410 
09/04/2026,21:26:33: Epoch [13/1000]
09/04/2026,21:26:33: Negative sampling...
09/04/2026,21:26:34: Model's personal time...
09/04/2026,21:26:34: Training...
09/04/2026,21:26:35: Evaluating...
09/04/2026,21:26:36: 	Train Loss: 4189216.0000 (base: 689.9279, kd: 8377.0508), Elapsed: train 2.40 test 0.40 *
09/04/2026,21:26:36: 	Recall@10: 0.05280 Recall@20: 0.07728 NDCG@10: 0.03171 NDCG@20: 0.03836 
09/04/2026,21:26:36: 	Recall@10: 0.02081 Recall@20: 0.03181 NDCG@10: 0.01108 NDCG@20: 0.01409 
09/04/2026,21:26:36: Epoch [14/1000]
09/04/2026,21:26:36: Negative sampling...
09/04/2026,21:26:37: Model's personal time...
09/04/2026,21:26:37: Training...
09/04/2026,21:26:38: Evaluating...
09/04/2026,21:26:39: 	Train Loss: 4156051.7500 (base: 653.3829, kd: 8310.7969), Elapsed: train 2.56 test 0.39 *
09/04/2026,21:26:39: 	Recall@10: 0.05378 Recall@20: 0.07968 NDCG@10: 0.03219 NDCG@20: 0.03916 
09/04/2026,21:26:39: 	Recall@10: 0.02143 Recall@20: 0.03389 NDCG@10: 0.01148 NDCG@20: 0.01487 
09/04/2026,21:26:39: Epoch [15/1000]
09/04/2026,21:26:39: Negative sampling...
09/04/2026,21:26:40: Model's personal time...
09/04/2026,21:26:40: Training...
09/04/2026,21:26:41: Evaluating...
09/04/2026,21:26:42: 	Train Loss: 4128124.7500 (base: 616.3154, kd: 8255.0156), Elapsed: train 2.58 test 0.42 *
09/04/2026,21:26:42: 	Recall@10: 0.05528 Recall@20: 0.08006 NDCG@10: 0.03260 NDCG@20: 0.03923 
09/04/2026,21:26:42: 	Recall@10: 0.02234 Recall@20: 0.03455 NDCG@10: 0.01177 NDCG@20: 0.01509 
09/04/2026,21:26:42: Epoch [16/1000]
09/04/2026,21:26:42: Negative sampling...
09/04/2026,21:26:43: Model's personal time...
09/04/2026,21:26:43: Training...
09/04/2026,21:26:44: Evaluating...
09/04/2026,21:26:44: 	Train Loss: 4102930.2500 (base: 585.9666, kd: 8204.6875), Elapsed: train 2.37 test 0.39 *
09/04/2026,21:26:44: 	Recall@10: 0.05521 Recall@20: 0.08129 NDCG@10: 0.03274 NDCG@20: 0.03976 
09/04/2026,21:26:44: 	Recall@10: 0.02239 Recall@20: 0.03431 NDCG@10: 0.01202 NDCG@20: 0.01528 
09/04/2026,21:26:44: Epoch [17/1000]
09/04/2026,21:26:44: Negative sampling...
09/04/2026,21:26:46: Model's personal time...
09/04/2026,21:26:46: Training...
09/04/2026,21:26:47: Evaluating...
09/04/2026,21:26:47: 	Train Loss: 4082025.7500 (base: 559.5326, kd: 8162.9321), Elapsed: train 2.47 test 0.40 *
09/04/2026,21:26:47: 	Recall@10: 0.05488 Recall@20: 0.08145 NDCG@10: 0.03287 NDCG@20: 0.04010 
09/04/2026,21:26:47: 	Recall@10: 0.02310 Recall@20: 0.03488 NDCG@10: 0.01217 NDCG@20: 0.01536 
09/04/2026,21:26:47: Epoch [18/1000]
09/04/2026,21:26:47: Negative sampling...
09/04/2026,21:26:49: Model's personal time...
09/04/2026,21:26:49: Training...
09/04/2026,21:26:50: Evaluating...
09/04/2026,21:26:50: 	Train Loss: 4060257.5000 (base: 535.4766, kd: 8119.4443), Elapsed: train 2.55 test 0.41 *
09/04/2026,21:26:50: 	Recall@10: 0.05719 Recall@20: 0.08261 NDCG@10: 0.03388 NDCG@20: 0.04077 
09/04/2026,21:26:50: 	Recall@10: 0.02367 Recall@20: 0.03505 NDCG@10: 0.01262 NDCG@20: 0.01571 
09/04/2026,21:26:50: Epoch [19/1000]
09/04/2026,21:26:50: Negative sampling...
09/04/2026,21:26:52: Model's personal time...
09/04/2026,21:26:52: Training...
09/04/2026,21:26:53: Evaluating...
09/04/2026,21:26:53: 	Train Loss: 4044556.7500 (base: 516.9087, kd: 8088.0796), Elapsed: train 2.44 test 0.40 *
09/04/2026,21:26:53: 	Recall@10: 0.05771 Recall@20: 0.08305 NDCG@10: 0.03425 NDCG@20: 0.04112 
09/04/2026,21:26:53: 	Recall@10: 0.02418 Recall@20: 0.03485 NDCG@10: 0.01286 NDCG@20: 0.01582 
09/04/2026,21:26:53: Epoch [20/1000]
09/04/2026,21:26:53: Negative sampling...
09/04/2026,21:26:55: Model's personal time...
09/04/2026,21:26:55: Training...
09/04/2026,21:26:56: Evaluating...
09/04/2026,21:26:56: 	Train Loss: 4026877.7500 (base: 495.0863, kd: 8052.7646), Elapsed: train 2.72 test 0.40 *
09/04/2026,21:26:56: 	Recall@10: 0.05798 Recall@20: 0.08585 NDCG@10: 0.03416 NDCG@20: 0.04163 
09/04/2026,21:26:56: 	Recall@10: 0.02443 Recall@20: 0.03598 NDCG@10: 0.01310 NDCG@20: 0.01625 
09/04/2026,21:26:56: Epoch [21/1000]
09/04/2026,21:26:56: Negative sampling...
09/04/2026,21:26:58: Model's personal time...
09/04/2026,21:26:58: Training...
09/04/2026,21:26:59: Evaluating...
09/04/2026,21:26:59: 	Train Loss: 4011718.0000 (base: 478.9719, kd: 8022.4780), Elapsed: train 2.50 test 0.41 *
09/04/2026,21:26:59: 	Recall@10: 0.05828 Recall@20: 0.08628 NDCG@10: 0.03429 NDCG@20: 0.04179 
09/04/2026,21:26:59: 	Recall@10: 0.02482 Recall@20: 0.03605 NDCG@10: 0.01314 NDCG@20: 0.01622 
09/04/2026,21:26:59: Epoch [22/1000]
09/04/2026,21:26:59: Negative sampling...
09/04/2026,21:27:00: Model's personal time...
09/04/2026,21:27:01: Training...
09/04/2026,21:27:02: Evaluating...
09/04/2026,21:27:02: 	Train Loss: 3998571.7500 (base: 464.8133, kd: 7996.2144), Elapsed: train 2.39 test 0.42 *
09/04/2026,21:27:02: 	Recall@10: 0.05867 Recall@20: 0.08628 NDCG@10: 0.03462 NDCG@20: 0.04212 
09/04/2026,21:27:02: 	Recall@10: 0.02480 Recall@20: 0.03661 NDCG@10: 0.01341 NDCG@20: 0.01666 
09/04/2026,21:27:02: Epoch [23/1000]
09/04/2026,21:27:02: Negative sampling...
09/04/2026,21:27:03: Model's personal time...
09/04/2026,21:27:03: Training...
09/04/2026,21:27:05: Evaluating...
09/04/2026,21:27:05: 	Train Loss: 3986947.5000 (base: 449.0545, kd: 7972.9971), Elapsed: train 2.68 test 0.40 *
09/04/2026,21:27:05: 	Recall@10: 0.05918 Recall@20: 0.08733 NDCG@10: 0.03504 NDCG@20: 0.04268 
09/04/2026,21:27:05: 	Recall@10: 0.02518 Recall@20: 0.03676 NDCG@10: 0.01359 NDCG@20: 0.01674 
09/04/2026,21:27:05: Epoch [24/1000]
09/04/2026,21:27:05: Negative sampling...
09/04/2026,21:27:06: Model's personal time...
09/04/2026,21:27:06: Training...
09/04/2026,21:27:08: Evaluating...
09/04/2026,21:27:08: 	Train Loss: 3975345.0000 (base: 436.2680, kd: 7949.8174), Elapsed: train 2.68 test 0.40
09/04/2026,21:27:08: 	Recall@10: 0.05889 Recall@20: 0.08786 NDCG@10: 0.03476 NDCG@20: 0.04267 
09/04/2026,21:27:08: 	Recall@10: 0.02461 Recall@20: 0.03713 NDCG@10: 0.01347 NDCG@20: 0.01693 
09/04/2026,21:27:08: Epoch [25/1000]
09/04/2026,21:27:08: Negative sampling...
09/04/2026,21:27:09: Model's personal time...
09/04/2026,21:27:10: Training...
09/04/2026,21:27:11: Evaluating...
09/04/2026,21:27:11: 	Train Loss: 3965250.0000 (base: 423.4986, kd: 7929.6528), Elapsed: train 2.61 test 0.41 *
09/04/2026,21:27:11: 	Recall@10: 0.06012 Recall@20: 0.08837 NDCG@10: 0.03543 NDCG@20: 0.04315 
09/04/2026,21:27:11: 	Recall@10: 0.02498 Recall@20: 0.03784 NDCG@10: 0.01359 NDCG@20: 0.01709 
09/04/2026,21:27:11: Epoch [26/1000]
09/04/2026,21:27:11: Negative sampling...
09/04/2026,21:27:12: Model's personal time...
09/04/2026,21:27:13: Training...
09/04/2026,21:27:14: Evaluating...
09/04/2026,21:27:14: 	Train Loss: 3955411.5000 (base: 414.1473, kd: 7909.9946), Elapsed: train 2.59 test 0.42 *
09/04/2026,21:27:14: 	Recall@10: 0.06044 Recall@20: 0.08936 NDCG@10: 0.03548 NDCG@20: 0.04329 
09/04/2026,21:27:14: 	Recall@10: 0.02437 Recall@20: 0.03730 NDCG@10: 0.01343 NDCG@20: 0.01704 
09/04/2026,21:27:14: Epoch [27/1000]
09/04/2026,21:27:14: Negative sampling...
09/04/2026,21:27:15: Model's personal time...
09/04/2026,21:27:16: Training...
09/04/2026,21:27:17: Evaluating...
09/04/2026,21:27:17: 	Train Loss: 3946778.2500 (base: 402.2180, kd: 7892.7524), Elapsed: train 2.62 test 0.41 *
09/04/2026,21:27:17: 	Recall@10: 0.06062 Recall@20: 0.08908 NDCG@10: 0.03572 NDCG@20: 0.04350 
09/04/2026,21:27:17: 	Recall@10: 0.02452 Recall@20: 0.03811 NDCG@10: 0.01349 NDCG@20: 0.01722 
09/04/2026,21:27:17: Epoch [28/1000]
09/04/2026,21:27:17: Negative sampling...
09/04/2026,21:27:18: Model's personal time...
09/04/2026,21:27:19: Training...
09/04/2026,21:27:20: Evaluating...
09/04/2026,21:27:20: 	Train Loss: 3940796.0000 (base: 392.5602, kd: 7880.8066), Elapsed: train 2.52 test 0.44 *
09/04/2026,21:27:20: 	Recall@10: 0.06160 Recall@20: 0.08996 NDCG@10: 0.03612 NDCG@20: 0.04384 
09/04/2026,21:27:20: 	Recall@10: 0.02498 Recall@20: 0.03896 NDCG@10: 0.01369 NDCG@20: 0.01751 
09/04/2026,21:27:20: Epoch [29/1000]
09/04/2026,21:27:20: Negative sampling...
09/04/2026,21:27:22: Model's personal time...
09/04/2026,21:27:22: Training...
09/04/2026,21:27:23: Evaluating...
09/04/2026,21:27:23: 	Train Loss: 3932566.0000 (base: 386.3275, kd: 7864.3594), Elapsed: train 2.69 test 0.48 *
09/04/2026,21:27:23: 	Recall@10: 0.06177 Recall@20: 0.08969 NDCG@10: 0.03640 NDCG@20: 0.04403 
09/04/2026,21:27:23: 	Recall@10: 0.02417 Recall@20: 0.03938 NDCG@10: 0.01346 NDCG@20: 0.01764 
09/04/2026,21:27:23: Epoch [30/1000]
09/04/2026,21:27:23: Negative sampling...
09/04/2026,21:27:25: Model's personal time...
09/04/2026,21:27:25: Training...
09/04/2026,21:27:26: Evaluating...
09/04/2026,21:27:26: 	Train Loss: 3924844.2500 (base: 377.5692, kd: 7848.9336), Elapsed: train 2.52 test 0.41 *
09/04/2026,21:27:26: 	Recall@10: 0.06287 Recall@20: 0.09068 NDCG@10: 0.03677 NDCG@20: 0.04436 
09/04/2026,21:27:26: 	Recall@10: 0.02487 Recall@20: 0.03800 NDCG@10: 0.01378 NDCG@20: 0.01744 
09/04/2026,21:27:26: Epoch [31/1000]
09/04/2026,21:27:26: Negative sampling...
09/04/2026,21:27:28: Model's personal time...
09/04/2026,21:27:28: Training...
09/04/2026,21:27:29: Evaluating...
09/04/2026,21:27:29: 	Train Loss: 3917494.7500 (base: 368.6717, kd: 7834.2524), Elapsed: train 2.54 test 0.43
09/04/2026,21:27:29: 	Recall@10: 0.06295 Recall@20: 0.09079 NDCG@10: 0.03680 NDCG@20: 0.04436 
09/04/2026,21:27:29: 	Recall@10: 0.02516 Recall@20: 0.03784 NDCG@10: 0.01380 NDCG@20: 0.01734 
09/04/2026,21:27:29: Epoch [32/1000]
09/04/2026,21:27:29: Negative sampling...
09/04/2026,21:27:31: Model's personal time...
09/04/2026,21:27:31: Training...
09/04/2026,21:27:32: Evaluating...
09/04/2026,21:27:32: 	Train Loss: 3911961.5000 (base: 362.9135, kd: 7823.1978), Elapsed: train 2.52 test 0.40 *
09/04/2026,21:27:32: 	Recall@10: 0.06389 Recall@20: 0.09042 NDCG@10: 0.03741 NDCG@20: 0.04471 
09/04/2026,21:27:32: 	Recall@10: 0.02469 Recall@20: 0.03821 NDCG@10: 0.01386 NDCG@20: 0.01764 
09/04/2026,21:27:32: Epoch [33/1000]
09/04/2026,21:27:32: Negative sampling...
09/04/2026,21:27:33: Model's personal time...
09/04/2026,21:27:34: Training...
09/04/2026,21:27:35: Evaluating...
09/04/2026,21:27:35: 	Train Loss: 3905944.0000 (base: 354.0627, kd: 7811.1802), Elapsed: train 2.59 test 0.43
09/04/2026,21:27:35: 	Recall@10: 0.06364 Recall@20: 0.09097 NDCG@10: 0.03708 NDCG@20: 0.04453 
09/04/2026,21:27:35: 	Recall@10: 0.02556 Recall@20: 0.03814 NDCG@10: 0.01407 NDCG@20: 0.01758 
09/04/2026,21:27:35: Epoch [34/1000]
09/04/2026,21:27:35: Negative sampling...
09/04/2026,21:27:36: Model's personal time...
09/04/2026,21:27:37: Training...
09/04/2026,21:27:38: Evaluating...
09/04/2026,21:27:38: 	Train Loss: 3901532.7500 (base: 351.1318, kd: 7802.3633), Elapsed: train 2.59 test 0.40 *
09/04/2026,21:27:38: 	Recall@10: 0.06414 Recall@20: 0.09118 NDCG@10: 0.03750 NDCG@20: 0.04493 
09/04/2026,21:27:38: 	Recall@10: 0.02556 Recall@20: 0.03848 NDCG@10: 0.01414 NDCG@20: 0.01776 
09/04/2026,21:27:38: Epoch [35/1000]
09/04/2026,21:27:38: Negative sampling...
09/04/2026,21:27:39: Model's personal time...
09/04/2026,21:27:40: Training...
09/04/2026,21:27:41: Evaluating...
09/04/2026,21:27:41: 	Train Loss: 3896025.5000 (base: 342.8341, kd: 7791.3652), Elapsed: train 2.53 test 0.40
09/04/2026,21:27:41: 	Recall@10: 0.06204 Recall@20: 0.09115 NDCG@10: 0.03686 NDCG@20: 0.04483 
09/04/2026,21:27:41: 	Recall@10: 0.02570 Recall@20: 0.03954 NDCG@10: 0.01427 NDCG@20: 0.01806 
09/04/2026,21:27:41: Epoch [36/1000]
09/04/2026,21:27:41: Negative sampling...
09/04/2026,21:27:42: Model's personal time...
09/04/2026,21:27:43: Training...
09/04/2026,21:27:43: Evaluating...
09/04/2026,21:27:44: 	Train Loss: 3892699.0000 (base: 336.7060, kd: 7784.7241), Elapsed: train 2.44 test 0.43 *
09/04/2026,21:27:44: 	Recall@10: 0.06337 Recall@20: 0.09204 NDCG@10: 0.03757 NDCG@20: 0.04544 
09/04/2026,21:27:44: 	Recall@10: 0.02436 Recall@20: 0.03902 NDCG@10: 0.01389 NDCG@20: 0.01791 
09/04/2026,21:27:44: Epoch [37/1000]
09/04/2026,21:27:44: Negative sampling...
09/04/2026,21:27:45: Model's personal time...
09/04/2026,21:27:45: Training...
09/04/2026,21:27:46: Evaluating...
09/04/2026,21:27:47: 	Train Loss: 3886029.2500 (base: 331.8389, kd: 7771.3950), Elapsed: train 2.45 test 0.40
09/04/2026,21:27:47: 	Recall@10: 0.06361 Recall@20: 0.09096 NDCG@10: 0.03768 NDCG@20: 0.04522 
09/04/2026,21:27:47: 	Recall@10: 0.02499 Recall@20: 0.03854 NDCG@10: 0.01417 NDCG@20: 0.01789 
09/04/2026,21:27:47: Epoch [38/1000]
09/04/2026,21:27:47: Negative sampling...
09/04/2026,21:27:48: Model's personal time...
09/04/2026,21:27:48: Training...
09/04/2026,21:27:49: Evaluating...
09/04/2026,21:27:50: 	Train Loss: 3883362.7500 (base: 327.5578, kd: 7766.0708), Elapsed: train 2.47 test 0.40
09/04/2026,21:27:50: 	Recall@10: 0.06411 Recall@20: 0.09114 NDCG@10: 0.03791 NDCG@20: 0.04537 
09/04/2026,21:27:50: 	Recall@10: 0.02566 Recall@20: 0.03866 NDCG@10: 0.01426 NDCG@20: 0.01786 
09/04/2026,21:27:50: Epoch [39/1000]
09/04/2026,21:27:50: Negative sampling...
09/04/2026,21:27:51: Model's personal time...
09/04/2026,21:27:51: Training...
09/04/2026,21:27:52: Evaluating...
09/04/2026,21:27:53: 	Train Loss: 3879241.7500 (base: 325.3023, kd: 7757.8325), Elapsed: train 2.54 test 0.40 *
09/04/2026,21:27:53: 	Recall@10: 0.06405 Recall@20: 0.09133 NDCG@10: 0.03802 NDCG@20: 0.04558 
09/04/2026,21:27:53: 	Recall@10: 0.02566 Recall@20: 0.03882 NDCG@10: 0.01441 NDCG@20: 0.01800 
09/04/2026,21:27:53: Epoch [40/1000]
09/04/2026,21:27:53: Negative sampling...
09/04/2026,21:27:54: Model's personal time...
09/04/2026,21:27:54: Training...
09/04/2026,21:27:55: Evaluating...
09/04/2026,21:27:55: 	Train Loss: 3875880.7500 (base: 319.3431, kd: 7751.1230), Elapsed: train 2.51 test 0.40 *
09/04/2026,21:27:55: 	Recall@10: 0.06509 Recall@20: 0.09254 NDCG@10: 0.03833 NDCG@20: 0.04588 
09/04/2026,21:27:55: 	Recall@10: 0.02642 Recall@20: 0.03854 NDCG@10: 0.01448 NDCG@20: 0.01779 
09/04/2026,21:27:55: Epoch [41/1000]
09/04/2026,21:27:55: Negative sampling...
09/04/2026,21:27:57: Model's personal time...
09/04/2026,21:27:57: Training...
09/04/2026,21:27:58: Evaluating...
09/04/2026,21:27:58: 	Train Loss: 3871254.7500 (base: 313.7154, kd: 7741.8823), Elapsed: train 2.45 test 0.40 *
09/04/2026,21:27:58: 	Recall@10: 0.06403 Recall@20: 0.09269 NDCG@10: 0.03820 NDCG@20: 0.04612 
09/04/2026,21:27:58: 	Recall@10: 0.02665 Recall@20: 0.03917 NDCG@10: 0.01457 NDCG@20: 0.01801 
09/04/2026,21:27:58: Epoch [42/1000]
09/04/2026,21:27:58: Negative sampling...
09/04/2026,21:28:00: Model's personal time...
09/04/2026,21:28:00: Training...
09/04/2026,21:28:01: Evaluating...
09/04/2026,21:28:01: 	Train Loss: 3869283.2500 (base: 309.8811, kd: 7737.9468), Elapsed: train 2.46 test 0.40
09/04/2026,21:28:01: 	Recall@10: 0.06393 Recall@20: 0.09250 NDCG@10: 0.03822 NDCG@20: 0.04607 
09/04/2026,21:28:01: 	Recall@10: 0.02614 Recall@20: 0.03840 NDCG@10: 0.01464 NDCG@20: 0.01801 
09/04/2026,21:28:01: Epoch [43/1000]
09/04/2026,21:28:01: Negative sampling...
09/04/2026,21:28:03: Model's personal time...
09/04/2026,21:28:03: Training...
09/04/2026,21:28:04: Evaluating...
09/04/2026,21:28:04: 	Train Loss: 3865451.0000 (base: 307.8943, kd: 7730.2856), Elapsed: train 2.45 test 0.44 *
09/04/2026,21:28:04: 	Recall@10: 0.06466 Recall@20: 0.09380 NDCG@10: 0.03845 NDCG@20: 0.04640 
09/04/2026,21:28:04: 	Recall@10: 0.02661 Recall@20: 0.03857 NDCG@10: 0.01446 NDCG@20: 0.01774 
09/04/2026,21:28:04: Epoch [44/1000]
09/04/2026,21:28:04: Negative sampling...
09/04/2026,21:28:05: Model's personal time...
09/04/2026,21:28:06: Training...
09/04/2026,21:28:07: Evaluating...
09/04/2026,21:28:07: 	Train Loss: 3860933.2500 (base: 301.0148, kd: 7721.2637), Elapsed: train 2.45 test 0.40
09/04/2026,21:28:07: 	Recall@10: 0.06452 Recall@20: 0.09327 NDCG@10: 0.03820 NDCG@20: 0.04612 
09/04/2026,21:28:07: 	Recall@10: 0.02602 Recall@20: 0.03839 NDCG@10: 0.01439 NDCG@20: 0.01780 
09/04/2026,21:28:07: Epoch [45/1000]
09/04/2026,21:28:07: Negative sampling...
09/04/2026,21:28:08: Model's personal time...
09/04/2026,21:28:08: Training...
09/04/2026,21:28:09: Evaluating...
09/04/2026,21:28:10: 	Train Loss: 3858273.5000 (base: 298.8239, kd: 7715.9492), Elapsed: train 2.47 test 0.43
09/04/2026,21:28:10: 	Recall@10: 0.06364 Recall@20: 0.09320 NDCG@10: 0.03809 NDCG@20: 0.04622 
09/04/2026,21:28:10: 	Recall@10: 0.02633 Recall@20: 0.03872 NDCG@10: 0.01443 NDCG@20: 0.01781 
09/04/2026,21:28:10: Epoch [46/1000]
09/04/2026,21:28:10: Negative sampling...
09/04/2026,21:28:11: Model's personal time...
09/04/2026,21:28:11: Training...
09/04/2026,21:28:12: Evaluating...
09/04/2026,21:28:13: 	Train Loss: 3857406.2500 (base: 295.5467, kd: 7714.2217), Elapsed: train 2.50 test 0.40 *
09/04/2026,21:28:13: 	Recall@10: 0.06393 Recall@20: 0.09375 NDCG@10: 0.03841 NDCG@20: 0.04665 
09/04/2026,21:28:13: 	Recall@10: 0.02705 Recall@20: 0.03899 NDCG@10: 0.01473 NDCG@20: 0.01796 
09/04/2026,21:28:13: Epoch [47/1000]
09/04/2026,21:28:13: Negative sampling...
09/04/2026,21:28:14: Model's personal time...
09/04/2026,21:28:14: Training...
09/04/2026,21:28:15: Evaluating...
09/04/2026,21:28:16: 	Train Loss: 3853336.7500 (base: 287.6563, kd: 7706.0986), Elapsed: train 2.49 test 0.40
09/04/2026,21:28:16: 	Recall@10: 0.06409 Recall@20: 0.09364 NDCG@10: 0.03823 NDCG@20: 0.04642 
09/04/2026,21:28:16: 	Recall@10: 0.02638 Recall@20: 0.03884 NDCG@10: 0.01451 NDCG@20: 0.01790 
09/04/2026,21:28:16: Epoch [48/1000]
09/04/2026,21:28:16: Negative sampling...
09/04/2026,21:28:17: Model's personal time...
09/04/2026,21:28:17: Training...
09/04/2026,21:28:18: Evaluating...
09/04/2026,21:28:19: 	Train Loss: 3850423.7500 (base: 289.3965, kd: 7700.2686), Elapsed: train 2.52 test 0.40 *
09/04/2026,21:28:19: 	Recall@10: 0.06450 Recall@20: 0.09414 NDCG@10: 0.03861 NDCG@20: 0.04681 
09/04/2026,21:28:19: 	Recall@10: 0.02647 Recall@20: 0.03942 NDCG@10: 0.01465 NDCG@20: 0.01814 
09/04/2026,21:28:19: Epoch [49/1000]
09/04/2026,21:28:19: Negative sampling...
09/04/2026,21:28:20: Model's personal time...
09/04/2026,21:28:20: Training...
09/04/2026,21:28:21: Evaluating...
09/04/2026,21:28:22: 	Train Loss: 3848416.5000 (base: 283.6866, kd: 7696.2656), Elapsed: train 2.53 test 0.52
09/04/2026,21:28:22: 	Recall@10: 0.06391 Recall@20: 0.09395 NDCG@10: 0.03815 NDCG@20: 0.04648 
09/04/2026,21:28:22: 	Recall@10: 0.02631 Recall@20: 0.03939 NDCG@10: 0.01455 NDCG@20: 0.01811 
09/04/2026,21:28:22: Epoch [50/1000]
09/04/2026,21:28:22: Negative sampling...
09/04/2026,21:28:23: Model's personal time...
09/04/2026,21:28:23: Training...
09/04/2026,21:28:24: Evaluating...
09/04/2026,21:28:25: 	Train Loss: 3847157.5000 (base: 279.7971, kd: 7693.7554), Elapsed: train 2.60 test 0.41
09/04/2026,21:28:25: 	Recall@10: 0.06525 Recall@20: 0.09369 NDCG@10: 0.03863 NDCG@20: 0.04651 
09/04/2026,21:28:25: 	Recall@10: 0.02641 Recall@20: 0.03932 NDCG@10: 0.01443 NDCG@20: 0.01792 
09/04/2026,21:28:25: Epoch [51/1000]
09/04/2026,21:28:25: Negative sampling...
09/04/2026,21:28:26: Model's personal time...
09/04/2026,21:28:26: Training...
09/04/2026,21:28:27: Evaluating...
09/04/2026,21:28:27: 	Train Loss: 3844394.0000 (base: 277.3672, kd: 7688.2334), Elapsed: train 2.46 test 0.43
09/04/2026,21:28:27: 	Recall@10: 0.06483 Recall@20: 0.09344 NDCG@10: 0.03831 NDCG@20: 0.04629 
09/04/2026,21:28:27: 	Recall@10: 0.02583 Recall@20: 0.03918 NDCG@10: 0.01421 NDCG@20: 0.01783 
09/04/2026,21:28:27: Epoch [52/1000]
09/04/2026,21:28:27: Negative sampling...
09/04/2026,21:28:29: Model's personal time...
09/04/2026,21:28:29: Training...
09/04/2026,21:28:30: Evaluating...
09/04/2026,21:28:30: 	Train Loss: 3843441.5000 (base: 274.2690, kd: 7686.3340), Elapsed: train 2.53 test 0.41
09/04/2026,21:28:30: 	Recall@10: 0.06494 Recall@20: 0.09447 NDCG@10: 0.03863 NDCG@20: 0.04678 
09/04/2026,21:28:30: 	Recall@10: 0.02523 Recall@20: 0.03949 NDCG@10: 0.01412 NDCG@20: 0.01799 
09/04/2026,21:28:30: Epoch [53/1000]
09/04/2026,21:28:30: Negative sampling...
09/04/2026,21:28:32: Model's personal time...
09/04/2026,21:28:32: Training...
09/04/2026,21:28:33: Evaluating...
09/04/2026,21:28:34: 	Train Loss: 3840034.2500 (base: 273.3854, kd: 7679.5215), Elapsed: train 2.64 test 0.44
09/04/2026,21:28:34: 	Recall@10: 0.06500 Recall@20: 0.09474 NDCG@10: 0.03866 NDCG@20: 0.04681 
09/04/2026,21:28:34: 	Recall@10: 0.02618 Recall@20: 0.03912 NDCG@10: 0.01432 NDCG@20: 0.01780 
09/04/2026,21:28:34: Epoch [54/1000]
09/04/2026,21:28:34: Negative sampling...
09/04/2026,21:28:35: Model's personal time...
09/04/2026,21:28:35: Training...
09/04/2026,21:28:36: Evaluating...
09/04/2026,21:28:37: 	Train Loss: 3837865.0000 (base: 269.7884, kd: 7675.1904), Elapsed: train 2.70 test 0.41
09/04/2026,21:28:37: 	Recall@10: 0.06526 Recall@20: 0.09406 NDCG@10: 0.03874 NDCG@20: 0.04671 
09/04/2026,21:28:37: 	Recall@10: 0.02539 Recall@20: 0.03857 NDCG@10: 0.01415 NDCG@20: 0.01775 
09/04/2026,21:28:37: Epoch [55/1000]
09/04/2026,21:28:37: Negative sampling...
09/04/2026,21:28:38: Model's personal time...
09/04/2026,21:28:38: Training...
09/04/2026,21:28:39: Evaluating...
09/04/2026,21:28:40: 	Train Loss: 3836151.5000 (base: 262.2211, kd: 7671.7783), Elapsed: train 2.58 test 0.40
09/04/2026,21:28:40: 	Recall@10: 0.06582 Recall@20: 0.09360 NDCG@10: 0.03874 NDCG@20: 0.04644 
09/04/2026,21:28:40: 	Recall@10: 0.02574 Recall@20: 0.03905 NDCG@10: 0.01423 NDCG@20: 0.01784 
09/04/2026,21:28:40: Epoch [56/1000]
09/04/2026,21:28:40: Negative sampling...
09/04/2026,21:28:41: Model's personal time...
09/04/2026,21:28:41: Training...
09/04/2026,21:28:42: Evaluating...
09/04/2026,21:28:43: 	Train Loss: 3834563.2500 (base: 263.8470, kd: 7668.5986), Elapsed: train 2.62 test 0.40
09/04/2026,21:28:43: 	Recall@10: 0.06522 Recall@20: 0.09384 NDCG@10: 0.03867 NDCG@20: 0.04663 
09/04/2026,21:28:43: 	Recall@10: 0.02564 Recall@20: 0.03911 NDCG@10: 0.01442 NDCG@20: 0.01806 
09/04/2026,21:28:43: Epoch [57/1000]
09/04/2026,21:28:43: Negative sampling...
09/04/2026,21:28:44: Model's personal time...
09/04/2026,21:28:44: Training...
09/04/2026,21:28:45: Evaluating...
09/04/2026,21:28:46: 	Train Loss: 3834334.2500 (base: 263.2881, kd: 7668.1416), Elapsed: train 2.58 test 0.41
09/04/2026,21:28:46: 	Recall@10: 0.06469 Recall@20: 0.09480 NDCG@10: 0.03837 NDCG@20: 0.04669 
09/04/2026,21:28:46: 	Recall@10: 0.02586 Recall@20: 0.03820 NDCG@10: 0.01445 NDCG@20: 0.01782 
09/04/2026,21:28:46: Epoch [58/1000]
09/04/2026,21:28:46: Negative sampling...
09/04/2026,21:28:47: Model's personal time...
09/04/2026,21:28:47: Training...
09/04/2026,21:28:48: Evaluating...
09/04/2026,21:28:49: 	Train Loss: 3832433.5000 (base: 261.8198, kd: 7664.3428), Elapsed: train 2.51 test 0.40
09/04/2026,21:28:49: 	Recall@10: 0.06512 Recall@20: 0.09317 NDCG@10: 0.03863 NDCG@20: 0.04643 
09/04/2026,21:28:49: 	Recall@10: 0.02596 Recall@20: 0.03882 NDCG@10: 0.01447 NDCG@20: 0.01795 
09/04/2026,21:28:49: Epoch [59/1000]
09/04/2026,21:28:49: Negative sampling...
09/04/2026,21:28:50: Model's personal time...
09/04/2026,21:28:50: Training...
09/04/2026,21:28:51: Evaluating...
09/04/2026,21:28:52: 	Train Loss: 3829437.0000 (base: 255.8490, kd: 7658.3623), Elapsed: train 2.57 test 0.43 *
09/04/2026,21:28:52: 	Recall@10: 0.06491 Recall@20: 0.09495 NDCG@10: 0.03883 NDCG@20: 0.04710 
09/04/2026,21:28:52: 	Recall@10: 0.02557 Recall@20: 0.03949 NDCG@10: 0.01431 NDCG@20: 0.01808 
09/04/2026,21:28:52: Epoch [60/1000]
09/04/2026,21:28:52: Negative sampling...
09/04/2026,21:28:53: Model's personal time...
09/04/2026,21:28:53: Training...
09/04/2026,21:28:54: Evaluating...
09/04/2026,21:28:55: 	Train Loss: 3828026.7500 (base: 253.7086, kd: 7655.5459), Elapsed: train 2.81 test 0.48
09/04/2026,21:28:55: 	Recall@10: 0.06439 Recall@20: 0.09399 NDCG@10: 0.03841 NDCG@20: 0.04664 
09/04/2026,21:28:55: 	Recall@10: 0.02573 Recall@20: 0.03901 NDCG@10: 0.01430 NDCG@20: 0.01789 
09/04/2026,21:28:55: Epoch [61/1000]
09/04/2026,21:28:55: Negative sampling...
09/04/2026,21:28:56: Model's personal time...
09/04/2026,21:28:56: Training...
09/04/2026,21:28:57: Evaluating...
09/04/2026,21:28:58: 	Train Loss: 3825437.2500 (base: 250.5138, kd: 7650.3735), Elapsed: train 2.65 test 0.40
09/04/2026,21:28:58: 	Recall@10: 0.06478 Recall@20: 0.09423 NDCG@10: 0.03858 NDCG@20: 0.04680 
09/04/2026,21:28:58: 	Recall@10: 0.02592 Recall@20: 0.03874 NDCG@10: 0.01441 NDCG@20: 0.01789 
09/04/2026,21:28:58: Epoch [62/1000]
09/04/2026,21:28:58: Negative sampling...
09/04/2026,21:28:59: Model's personal time...
09/04/2026,21:28:59: Training...
09/04/2026,21:29:00: Evaluating...
09/04/2026,21:29:01: 	Train Loss: 3825398.2500 (base: 248.4414, kd: 7650.2988), Elapsed: train 2.59 test 0.40
09/04/2026,21:29:01: 	Recall@10: 0.06504 Recall@20: 0.09362 NDCG@10: 0.03854 NDCG@20: 0.04653 
09/04/2026,21:29:01: 	Recall@10: 0.02621 Recall@20: 0.03940 NDCG@10: 0.01439 NDCG@20: 0.01795 
09/04/2026,21:29:01: Epoch [63/1000]
09/04/2026,21:29:01: Negative sampling...
09/04/2026,21:29:02: Model's personal time...
09/04/2026,21:29:02: Training...
09/04/2026,21:29:03: Evaluating...
09/04/2026,21:29:04: 	Train Loss: 3825082.7500 (base: 246.7673, kd: 7649.6719), Elapsed: train 2.53 test 0.41
09/04/2026,21:29:04: 	Recall@10: 0.06444 Recall@20: 0.09468 NDCG@10: 0.03850 NDCG@20: 0.04695 
09/04/2026,21:29:04: 	Recall@10: 0.02621 Recall@20: 0.03941 NDCG@10: 0.01449 NDCG@20: 0.01805 
09/04/2026,21:29:04: Epoch [64/1000]
09/04/2026,21:29:04: Negative sampling...
09/04/2026,21:29:05: Model's personal time...
09/04/2026,21:29:05: Training...
09/04/2026,21:29:06: Evaluating...
09/04/2026,21:29:07: 	Train Loss: 3822906.7500 (base: 240.1545, kd: 7645.3325), Elapsed: train 2.52 test 0.50
09/04/2026,21:29:07: 	Recall@10: 0.06485 Recall@20: 0.09533 NDCG@10: 0.03841 NDCG@20: 0.04692 
09/04/2026,21:29:07: 	Recall@10: 0.02649 Recall@20: 0.03922 NDCG@10: 0.01448 NDCG@20: 0.01793 
09/04/2026,21:29:07: Epoch [65/1000]
09/04/2026,21:29:07: Negative sampling...
09/04/2026,21:29:08: Model's personal time...
09/04/2026,21:29:08: Training...
09/04/2026,21:29:09: Evaluating...
09/04/2026,21:29:10: 	Train Loss: 3821218.2500 (base: 238.2843, kd: 7641.9604), Elapsed: train 2.65 test 0.44
09/04/2026,21:29:10: 	Recall@10: 0.06544 Recall@20: 0.09517 NDCG@10: 0.03877 NDCG@20: 0.04696 
09/04/2026,21:29:10: 	Recall@10: 0.02611 Recall@20: 0.03946 NDCG@10: 0.01443 NDCG@20: 0.01800 
09/04/2026,21:29:10: Epoch [66/1000]
09/04/2026,21:29:10: Negative sampling...
09/04/2026,21:29:11: Model's personal time...
09/04/2026,21:29:11: Training...
09/04/2026,21:29:12: Evaluating...
09/04/2026,21:29:13: 	Train Loss: 3820003.7500 (base: 239.3830, kd: 7639.5293), Elapsed: train 2.56 test 0.41
09/04/2026,21:29:13: 	Recall@10: 0.06564 Recall@20: 0.09418 NDCG@10: 0.03880 NDCG@20: 0.04678 
09/04/2026,21:29:13: 	Recall@10: 0.02592 Recall@20: 0.03830 NDCG@10: 0.01424 NDCG@20: 0.01763 
09/04/2026,21:29:13: Epoch [67/1000]
09/04/2026,21:29:13: Negative sampling...
09/04/2026,21:29:14: Model's personal time...
09/04/2026,21:29:14: Training...
09/04/2026,21:29:16: Evaluating...
09/04/2026,21:29:16: 	Train Loss: 3820043.2500 (base: 234.7091, kd: 7639.6172), Elapsed: train 2.66 test 0.42
09/04/2026,21:29:16: 	Recall@10: 0.06603 Recall@20: 0.09463 NDCG@10: 0.03891 NDCG@20: 0.04683 
09/04/2026,21:29:16: 	Recall@10: 0.02567 Recall@20: 0.03871 NDCG@10: 0.01427 NDCG@20: 0.01780 
09/04/2026,21:29:16: Epoch [68/1000]
09/04/2026,21:29:16: Negative sampling...
09/04/2026,21:29:17: Model's personal time...
09/04/2026,21:29:17: Training...
09/04/2026,21:29:19: Evaluating...
09/04/2026,21:29:19: 	Train Loss: 3817941.5000 (base: 230.2393, kd: 7635.4219), Elapsed: train 2.56 test 0.40 *
09/04/2026,21:29:19: 	Recall@10: 0.06529 Recall@20: 0.09510 NDCG@10: 0.03900 NDCG@20: 0.04716 
09/04/2026,21:29:19: 	Recall@10: 0.02595 Recall@20: 0.03916 NDCG@10: 0.01436 NDCG@20: 0.01794 
09/04/2026,21:29:19: Epoch [69/1000]
09/04/2026,21:29:19: Negative sampling...
09/04/2026,21:29:20: Model's personal time...
09/04/2026,21:29:20: Training...
09/04/2026,21:29:22: Evaluating...
09/04/2026,21:29:22: 	Train Loss: 3818370.7500 (base: 229.8021, kd: 7636.2817), Elapsed: train 2.60 test 0.51
09/04/2026,21:29:22: 	Recall@10: 0.06602 Recall@20: 0.09501 NDCG@10: 0.03915 NDCG@20: 0.04712 
09/04/2026,21:29:22: 	Recall@10: 0.02614 Recall@20: 0.03954 NDCG@10: 0.01444 NDCG@20: 0.01805 
09/04/2026,21:29:22: Epoch [70/1000]
09/04/2026,21:29:22: Negative sampling...
09/04/2026,21:29:23: Model's personal time...
09/04/2026,21:29:24: Training...
09/04/2026,21:29:25: Evaluating...
09/04/2026,21:29:25: 	Train Loss: 3815994.7500 (base: 227.5236, kd: 7631.5342), Elapsed: train 2.54 test 0.43 *
09/04/2026,21:29:25: 	Recall@10: 0.06604 Recall@20: 0.09541 NDCG@10: 0.03934 NDCG@20: 0.04736 
09/04/2026,21:29:25: 	Recall@10: 0.02630 Recall@20: 0.03951 NDCG@10: 0.01452 NDCG@20: 0.01810 
09/04/2026,21:29:25: Epoch [71/1000]
09/04/2026,21:29:25: Negative sampling...
09/04/2026,21:29:26: Model's personal time...
09/04/2026,21:29:27: Training...
09/04/2026,21:29:28: Evaluating...
09/04/2026,21:29:28: 	Train Loss: 3815222.2500 (base: 224.0932, kd: 7629.9966), Elapsed: train 2.55 test 0.41
09/04/2026,21:29:28: 	Recall@10: 0.06597 Recall@20: 0.09520 NDCG@10: 0.03904 NDCG@20: 0.04713 
09/04/2026,21:29:28: 	Recall@10: 0.02679 Recall@20: 0.03973 NDCG@10: 0.01458 NDCG@20: 0.01802 
09/04/2026,21:29:28: Epoch [72/1000]
09/04/2026,21:29:28: Negative sampling...
09/04/2026,21:29:29: Model's personal time...
09/04/2026,21:29:29: Training...
09/04/2026,21:29:31: Evaluating...
09/04/2026,21:29:31: 	Train Loss: 3814738.7500 (base: 224.1607, kd: 7629.0293), Elapsed: train 2.57 test 0.45
09/04/2026,21:29:31: 	Recall@10: 0.06595 Recall@20: 0.09406 NDCG@10: 0.03897 NDCG@20: 0.04671 
09/04/2026,21:29:31: 	Recall@10: 0.02642 Recall@20: 0.04008 NDCG@10: 0.01432 NDCG@20: 0.01796 
09/04/2026,21:29:31: Epoch [73/1000]
09/04/2026,21:29:31: Negative sampling...
09/04/2026,21:29:32: Model's personal time...
09/04/2026,21:29:33: Training...
09/04/2026,21:29:34: Evaluating...
09/04/2026,21:29:34: 	Train Loss: 3813032.7500 (base: 220.9455, kd: 7625.6235), Elapsed: train 2.55 test 0.41
09/04/2026,21:29:34: 	Recall@10: 0.06530 Recall@20: 0.09445 NDCG@10: 0.03896 NDCG@20: 0.04702 
09/04/2026,21:29:34: 	Recall@10: 0.02662 Recall@20: 0.03984 NDCG@10: 0.01443 NDCG@20: 0.01799 
09/04/2026,21:29:34: Epoch [74/1000]
09/04/2026,21:29:34: Negative sampling...
09/04/2026,21:29:35: Model's personal time...
09/04/2026,21:29:35: Training...
09/04/2026,21:29:36: Evaluating...
09/04/2026,21:29:37: 	Train Loss: 3812234.0000 (base: 222.9862, kd: 7624.0220), Elapsed: train 2.46 test 0.40
09/04/2026,21:29:37: 	Recall@10: 0.06529 Recall@20: 0.09485 NDCG@10: 0.03916 NDCG@20: 0.04728 
09/04/2026,21:29:37: 	Recall@10: 0.02598 Recall@20: 0.04051 NDCG@10: 0.01435 NDCG@20: 0.01829 
09/04/2026,21:29:37: Epoch [75/1000]
09/04/2026,21:29:37: Negative sampling...
09/04/2026,21:29:38: Model's personal time...
09/04/2026,21:29:38: Training...
09/04/2026,21:29:39: Evaluating...
09/04/2026,21:29:40: 	Train Loss: 3812214.7500 (base: 216.4961, kd: 7623.9966), Elapsed: train 2.55 test 0.43
09/04/2026,21:29:40: 	Recall@10: 0.06692 Recall@20: 0.09416 NDCG@10: 0.03948 NDCG@20: 0.04699 
09/04/2026,21:29:40: 	Recall@10: 0.02633 Recall@20: 0.04031 NDCG@10: 0.01443 NDCG@20: 0.01818 
09/04/2026,21:29:40: Epoch [76/1000]
09/04/2026,21:29:40: Negative sampling...
09/04/2026,21:29:41: Model's personal time...
09/04/2026,21:29:41: Training...
09/04/2026,21:29:42: Evaluating...
09/04/2026,21:29:43: 	Train Loss: 3809734.7500 (base: 214.9438, kd: 7619.0396), Elapsed: train 2.57 test 0.41
09/04/2026,21:29:43: 	Recall@10: 0.06565 Recall@20: 0.09480 NDCG@10: 0.03924 NDCG@20: 0.04724 
09/04/2026,21:29:43: 	Recall@10: 0.02690 Recall@20: 0.03916 NDCG@10: 0.01458 NDCG@20: 0.01789 
09/04/2026,21:29:43: Epoch [77/1000]
09/04/2026,21:29:43: Negative sampling...
09/04/2026,21:29:44: Model's personal time...
09/04/2026,21:29:44: Training...
09/04/2026,21:29:45: Evaluating...
09/04/2026,21:29:46: 	Train Loss: 3809024.5000 (base: 216.8492, kd: 7617.6152), Elapsed: train 2.56 test 0.49
09/04/2026,21:29:46: 	Recall@10: 0.06566 Recall@20: 0.09460 NDCG@10: 0.03898 NDCG@20: 0.04696 
09/04/2026,21:29:46: 	Recall@10: 0.02547 Recall@20: 0.03951 NDCG@10: 0.01410 NDCG@20: 0.01792 
09/04/2026,21:29:46: Epoch [78/1000]
09/04/2026,21:29:46: Negative sampling...
09/04/2026,21:29:47: Model's personal time...
09/04/2026,21:29:47: Training...
09/04/2026,21:29:48: Evaluating...
09/04/2026,21:29:49: 	Train Loss: 3807965.0000 (base: 212.8773, kd: 7615.5039), Elapsed: train 2.50 test 0.40
09/04/2026,21:29:49: 	Recall@10: 0.06508 Recall@20: 0.09360 NDCG@10: 0.03887 NDCG@20: 0.04681 
09/04/2026,21:29:49: 	Recall@10: 0.02659 Recall@20: 0.03995 NDCG@10: 0.01441 NDCG@20: 0.01799 
09/04/2026,21:29:49: Epoch [79/1000]
09/04/2026,21:29:49: Negative sampling...
09/04/2026,21:29:50: Model's personal time...
09/04/2026,21:29:50: Training...
09/04/2026,21:29:51: Evaluating...
09/04/2026,21:29:52: 	Train Loss: 3806397.7500 (base: 211.1190, kd: 7612.3721), Elapsed: train 2.48 test 0.40
09/04/2026,21:29:52: 	Recall@10: 0.06562 Recall@20: 0.09428 NDCG@10: 0.03911 NDCG@20: 0.04707 
09/04/2026,21:29:52: 	Recall@10: 0.02638 Recall@20: 0.03901 NDCG@10: 0.01436 NDCG@20: 0.01783 
09/04/2026,21:29:52: Epoch [80/1000]
09/04/2026,21:29:52: Negative sampling...
09/04/2026,21:29:53: Model's personal time...
09/04/2026,21:29:53: Training...
09/04/2026,21:29:54: Evaluating...
09/04/2026,21:29:55: 	Train Loss: 3806527.0000 (base: 208.1003, kd: 7612.6377), Elapsed: train 2.58 test 0.41
09/04/2026,21:29:55: 	Recall@10: 0.06601 Recall@20: 0.09416 NDCG@10: 0.03915 NDCG@20: 0.04691 
09/04/2026,21:29:55: 	Recall@10: 0.02628 Recall@20: 0.03951 NDCG@10: 0.01424 NDCG@20: 0.01781 
09/04/2026,21:29:55: Epoch [81/1000]
09/04/2026,21:29:55: Negative sampling...
09/04/2026,21:29:56: Model's personal time...
09/04/2026,21:29:56: Training...
09/04/2026,21:29:57: Evaluating...
09/04/2026,21:29:58: 	Train Loss: 3805597.2500 (base: 208.7790, kd: 7610.7769), Elapsed: train 2.55 test 0.40
09/04/2026,21:29:58: 	Recall@10: 0.06550 Recall@20: 0.09435 NDCG@10: 0.03901 NDCG@20: 0.04701 
09/04/2026,21:29:58: 	Recall@10: 0.02649 Recall@20: 0.03930 NDCG@10: 0.01438 NDCG@20: 0.01787 
09/04/2026,21:29:58: Epoch [82/1000]
09/04/2026,21:29:58: Negative sampling...
09/04/2026,21:29:59: Model's personal time...
09/04/2026,21:29:59: Training...
09/04/2026,21:30:00: Evaluating...
09/04/2026,21:30:01: 	Train Loss: 3804865.2500 (base: 205.6119, kd: 7609.3198), Elapsed: train 2.55 test 0.48
09/04/2026,21:30:01: 	Recall@10: 0.06678 Recall@20: 0.09360 NDCG@10: 0.03952 NDCG@20: 0.04702 
09/04/2026,21:30:01: 	Recall@10: 0.02631 Recall@20: 0.03898 NDCG@10: 0.01429 NDCG@20: 0.01775 
09/04/2026,21:30:01: Epoch [83/1000]
09/04/2026,21:30:01: Negative sampling...
09/04/2026,21:30:02: Model's personal time...
09/04/2026,21:30:02: Training...
09/04/2026,21:30:03: Evaluating...
09/04/2026,21:30:04: 	Train Loss: 3805025.5000 (base: 204.5840, kd: 7609.6421), Elapsed: train 2.54 test 0.41
09/04/2026,21:30:04: 	Recall@10: 0.06498 Recall@20: 0.09488 NDCG@10: 0.03887 NDCG@20: 0.04714 
09/04/2026,21:30:04: 	Recall@10: 0.02644 Recall@20: 0.03972 NDCG@10: 0.01450 NDCG@20: 0.01807 
09/04/2026,21:30:04: Epoch [84/1000]
09/04/2026,21:30:04: Negative sampling...
09/04/2026,21:30:05: Model's personal time...
09/04/2026,21:30:05: Training...
09/04/2026,21:30:06: Evaluating...
09/04/2026,21:30:07: 	Train Loss: 3803731.2500 (base: 202.5059, kd: 7607.0571), Elapsed: train 2.60 test 0.40
09/04/2026,21:30:07: 	Recall@10: 0.06596 Recall@20: 0.09424 NDCG@10: 0.03905 NDCG@20: 0.04684 
09/04/2026,21:30:07: 	Recall@10: 0.02580 Recall@20: 0.03959 NDCG@10: 0.01416 NDCG@20: 0.01790 
09/04/2026,21:30:07: Epoch [85/1000]
09/04/2026,21:30:07: Negative sampling...
09/04/2026,21:30:08: Model's personal time...
09/04/2026,21:30:08: Training...
09/04/2026,21:30:09: Evaluating...
09/04/2026,21:30:09: 	Train Loss: 3803105.5000 (base: 201.9292, kd: 7605.8071), Elapsed: train 2.47 test 0.40
09/04/2026,21:30:09: 	Recall@10: 0.06765 Recall@20: 0.09403 NDCG@10: 0.03968 NDCG@20: 0.04699 
09/04/2026,21:30:09: 	Recall@10: 0.02636 Recall@20: 0.03995 NDCG@10: 0.01426 NDCG@20: 0.01794 
09/04/2026,21:30:09: Epoch [86/1000]
09/04/2026,21:30:09: Negative sampling...
09/04/2026,21:30:11: Model's personal time...
09/04/2026,21:30:11: Training...
09/04/2026,21:30:12: Evaluating...
09/04/2026,21:30:12: 	Train Loss: 3802230.2500 (base: 198.6846, kd: 7604.0630), Elapsed: train 2.49 test 0.45
09/04/2026,21:30:12: 	Recall@10: 0.06646 Recall@20: 0.09392 NDCG@10: 0.03930 NDCG@20: 0.04695 
09/04/2026,21:30:12: 	Recall@10: 0.02622 Recall@20: 0.03972 NDCG@10: 0.01420 NDCG@20: 0.01786 
09/04/2026,21:30:12: Epoch [87/1000]
09/04/2026,21:30:12: Negative sampling...
09/04/2026,21:30:14: Model's personal time...
09/04/2026,21:30:14: Training...
09/04/2026,21:30:15: Evaluating...
09/04/2026,21:30:15: 	Train Loss: 3800810.2500 (base: 195.3816, kd: 7601.2300), Elapsed: train 2.57 test 0.40
09/04/2026,21:30:15: 	Recall@10: 0.06614 Recall@20: 0.09450 NDCG@10: 0.03920 NDCG@20: 0.04709 
09/04/2026,21:30:15: 	Recall@10: 0.02638 Recall@20: 0.03879 NDCG@10: 0.01434 NDCG@20: 0.01775 
09/04/2026,21:30:15: Epoch [88/1000]
09/04/2026,21:30:15: Negative sampling...
09/04/2026,21:30:17: Model's personal time...
09/04/2026,21:30:17: Training...
09/04/2026,21:30:18: Evaluating...
09/04/2026,21:30:18: 	Train Loss: 3800464.2500 (base: 198.8329, kd: 7600.5303), Elapsed: train 2.60 test 0.41
09/04/2026,21:30:18: 	Recall@10: 0.06565 Recall@20: 0.09431 NDCG@10: 0.03933 NDCG@20: 0.04727 
09/04/2026,21:30:18: 	Recall@10: 0.02636 Recall@20: 0.03946 NDCG@10: 0.01431 NDCG@20: 0.01787 
09/04/2026,21:30:18: Epoch [89/1000]
09/04/2026,21:30:18: Negative sampling...
09/04/2026,21:30:20: Model's personal time...
09/04/2026,21:30:20: Training...
09/04/2026,21:30:21: Evaluating...
09/04/2026,21:30:21: 	Train Loss: 3798224.0000 (base: 195.7176, kd: 7596.0562), Elapsed: train 2.54 test 0.40
09/04/2026,21:30:21: 	Recall@10: 0.06621 Recall@20: 0.09417 NDCG@10: 0.03959 NDCG@20: 0.04730 
09/04/2026,21:30:21: 	Recall@10: 0.02622 Recall@20: 0.03923 NDCG@10: 0.01403 NDCG@20: 0.01760 
09/04/2026,21:30:21: Epoch [90/1000]
09/04/2026,21:30:21: Negative sampling...
09/04/2026,21:30:23: Model's personal time...
09/04/2026,21:30:23: Training...
09/04/2026,21:30:24: Evaluating...
09/04/2026,21:30:24: 	Train Loss: 3800141.0000 (base: 193.5643, kd: 7599.8940), Elapsed: train 2.51 test 0.47
09/04/2026,21:30:24: 	Recall@10: 0.06644 Recall@20: 0.09222 NDCG@10: 0.03960 NDCG@20: 0.04683 
09/04/2026,21:30:24: 	Recall@10: 0.02599 Recall@20: 0.03898 NDCG@10: 0.01416 NDCG@20: 0.01771 
09/04/2026,21:30:24: Epoch [91/1000]
09/04/2026,21:30:24: Negative sampling...
09/04/2026,21:30:26: Model's personal time...
09/04/2026,21:30:26: Training...
09/04/2026,21:30:27: Evaluating...
09/04/2026,21:30:27: 	Train Loss: 3798794.0000 (base: 191.9467, kd: 7597.2041), Elapsed: train 2.47 test 0.43
09/04/2026,21:30:27: 	Recall@10: 0.06604 Recall@20: 0.09377 NDCG@10: 0.03934 NDCG@20: 0.04702 
09/04/2026,21:30:27: 	Recall@10: 0.02574 Recall@20: 0.03989 NDCG@10: 0.01402 NDCG@20: 0.01785 
09/04/2026,21:30:27: Epoch [92/1000]
09/04/2026,21:30:27: Negative sampling...
09/04/2026,21:30:28: Model's personal time...
09/04/2026,21:30:29: Training...
09/04/2026,21:30:30: Evaluating...
09/04/2026,21:30:30: 	Train Loss: 3799153.5000 (base: 192.2997, kd: 7597.9229), Elapsed: train 2.72 test 0.46
09/04/2026,21:30:30: 	Recall@10: 0.06647 Recall@20: 0.09403 NDCG@10: 0.03936 NDCG@20: 0.04701 
09/04/2026,21:30:30: 	Recall@10: 0.02590 Recall@20: 0.03966 NDCG@10: 0.01414 NDCG@20: 0.01787 
09/04/2026,21:30:30: Epoch [93/1000]
09/04/2026,21:30:30: Negative sampling...
09/04/2026,21:30:32: Model's personal time...
09/04/2026,21:30:32: Training...
09/04/2026,21:30:33: Evaluating...
09/04/2026,21:30:33: 	Train Loss: 3797266.7500 (base: 188.0650, kd: 7594.1582), Elapsed: train 2.65 test 0.41
09/04/2026,21:30:33: 	Recall@10: 0.06678 Recall@20: 0.09378 NDCG@10: 0.03979 NDCG@20: 0.04730 
09/04/2026,21:30:33: 	Recall@10: 0.02615 Recall@20: 0.03949 NDCG@10: 0.01423 NDCG@20: 0.01788 
09/04/2026,21:30:33: Epoch [94/1000]
09/04/2026,21:30:33: Negative sampling...
09/04/2026,21:30:35: Model's personal time...
09/04/2026,21:30:35: Training...
09/04/2026,21:30:36: Evaluating...
09/04/2026,21:30:36: 	Train Loss: 3797077.7500 (base: 184.0515, kd: 7593.7881), Elapsed: train 2.59 test 0.43
09/04/2026,21:30:36: 	Recall@10: 0.06669 Recall@20: 0.09437 NDCG@10: 0.03949 NDCG@20: 0.04719 
09/04/2026,21:30:36: 	Recall@10: 0.02641 Recall@20: 0.03888 NDCG@10: 0.01422 NDCG@20: 0.01763 
09/04/2026,21:30:36: Epoch [95/1000]
09/04/2026,21:30:36: Negative sampling...
09/04/2026,21:30:38: Model's personal time...
09/04/2026,21:30:38: Training...
09/04/2026,21:30:39: Evaluating...
09/04/2026,21:30:39: 	Train Loss: 3796322.2500 (base: 185.7627, kd: 7592.2729), Elapsed: train 2.50 test 0.42 *
09/04/2026,21:30:39: 	Recall@10: 0.06687 Recall@20: 0.09449 NDCG@10: 0.03979 NDCG@20: 0.04742 
09/04/2026,21:30:39: 	Recall@10: 0.02597 Recall@20: 0.03969 NDCG@10: 0.01411 NDCG@20: 0.01783 
09/04/2026,21:30:39: Epoch [96/1000]
09/04/2026,21:30:39: Negative sampling...
09/04/2026,21:30:41: Model's personal time...
09/04/2026,21:30:41: Training...
09/04/2026,21:30:42: Evaluating...
09/04/2026,21:30:42: 	Train Loss: 3797029.2500 (base: 185.4092, kd: 7593.6875), Elapsed: train 2.57 test 0.43 *
09/04/2026,21:30:42: 	Recall@10: 0.06680 Recall@20: 0.09454 NDCG@10: 0.03987 NDCG@20: 0.04754 
09/04/2026,21:30:42: 	Recall@10: 0.02619 Recall@20: 0.03988 NDCG@10: 0.01423 NDCG@20: 0.01795 
09/04/2026,21:30:42: Epoch [97/1000]
09/04/2026,21:30:42: Negative sampling...
09/04/2026,21:30:44: Model's personal time...
09/04/2026,21:30:44: Training...
09/04/2026,21:30:45: Evaluating...
09/04/2026,21:30:45: 	Train Loss: 3796929.2500 (base: 185.9828, kd: 7593.4873), Elapsed: train 2.61 test 0.45
09/04/2026,21:30:45: 	Recall@10: 0.06698 Recall@20: 0.09389 NDCG@10: 0.03965 NDCG@20: 0.04711 
09/04/2026,21:30:45: 	Recall@10: 0.02623 Recall@20: 0.03921 NDCG@10: 0.01435 NDCG@20: 0.01790 
09/04/2026,21:30:45: Epoch [98/1000]
09/04/2026,21:30:45: Negative sampling...
09/04/2026,21:30:47: Model's personal time...
09/04/2026,21:30:47: Training...
09/04/2026,21:30:48: Evaluating...
09/04/2026,21:30:48: 	Train Loss: 3794058.2500 (base: 183.3199, kd: 7587.7505), Elapsed: train 2.54 test 0.40
09/04/2026,21:30:48: 	Recall@10: 0.06638 Recall@20: 0.09418 NDCG@10: 0.03955 NDCG@20: 0.04722 
09/04/2026,21:30:48: 	Recall@10: 0.02651 Recall@20: 0.03946 NDCG@10: 0.01454 NDCG@20: 0.01806 
09/04/2026,21:30:48: Epoch [99/1000]
09/04/2026,21:30:48: Negative sampling...
09/04/2026,21:30:50: Model's personal time...
09/04/2026,21:30:50: Training...
09/04/2026,21:30:51: Evaluating...
09/04/2026,21:30:51: 	Train Loss: 3793756.7500 (base: 183.0569, kd: 7587.1470), Elapsed: train 2.48 test 0.39
09/04/2026,21:30:51: 	Recall@10: 0.06681 Recall@20: 0.09410 NDCG@10: 0.03973 NDCG@20: 0.04728 
09/04/2026,21:30:51: 	Recall@10: 0.02619 Recall@20: 0.03927 NDCG@10: 0.01416 NDCG@20: 0.01771 
09/04/2026,21:30:51: Epoch [100/1000]
09/04/2026,21:30:51: Negative sampling...
09/04/2026,21:30:53: Model's personal time...
09/04/2026,21:30:53: Training...
09/04/2026,21:30:54: Evaluating...
09/04/2026,21:30:54: 	Train Loss: 3793826.5000 (base: 186.3849, kd: 7587.2803), Elapsed: train 2.46 test 0.40
09/04/2026,21:30:54: 	Recall@10: 0.06690 Recall@20: 0.09478 NDCG@10: 0.03970 NDCG@20: 0.04740 
09/04/2026,21:30:54: 	Recall@10: 0.02517 Recall@20: 0.03978 NDCG@10: 0.01385 NDCG@20: 0.01781 
09/04/2026,21:30:54: Epoch [101/1000]
09/04/2026,21:30:54: Negative sampling...
09/04/2026,21:30:55: Model's personal time...
09/04/2026,21:30:56: Training...
09/04/2026,21:30:57: Evaluating...
09/04/2026,21:30:57: 	Train Loss: 3793085.7500 (base: 177.6761, kd: 7585.8164), Elapsed: train 2.49 test 0.41
09/04/2026,21:30:57: 	Recall@10: 0.06671 Recall@20: 0.09390 NDCG@10: 0.03953 NDCG@20: 0.04704 
09/04/2026,21:30:57: 	Recall@10: 0.02519 Recall@20: 0.03942 NDCG@10: 0.01382 NDCG@20: 0.01773 
09/04/2026,21:30:57: Epoch [102/1000]
09/04/2026,21:30:57: Negative sampling...
09/04/2026,21:30:58: Model's personal time...
09/04/2026,21:30:58: Training...
09/04/2026,21:30:59: Evaluating...
09/04/2026,21:31:00: 	Train Loss: 3791445.5000 (base: 176.0529, kd: 7582.5381), Elapsed: train 2.46 test 0.40
09/04/2026,21:31:00: 	Recall@10: 0.06672 Recall@20: 0.09386 NDCG@10: 0.03962 NDCG@20: 0.04713 
09/04/2026,21:31:00: 	Recall@10: 0.02562 Recall@20: 0.03922 NDCG@10: 0.01410 NDCG@20: 0.01780 
09/04/2026,21:31:00: Epoch [103/1000]
09/04/2026,21:31:00: Negative sampling...
09/04/2026,21:31:01: Model's personal time...
09/04/2026,21:31:01: Training...
09/04/2026,21:31:02: Evaluating...
09/04/2026,21:31:03: 	Train Loss: 3791727.5000 (base: 181.6497, kd: 7583.0918), Elapsed: train 2.61 test 0.40
09/04/2026,21:31:03: 	Recall@10: 0.06776 Recall@20: 0.09433 NDCG@10: 0.04010 NDCG@20: 0.04739 
09/04/2026,21:31:03: 	Recall@10: 0.02597 Recall@20: 0.03932 NDCG@10: 0.01419 NDCG@20: 0.01784 
09/04/2026,21:31:03: Epoch [104/1000]
09/04/2026,21:31:03: Negative sampling...
09/04/2026,21:31:04: Model's personal time...
09/04/2026,21:31:04: Training...
09/04/2026,21:31:05: Evaluating...
09/04/2026,21:31:06: 	Train Loss: 3792025.5000 (base: 178.0624, kd: 7583.6938), Elapsed: train 2.63 test 0.47
09/04/2026,21:31:06: 	Recall@10: 0.06672 Recall@20: 0.09337 NDCG@10: 0.03991 NDCG@20: 0.04728 
09/04/2026,21:31:06: 	Recall@10: 0.02527 Recall@20: 0.03949 NDCG@10: 0.01386 NDCG@20: 0.01774 
09/04/2026,21:31:06: Epoch [105/1000]
09/04/2026,21:31:06: Negative sampling...
09/04/2026,21:31:07: Model's personal time...
09/04/2026,21:31:07: Training...
09/04/2026,21:31:08: Evaluating...
09/04/2026,21:31:09: 	Train Loss: 3790248.7500 (base: 173.2555, kd: 7580.1504), Elapsed: train 2.47 test 0.40
09/04/2026,21:31:09: 	Recall@10: 0.06736 Recall@20: 0.09482 NDCG@10: 0.03996 NDCG@20: 0.04753 
09/04/2026,21:31:09: 	Recall@10: 0.02584 Recall@20: 0.03903 NDCG@10: 0.01412 NDCG@20: 0.01775 
09/04/2026,21:31:09: Epoch [106/1000]
09/04/2026,21:31:09: Negative sampling...
09/04/2026,21:31:10: Model's personal time...
09/04/2026,21:31:10: Training...
09/04/2026,21:31:11: Evaluating...
09/04/2026,21:31:12: 	Train Loss: 3791247.2500 (base: 170.5461, kd: 7582.1528), Elapsed: train 2.50 test 0.40 *
09/04/2026,21:31:12: 	Recall@10: 0.06643 Recall@20: 0.09543 NDCG@10: 0.03956 NDCG@20: 0.04756 
09/04/2026,21:31:12: 	Recall@10: 0.02543 Recall@20: 0.03951 NDCG@10: 0.01394 NDCG@20: 0.01779 
09/04/2026,21:31:12: Epoch [107/1000]
09/04/2026,21:31:12: Negative sampling...
09/04/2026,21:31:13: Model's personal time...
09/04/2026,21:31:13: Training...
09/04/2026,21:31:14: Evaluating...
09/04/2026,21:31:15: 	Train Loss: 3790694.5000 (base: 173.2072, kd: 7581.0425), Elapsed: train 2.44 test 0.45 *
09/04/2026,21:31:15: 	Recall@10: 0.06636 Recall@20: 0.09570 NDCG@10: 0.03948 NDCG@20: 0.04757 
09/04/2026,21:31:15: 	Recall@10: 0.02545 Recall@20: 0.03999 NDCG@10: 0.01396 NDCG@20: 0.01792 
09/04/2026,21:31:15: Epoch [108/1000]
09/04/2026,21:31:15: Negative sampling...
09/04/2026,21:31:16: Model's personal time...
09/04/2026,21:31:16: Training...
09/04/2026,21:31:17: Evaluating...
09/04/2026,21:31:18: 	Train Loss: 3789085.0000 (base: 173.9829, kd: 7577.8228), Elapsed: train 2.56 test 0.40 *
09/04/2026,21:31:18: 	Recall@10: 0.06730 Recall@20: 0.09655 NDCG@10: 0.03995 NDCG@20: 0.04795 
09/04/2026,21:31:18: 	Recall@10: 0.02552 Recall@20: 0.03973 NDCG@10: 0.01402 NDCG@20: 0.01787 
09/04/2026,21:31:18: Epoch [109/1000]
09/04/2026,21:31:18: Negative sampling...
09/04/2026,21:31:19: Model's personal time...
09/04/2026,21:31:19: Training...
09/04/2026,21:31:20: Evaluating...
09/04/2026,21:31:20: 	Train Loss: 3790610.5000 (base: 171.9824, kd: 7580.8770), Elapsed: train 2.46 test 0.39
09/04/2026,21:31:20: 	Recall@10: 0.06691 Recall@20: 0.09435 NDCG@10: 0.03993 NDCG@20: 0.04751 
09/04/2026,21:31:20: 	Recall@10: 0.02549 Recall@20: 0.04039 NDCG@10: 0.01378 NDCG@20: 0.01784 
09/04/2026,21:31:20: Epoch [110/1000]
09/04/2026,21:31:20: Negative sampling...
09/04/2026,21:31:22: Model's personal time...
09/04/2026,21:31:22: Training...
09/04/2026,21:31:23: Evaluating...
09/04/2026,21:31:23: 	Train Loss: 3789064.5000 (base: 169.9263, kd: 7577.7881), Elapsed: train 2.50 test 0.40
09/04/2026,21:31:23: 	Recall@10: 0.06703 Recall@20: 0.09518 NDCG@10: 0.03983 NDCG@20: 0.04759 
09/04/2026,21:31:23: 	Recall@10: 0.02561 Recall@20: 0.04027 NDCG@10: 0.01384 NDCG@20: 0.01783 
09/04/2026,21:31:23: Epoch [111/1000]
09/04/2026,21:31:23: Negative sampling...
09/04/2026,21:31:25: Model's personal time...
09/04/2026,21:31:25: Training...
09/04/2026,21:31:26: Evaluating...
09/04/2026,21:31:26: 	Train Loss: 3788609.2500 (base: 169.2238, kd: 7576.8799), Elapsed: train 2.51 test 0.40
09/04/2026,21:31:26: 	Recall@10: 0.06738 Recall@20: 0.09498 NDCG@10: 0.03985 NDCG@20: 0.04740 
09/04/2026,21:31:26: 	Recall@10: 0.02558 Recall@20: 0.04031 NDCG@10: 0.01392 NDCG@20: 0.01792 
09/04/2026,21:31:26: Epoch [112/1000]
09/04/2026,21:31:26: Negative sampling...
09/04/2026,21:31:28: Model's personal time...
09/04/2026,21:31:28: Training...
09/04/2026,21:31:29: Evaluating...
09/04/2026,21:31:29: 	Train Loss: 3788423.0000 (base: 174.0493, kd: 7576.4985), Elapsed: train 2.51 test 0.40
09/04/2026,21:31:29: 	Recall@10: 0.06785 Recall@20: 0.09565 NDCG@10: 0.04017 NDCG@20: 0.04778 
09/04/2026,21:31:29: 	Recall@10: 0.02613 Recall@20: 0.04035 NDCG@10: 0.01415 NDCG@20: 0.01802 
09/04/2026,21:31:29: Epoch [113/1000]
09/04/2026,21:31:29: Negative sampling...
09/04/2026,21:31:30: Model's personal time...
09/04/2026,21:31:31: Training...
09/04/2026,21:31:32: Evaluating...
09/04/2026,21:31:32: 	Train Loss: 3788183.5000 (base: 167.3507, kd: 7576.0317), Elapsed: train 2.53 test 0.40
09/04/2026,21:31:32: 	Recall@10: 0.06771 Recall@20: 0.09629 NDCG@10: 0.04009 NDCG@20: 0.04791 
09/04/2026,21:31:32: 	Recall@10: 0.02457 Recall@20: 0.04015 NDCG@10: 0.01383 NDCG@20: 0.01808 
09/04/2026,21:31:32: Epoch [114/1000]
09/04/2026,21:31:32: Negative sampling...
09/04/2026,21:31:33: Model's personal time...
09/04/2026,21:31:34: Training...
09/04/2026,21:31:35: Evaluating...
09/04/2026,21:31:35: 	Train Loss: 3788394.7500 (base: 171.8025, kd: 7576.4463), Elapsed: train 2.48 test 0.42
09/04/2026,21:31:35: 	Recall@10: 0.06727 Recall@20: 0.09565 NDCG@10: 0.04007 NDCG@20: 0.04786 
09/04/2026,21:31:35: 	Recall@10: 0.02581 Recall@20: 0.03999 NDCG@10: 0.01419 NDCG@20: 0.01805 
09/04/2026,21:31:35: Epoch [115/1000]
09/04/2026,21:31:35: Negative sampling...
09/04/2026,21:31:36: Model's personal time...
09/04/2026,21:31:36: Training...
09/04/2026,21:31:37: Evaluating...
09/04/2026,21:31:38: 	Train Loss: 3787063.5000 (base: 170.3893, kd: 7573.7861), Elapsed: train 2.49 test 0.47 *
09/04/2026,21:31:38: 	Recall@10: 0.06761 Recall@20: 0.09661 NDCG@10: 0.04004 NDCG@20: 0.04806 
09/04/2026,21:31:38: 	Recall@10: 0.02539 Recall@20: 0.04013 NDCG@10: 0.01401 NDCG@20: 0.01801 
09/04/2026,21:31:38: Epoch [116/1000]
09/04/2026,21:31:38: Negative sampling...
09/04/2026,21:31:39: Model's personal time...
09/04/2026,21:31:39: Training...
09/04/2026,21:31:41: Evaluating...
09/04/2026,21:31:41: 	Train Loss: 3787243.2500 (base: 166.1121, kd: 7574.1548), Elapsed: train 2.70 test 0.46
09/04/2026,21:31:41: 	Recall@10: 0.06719 Recall@20: 0.09591 NDCG@10: 0.03993 NDCG@20: 0.04786 
09/04/2026,21:31:41: 	Recall@10: 0.02511 Recall@20: 0.03999 NDCG@10: 0.01399 NDCG@20: 0.01806 
09/04/2026,21:31:41: Epoch [117/1000]
09/04/2026,21:31:41: Negative sampling...
09/04/2026,21:31:42: Model's personal time...
09/04/2026,21:31:43: Training...
09/04/2026,21:31:44: Evaluating...
09/04/2026,21:31:44: 	Train Loss: 3787353.7500 (base: 164.7380, kd: 7574.3779), Elapsed: train 2.69 test 0.44
09/04/2026,21:31:44: 	Recall@10: 0.06727 Recall@20: 0.09509 NDCG@10: 0.03991 NDCG@20: 0.04760 
09/04/2026,21:31:44: 	Recall@10: 0.02546 Recall@20: 0.04020 NDCG@10: 0.01411 NDCG@20: 0.01813 
09/04/2026,21:31:44: Epoch [118/1000]
09/04/2026,21:31:44: Negative sampling...
09/04/2026,21:31:46: Model's personal time...
09/04/2026,21:31:46: Training...
09/04/2026,21:31:47: Evaluating...
09/04/2026,21:31:47: 	Train Loss: 3786338.0000 (base: 165.7171, kd: 7572.3447), Elapsed: train 2.73 test 0.45
09/04/2026,21:31:47: 	Recall@10: 0.06766 Recall@20: 0.09530 NDCG@10: 0.04017 NDCG@20: 0.04778 
09/04/2026,21:31:47: 	Recall@10: 0.02528 Recall@20: 0.04048 NDCG@10: 0.01396 NDCG@20: 0.01807 
09/04/2026,21:31:47: Epoch [119/1000]
09/04/2026,21:31:47: Negative sampling...
09/04/2026,21:31:49: Model's personal time...
09/04/2026,21:31:49: Training...
09/04/2026,21:31:50: Evaluating...
09/04/2026,21:31:51: 	Train Loss: 3785885.2500 (base: 163.7872, kd: 7571.4438), Elapsed: train 2.73 test 0.43
09/04/2026,21:31:51: 	Recall@10: 0.06764 Recall@20: 0.09574 NDCG@10: 0.04006 NDCG@20: 0.04785 
09/04/2026,21:31:51: 	Recall@10: 0.02488 Recall@20: 0.03980 NDCG@10: 0.01399 NDCG@20: 0.01810 
09/04/2026,21:31:51: Epoch [120/1000]
09/04/2026,21:31:51: Negative sampling...
09/04/2026,21:31:52: Model's personal time...
09/04/2026,21:31:52: Training...
09/04/2026,21:31:53: Evaluating...
09/04/2026,21:31:54: 	Train Loss: 3785307.2500 (base: 161.7270, kd: 7570.2915), Elapsed: train 2.63 test 0.52
09/04/2026,21:31:54: 	Recall@10: 0.06734 Recall@20: 0.09470 NDCG@10: 0.03978 NDCG@20: 0.04732 
09/04/2026,21:31:54: 	Recall@10: 0.02514 Recall@20: 0.04076 NDCG@10: 0.01401 NDCG@20: 0.01823 
09/04/2026,21:31:54: Epoch [121/1000]
09/04/2026,21:31:54: Negative sampling...
09/04/2026,21:31:55: Model's personal time...
09/04/2026,21:31:55: Training...
09/04/2026,21:31:56: Evaluating...
09/04/2026,21:31:57: 	Train Loss: 3786162.0000 (base: 165.1653, kd: 7571.9937), Elapsed: train 2.72 test 0.43
09/04/2026,21:31:57: 	Recall@10: 0.06733 Recall@20: 0.09569 NDCG@10: 0.03968 NDCG@20: 0.04750 
09/04/2026,21:31:57: 	Recall@10: 0.02498 Recall@20: 0.04028 NDCG@10: 0.01386 NDCG@20: 0.01801 
09/04/2026,21:31:57: Epoch [122/1000]
09/04/2026,21:31:57: Negative sampling...
09/04/2026,21:31:58: Model's personal time...
09/04/2026,21:31:58: Training...
09/04/2026,21:32:00: Evaluating...
09/04/2026,21:32:00: 	Train Loss: 3785527.5000 (base: 162.7753, kd: 7570.7295), Elapsed: train 2.83 test 0.45
09/04/2026,21:32:00: 	Recall@10: 0.06755 Recall@20: 0.09556 NDCG@10: 0.03976 NDCG@20: 0.04745 
09/04/2026,21:32:00: 	Recall@10: 0.02501 Recall@20: 0.04036 NDCG@10: 0.01389 NDCG@20: 0.01803 
09/04/2026,21:32:00: Epoch [123/1000]
09/04/2026,21:32:00: Negative sampling...
09/04/2026,21:32:02: Model's personal time...
09/04/2026,21:32:02: Training...
09/04/2026,21:32:03: Evaluating...
09/04/2026,21:32:03: 	Train Loss: 3784965.7500 (base: 161.5157, kd: 7569.6089), Elapsed: train 2.56 test 0.41
09/04/2026,21:32:03: 	Recall@10: 0.06722 Recall@20: 0.09561 NDCG@10: 0.03978 NDCG@20: 0.04759 
09/04/2026,21:32:03: 	Recall@10: 0.02488 Recall@20: 0.04018 NDCG@10: 0.01400 NDCG@20: 0.01816 
09/04/2026,21:32:03: Epoch [124/1000]
09/04/2026,21:32:03: Negative sampling...
09/04/2026,21:32:05: Model's personal time...
09/04/2026,21:32:05: Training...
09/04/2026,21:32:06: Evaluating...
09/04/2026,21:32:06: 	Train Loss: 3785346.5000 (base: 160.2053, kd: 7570.3721), Elapsed: train 2.60 test 0.50
09/04/2026,21:32:06: 	Recall@10: 0.06801 Recall@20: 0.09548 NDCG@10: 0.04002 NDCG@20: 0.04762 
09/04/2026,21:32:06: 	Recall@10: 0.02501 Recall@20: 0.03925 NDCG@10: 0.01403 NDCG@20: 0.01793 
09/04/2026,21:32:06: Epoch [125/1000]
09/04/2026,21:32:06: Negative sampling...
09/04/2026,21:32:08: Model's personal time...
09/04/2026,21:32:08: Training...
09/04/2026,21:32:09: Evaluating...
09/04/2026,21:32:09: 	Train Loss: 3784055.0000 (base: 161.1944, kd: 7567.7881), Elapsed: train 2.55 test 0.40
09/04/2026,21:32:09: 	Recall@10: 0.06779 Recall@20: 0.09450 NDCG@10: 0.04022 NDCG@20: 0.04760 
09/04/2026,21:32:09: 	Recall@10: 0.02460 Recall@20: 0.03915 NDCG@10: 0.01388 NDCG@20: 0.01788 
09/04/2026,21:32:09: Epoch [126/1000]
09/04/2026,21:32:09: Negative sampling...
09/04/2026,21:32:11: Model's personal time...
09/04/2026,21:32:11: Training...
09/04/2026,21:32:12: Evaluating...
09/04/2026,21:32:12: 	Train Loss: 3784722.2500 (base: 162.4165, kd: 7569.1196), Elapsed: train 2.64 test 0.40
09/04/2026,21:32:12: 	Recall@10: 0.06797 Recall@20: 0.09600 NDCG@10: 0.04022 NDCG@20: 0.04790 
09/04/2026,21:32:12: 	Recall@10: 0.02460 Recall@20: 0.04018 NDCG@10: 0.01384 NDCG@20: 0.01812 
09/04/2026,21:32:12: Epoch [127/1000]
09/04/2026,21:32:12: Negative sampling...
09/04/2026,21:32:14: Model's personal time...
09/04/2026,21:32:14: Training...
09/04/2026,21:32:15: Evaluating...
09/04/2026,21:32:15: 	Train Loss: 3784709.7500 (base: 159.1114, kd: 7569.1006), Elapsed: train 2.56 test 0.41
09/04/2026,21:32:15: 	Recall@10: 0.06796 Recall@20: 0.09493 NDCG@10: 0.04023 NDCG@20: 0.04760 
09/04/2026,21:32:15: 	Recall@10: 0.02533 Recall@20: 0.04007 NDCG@10: 0.01421 NDCG@20: 0.01823 
09/04/2026,21:32:15: Epoch [128/1000]
09/04/2026,21:32:15: Negative sampling...
09/04/2026,21:32:17: Model's personal time...
09/04/2026,21:32:17: Training...
09/04/2026,21:32:18: Evaluating...
09/04/2026,21:32:18: 	Train Loss: 3782598.7500 (base: 158.4146, kd: 7564.8804), Elapsed: train 2.62 test 0.49
09/04/2026,21:32:18: 	Recall@10: 0.06811 Recall@20: 0.09485 NDCG@10: 0.04016 NDCG@20: 0.04746 
09/04/2026,21:32:18: 	Recall@10: 0.02503 Recall@20: 0.04010 NDCG@10: 0.01392 NDCG@20: 0.01799 
09/04/2026,21:32:18: Epoch [129/1000]
09/04/2026,21:32:18: Negative sampling...
09/04/2026,21:32:20: Model's personal time...
09/04/2026,21:32:20: Training...
09/04/2026,21:32:21: Evaluating...
09/04/2026,21:32:21: 	Train Loss: 3781441.2500 (base: 159.3828, kd: 7562.5635), Elapsed: train 2.65 test 0.52
09/04/2026,21:32:21: 	Recall@10: 0.06749 Recall@20: 0.09467 NDCG@10: 0.03995 NDCG@20: 0.04745 
09/04/2026,21:32:21: 	Recall@10: 0.02482 Recall@20: 0.03995 NDCG@10: 0.01379 NDCG@20: 0.01794 
09/04/2026,21:32:21: Epoch [130/1000]
09/04/2026,21:32:21: Negative sampling...
09/04/2026,21:32:23: Model's personal time...
09/04/2026,21:32:23: Training...
09/04/2026,21:32:24: Evaluating...
09/04/2026,21:32:24: 	Train Loss: 3783103.5000 (base: 160.4806, kd: 7565.8862), Elapsed: train 2.60 test 0.41
09/04/2026,21:32:24: 	Recall@10: 0.06775 Recall@20: 0.09581 NDCG@10: 0.04015 NDCG@20: 0.04780 
09/04/2026,21:32:24: 	Recall@10: 0.02501 Recall@20: 0.04066 NDCG@10: 0.01390 NDCG@20: 0.01814 
09/04/2026,21:32:24: Epoch [131/1000]
09/04/2026,21:32:24: Negative sampling...
09/04/2026,21:32:26: Model's personal time...
09/04/2026,21:32:26: Training...
09/04/2026,21:32:27: Evaluating...
09/04/2026,21:32:28: 	Train Loss: 3782473.5000 (base: 160.3080, kd: 7564.6260), Elapsed: train 2.63 test 0.41
09/04/2026,21:32:28: 	Recall@10: 0.06879 Recall@20: 0.09492 NDCG@10: 0.04046 NDCG@20: 0.04770 
09/04/2026,21:32:28: 	Recall@10: 0.02520 Recall@20: 0.04018 NDCG@10: 0.01401 NDCG@20: 0.01810 
09/04/2026,21:32:28: Epoch [132/1000]
09/04/2026,21:32:28: Negative sampling...
09/04/2026,21:32:29: Model's personal time...
09/04/2026,21:32:29: Training...
09/04/2026,21:32:30: Evaluating...
09/04/2026,21:32:30: 	Train Loss: 3781960.0000 (base: 157.2741, kd: 7563.6055), Elapsed: train 2.57 test 0.40
09/04/2026,21:32:30: 	Recall@10: 0.06832 Recall@20: 0.09591 NDCG@10: 0.04028 NDCG@20: 0.04787 
09/04/2026,21:32:30: 	Recall@10: 0.02530 Recall@20: 0.03986 NDCG@10: 0.01400 NDCG@20: 0.01800 
09/04/2026,21:32:30: Epoch [133/1000]
09/04/2026,21:32:30: Negative sampling...
09/04/2026,21:32:32: Model's personal time...
09/04/2026,21:32:32: Training...
09/04/2026,21:32:33: Evaluating...
09/04/2026,21:32:33: 	Train Loss: 3780657.0000 (base: 158.2802, kd: 7560.9971), Elapsed: train 2.47 test 0.44
09/04/2026,21:32:33: 	Recall@10: 0.06809 Recall@20: 0.09500 NDCG@10: 0.04020 NDCG@20: 0.04755 
09/04/2026,21:32:33: 	Recall@10: 0.02472 Recall@20: 0.03914 NDCG@10: 0.01397 NDCG@20: 0.01794 
09/04/2026,21:32:33: Epoch [134/1000]
09/04/2026,21:32:33: Negative sampling...
09/04/2026,21:32:35: Model's personal time...
09/04/2026,21:32:35: Training...
09/04/2026,21:32:36: Evaluating...
09/04/2026,21:32:36: 	Train Loss: 3780761.5000 (base: 156.3664, kd: 7561.2104), Elapsed: train 2.48 test 0.46
09/04/2026,21:32:36: 	Recall@10: 0.06851 Recall@20: 0.09488 NDCG@10: 0.04035 NDCG@20: 0.04757 
09/04/2026,21:32:36: 	Recall@10: 0.02527 Recall@20: 0.04012 NDCG@10: 0.01420 NDCG@20: 0.01822 
09/04/2026,21:32:36: Epoch [135/1000]
09/04/2026,21:32:36: Negative sampling...
09/04/2026,21:32:38: Model's personal time...
09/04/2026,21:32:38: Training...
09/04/2026,21:32:39: Evaluating...
09/04/2026,21:32:39: 	Train Loss: 3781463.5000 (base: 155.8177, kd: 7562.6152), Elapsed: train 2.50 test 0.42
09/04/2026,21:32:39: 	Recall@10: 0.06830 Recall@20: 0.09579 NDCG@10: 0.04002 NDCG@20: 0.04758 
09/04/2026,21:32:39: 	Recall@10: 0.02489 Recall@20: 0.03977 NDCG@10: 0.01393 NDCG@20: 0.01801 
09/04/2026,21:32:39: Epoch [136/1000]
09/04/2026,21:32:39: Negative sampling...
09/04/2026,21:32:41: Model's personal time...
09/04/2026,21:32:41: Training...
09/04/2026,21:32:42: Evaluating...
09/04/2026,21:32:42: 	Train Loss: 3780878.2500 (base: 155.5940, kd: 7561.4448), Elapsed: train 2.62 test 0.42
09/04/2026,21:32:42: 	Recall@10: 0.06792 Recall@20: 0.09518 NDCG@10: 0.04029 NDCG@20: 0.04780 
09/04/2026,21:32:42: 	Recall@10: 0.02472 Recall@20: 0.04009 NDCG@10: 0.01378 NDCG@20: 0.01797 
09/04/2026,21:32:42: Epoch [137/1000]
09/04/2026,21:32:42: Negative sampling...
09/04/2026,21:32:44: Model's personal time...
09/04/2026,21:32:44: Training...
09/04/2026,21:32:45: Evaluating...
09/04/2026,21:32:46: 	Train Loss: 3781218.2500 (base: 155.7410, kd: 7562.1250), Elapsed: train 2.87 test 0.44
09/04/2026,21:32:46: 	Recall@10: 0.06718 Recall@20: 0.09528 NDCG@10: 0.03979 NDCG@20: 0.04753 
09/04/2026,21:32:46: 	Recall@10: 0.02465 Recall@20: 0.03962 NDCG@10: 0.01388 NDCG@20: 0.01799 
09/04/2026,21:32:46: Epoch [138/1000]
09/04/2026,21:32:46: Negative sampling...
09/04/2026,21:32:47: Model's personal time...
09/04/2026,21:32:47: Training...
09/04/2026,21:32:48: Evaluating...
09/04/2026,21:32:49: 	Train Loss: 3780490.7500 (base: 150.7333, kd: 7560.6797), Elapsed: train 2.60 test 0.44
09/04/2026,21:32:49: 	Recall@10: 0.06772 Recall@20: 0.09509 NDCG@10: 0.03989 NDCG@20: 0.04743 
09/04/2026,21:32:49: 	Recall@10: 0.02472 Recall@20: 0.03932 NDCG@10: 0.01376 NDCG@20: 0.01779 
09/04/2026,21:32:49: Epoch [139/1000]
09/04/2026,21:32:49: Negative sampling...
09/04/2026,21:32:50: Model's personal time...
09/04/2026,21:32:50: Training...
09/04/2026,21:32:51: Evaluating...
09/04/2026,21:32:52: 	Train Loss: 3780461.7500 (base: 150.5520, kd: 7560.6216), Elapsed: train 2.62 test 0.41
09/04/2026,21:32:52: 	Recall@10: 0.06852 Recall@20: 0.09552 NDCG@10: 0.04012 NDCG@20: 0.04743 
09/04/2026,21:32:52: 	Recall@10: 0.02546 Recall@20: 0.04018 NDCG@10: 0.01393 NDCG@20: 0.01795 
09/04/2026,21:32:52: Epoch [140/1000]
09/04/2026,21:32:52: Negative sampling...
09/04/2026,21:32:53: Model's personal time...
09/04/2026,21:32:53: Training...
09/04/2026,21:32:54: Evaluating...
09/04/2026,21:32:55: 	Train Loss: 3781074.2500 (base: 152.8553, kd: 7561.8428), Elapsed: train 2.65 test 0.40
09/04/2026,21:32:55: 	Recall@10: 0.06779 Recall@20: 0.09589 NDCG@10: 0.03984 NDCG@20: 0.04755 
09/04/2026,21:32:55: 	Recall@10: 0.02492 Recall@20: 0.04042 NDCG@10: 0.01399 NDCG@20: 0.01824 
09/04/2026,21:32:55: Epoch [141/1000]
09/04/2026,21:32:55: Negative sampling...
09/04/2026,21:32:56: Model's personal time...
09/04/2026,21:32:56: Training...
09/04/2026,21:32:57: Evaluating...
09/04/2026,21:32:58: 	Train Loss: 3781748.5000 (base: 150.7839, kd: 7563.1948), Elapsed: train 2.58 test 0.42
09/04/2026,21:32:58: 	Recall@10: 0.06745 Recall@20: 0.09563 NDCG@10: 0.04000 NDCG@20: 0.04770 
09/04/2026,21:32:58: 	Recall@10: 0.02517 Recall@20: 0.03974 NDCG@10: 0.01407 NDCG@20: 0.01808 
09/04/2026,21:32:58: Epoch [142/1000]
09/04/2026,21:32:58: Negative sampling...
09/04/2026,21:32:59: Model's personal time...
09/04/2026,21:32:59: Training...
09/04/2026,21:33:00: Evaluating...
09/04/2026,21:33:01: 	Train Loss: 3779620.7500 (base: 151.7465, kd: 7558.9380), Elapsed: train 2.60 test 0.43
09/04/2026,21:33:01: 	Recall@10: 0.06745 Recall@20: 0.09554 NDCG@10: 0.03974 NDCG@20: 0.04745 
09/04/2026,21:33:01: 	Recall@10: 0.02511 Recall@20: 0.03993 NDCG@10: 0.01390 NDCG@20: 0.01797 
09/04/2026,21:33:01: Epoch [143/1000]
09/04/2026,21:33:01: Negative sampling...
09/04/2026,21:33:02: Model's personal time...
09/04/2026,21:33:02: Training...
09/04/2026,21:33:04: Evaluating...
09/04/2026,21:33:04: 	Train Loss: 3778919.5000 (base: 153.6192, kd: 7557.5317), Elapsed: train 2.81 test 0.45
09/04/2026,21:33:04: 	Recall@10: 0.06780 Recall@20: 0.09483 NDCG@10: 0.03967 NDCG@20: 0.04711 
09/04/2026,21:33:04: 	Recall@10: 0.02570 Recall@20: 0.03952 NDCG@10: 0.01426 NDCG@20: 0.01806 
09/04/2026,21:33:04: Epoch [144/1000]
09/04/2026,21:33:04: Negative sampling...
09/04/2026,21:33:05: Model's personal time...
09/04/2026,21:33:06: Training...
09/04/2026,21:33:07: Evaluating...
09/04/2026,21:33:07: 	Train Loss: 3779078.2500 (base: 149.3546, kd: 7557.8574), Elapsed: train 2.65 test 0.51
09/04/2026,21:33:07: 	Recall@10: 0.06759 Recall@20: 0.09554 NDCG@10: 0.03967 NDCG@20: 0.04734 
09/04/2026,21:33:07: 	Recall@10: 0.02520 Recall@20: 0.03985 NDCG@10: 0.01426 NDCG@20: 0.01829 
09/04/2026,21:33:07: Epoch [145/1000]
09/04/2026,21:33:07: Negative sampling...
09/04/2026,21:33:09: Model's personal time...
09/04/2026,21:33:09: Training...
09/04/2026,21:33:10: Evaluating...
09/04/2026,21:33:10: 	Train Loss: 3780329.5000 (base: 150.1459, kd: 7560.3584), Elapsed: train 2.75 test 0.41
09/04/2026,21:33:10: 	Recall@10: 0.06704 Recall@20: 0.09577 NDCG@10: 0.03965 NDCG@20: 0.04747 
09/04/2026,21:33:10: 	Recall@10: 0.02527 Recall@20: 0.03905 NDCG@10: 0.01403 NDCG@20: 0.01781 
09/04/2026,21:33:10: ------------------------------
09/04/2026,21:33:10: valid Recall@10: 0.06761 Recall@20: 0.09661 NDCG@10: 0.04004 NDCG@20: 0.04806
09/04/2026,21:33:10: test Recall@10: 0.02539 Recall@20: 0.04013 NDCG@10: 0.01401 NDCG@20: 0.01801
