----------------------------------------TEACHER----------------------------------------
init_std                                 0.1
keep_prob                                0.6
A_split                                  False
dropout                                  False
embedding_dim                            2000
num_layers                               3
----------------------------------------TEACHER----------------------------------------
----------------------------------------STUDENT----------------------------------------
init_std                                 0.01
embedding_dim                            20
----------------------------------------STUDENT----------------------------------------
----------------------------------------ARGUMENTS----------------------------------------
run_all                                  False
seed                                     0
gpu_id                                   0
no_log                                   False
no_save                                  False
suffix                                   het_k10_seed0
verbose                                  False
ablation                                 False
task                                     rec
dataset                                  citeulike
batch_size                               2048
num_ns                                   1
neg_sampling_on_all                      False
T_backbone                               lightgcn
S_backbone                               bpr
model                                    srcekd
preload                                  False
postsave                                 False
train_teacher                            False
ckpt_interval                            -1
epochs                                   1000
lr                                       0.001
wd                                       1e-07
lmbda                                    100
srce_alpha                               1
srce_s                                   20
srce_eta                                 1
srce_Lu                                  0
srce_mode                                split
srce_kappa                               1.0
eval_period                              1
K_list                                   [10, 20]
early_stop_metric                        NDCG
early_stop_K                             20
early_stop_patience                      30
LOG_DIR                                  logs/
CONFIG_DIR                               configs/
DATA_DIR                                 data/
CKPT_DIR                                 checkpoints/
CRAFT_DIR                                crafts/
mkd_tau                                  10
mkd_K                                    50
mkd_L                                    50
mkd_T                                    10
mkd_mxK                                  200
mkd_beta                                 5
----------------------------------------ARGUMENTS----------------------------------------
----------------------------------------Teacher----------------------------------------
09/05/2026,01:56:24: ------------------------------
09/05/2026,01:56:24: valid Recall@10: 0.07235 Recall@20: 0.10546 NDCG@10: 0.04227 NDCG@20: 0.05124
09/05/2026,01:56:24: test Recall@10: 0.02811 Recall@20: 0.04513 NDCG@10: 0.01583 NDCG@20: 0.02045
----------------------------------------------------------------------------------------
09/05/2026,01:56:24: Epoch [1/1000]
09/05/2026,01:56:24: Negative sampling...
09/05/2026,01:56:26: Model's personal time...
09/05/2026,01:56:26: Training...
09/05/2026,01:56:30: Evaluating...
09/05/2026,01:56:30: 	Train Loss: 924111.8125 (base: 1391.3673, kd: 9227.2041), Elapsed: train 5.48 test 0.41 *
09/05/2026,01:56:30: 	Recall@10: 0.00129 Recall@20: 0.00188 NDCG@10: 0.00067 NDCG@20: 0.00085 
09/05/2026,01:56:30: 	Recall@10: 0.00121 Recall@20: 0.00194 NDCG@10: 0.00094 NDCG@20: 0.00115 
09/05/2026,01:56:30: Epoch [2/1000]
09/05/2026,01:56:30: Negative sampling...
09/05/2026,01:56:32: Model's personal time...
09/05/2026,01:56:32: Training...
09/05/2026,01:56:35: Evaluating...
09/05/2026,01:56:36: 	Train Loss: 878802.6875 (base: 1388.4662, kd: 8774.1426), Elapsed: train 5.28 test 0.42
09/05/2026,01:56:36: 	Recall@10: 0.00115 Recall@20: 0.00177 NDCG@10: 0.00062 NDCG@20: 0.00078 
09/05/2026,01:56:36: 	Recall@10: 0.00157 Recall@20: 0.00212 NDCG@10: 0.00107 NDCG@20: 0.00118 
09/05/2026,01:56:36: Epoch [3/1000]
09/05/2026,01:56:36: Negative sampling...
09/05/2026,01:56:37: Model's personal time...
09/05/2026,01:56:37: Training...
09/05/2026,01:56:41: Evaluating...
09/05/2026,01:56:41: 	Train Loss: 885366.1250 (base: 1393.8303, kd: 8839.7227), Elapsed: train 5.04 test 0.48
09/05/2026,01:56:41: 	Recall@10: 0.00100 Recall@20: 0.00131 NDCG@10: 0.00057 NDCG@20: 0.00067 
09/05/2026,01:56:41: 	Recall@10: 0.00134 Recall@20: 0.00244 NDCG@10: 0.00078 NDCG@20: 0.00108 
09/05/2026,01:56:41: Epoch [4/1000]
09/05/2026,01:56:41: Negative sampling...
09/05/2026,01:56:43: Model's personal time...
09/05/2026,01:56:43: Training...
09/05/2026,01:56:47: Evaluating...
09/05/2026,01:56:47: 	Train Loss: 888148.3750 (base: 1428.1869, kd: 8867.2021), Elapsed: train 5.22 test 0.43
09/05/2026,01:56:47: 	Recall@10: 0.00087 Recall@20: 0.00131 NDCG@10: 0.00055 NDCG@20: 0.00074 
09/05/2026,01:56:47: 	Recall@10: 0.00125 Recall@20: 0.00307 NDCG@10: 0.00070 NDCG@20: 0.00122 
09/05/2026,01:56:47: Epoch [5/1000]
09/05/2026,01:56:47: Negative sampling...
09/05/2026,01:56:48: Model's personal time...
09/05/2026,01:56:49: Training...
09/05/2026,01:56:52: Evaluating...
09/05/2026,01:56:53: 	Train Loss: 888009.3750 (base: 1514.5049, kd: 8864.9482), Elapsed: train 5.24 test 0.43
09/05/2026,01:56:53: 	Recall@10: 0.00062 Recall@20: 0.00127 NDCG@10: 0.00044 NDCG@20: 0.00065 
09/05/2026,01:56:53: 	Recall@10: 0.00078 Recall@20: 0.00222 NDCG@10: 0.00051 NDCG@20: 0.00095 
09/05/2026,01:56:53: Epoch [6/1000]
09/05/2026,01:56:53: Negative sampling...
09/05/2026,01:56:54: Model's personal time...
09/05/2026,01:56:54: Training...
09/05/2026,01:56:58: Evaluating...
09/05/2026,01:56:58: 	Train Loss: 885656.6875 (base: 1670.9966, kd: 8839.8574), Elapsed: train 5.20 test 0.42
09/05/2026,01:56:58: 	Recall@10: 0.00064 Recall@20: 0.00100 NDCG@10: 0.00048 NDCG@20: 0.00061 
09/05/2026,01:56:58: 	Recall@10: 0.00098 Recall@20: 0.00206 NDCG@10: 0.00055 NDCG@20: 0.00089 
09/05/2026,01:56:58: Epoch [7/1000]
09/05/2026,01:56:58: Negative sampling...
09/05/2026,01:57:00: Model's personal time...
09/05/2026,01:57:00: Training...
09/05/2026,01:57:04: Evaluating...
09/05/2026,01:57:04: 	Train Loss: 882338.8125 (base: 1890.1094, kd: 8804.4873), Elapsed: train 5.21 test 0.44
09/05/2026,01:57:04: 	Recall@10: 0.00058 Recall@20: 0.00098 NDCG@10: 0.00042 NDCG@20: 0.00052 
09/05/2026,01:57:04: 	Recall@10: 0.00072 Recall@20: 0.00158 NDCG@10: 0.00049 NDCG@20: 0.00074 
09/05/2026,01:57:04: Epoch [8/1000]
09/05/2026,01:57:04: Negative sampling...
09/05/2026,01:57:05: Model's personal time...
09/05/2026,01:57:06: Training...
09/05/2026,01:57:09: Evaluating...
09/05/2026,01:57:10: 	Train Loss: 878312.5000 (base: 2161.8716, kd: 8761.5059), Elapsed: train 5.19 test 0.44
09/05/2026,01:57:10: 	Recall@10: 0.00070 Recall@20: 0.00114 NDCG@10: 0.00051 NDCG@20: 0.00065 
09/05/2026,01:57:10: 	Recall@10: 0.00073 Recall@20: 0.00180 NDCG@10: 0.00047 NDCG@20: 0.00081 
09/05/2026,01:57:10: Epoch [9/1000]
09/05/2026,01:57:10: Negative sampling...
09/05/2026,01:57:11: Model's personal time...
09/05/2026,01:57:11: Training...
09/05/2026,01:57:15: Evaluating...
09/05/2026,01:57:15: 	Train Loss: 874348.5000 (base: 2454.8120, kd: 8718.9365), Elapsed: train 5.09 test 0.48
09/05/2026,01:57:15: 	Recall@10: 0.00069 Recall@20: 0.00121 NDCG@10: 0.00053 NDCG@20: 0.00069 
09/05/2026,01:57:15: 	Recall@10: 0.00072 Recall@20: 0.00210 NDCG@10: 0.00053 NDCG@20: 0.00096 
09/05/2026,01:57:15: Epoch [10/1000]
09/05/2026,01:57:15: Negative sampling...
09/05/2026,01:57:17: Model's personal time...
09/05/2026,01:57:17: Training...
09/05/2026,01:57:20: Evaluating...
09/05/2026,01:57:21: 	Train Loss: 870637.6875 (base: 2749.7749, kd: 8678.8789), Elapsed: train 5.24 test 0.41
09/05/2026,01:57:21: 	Recall@10: 0.00077 Recall@20: 0.00139 NDCG@10: 0.00050 NDCG@20: 0.00071 
09/05/2026,01:57:21: 	Recall@10: 0.00100 Recall@20: 0.00201 NDCG@10: 0.00066 NDCG@20: 0.00096 
09/05/2026,01:57:21: Epoch [11/1000]
09/05/2026,01:57:21: Negative sampling...
09/05/2026,01:57:22: Model's personal time...
09/05/2026,01:57:22: Training...
09/05/2026,01:57:26: Evaluating...
09/05/2026,01:57:26: 	Train Loss: 867526.7500 (base: 3020.8367, kd: 8645.0586), Elapsed: train 5.10 test 0.44
09/05/2026,01:57:26: 	Recall@10: 0.00060 Recall@20: 0.00104 NDCG@10: 0.00059 NDCG@20: 0.00072 
09/05/2026,01:57:26: 	Recall@10: 0.00108 Recall@20: 0.00202 NDCG@10: 0.00072 NDCG@20: 0.00097 
09/05/2026,01:57:26: Epoch [12/1000]
09/05/2026,01:57:26: Negative sampling...
09/05/2026,01:57:28: Model's personal time...
09/05/2026,01:57:28: Training...
09/05/2026,01:57:32: Evaluating...
09/05/2026,01:57:32: 	Train Loss: 864892.5625 (base: 3265.1047, kd: 8616.2744), Elapsed: train 5.20 test 0.40
09/05/2026,01:57:32: 	Recall@10: 0.00064 Recall@20: 0.00108 NDCG@10: 0.00060 NDCG@20: 0.00073 
09/05/2026,01:57:32: 	Recall@10: 0.00130 Recall@20: 0.00212 NDCG@10: 0.00068 NDCG@20: 0.00093 
09/05/2026,01:57:32: Epoch [13/1000]
09/05/2026,01:57:32: Negative sampling...
09/05/2026,01:57:33: Model's personal time...
09/05/2026,01:57:33: Training...
09/05/2026,01:57:37: Evaluating...
09/05/2026,01:57:37: 	Train Loss: 862477.6875 (base: 3465.0339, kd: 8590.1260), Elapsed: train 5.01 test 0.42
09/05/2026,01:57:37: 	Recall@10: 0.00086 Recall@20: 0.00129 NDCG@10: 0.00069 NDCG@20: 0.00080 
09/05/2026,01:57:37: 	Recall@10: 0.00133 Recall@20: 0.00249 NDCG@10: 0.00075 NDCG@20: 0.00109 
09/05/2026,01:57:37: Epoch [14/1000]
09/05/2026,01:57:37: Negative sampling...
09/05/2026,01:57:39: Model's personal time...
09/05/2026,01:57:39: Training...
09/05/2026,01:57:42: Evaluating...
09/05/2026,01:57:43: 	Train Loss: 860401.3125 (base: 3645.3845, kd: 8567.5596), Elapsed: train 5.06 test 0.43
09/05/2026,01:57:43: 	Recall@10: 0.00103 Recall@20: 0.00122 NDCG@10: 0.00072 NDCG@20: 0.00078 
09/05/2026,01:57:43: 	Recall@10: 0.00138 Recall@20: 0.00273 NDCG@10: 0.00081 NDCG@20: 0.00122 
09/05/2026,01:57:43: Epoch [15/1000]
09/05/2026,01:57:43: Negative sampling...
09/05/2026,01:57:44: Model's personal time...
09/05/2026,01:57:44: Training...
09/05/2026,01:57:48: Evaluating...
09/05/2026,01:57:48: 	Train Loss: 858538.2500 (base: 3796.9285, kd: 8547.4141), Elapsed: train 5.16 test 0.43
09/05/2026,01:57:48: 	Recall@10: 0.00100 Recall@20: 0.00141 NDCG@10: 0.00072 NDCG@20: 0.00084 
09/05/2026,01:57:48: 	Recall@10: 0.00172 Recall@20: 0.00263 NDCG@10: 0.00092 NDCG@20: 0.00120 
09/05/2026,01:57:48: Epoch [16/1000]
09/05/2026,01:57:48: Negative sampling...
09/05/2026,01:57:50: Model's personal time...
09/05/2026,01:57:50: Training...
09/05/2026,01:57:54: Evaluating...
09/05/2026,01:57:54: 	Train Loss: 856830.5000 (base: 3913.9993, kd: 8529.1660), Elapsed: train 5.13 test 0.44
09/05/2026,01:57:54: 	Recall@10: 0.00086 Recall@20: 0.00118 NDCG@10: 0.00069 NDCG@20: 0.00079 
09/05/2026,01:57:54: 	Recall@10: 0.00127 Recall@20: 0.00278 NDCG@10: 0.00072 NDCG@20: 0.00117 
09/05/2026,01:57:54: Epoch [17/1000]
09/05/2026,01:57:54: Negative sampling...
09/05/2026,01:57:55: Model's personal time...
09/05/2026,01:57:56: Training...
09/05/2026,01:57:59: Evaluating...
09/05/2026,01:58:00: 	Train Loss: 855846.3750 (base: 3997.8213, kd: 8518.4844), Elapsed: train 5.19 test 0.40
09/05/2026,01:58:00: 	Recall@10: 0.00085 Recall@20: 0.00129 NDCG@10: 0.00070 NDCG@20: 0.00083 
09/05/2026,01:58:00: 	Recall@10: 0.00108 Recall@20: 0.00270 NDCG@10: 0.00069 NDCG@20: 0.00119 
09/05/2026,01:58:00: Epoch [18/1000]
09/05/2026,01:58:00: Negative sampling...
09/05/2026,01:58:01: Model's personal time...
09/05/2026,01:58:01: Training...
09/05/2026,01:58:05: Evaluating...
09/05/2026,01:58:05: 	Train Loss: 854852.0000 (base: 4089.1587, kd: 8507.6289), Elapsed: train 5.10 test 0.43
09/05/2026,01:58:05: 	Recall@10: 0.00079 Recall@20: 0.00117 NDCG@10: 0.00068 NDCG@20: 0.00078 
09/05/2026,01:58:05: 	Recall@10: 0.00139 Recall@20: 0.00264 NDCG@10: 0.00072 NDCG@20: 0.00109 
09/05/2026,01:58:05: Epoch [19/1000]
09/05/2026,01:58:05: Negative sampling...
09/05/2026,01:58:07: Model's personal time...
09/05/2026,01:58:07: Training...
09/05/2026,01:58:10: Evaluating...
09/05/2026,01:58:11: 	Train Loss: 853722.0000 (base: 4136.9404, kd: 8495.8506), Elapsed: train 5.01 test 0.44
09/05/2026,01:58:11: 	Recall@10: 0.00083 Recall@20: 0.00107 NDCG@10: 0.00072 NDCG@20: 0.00077 
09/05/2026,01:58:11: 	Recall@10: 0.00118 Recall@20: 0.00237 NDCG@10: 0.00065 NDCG@20: 0.00103 
09/05/2026,01:58:11: Epoch [20/1000]
09/05/2026,01:58:11: Negative sampling...
09/05/2026,01:58:12: Model's personal time...
09/05/2026,01:58:12: Training...
09/05/2026,01:58:16: Evaluating...
09/05/2026,01:58:16: 	Train Loss: 852603.2500 (base: 4194.4697, kd: 8484.0869), Elapsed: train 5.27 test 0.45
09/05/2026,01:58:16: 	Recall@10: 0.00073 Recall@20: 0.00096 NDCG@10: 0.00079 NDCG@20: 0.00084 
09/05/2026,01:58:16: 	Recall@10: 0.00118 Recall@20: 0.00235 NDCG@10: 0.00060 NDCG@20: 0.00095 
09/05/2026,01:58:16: Epoch [21/1000]
09/05/2026,01:58:16: Negative sampling...
09/05/2026,01:58:18: Model's personal time...
09/05/2026,01:58:18: Training...
09/05/2026,01:58:21: Evaluating...
09/05/2026,01:58:22: 	Train Loss: 852014.8125 (base: 4206.4673, kd: 8478.0830), Elapsed: train 5.09 test 0.42 *
09/05/2026,01:58:22: 	Recall@10: 0.00076 Recall@20: 0.00094 NDCG@10: 0.00081 NDCG@20: 0.00086 
09/05/2026,01:58:22: 	Recall@10: 0.00108 Recall@20: 0.00265 NDCG@10: 0.00060 NDCG@20: 0.00107 
09/05/2026,01:58:22: Epoch [22/1000]
09/05/2026,01:58:22: Negative sampling...
09/05/2026,01:58:23: Model's personal time...
09/05/2026,01:58:23: Training...
09/05/2026,01:58:27: Evaluating...
09/05/2026,01:58:27: 	Train Loss: 851338.9375 (base: 4242.6460, kd: 8470.9629), Elapsed: train 5.05 test 0.41
09/05/2026,01:58:27: 	Recall@10: 0.00069 Recall@20: 0.00090 NDCG@10: 0.00076 NDCG@20: 0.00082 
09/05/2026,01:58:27: 	Recall@10: 0.00149 Recall@20: 0.00271 NDCG@10: 0.00077 NDCG@20: 0.00115 
09/05/2026,01:58:27: Epoch [23/1000]
09/05/2026,01:58:27: Negative sampling...
09/05/2026,01:58:29: Model's personal time...
09/05/2026,01:58:29: Training...
09/05/2026,01:58:32: Evaluating...
09/05/2026,01:58:33: 	Train Loss: 850316.8750 (base: 4253.2305, kd: 8460.6367), Elapsed: train 5.06 test 0.41 *
09/05/2026,01:58:33: 	Recall@10: 0.00072 Recall@20: 0.00102 NDCG@10: 0.00079 NDCG@20: 0.00089 
09/05/2026,01:58:33: 	Recall@10: 0.00120 Recall@20: 0.00217 NDCG@10: 0.00075 NDCG@20: 0.00106 
09/05/2026,01:58:33: Epoch [24/1000]
09/05/2026,01:58:33: Negative sampling...
09/05/2026,01:58:34: Model's personal time...
09/05/2026,01:58:34: Training...
09/05/2026,01:58:38: Evaluating...
09/05/2026,01:58:38: 	Train Loss: 849899.4375 (base: 4266.4258, kd: 8456.3291), Elapsed: train 5.24 test 0.42
09/05/2026,01:58:38: 	Recall@10: 0.00076 Recall@20: 0.00097 NDCG@10: 0.00078 NDCG@20: 0.00085 
09/05/2026,01:58:38: 	Recall@10: 0.00137 Recall@20: 0.00233 NDCG@10: 0.00079 NDCG@20: 0.00108 
09/05/2026,01:58:38: Epoch [25/1000]
09/05/2026,01:58:38: Negative sampling...
09/05/2026,01:58:40: Model's personal time...
09/05/2026,01:58:40: Training...
09/05/2026,01:58:44: Evaluating...
09/05/2026,01:58:44: 	Train Loss: 849411.0000 (base: 4275.1401, kd: 8451.3584), Elapsed: train 5.27 test 0.42 *
09/05/2026,01:58:44: 	Recall@10: 0.00086 Recall@20: 0.00131 NDCG@10: 0.00081 NDCG@20: 0.00095 
09/05/2026,01:58:44: 	Recall@10: 0.00115 Recall@20: 0.00238 NDCG@10: 0.00066 NDCG@20: 0.00101 
09/05/2026,01:58:44: Epoch [26/1000]
09/05/2026,01:58:44: Negative sampling...
09/05/2026,01:58:45: Model's personal time...
09/05/2026,01:58:46: Training...
09/05/2026,01:58:49: Evaluating...
09/05/2026,01:58:50: 	Train Loss: 848273.3750 (base: 4275.7007, kd: 8439.9766), Elapsed: train 5.11 test 0.42 *
09/05/2026,01:58:50: 	Recall@10: 0.00097 Recall@20: 0.00123 NDCG@10: 0.00095 NDCG@20: 0.00101 
09/05/2026,01:58:50: 	Recall@10: 0.00133 Recall@20: 0.00221 NDCG@10: 0.00066 NDCG@20: 0.00095 
09/05/2026,01:58:50: Epoch [27/1000]
09/05/2026,01:58:50: Negative sampling...
09/05/2026,01:58:51: Model's personal time...
09/05/2026,01:58:51: Training...
09/05/2026,01:58:55: Evaluating...
09/05/2026,01:58:55: 	Train Loss: 847880.2500 (base: 4270.1167, kd: 8436.1006), Elapsed: train 5.09 test 0.42 *
09/05/2026,01:58:55: 	Recall@10: 0.00097 Recall@20: 0.00129 NDCG@10: 0.00100 NDCG@20: 0.00108 
09/05/2026,01:58:55: 	Recall@10: 0.00104 Recall@20: 0.00230 NDCG@10: 0.00068 NDCG@20: 0.00106 
09/05/2026,01:58:55: Epoch [28/1000]
09/05/2026,01:58:55: Negative sampling...
09/05/2026,01:58:57: Model's personal time...
09/05/2026,01:58:57: Training...
09/05/2026,01:59:00: Evaluating...
09/05/2026,01:59:01: 	Train Loss: 847531.0000 (base: 4255.6611, kd: 8432.7529), Elapsed: train 5.11 test 0.43 *
09/05/2026,01:59:01: 	Recall@10: 0.00094 Recall@20: 0.00135 NDCG@10: 0.00104 NDCG@20: 0.00114 
09/05/2026,01:59:01: 	Recall@10: 0.00088 Recall@20: 0.00206 NDCG@10: 0.00065 NDCG@20: 0.00102 
09/05/2026,01:59:01: Epoch [29/1000]
09/05/2026,01:59:01: Negative sampling...
09/05/2026,01:59:02: Model's personal time...
09/05/2026,01:59:02: Training...
09/05/2026,01:59:06: Evaluating...
09/05/2026,01:59:06: 	Train Loss: 847135.5625 (base: 4249.6553, kd: 8428.8594), Elapsed: train 5.09 test 0.44 *
09/05/2026,01:59:06: 	Recall@10: 0.00095 Recall@20: 0.00132 NDCG@10: 0.00106 NDCG@20: 0.00115 
09/05/2026,01:59:06: 	Recall@10: 0.00112 Recall@20: 0.00225 NDCG@10: 0.00074 NDCG@20: 0.00106 
09/05/2026,01:59:06: Epoch [30/1000]
09/05/2026,01:59:06: Negative sampling...
09/05/2026,01:59:08: Model's personal time...
09/05/2026,01:59:08: Training...
09/05/2026,01:59:11: Evaluating...
09/05/2026,01:59:12: 	Train Loss: 847332.9375 (base: 4225.8247, kd: 8431.0713), Elapsed: train 5.20 test 0.45
09/05/2026,01:59:12: 	Recall@10: 0.00090 Recall@20: 0.00137 NDCG@10: 0.00100 NDCG@20: 0.00110 
09/05/2026,01:59:12: 	Recall@10: 0.00098 Recall@20: 0.00179 NDCG@10: 0.00052 NDCG@20: 0.00079 
09/05/2026,01:59:12: Epoch [31/1000]
09/05/2026,01:59:12: Negative sampling...
09/05/2026,01:59:13: Model's personal time...
09/05/2026,01:59:13: Training...
09/05/2026,01:59:17: Evaluating...
09/05/2026,01:59:18: 	Train Loss: 846720.9375 (base: 4218.6733, kd: 8425.0225), Elapsed: train 5.14 test 0.48
09/05/2026,01:59:18: 	Recall@10: 0.00101 Recall@20: 0.00125 NDCG@10: 0.00099 NDCG@20: 0.00104 
09/05/2026,01:59:18: 	Recall@10: 0.00110 Recall@20: 0.00223 NDCG@10: 0.00063 NDCG@20: 0.00095 
09/05/2026,01:59:18: Epoch [32/1000]
09/05/2026,01:59:18: Negative sampling...
09/05/2026,01:59:19: Model's personal time...
09/05/2026,01:59:19: Training...
09/05/2026,01:59:23: Evaluating...
09/05/2026,01:59:23: 	Train Loss: 846151.3125 (base: 4207.6787, kd: 8419.4365), Elapsed: train 5.50 test 0.42 *
09/05/2026,01:59:23: 	Recall@10: 0.00101 Recall@20: 0.00131 NDCG@10: 0.00112 NDCG@20: 0.00117 
09/05/2026,01:59:23: 	Recall@10: 0.00112 Recall@20: 0.00233 NDCG@10: 0.00068 NDCG@20: 0.00103 
09/05/2026,01:59:23: Epoch [33/1000]
09/05/2026,01:59:23: Negative sampling...
09/05/2026,01:59:25: Model's personal time...
09/05/2026,01:59:25: Training...
09/05/2026,01:59:29: Evaluating...
09/05/2026,01:59:29: 	Train Loss: 846355.0000 (base: 4183.8594, kd: 8421.7119), Elapsed: train 5.16 test 0.42
09/05/2026,01:59:29: 	Recall@10: 0.00104 Recall@20: 0.00126 NDCG@10: 0.00110 NDCG@20: 0.00114 
09/05/2026,01:59:29: 	Recall@10: 0.00128 Recall@20: 0.00209 NDCG@10: 0.00068 NDCG@20: 0.00091 
09/05/2026,01:59:29: Epoch [34/1000]
09/05/2026,01:59:29: Negative sampling...
09/05/2026,01:59:30: Model's personal time...
09/05/2026,01:59:31: Training...
09/05/2026,01:59:34: Evaluating...
09/05/2026,01:59:35: 	Train Loss: 845905.5625 (base: 4155.0195, kd: 8417.5049), Elapsed: train 5.42 test 0.44 *
09/05/2026,01:59:35: 	Recall@10: 0.00112 Recall@20: 0.00138 NDCG@10: 0.00112 NDCG@20: 0.00120 
09/05/2026,01:59:35: 	Recall@10: 0.00119 Recall@20: 0.00242 NDCG@10: 0.00067 NDCG@20: 0.00103 
09/05/2026,01:59:35: Epoch [35/1000]
09/05/2026,01:59:35: Negative sampling...
09/05/2026,01:59:36: Model's personal time...
09/05/2026,01:59:36: Training...
09/05/2026,01:59:40: Evaluating...
09/05/2026,01:59:40: 	Train Loss: 845794.2500 (base: 4118.2969, kd: 8416.7598), Elapsed: train 5.14 test 0.45 *
09/05/2026,01:59:40: 	Recall@10: 0.00124 Recall@20: 0.00146 NDCG@10: 0.00123 NDCG@20: 0.00127 
09/05/2026,01:59:40: 	Recall@10: 0.00111 Recall@20: 0.00210 NDCG@10: 0.00061 NDCG@20: 0.00091 
09/05/2026,01:59:40: Epoch [36/1000]
09/05/2026,01:59:40: Negative sampling...
09/05/2026,01:59:42: Model's personal time...
09/05/2026,01:59:42: Training...
09/05/2026,01:59:46: Evaluating...
09/05/2026,01:59:46: 	Train Loss: 845573.1250 (base: 4121.8306, kd: 8414.5137), Elapsed: train 5.26 test 0.45 *
09/05/2026,01:59:46: 	Recall@10: 0.00121 Recall@20: 0.00157 NDCG@10: 0.00125 NDCG@20: 0.00134 
09/05/2026,01:59:46: 	Recall@10: 0.00096 Recall@20: 0.00210 NDCG@10: 0.00052 NDCG@20: 0.00086 
09/05/2026,01:59:46: Epoch [37/1000]
09/05/2026,01:59:46: Negative sampling...
09/05/2026,01:59:48: Model's personal time...
09/05/2026,01:59:48: Training...
09/05/2026,01:59:51: Evaluating...
09/05/2026,01:59:52: 	Train Loss: 844836.6250 (base: 4095.4565, kd: 8407.4121), Elapsed: train 5.20 test 0.41 *
09/05/2026,01:59:52: 	Recall@10: 0.00135 Recall@20: 0.00169 NDCG@10: 0.00130 NDCG@20: 0.00135 
09/05/2026,01:59:52: 	Recall@10: 0.00104 Recall@20: 0.00188 NDCG@10: 0.00063 NDCG@20: 0.00089 
09/05/2026,01:59:52: Epoch [38/1000]
09/05/2026,01:59:52: Negative sampling...
09/05/2026,01:59:53: Model's personal time...
09/05/2026,01:59:53: Training...
09/05/2026,01:59:57: Evaluating...
09/05/2026,01:59:57: 	Train Loss: 844836.1250 (base: 4045.1377, kd: 8407.9102), Elapsed: train 5.11 test 0.50
09/05/2026,01:59:57: 	Recall@10: 0.00109 Recall@20: 0.00153 NDCG@10: 0.00122 NDCG@20: 0.00134 
09/05/2026,01:59:57: 	Recall@10: 0.00108 Recall@20: 0.00201 NDCG@10: 0.00061 NDCG@20: 0.00088 
09/05/2026,01:59:57: Epoch [39/1000]
09/05/2026,01:59:57: Negative sampling...
09/05/2026,01:59:59: Model's personal time...
09/05/2026,01:59:59: Training...
09/05/2026,02:00:03: Evaluating...
09/05/2026,02:00:03: 	Train Loss: 844250.1250 (base: 4026.8816, kd: 8402.2324), Elapsed: train 5.22 test 0.42 *
09/05/2026,02:00:03: 	Recall@10: 0.00139 Recall@20: 0.00148 NDCG@10: 0.00136 NDCG@20: 0.00136 
09/05/2026,02:00:03: 	Recall@10: 0.00134 Recall@20: 0.00197 NDCG@10: 0.00078 NDCG@20: 0.00096 
09/05/2026,02:00:03: Epoch [40/1000]
09/05/2026,02:00:03: Negative sampling...
09/05/2026,02:00:04: Model's personal time...
09/05/2026,02:00:05: Training...
09/05/2026,02:00:08: Evaluating...
09/05/2026,02:00:09: 	Train Loss: 844739.5625 (base: 3982.7551, kd: 8407.5674), Elapsed: train 5.35 test 0.44 *
09/05/2026,02:00:09: 	Recall@10: 0.00143 Recall@20: 0.00149 NDCG@10: 0.00140 NDCG@20: 0.00136 
09/05/2026,02:00:09: 	Recall@10: 0.00114 Recall@20: 0.00200 NDCG@10: 0.00063 NDCG@20: 0.00089 
09/05/2026,02:00:09: Epoch [41/1000]
09/05/2026,02:00:09: Negative sampling...
09/05/2026,02:00:10: Model's personal time...
09/05/2026,02:00:11: Training...
09/05/2026,02:00:14: Evaluating...
09/05/2026,02:00:15: 	Train Loss: 844076.6875 (base: 3967.9871, kd: 8401.0879), Elapsed: train 5.41 test 0.46 *
09/05/2026,02:00:15: 	Recall@10: 0.00132 Recall@20: 0.00164 NDCG@10: 0.00134 NDCG@20: 0.00140 
09/05/2026,02:00:15: 	Recall@10: 0.00123 Recall@20: 0.00197 NDCG@10: 0.00074 NDCG@20: 0.00096 
09/05/2026,02:00:15: Epoch [42/1000]
09/05/2026,02:00:15: Negative sampling...
09/05/2026,02:00:16: Model's personal time...
09/05/2026,02:00:16: Training...
09/05/2026,02:00:20: Evaluating...
09/05/2026,02:00:20: 	Train Loss: 844084.3750 (base: 3939.6772, kd: 8401.4473), Elapsed: train 5.24 test 0.42 *
09/05/2026,02:00:20: 	Recall@10: 0.00123 Recall@20: 0.00167 NDCG@10: 0.00133 NDCG@20: 0.00142 
09/05/2026,02:00:20: 	Recall@10: 0.00148 Recall@20: 0.00243 NDCG@10: 0.00083 NDCG@20: 0.00108 
09/05/2026,02:00:20: Epoch [43/1000]
09/05/2026,02:00:20: Negative sampling...
09/05/2026,02:00:22: Model's personal time...
09/05/2026,02:00:22: Training...
09/05/2026,02:00:26: Evaluating...
09/05/2026,02:00:26: 	Train Loss: 843930.1250 (base: 3903.0156, kd: 8400.2715), Elapsed: train 5.16 test 0.41 *
09/05/2026,02:00:26: 	Recall@10: 0.00146 Recall@20: 0.00177 NDCG@10: 0.00148 NDCG@20: 0.00150 
09/05/2026,02:00:26: 	Recall@10: 0.00113 Recall@20: 0.00191 NDCG@10: 0.00067 NDCG@20: 0.00092 
09/05/2026,02:00:26: Epoch [44/1000]
09/05/2026,02:00:26: Negative sampling...
09/05/2026,02:00:27: Model's personal time...
09/05/2026,02:00:27: Training...
09/05/2026,02:00:31: Evaluating...
09/05/2026,02:00:31: 	Train Loss: 843545.7500 (base: 3878.7346, kd: 8396.6699), Elapsed: train 5.13 test 0.42 *
09/05/2026,02:00:31: 	Recall@10: 0.00144 Recall@20: 0.00188 NDCG@10: 0.00150 NDCG@20: 0.00157 
09/05/2026,02:00:31: 	Recall@10: 0.00119 Recall@20: 0.00182 NDCG@10: 0.00066 NDCG@20: 0.00089 
09/05/2026,02:00:31: Epoch [45/1000]
09/05/2026,02:00:31: Negative sampling...
09/05/2026,02:00:33: Model's personal time...
09/05/2026,02:00:33: Training...
09/05/2026,02:00:37: Evaluating...
09/05/2026,02:00:37: 	Train Loss: 843364.1250 (base: 3849.2124, kd: 8395.1484), Elapsed: train 5.05 test 0.47
09/05/2026,02:00:37: 	Recall@10: 0.00171 Recall@20: 0.00178 NDCG@10: 0.00157 NDCG@20: 0.00152 
09/05/2026,02:00:37: 	Recall@10: 0.00134 Recall@20: 0.00232 NDCG@10: 0.00080 NDCG@20: 0.00107 
09/05/2026,02:00:37: Epoch [46/1000]
09/05/2026,02:00:37: Negative sampling...
09/05/2026,02:00:38: Model's personal time...
09/05/2026,02:00:39: Training...
09/05/2026,02:00:42: Evaluating...
09/05/2026,02:00:43: 	Train Loss: 843094.1875 (base: 3817.3108, kd: 8392.7686), Elapsed: train 5.18 test 0.43
09/05/2026,02:00:43: 	Recall@10: 0.00137 Recall@20: 0.00181 NDCG@10: 0.00144 NDCG@20: 0.00151 
09/05/2026,02:00:43: 	Recall@10: 0.00134 Recall@20: 0.00174 NDCG@10: 0.00075 NDCG@20: 0.00089 
09/05/2026,02:00:43: Epoch [47/1000]
09/05/2026,02:00:43: Negative sampling...
09/05/2026,02:00:44: Model's personal time...
09/05/2026,02:00:44: Training...
09/05/2026,02:00:48: Evaluating...
09/05/2026,02:00:48: 	Train Loss: 843421.7500 (base: 3780.5876, kd: 8396.4121), Elapsed: train 5.12 test 0.41 *
09/05/2026,02:00:48: 	Recall@10: 0.00145 Recall@20: 0.00197 NDCG@10: 0.00158 NDCG@20: 0.00166 
09/05/2026,02:00:48: 	Recall@10: 0.00137 Recall@20: 0.00197 NDCG@10: 0.00081 NDCG@20: 0.00099 
09/05/2026,02:00:48: Epoch [48/1000]
09/05/2026,02:00:48: Negative sampling...
09/05/2026,02:00:49: Model's personal time...
09/05/2026,02:00:50: Training...
09/05/2026,02:00:53: Evaluating...
09/05/2026,02:00:54: 	Train Loss: 842843.0000 (base: 3739.8125, kd: 8391.0312), Elapsed: train 5.08 test 0.42
09/05/2026,02:00:54: 	Recall@10: 0.00143 Recall@20: 0.00177 NDCG@10: 0.00157 NDCG@20: 0.00162 
09/05/2026,02:00:54: 	Recall@10: 0.00137 Recall@20: 0.00192 NDCG@10: 0.00082 NDCG@20: 0.00101 
09/05/2026,02:00:54: Epoch [49/1000]
09/05/2026,02:00:54: Negative sampling...
09/05/2026,02:00:55: Model's personal time...
09/05/2026,02:00:55: Training...
09/05/2026,02:00:59: Evaluating...
09/05/2026,02:00:59: 	Train Loss: 842780.6250 (base: 3706.4709, kd: 8390.7412), Elapsed: train 5.09 test 0.42
09/05/2026,02:00:59: 	Recall@10: 0.00156 Recall@20: 0.00191 NDCG@10: 0.00165 NDCG@20: 0.00166 
09/05/2026,02:00:59: 	Recall@10: 0.00105 Recall@20: 0.00201 NDCG@10: 0.00072 NDCG@20: 0.00102 
09/05/2026,02:00:59: Epoch [50/1000]
09/05/2026,02:00:59: Negative sampling...
09/05/2026,02:01:00: Model's personal time...
09/05/2026,02:01:01: Training...
09/05/2026,02:01:04: Evaluating...
09/05/2026,02:01:05: 	Train Loss: 842648.8125 (base: 3699.9724, kd: 8389.4883), Elapsed: train 5.06 test 0.43 *
09/05/2026,02:01:05: 	Recall@10: 0.00149 Recall@20: 0.00179 NDCG@10: 0.00164 NDCG@20: 0.00169 
09/05/2026,02:01:05: 	Recall@10: 0.00169 Recall@20: 0.00203 NDCG@10: 0.00100 NDCG@20: 0.00114 
09/05/2026,02:01:05: Epoch [51/1000]
09/05/2026,02:01:05: Negative sampling...
09/05/2026,02:01:06: Model's personal time...
09/05/2026,02:01:06: Training...
09/05/2026,02:01:10: Evaluating...
09/05/2026,02:01:10: 	Train Loss: 842035.2500 (base: 3634.5271, kd: 8384.0078), Elapsed: train 5.20 test 0.45 *
09/05/2026,02:01:10: 	Recall@10: 0.00171 Recall@20: 0.00191 NDCG@10: 0.00178 NDCG@20: 0.00180 
09/05/2026,02:01:10: 	Recall@10: 0.00129 Recall@20: 0.00245 NDCG@10: 0.00088 NDCG@20: 0.00124 
09/05/2026,02:01:10: Epoch [52/1000]
09/05/2026,02:01:10: Negative sampling...
09/05/2026,02:01:12: Model's personal time...
09/05/2026,02:01:12: Training...
09/05/2026,02:01:15: Evaluating...
09/05/2026,02:01:16: 	Train Loss: 842286.8125 (base: 3605.6116, kd: 8386.8125), Elapsed: train 5.09 test 0.42
09/05/2026,02:01:16: 	Recall@10: 0.00175 Recall@20: 0.00191 NDCG@10: 0.00178 NDCG@20: 0.00180 
09/05/2026,02:01:16: 	Recall@10: 0.00203 Recall@20: 0.00234 NDCG@10: 0.00113 NDCG@20: 0.00127 
09/05/2026,02:01:16: Epoch [53/1000]
09/05/2026,02:01:16: Negative sampling...
09/05/2026,02:01:17: Model's personal time...
09/05/2026,02:01:17: Training...
09/05/2026,02:01:21: Evaluating...
09/05/2026,02:01:21: 	Train Loss: 842560.6250 (base: 3588.8242, kd: 8389.7178), Elapsed: train 5.26 test 0.41 *
09/05/2026,02:01:21: 	Recall@10: 0.00163 Recall@20: 0.00205 NDCG@10: 0.00179 NDCG@20: 0.00188 
09/05/2026,02:01:21: 	Recall@10: 0.00165 Recall@20: 0.00220 NDCG@10: 0.00093 NDCG@20: 0.00113 
09/05/2026,02:01:21: Epoch [54/1000]
09/05/2026,02:01:21: Negative sampling...
09/05/2026,02:01:23: Model's personal time...
09/05/2026,02:01:23: Training...
09/05/2026,02:01:27: Evaluating...
09/05/2026,02:01:27: 	Train Loss: 841996.9375 (base: 3547.1772, kd: 8384.4990), Elapsed: train 5.09 test 0.42 *
09/05/2026,02:01:27: 	Recall@10: 0.00157 Recall@20: 0.00227 NDCG@10: 0.00172 NDCG@20: 0.00190 
09/05/2026,02:01:27: 	Recall@10: 0.00201 Recall@20: 0.00244 NDCG@10: 0.00114 NDCG@20: 0.00132 
09/05/2026,02:01:27: Epoch [55/1000]
09/05/2026,02:01:27: Negative sampling...
09/05/2026,02:01:28: Model's personal time...
09/05/2026,02:01:28: Training...
09/05/2026,02:01:32: Evaluating...
09/05/2026,02:01:32: 	Train Loss: 841849.3125 (base: 3496.3110, kd: 8383.5303), Elapsed: train 5.07 test 0.42 *
09/05/2026,02:01:32: 	Recall@10: 0.00179 Recall@20: 0.00216 NDCG@10: 0.00193 NDCG@20: 0.00198 
09/05/2026,02:01:32: 	Recall@10: 0.00165 Recall@20: 0.00242 NDCG@10: 0.00098 NDCG@20: 0.00124 
09/05/2026,02:01:32: Epoch [56/1000]
09/05/2026,02:01:32: Negative sampling...
09/05/2026,02:01:34: Model's personal time...
09/05/2026,02:01:34: Training...
09/05/2026,02:01:38: Evaluating...
09/05/2026,02:01:38: 	Train Loss: 841633.3125 (base: 3480.8806, kd: 8381.5244), Elapsed: train 5.19 test 0.43 *
09/05/2026,02:01:38: 	Recall@10: 0.00186 Recall@20: 0.00238 NDCG@10: 0.00197 NDCG@20: 0.00208 
09/05/2026,02:01:38: 	Recall@10: 0.00197 Recall@20: 0.00257 NDCG@10: 0.00121 NDCG@20: 0.00143 
09/05/2026,02:01:38: Epoch [57/1000]
09/05/2026,02:01:38: Negative sampling...
09/05/2026,02:01:39: Model's personal time...
09/05/2026,02:01:40: Training...
09/05/2026,02:01:43: Evaluating...
09/05/2026,02:01:44: 	Train Loss: 842157.0625 (base: 3434.2468, kd: 8387.2275), Elapsed: train 5.24 test 0.45 *
09/05/2026,02:01:44: 	Recall@10: 0.00211 Recall@20: 0.00266 NDCG@10: 0.00201 NDCG@20: 0.00213 
09/05/2026,02:01:44: 	Recall@10: 0.00197 Recall@20: 0.00231 NDCG@10: 0.00114 NDCG@20: 0.00129 
09/05/2026,02:01:44: Epoch [58/1000]
09/05/2026,02:01:44: Negative sampling...
09/05/2026,02:01:45: Model's personal time...
09/05/2026,02:01:45: Training...
09/05/2026,02:01:49: Evaluating...
09/05/2026,02:01:49: 	Train Loss: 841184.6250 (base: 3415.3374, kd: 8377.6934), Elapsed: train 5.22 test 0.46 *
09/05/2026,02:01:49: 	Recall@10: 0.00207 Recall@20: 0.00246 NDCG@10: 0.00206 NDCG@20: 0.00213 
09/05/2026,02:01:49: 	Recall@10: 0.00193 Recall@20: 0.00255 NDCG@10: 0.00116 NDCG@20: 0.00137 
09/05/2026,02:01:49: Epoch [59/1000]
09/05/2026,02:01:49: Negative sampling...
09/05/2026,02:01:51: Model's personal time...
09/05/2026,02:01:51: Training...
09/05/2026,02:01:55: Evaluating...
09/05/2026,02:01:55: 	Train Loss: 841281.1250 (base: 3385.0229, kd: 8378.9600), Elapsed: train 5.17 test 0.42 *
09/05/2026,02:01:55: 	Recall@10: 0.00206 Recall@20: 0.00276 NDCG@10: 0.00209 NDCG@20: 0.00226 
09/05/2026,02:01:55: 	Recall@10: 0.00180 Recall@20: 0.00249 NDCG@10: 0.00111 NDCG@20: 0.00135 
09/05/2026,02:01:55: Epoch [60/1000]
09/05/2026,02:01:55: Negative sampling...
09/05/2026,02:01:56: Model's personal time...
09/05/2026,02:01:57: Training...
09/05/2026,02:02:00: Evaluating...
09/05/2026,02:02:01: 	Train Loss: 841454.3750 (base: 3354.1418, kd: 8381.0020), Elapsed: train 5.10 test 0.51
09/05/2026,02:02:01: 	Recall@10: 0.00213 Recall@20: 0.00273 NDCG@10: 0.00208 NDCG@20: 0.00220 
09/05/2026,02:02:01: 	Recall@10: 0.00193 Recall@20: 0.00257 NDCG@10: 0.00114 NDCG@20: 0.00138 
09/05/2026,02:02:01: Epoch [61/1000]
09/05/2026,02:02:01: Negative sampling...
09/05/2026,02:02:02: Model's personal time...
09/05/2026,02:02:02: Training...
09/05/2026,02:02:06: Evaluating...
09/05/2026,02:02:06: 	Train Loss: 841156.0625 (base: 3303.1765, kd: 8378.5283), Elapsed: train 5.27 test 0.48
09/05/2026,02:02:06: 	Recall@10: 0.00185 Recall@20: 0.00257 NDCG@10: 0.00201 NDCG@20: 0.00216 
09/05/2026,02:02:06: 	Recall@10: 0.00190 Recall@20: 0.00245 NDCG@10: 0.00116 NDCG@20: 0.00138 
09/05/2026,02:02:06: Epoch [62/1000]
09/05/2026,02:02:06: Negative sampling...
09/05/2026,02:02:08: Model's personal time...
09/05/2026,02:02:08: Training...
09/05/2026,02:02:12: Evaluating...
09/05/2026,02:02:12: 	Train Loss: 841428.3750 (base: 3268.1274, kd: 8381.6025), Elapsed: train 5.11 test 0.42
09/05/2026,02:02:12: 	Recall@10: 0.00187 Recall@20: 0.00252 NDCG@10: 0.00199 NDCG@20: 0.00216 
09/05/2026,02:02:12: 	Recall@10: 0.00155 Recall@20: 0.00259 NDCG@10: 0.00103 NDCG@20: 0.00135 
09/05/2026,02:02:12: Epoch [63/1000]
09/05/2026,02:02:12: Negative sampling...
09/05/2026,02:02:13: Model's personal time...
09/05/2026,02:02:13: Training...
09/05/2026,02:02:17: Evaluating...
09/05/2026,02:02:17: 	Train Loss: 841068.8750 (base: 3246.6921, kd: 8378.2227), Elapsed: train 5.05 test 0.46
09/05/2026,02:02:17: 	Recall@10: 0.00181 Recall@20: 0.00273 NDCG@10: 0.00203 NDCG@20: 0.00225 
09/05/2026,02:02:17: 	Recall@10: 0.00153 Recall@20: 0.00276 NDCG@10: 0.00111 NDCG@20: 0.00147 
09/05/2026,02:02:17: Epoch [64/1000]
09/05/2026,02:02:17: Negative sampling...
09/05/2026,02:02:19: Model's personal time...
09/05/2026,02:02:19: Training...
09/05/2026,02:02:23: Evaluating...
09/05/2026,02:02:23: 	Train Loss: 841275.4375 (base: 3221.2849, kd: 8380.5410), Elapsed: train 5.17 test 0.42
09/05/2026,02:02:23: 	Recall@10: 0.00186 Recall@20: 0.00235 NDCG@10: 0.00203 NDCG@20: 0.00213 
09/05/2026,02:02:23: 	Recall@10: 0.00145 Recall@20: 0.00283 NDCG@10: 0.00096 NDCG@20: 0.00139 
09/05/2026,02:02:23: Epoch [65/1000]
09/05/2026,02:02:23: Negative sampling...
09/05/2026,02:02:24: Model's personal time...
09/05/2026,02:02:25: Training...
09/05/2026,02:02:28: Evaluating...
09/05/2026,02:02:29: 	Train Loss: 840910.6875 (base: 3177.6821, kd: 8377.3301), Elapsed: train 5.08 test 0.40
09/05/2026,02:02:29: 	Recall@10: 0.00182 Recall@20: 0.00267 NDCG@10: 0.00203 NDCG@20: 0.00220 
09/05/2026,02:02:29: 	Recall@10: 0.00216 Recall@20: 0.00266 NDCG@10: 0.00132 NDCG@20: 0.00152 
09/05/2026,02:02:29: Epoch [66/1000]
09/05/2026,02:02:29: Negative sampling...
09/05/2026,02:02:30: Model's personal time...
09/05/2026,02:02:30: Training...
09/05/2026,02:02:34: Evaluating...
09/05/2026,02:02:34: 	Train Loss: 840585.6250 (base: 3166.4478, kd: 8374.1924), Elapsed: train 5.10 test 0.41 *
09/05/2026,02:02:34: 	Recall@10: 0.00182 Recall@20: 0.00297 NDCG@10: 0.00201 NDCG@20: 0.00226 
09/05/2026,02:02:34: 	Recall@10: 0.00116 Recall@20: 0.00248 NDCG@10: 0.00089 NDCG@20: 0.00126 
09/05/2026,02:02:34: Epoch [67/1000]
09/05/2026,02:02:34: Negative sampling...
09/05/2026,02:02:35: Model's personal time...
09/05/2026,02:02:36: Training...
09/05/2026,02:02:39: Evaluating...
09/05/2026,02:02:40: 	Train Loss: 840296.3125 (base: 3092.0781, kd: 8372.0420), Elapsed: train 5.27 test 0.51
09/05/2026,02:02:40: 	Recall@10: 0.00187 Recall@20: 0.00248 NDCG@10: 0.00204 NDCG@20: 0.00214 
09/05/2026,02:02:40: 	Recall@10: 0.00186 Recall@20: 0.00267 NDCG@10: 0.00114 NDCG@20: 0.00139 
09/05/2026,02:02:40: Epoch [68/1000]
09/05/2026,02:02:40: Negative sampling...
09/05/2026,02:02:41: Model's personal time...
09/05/2026,02:02:41: Training...
09/05/2026,02:02:45: Evaluating...
09/05/2026,02:02:45: 	Train Loss: 840796.3750 (base: 3078.7786, kd: 8377.1758), Elapsed: train 5.22 test 0.43
09/05/2026,02:02:45: 	Recall@10: 0.00184 Recall@20: 0.00219 NDCG@10: 0.00203 NDCG@20: 0.00207 
09/05/2026,02:02:45: 	Recall@10: 0.00144 Recall@20: 0.00275 NDCG@10: 0.00099 NDCG@20: 0.00136 
09/05/2026,02:02:45: Epoch [69/1000]
09/05/2026,02:02:45: Negative sampling...
09/05/2026,02:02:47: Model's personal time...
09/05/2026,02:02:47: Training...
09/05/2026,02:02:51: Evaluating...
09/05/2026,02:02:51: 	Train Loss: 840452.9375 (base: 3041.2568, kd: 8374.1162), Elapsed: train 5.18 test 0.40
09/05/2026,02:02:51: 	Recall@10: 0.00181 Recall@20: 0.00259 NDCG@10: 0.00202 NDCG@20: 0.00216 
09/05/2026,02:02:51: 	Recall@10: 0.00193 Recall@20: 0.00255 NDCG@10: 0.00113 NDCG@20: 0.00137 
09/05/2026,02:02:51: Epoch [70/1000]
09/05/2026,02:02:51: Negative sampling...
09/05/2026,02:02:52: Model's personal time...
09/05/2026,02:02:53: Training...
09/05/2026,02:02:56: Evaluating...
09/05/2026,02:02:57: 	Train Loss: 840331.0625 (base: 2999.2891, kd: 8373.3184), Elapsed: train 5.17 test 0.44 *
09/05/2026,02:02:57: 	Recall@10: 0.00193 Recall@20: 0.00292 NDCG@10: 0.00207 NDCG@20: 0.00228 
09/05/2026,02:02:57: 	Recall@10: 0.00135 Recall@20: 0.00234 NDCG@10: 0.00092 NDCG@20: 0.00122 
09/05/2026,02:02:57: Epoch [71/1000]
09/05/2026,02:02:57: Negative sampling...
09/05/2026,02:02:58: Model's personal time...
09/05/2026,02:02:58: Training...
09/05/2026,02:03:02: Evaluating...
09/05/2026,02:03:03: 	Train Loss: 840192.5000 (base: 2975.6978, kd: 8372.1670), Elapsed: train 5.44 test 0.42
09/05/2026,02:03:03: 	Recall@10: 0.00201 Recall@20: 0.00240 NDCG@10: 0.00208 NDCG@20: 0.00214 
09/05/2026,02:03:03: 	Recall@10: 0.00149 Recall@20: 0.00246 NDCG@10: 0.00114 NDCG@20: 0.00144 
09/05/2026,02:03:03: Epoch [72/1000]
09/05/2026,02:03:03: Negative sampling...
09/05/2026,02:03:04: Model's personal time...
09/05/2026,02:03:04: Training...
09/05/2026,02:03:08: Evaluating...
09/05/2026,02:03:08: 	Train Loss: 839916.3750 (base: 2947.9866, kd: 8369.6836), Elapsed: train 5.12 test 0.41
09/05/2026,02:03:08: 	Recall@10: 0.00196 Recall@20: 0.00260 NDCG@10: 0.00208 NDCG@20: 0.00220 
09/05/2026,02:03:08: 	Recall@10: 0.00173 Recall@20: 0.00276 NDCG@10: 0.00118 NDCG@20: 0.00150 
09/05/2026,02:03:08: Epoch [73/1000]
09/05/2026,02:03:08: Negative sampling...
09/05/2026,02:03:09: Model's personal time...
09/05/2026,02:03:10: Training...
09/05/2026,02:03:13: Evaluating...
09/05/2026,02:03:14: 	Train Loss: 839975.6875 (base: 2911.3887, kd: 8370.6436), Elapsed: train 5.18 test 0.41
09/05/2026,02:03:14: 	Recall@10: 0.00201 Recall@20: 0.00267 NDCG@10: 0.00206 NDCG@20: 0.00218 
09/05/2026,02:03:14: 	Recall@10: 0.00146 Recall@20: 0.00261 NDCG@10: 0.00112 NDCG@20: 0.00148 
09/05/2026,02:03:14: Epoch [74/1000]
09/05/2026,02:03:14: Negative sampling...
09/05/2026,02:03:15: Model's personal time...
09/05/2026,02:03:15: Training...
09/05/2026,02:03:19: Evaluating...
09/05/2026,02:03:19: 	Train Loss: 839688.5625 (base: 2877.0791, kd: 8368.1152), Elapsed: train 5.11 test 0.41 *
09/05/2026,02:03:19: 	Recall@10: 0.00215 Recall@20: 0.00295 NDCG@10: 0.00219 NDCG@20: 0.00234 
09/05/2026,02:03:19: 	Recall@10: 0.00191 Recall@20: 0.00252 NDCG@10: 0.00143 NDCG@20: 0.00163 
09/05/2026,02:03:19: Epoch [75/1000]
09/05/2026,02:03:19: Negative sampling...
09/05/2026,02:03:21: Model's personal time...
09/05/2026,02:03:21: Training...
09/05/2026,02:03:24: Evaluating...
09/05/2026,02:03:25: 	Train Loss: 839936.6250 (base: 2841.8721, kd: 8370.9473), Elapsed: train 5.28 test 0.42 *
09/05/2026,02:03:25: 	Recall@10: 0.00213 Recall@20: 0.00293 NDCG@10: 0.00220 NDCG@20: 0.00238 
09/05/2026,02:03:25: 	Recall@10: 0.00192 Recall@20: 0.00266 NDCG@10: 0.00126 NDCG@20: 0.00151 
09/05/2026,02:03:25: Epoch [76/1000]
09/05/2026,02:03:25: Negative sampling...
09/05/2026,02:03:26: Model's personal time...
09/05/2026,02:03:26: Training...
09/05/2026,02:03:30: Evaluating...
09/05/2026,02:03:30: 	Train Loss: 839795.2500 (base: 2821.9980, kd: 8369.7324), Elapsed: train 5.17 test 0.44
09/05/2026,02:03:30: 	Recall@10: 0.00200 Recall@20: 0.00261 NDCG@10: 0.00222 NDCG@20: 0.00233 
09/05/2026,02:03:30: 	Recall@10: 0.00196 Recall@20: 0.00258 NDCG@10: 0.00137 NDCG@20: 0.00156 
09/05/2026,02:03:30: Epoch [77/1000]
09/05/2026,02:03:30: Negative sampling...
09/05/2026,02:03:32: Model's personal time...
09/05/2026,02:03:32: Training...
09/05/2026,02:03:36: Evaluating...
09/05/2026,02:03:36: 	Train Loss: 839588.0625 (base: 2785.4336, kd: 8368.0264), Elapsed: train 5.43 test 0.42 *
09/05/2026,02:03:36: 	Recall@10: 0.00210 Recall@20: 0.00286 NDCG@10: 0.00225 NDCG@20: 0.00238 
09/05/2026,02:03:36: 	Recall@10: 0.00192 Recall@20: 0.00266 NDCG@10: 0.00119 NDCG@20: 0.00146 
09/05/2026,02:03:36: Epoch [78/1000]
09/05/2026,02:03:36: Negative sampling...
09/05/2026,02:03:38: Model's personal time...
09/05/2026,02:03:38: Training...
09/05/2026,02:03:41: Evaluating...
09/05/2026,02:03:42: 	Train Loss: 839696.3125 (base: 2765.5088, kd: 8369.3076), Elapsed: train 5.14 test 0.42
09/05/2026,02:03:42: 	Recall@10: 0.00203 Recall@20: 0.00240 NDCG@10: 0.00225 NDCG@20: 0.00230 
09/05/2026,02:03:42: 	Recall@10: 0.00195 Recall@20: 0.00253 NDCG@10: 0.00138 NDCG@20: 0.00159 
09/05/2026,02:03:42: Epoch [79/1000]
09/05/2026,02:03:42: Negative sampling...
09/05/2026,02:03:43: Model's personal time...
09/05/2026,02:03:43: Training...
09/05/2026,02:03:47: Evaluating...
09/05/2026,02:03:47: 	Train Loss: 839368.8125 (base: 2731.9348, kd: 8366.3701), Elapsed: train 5.11 test 0.45 *
09/05/2026,02:03:47: 	Recall@10: 0.00212 Recall@20: 0.00287 NDCG@10: 0.00229 NDCG@20: 0.00243 
09/05/2026,02:03:47: 	Recall@10: 0.00186 Recall@20: 0.00289 NDCG@10: 0.00123 NDCG@20: 0.00157 
09/05/2026,02:03:47: Epoch [80/1000]
09/05/2026,02:03:47: Negative sampling...
09/05/2026,02:03:49: Model's personal time...
09/05/2026,02:03:49: Training...
09/05/2026,02:03:53: Evaluating...
09/05/2026,02:03:53: 	Train Loss: 839449.0625 (base: 2686.9065, kd: 8367.6221), Elapsed: train 5.09 test 0.43
09/05/2026,02:03:53: 	Recall@10: 0.00222 Recall@20: 0.00265 NDCG@10: 0.00228 NDCG@20: 0.00234 
09/05/2026,02:03:53: 	Recall@10: 0.00194 Recall@20: 0.00282 NDCG@10: 0.00121 NDCG@20: 0.00149 
09/05/2026,02:03:53: Epoch [81/1000]
09/05/2026,02:03:53: Negative sampling...
09/05/2026,02:03:54: Model's personal time...
09/05/2026,02:03:54: Training...
09/05/2026,02:03:58: Evaluating...
09/05/2026,02:03:59: 	Train Loss: 839147.8125 (base: 2665.3953, kd: 8364.8242), Elapsed: train 5.18 test 0.41
09/05/2026,02:03:59: 	Recall@10: 0.00200 Recall@20: 0.00306 NDCG@10: 0.00219 NDCG@20: 0.00243 
09/05/2026,02:03:59: 	Recall@10: 0.00179 Recall@20: 0.00249 NDCG@10: 0.00129 NDCG@20: 0.00154 
09/05/2026,02:03:59: Epoch [82/1000]
09/05/2026,02:03:59: Negative sampling...
09/05/2026,02:04:00: Model's personal time...
09/05/2026,02:04:00: Training...
09/05/2026,02:04:04: Evaluating...
09/05/2026,02:04:04: 	Train Loss: 839292.8750 (base: 2633.2681, kd: 8366.5957), Elapsed: train 5.16 test 0.44
09/05/2026,02:04:04: 	Recall@10: 0.00193 Recall@20: 0.00300 NDCG@10: 0.00217 NDCG@20: 0.00242 
09/05/2026,02:04:04: 	Recall@10: 0.00204 Recall@20: 0.00298 NDCG@10: 0.00132 NDCG@20: 0.00163 
09/05/2026,02:04:04: Epoch [83/1000]
09/05/2026,02:04:04: Negative sampling...
09/05/2026,02:04:06: Model's personal time...
09/05/2026,02:04:06: Training...
09/05/2026,02:04:09: Evaluating...
09/05/2026,02:04:10: 	Train Loss: 838940.5625 (base: 2633.6545, kd: 8363.0703), Elapsed: train 5.34 test 0.43
09/05/2026,02:04:10: 	Recall@10: 0.00198 Recall@20: 0.00277 NDCG@10: 0.00216 NDCG@20: 0.00233 
09/05/2026,02:04:10: 	Recall@10: 0.00175 Recall@20: 0.00258 NDCG@10: 0.00119 NDCG@20: 0.00149 
09/05/2026,02:04:10: Epoch [84/1000]
09/05/2026,02:04:10: Negative sampling...
09/05/2026,02:04:11: Model's personal time...
09/05/2026,02:04:11: Training...
09/05/2026,02:04:15: Evaluating...
09/05/2026,02:04:15: 	Train Loss: 839395.2500 (base: 2589.0413, kd: 8368.0625), Elapsed: train 5.10 test 0.43
09/05/2026,02:04:15: 	Recall@10: 0.00193 Recall@20: 0.00247 NDCG@10: 0.00216 NDCG@20: 0.00226 
09/05/2026,02:04:15: 	Recall@10: 0.00202 Recall@20: 0.00288 NDCG@10: 0.00148 NDCG@20: 0.00178 
09/05/2026,02:04:15: Epoch [85/1000]
09/05/2026,02:04:15: Negative sampling...
09/05/2026,02:04:17: Model's personal time...
09/05/2026,02:04:17: Training...
09/05/2026,02:04:21: Evaluating...
09/05/2026,02:04:21: 	Train Loss: 838760.1250 (base: 2571.4905, kd: 8361.8857), Elapsed: train 5.40 test 0.43
09/05/2026,02:04:21: 	Recall@10: 0.00205 Recall@20: 0.00246 NDCG@10: 0.00219 NDCG@20: 0.00227 
09/05/2026,02:04:21: 	Recall@10: 0.00188 Recall@20: 0.00267 NDCG@10: 0.00124 NDCG@20: 0.00151 
09/05/2026,02:04:21: Epoch [86/1000]
09/05/2026,02:04:21: Negative sampling...
09/05/2026,02:04:23: Model's personal time...
09/05/2026,02:04:23: Training...
09/05/2026,02:04:27: Evaluating...
09/05/2026,02:04:27: 	Train Loss: 838991.5625 (base: 2526.2551, kd: 8364.6533), Elapsed: train 5.22 test 0.42
09/05/2026,02:04:27: 	Recall@10: 0.00217 Recall@20: 0.00292 NDCG@10: 0.00226 NDCG@20: 0.00242 
09/05/2026,02:04:27: 	Recall@10: 0.00207 Recall@20: 0.00267 NDCG@10: 0.00141 NDCG@20: 0.00162 
09/05/2026,02:04:27: Epoch [87/1000]
09/05/2026,02:04:27: Negative sampling...
09/05/2026,02:04:28: Model's personal time...
09/05/2026,02:04:28: Training...
09/05/2026,02:04:32: Evaluating...
09/05/2026,02:04:33: 	Train Loss: 838741.6250 (base: 2505.5974, kd: 8362.3604), Elapsed: train 5.25 test 0.42
09/05/2026,02:04:33: 	Recall@10: 0.00202 Recall@20: 0.00293 NDCG@10: 0.00220 NDCG@20: 0.00241 
09/05/2026,02:04:33: 	Recall@10: 0.00224 Recall@20: 0.00287 NDCG@10: 0.00137 NDCG@20: 0.00158 
09/05/2026,02:04:33: Epoch [88/1000]
09/05/2026,02:04:33: Negative sampling...
09/05/2026,02:04:34: Model's personal time...
09/05/2026,02:04:34: Training...
09/05/2026,02:04:38: Evaluating...
09/05/2026,02:04:38: 	Train Loss: 838631.3125 (base: 2487.2458, kd: 8361.4395), Elapsed: train 5.26 test 0.41 *
09/05/2026,02:04:38: 	Recall@10: 0.00233 Recall@20: 0.00289 NDCG@10: 0.00236 NDCG@20: 0.00245 
09/05/2026,02:04:38: 	Recall@10: 0.00233 Recall@20: 0.00323 NDCG@10: 0.00147 NDCG@20: 0.00177 
09/05/2026,02:04:38: Epoch [89/1000]
09/05/2026,02:04:38: Negative sampling...
09/05/2026,02:04:40: Model's personal time...
09/05/2026,02:04:40: Training...
09/05/2026,02:04:43: Evaluating...
09/05/2026,02:04:44: 	Train Loss: 838830.1875 (base: 2463.3691, kd: 8363.6680), Elapsed: train 5.16 test 0.43
09/05/2026,02:04:44: 	Recall@10: 0.00208 Recall@20: 0.00282 NDCG@10: 0.00226 NDCG@20: 0.00241 
09/05/2026,02:04:44: 	Recall@10: 0.00204 Recall@20: 0.00304 NDCG@10: 0.00145 NDCG@20: 0.00179 
09/05/2026,02:04:44: Epoch [90/1000]
09/05/2026,02:04:44: Negative sampling...
09/05/2026,02:04:45: Model's personal time...
09/05/2026,02:04:45: Training...
09/05/2026,02:04:49: Evaluating...
09/05/2026,02:04:49: 	Train Loss: 838540.6875 (base: 2432.6760, kd: 8361.0801), Elapsed: train 5.13 test 0.42 *
09/05/2026,02:04:49: 	Recall@10: 0.00245 Recall@20: 0.00306 NDCG@10: 0.00245 NDCG@20: 0.00256 
09/05/2026,02:04:49: 	Recall@10: 0.00238 Recall@20: 0.00280 NDCG@10: 0.00153 NDCG@20: 0.00168 
09/05/2026,02:04:49: Epoch [91/1000]
09/05/2026,02:04:49: Negative sampling...
09/05/2026,02:04:51: Model's personal time...
09/05/2026,02:04:51: Training...
09/05/2026,02:04:54: Evaluating...
09/05/2026,02:04:55: 	Train Loss: 838555.3125 (base: 2403.5073, kd: 8361.5176), Elapsed: train 5.07 test 0.43 *
09/05/2026,02:04:55: 	Recall@10: 0.00229 Recall@20: 0.00315 NDCG@10: 0.00240 NDCG@20: 0.00259 
09/05/2026,02:04:55: 	Recall@10: 0.00214 Recall@20: 0.00302 NDCG@10: 0.00142 NDCG@20: 0.00171 
09/05/2026,02:04:55: Epoch [92/1000]
09/05/2026,02:04:55: Negative sampling...
09/05/2026,02:04:56: Model's personal time...
09/05/2026,02:04:56: Training...
09/05/2026,02:05:00: Evaluating...
09/05/2026,02:05:01: 	Train Loss: 838451.0625 (base: 2371.8401, kd: 8360.7920), Elapsed: train 5.16 test 0.44
09/05/2026,02:05:01: 	Recall@10: 0.00202 Recall@20: 0.00261 NDCG@10: 0.00221 NDCG@20: 0.00233 
09/05/2026,02:05:01: 	Recall@10: 0.00187 Recall@20: 0.00257 NDCG@10: 0.00153 NDCG@20: 0.00175 
09/05/2026,02:05:01: Epoch [93/1000]
09/05/2026,02:05:01: Negative sampling...
09/05/2026,02:05:02: Model's personal time...
09/05/2026,02:05:02: Training...
09/05/2026,02:05:06: Evaluating...
09/05/2026,02:05:06: 	Train Loss: 838505.4375 (base: 2356.7483, kd: 8361.4873), Elapsed: train 5.25 test 0.45 *
09/05/2026,02:05:06: 	Recall@10: 0.00227 Recall@20: 0.00320 NDCG@10: 0.00240 NDCG@20: 0.00264 
09/05/2026,02:05:06: 	Recall@10: 0.00218 Recall@20: 0.00269 NDCG@10: 0.00143 NDCG@20: 0.00160 
09/05/2026,02:05:06: Epoch [94/1000]
09/05/2026,02:05:06: Negative sampling...
09/05/2026,02:05:08: Model's personal time...
09/05/2026,02:05:08: Training...
09/05/2026,02:05:11: Evaluating...
09/05/2026,02:05:12: 	Train Loss: 838401.3125 (base: 2350.4780, kd: 8360.5078), Elapsed: train 5.19 test 0.42
09/05/2026,02:05:12: 	Recall@10: 0.00229 Recall@20: 0.00294 NDCG@10: 0.00245 NDCG@20: 0.00260 
09/05/2026,02:05:12: 	Recall@10: 0.00195 Recall@20: 0.00279 NDCG@10: 0.00147 NDCG@20: 0.00177 
09/05/2026,02:05:12: Epoch [95/1000]
09/05/2026,02:05:12: Negative sampling...
09/05/2026,02:05:13: Model's personal time...
09/05/2026,02:05:13: Training...
09/05/2026,02:05:17: Evaluating...
09/05/2026,02:05:18: 	Train Loss: 838532.2500 (base: 2297.1250, kd: 8362.3516), Elapsed: train 5.16 test 0.52
09/05/2026,02:05:18: 	Recall@10: 0.00241 Recall@20: 0.00323 NDCG@10: 0.00244 NDCG@20: 0.00264 
09/05/2026,02:05:18: 	Recall@10: 0.00224 Recall@20: 0.00279 NDCG@10: 0.00156 NDCG@20: 0.00173 
09/05/2026,02:05:18: Epoch [96/1000]
09/05/2026,02:05:18: Negative sampling...
09/05/2026,02:05:19: Model's personal time...
09/05/2026,02:05:19: Training...
09/05/2026,02:05:23: Evaluating...
09/05/2026,02:05:23: 	Train Loss: 838135.4375 (base: 2283.3604, kd: 8358.5205), Elapsed: train 5.31 test 0.44
09/05/2026,02:05:23: 	Recall@10: 0.00209 Recall@20: 0.00311 NDCG@10: 0.00232 NDCG@20: 0.00257 
09/05/2026,02:05:23: 	Recall@10: 0.00213 Recall@20: 0.00281 NDCG@10: 0.00155 NDCG@20: 0.00177 
09/05/2026,02:05:23: Epoch [97/1000]
09/05/2026,02:05:23: Negative sampling...
09/05/2026,02:05:25: Model's personal time...
09/05/2026,02:05:25: Training...
09/05/2026,02:05:28: Evaluating...
09/05/2026,02:05:29: 	Train Loss: 838077.5625 (base: 2250.1243, kd: 8358.2734), Elapsed: train 5.10 test 0.42
09/05/2026,02:05:29: 	Recall@10: 0.00223 Recall@20: 0.00294 NDCG@10: 0.00246 NDCG@20: 0.00263 
09/05/2026,02:05:29: 	Recall@10: 0.00225 Recall@20: 0.00274 NDCG@10: 0.00157 NDCG@20: 0.00175 
09/05/2026,02:05:29: Epoch [98/1000]
09/05/2026,02:05:29: Negative sampling...
09/05/2026,02:05:30: Model's personal time...
09/05/2026,02:05:30: Training...
09/05/2026,02:05:34: Evaluating...
09/05/2026,02:05:34: 	Train Loss: 838002.5000 (base: 2235.6536, kd: 8357.6680), Elapsed: train 5.13 test 0.41
09/05/2026,02:05:34: 	Recall@10: 0.00229 Recall@20: 0.00295 NDCG@10: 0.00241 NDCG@20: 0.00256 
09/05/2026,02:05:34: 	Recall@10: 0.00182 Recall@20: 0.00245 NDCG@10: 0.00136 NDCG@20: 0.00157 
09/05/2026,02:05:34: Epoch [99/1000]
09/05/2026,02:05:34: Negative sampling...
09/05/2026,02:05:36: Model's personal time...
09/05/2026,02:05:36: Training...
09/05/2026,02:05:39: Evaluating...
09/05/2026,02:05:40: 	Train Loss: 837753.6250 (base: 2219.8633, kd: 8355.3379), Elapsed: train 5.17 test 0.41
09/05/2026,02:05:40: 	Recall@10: 0.00209 Recall@20: 0.00280 NDCG@10: 0.00238 NDCG@20: 0.00256 
09/05/2026,02:05:40: 	Recall@10: 0.00216 Recall@20: 0.00261 NDCG@10: 0.00147 NDCG@20: 0.00162 
09/05/2026,02:05:40: Epoch [100/1000]
09/05/2026,02:05:40: Negative sampling...
09/05/2026,02:05:41: Model's personal time...
09/05/2026,02:05:42: Training...
09/05/2026,02:05:45: Evaluating...
09/05/2026,02:05:46: 	Train Loss: 837836.5625 (base: 2189.3879, kd: 8356.4717), Elapsed: train 5.23 test 0.49
09/05/2026,02:05:46: 	Recall@10: 0.00223 Recall@20: 0.00262 NDCG@10: 0.00250 NDCG@20: 0.00256 
09/05/2026,02:05:46: 	Recall@10: 0.00175 Recall@20: 0.00243 NDCG@10: 0.00147 NDCG@20: 0.00167 
09/05/2026,02:05:46: Epoch [101/1000]
09/05/2026,02:05:46: Negative sampling...
09/05/2026,02:05:47: Model's personal time...
09/05/2026,02:05:47: Training...
09/05/2026,02:05:51: Evaluating...
09/05/2026,02:05:51: 	Train Loss: 837979.6875 (base: 2169.2656, kd: 8358.1035), Elapsed: train 5.11 test 0.44
09/05/2026,02:05:51: 	Recall@10: 0.00197 Recall@20: 0.00289 NDCG@10: 0.00231 NDCG@20: 0.00252 
09/05/2026,02:05:51: 	Recall@10: 0.00208 Recall@20: 0.00293 NDCG@10: 0.00153 NDCG@20: 0.00179 
09/05/2026,02:05:51: Epoch [102/1000]
09/05/2026,02:05:51: Negative sampling...
09/05/2026,02:05:53: Model's personal time...
09/05/2026,02:05:53: Training...
09/05/2026,02:05:56: Evaluating...
09/05/2026,02:05:57: 	Train Loss: 837748.0000 (base: 2125.9863, kd: 8356.2197), Elapsed: train 5.27 test 0.42
09/05/2026,02:05:57: 	Recall@10: 0.00204 Recall@20: 0.00285 NDCG@10: 0.00238 NDCG@20: 0.00258 
09/05/2026,02:05:57: 	Recall@10: 0.00197 Recall@20: 0.00264 NDCG@10: 0.00142 NDCG@20: 0.00164 
09/05/2026,02:05:57: Epoch [103/1000]
09/05/2026,02:05:57: Negative sampling...
09/05/2026,02:05:58: Model's personal time...
09/05/2026,02:05:58: Training...
09/05/2026,02:06:02: Evaluating...
09/05/2026,02:06:02: 	Train Loss: 837815.6875 (base: 2133.6733, kd: 8356.8193), Elapsed: train 5.19 test 0.42 *
09/05/2026,02:06:02: 	Recall@10: 0.00245 Recall@20: 0.00309 NDCG@10: 0.00259 NDCG@20: 0.00276 
09/05/2026,02:06:02: 	Recall@10: 0.00170 Recall@20: 0.00311 NDCG@10: 0.00121 NDCG@20: 0.00163 
09/05/2026,02:06:02: Epoch [104/1000]
09/05/2026,02:06:02: Negative sampling...
09/05/2026,02:06:04: Model's personal time...
09/05/2026,02:06:04: Training...
09/05/2026,02:06:08: Evaluating...
09/05/2026,02:06:08: 	Train Loss: 837660.3125 (base: 2126.2368, kd: 8355.3408), Elapsed: train 5.15 test 0.42
09/05/2026,02:06:08: 	Recall@10: 0.00234 Recall@20: 0.00267 NDCG@10: 0.00259 NDCG@20: 0.00264 
09/05/2026,02:06:08: 	Recall@10: 0.00169 Recall@20: 0.00267 NDCG@10: 0.00146 NDCG@20: 0.00176 
09/05/2026,02:06:08: Epoch [105/1000]
09/05/2026,02:06:08: Negative sampling...
09/05/2026,02:06:09: Model's personal time...
09/05/2026,02:06:10: Training...
09/05/2026,02:06:13: Evaluating...
09/05/2026,02:06:14: 	Train Loss: 837288.6250 (base: 2075.1772, kd: 8352.1348), Elapsed: train 5.13 test 0.41
09/05/2026,02:06:14: 	Recall@10: 0.00234 Recall@20: 0.00285 NDCG@10: 0.00259 NDCG@20: 0.00271 
09/05/2026,02:06:14: 	Recall@10: 0.00178 Recall@20: 0.00238 NDCG@10: 0.00147 NDCG@20: 0.00166 
09/05/2026,02:06:14: Epoch [106/1000]
09/05/2026,02:06:14: Negative sampling...
09/05/2026,02:06:15: Model's personal time...
09/05/2026,02:06:15: Training...
09/05/2026,02:06:19: Evaluating...
09/05/2026,02:06:19: 	Train Loss: 837325.1250 (base: 2068.3936, kd: 8352.5684), Elapsed: train 5.17 test 0.43
09/05/2026,02:06:19: 	Recall@10: 0.00256 Recall@20: 0.00291 NDCG@10: 0.00271 NDCG@20: 0.00275 
09/05/2026,02:06:19: 	Recall@10: 0.00227 Recall@20: 0.00287 NDCG@10: 0.00148 NDCG@20: 0.00166 
09/05/2026,02:06:19: Epoch [107/1000]
09/05/2026,02:06:19: Negative sampling...
09/05/2026,02:06:21: Model's personal time...
09/05/2026,02:06:21: Training...
09/05/2026,02:06:24: Evaluating...
09/05/2026,02:06:25: 	Train Loss: 837489.4375 (base: 2041.6342, kd: 8354.4785), Elapsed: train 5.14 test 0.43
09/05/2026,02:06:25: 	Recall@10: 0.00226 Recall@20: 0.00316 NDCG@10: 0.00254 NDCG@20: 0.00273 
09/05/2026,02:06:25: 	Recall@10: 0.00165 Recall@20: 0.00246 NDCG@10: 0.00138 NDCG@20: 0.00162 
09/05/2026,02:06:25: Epoch [108/1000]
09/05/2026,02:06:25: Negative sampling...
09/05/2026,02:06:26: Model's personal time...
09/05/2026,02:06:26: Training...
09/05/2026,02:06:30: Evaluating...
09/05/2026,02:06:30: 	Train Loss: 837291.4375 (base: 2029.0547, kd: 8352.6240), Elapsed: train 5.09 test 0.46 *
09/05/2026,02:06:30: 	Recall@10: 0.00257 Recall@20: 0.00333 NDCG@10: 0.00281 NDCG@20: 0.00297 
09/05/2026,02:06:30: 	Recall@10: 0.00199 Recall@20: 0.00238 NDCG@10: 0.00138 NDCG@20: 0.00152 
09/05/2026,02:06:30: Epoch [109/1000]
09/05/2026,02:06:30: Negative sampling...
09/05/2026,02:06:32: Model's personal time...
09/05/2026,02:06:32: Training...
09/05/2026,02:06:35: Evaluating...
09/05/2026,02:06:36: 	Train Loss: 836917.8750 (base: 2007.7144, kd: 8349.1016), Elapsed: train 5.12 test 0.51
09/05/2026,02:06:36: 	Recall@10: 0.00215 Recall@20: 0.00268 NDCG@10: 0.00253 NDCG@20: 0.00265 
09/05/2026,02:06:36: 	Recall@10: 0.00178 Recall@20: 0.00256 NDCG@10: 0.00139 NDCG@20: 0.00163 
09/05/2026,02:06:36: Epoch [110/1000]
09/05/2026,02:06:36: Negative sampling...
09/05/2026,02:06:37: Model's personal time...
09/05/2026,02:06:37: Training...
09/05/2026,02:06:41: Evaluating...
09/05/2026,02:06:41: 	Train Loss: 837246.5000 (base: 1993.8711, kd: 8352.5264), Elapsed: train 5.10 test 0.45
09/05/2026,02:06:41: 	Recall@10: 0.00222 Recall@20: 0.00335 NDCG@10: 0.00251 NDCG@20: 0.00277 
09/05/2026,02:06:41: 	Recall@10: 0.00193 Recall@20: 0.00292 NDCG@10: 0.00145 NDCG@20: 0.00176 
09/05/2026,02:06:41: Epoch [111/1000]
09/05/2026,02:06:41: Negative sampling...
09/05/2026,02:06:43: Model's personal time...
09/05/2026,02:06:43: Training...
09/05/2026,02:06:47: Evaluating...
09/05/2026,02:06:47: 	Train Loss: 837569.7500 (base: 1978.5913, kd: 8355.9121), Elapsed: train 5.34 test 0.48
09/05/2026,02:06:47: 	Recall@10: 0.00205 Recall@20: 0.00282 NDCG@10: 0.00246 NDCG@20: 0.00264 
09/05/2026,02:06:47: 	Recall@10: 0.00211 Recall@20: 0.00292 NDCG@10: 0.00156 NDCG@20: 0.00178 
09/05/2026,02:06:47: Epoch [112/1000]
09/05/2026,02:06:47: Negative sampling...
09/05/2026,02:06:49: Model's personal time...
09/05/2026,02:06:49: Training...
09/05/2026,02:06:53: Evaluating...
09/05/2026,02:06:53: 	Train Loss: 837487.6875 (base: 1952.2084, kd: 8355.3545), Elapsed: train 5.24 test 0.44
09/05/2026,02:06:53: 	Recall@10: 0.00238 Recall@20: 0.00337 NDCG@10: 0.00251 NDCG@20: 0.00276 
09/05/2026,02:06:53: 	Recall@10: 0.00175 Recall@20: 0.00298 NDCG@10: 0.00150 NDCG@20: 0.00185 
09/05/2026,02:06:53: Epoch [113/1000]
09/05/2026,02:06:53: Negative sampling...
09/05/2026,02:06:54: Model's personal time...
09/05/2026,02:06:55: Training...
09/05/2026,02:06:58: Evaluating...
09/05/2026,02:06:59: 	Train Loss: 837028.0625 (base: 1946.8877, kd: 8350.8115), Elapsed: train 5.22 test 0.42
09/05/2026,02:06:59: 	Recall@10: 0.00213 Recall@20: 0.00283 NDCG@10: 0.00250 NDCG@20: 0.00269 
09/05/2026,02:06:59: 	Recall@10: 0.00194 Recall@20: 0.00291 NDCG@10: 0.00156 NDCG@20: 0.00186 
09/05/2026,02:06:59: Epoch [114/1000]
09/05/2026,02:06:59: Negative sampling...
09/05/2026,02:07:00: Model's personal time...
09/05/2026,02:07:00: Training...
09/05/2026,02:07:04: Evaluating...
09/05/2026,02:07:04: 	Train Loss: 836956.5625 (base: 1934.0071, kd: 8350.2256), Elapsed: train 5.09 test 0.44
09/05/2026,02:07:04: 	Recall@10: 0.00215 Recall@20: 0.00287 NDCG@10: 0.00256 NDCG@20: 0.00273 
09/05/2026,02:07:04: 	Recall@10: 0.00192 Recall@20: 0.00333 NDCG@10: 0.00156 NDCG@20: 0.00200 
09/05/2026,02:07:04: Epoch [115/1000]
09/05/2026,02:07:04: Negative sampling...
09/05/2026,02:07:06: Model's personal time...
09/05/2026,02:07:06: Training...
09/05/2026,02:07:09: Evaluating...
09/05/2026,02:07:10: 	Train Loss: 836840.9375 (base: 1898.6985, kd: 8349.4229), Elapsed: train 5.15 test 0.43
09/05/2026,02:07:10: 	Recall@10: 0.00240 Recall@20: 0.00325 NDCG@10: 0.00265 NDCG@20: 0.00286 
09/05/2026,02:07:10: 	Recall@10: 0.00227 Recall@20: 0.00288 NDCG@10: 0.00165 NDCG@20: 0.00185 
09/05/2026,02:07:10: Epoch [116/1000]
09/05/2026,02:07:10: Negative sampling...
09/05/2026,02:07:11: Model's personal time...
09/05/2026,02:07:11: Training...
09/05/2026,02:07:15: Evaluating...
09/05/2026,02:07:15: 	Train Loss: 837264.9375 (base: 1886.1847, kd: 8353.7881), Elapsed: train 5.09 test 0.42
09/05/2026,02:07:15: 	Recall@10: 0.00258 Recall@20: 0.00310 NDCG@10: 0.00281 NDCG@20: 0.00292 
09/05/2026,02:07:15: 	Recall@10: 0.00219 Recall@20: 0.00295 NDCG@10: 0.00157 NDCG@20: 0.00180 
09/05/2026,02:07:15: Epoch [117/1000]
09/05/2026,02:07:15: Negative sampling...
09/05/2026,02:07:17: Model's personal time...
09/05/2026,02:07:17: Training...
09/05/2026,02:07:20: Evaluating...
09/05/2026,02:07:21: 	Train Loss: 836633.6250 (base: 1879.9834, kd: 8347.5371), Elapsed: train 5.16 test 0.41
09/05/2026,02:07:21: 	Recall@10: 0.00246 Recall@20: 0.00334 NDCG@10: 0.00259 NDCG@20: 0.00279 
09/05/2026,02:07:21: 	Recall@10: 0.00227 Recall@20: 0.00277 NDCG@10: 0.00175 NDCG@20: 0.00191 
09/05/2026,02:07:21: Epoch [118/1000]
09/05/2026,02:07:21: Negative sampling...
09/05/2026,02:07:22: Model's personal time...
09/05/2026,02:07:22: Training...
09/05/2026,02:07:26: Evaluating...
09/05/2026,02:07:26: 	Train Loss: 837098.1250 (base: 1846.8966, kd: 8352.5117), Elapsed: train 5.10 test 0.42 *
09/05/2026,02:07:26: 	Recall@10: 0.00246 Recall@20: 0.00337 NDCG@10: 0.00276 NDCG@20: 0.00297 
09/05/2026,02:07:26: 	Recall@10: 0.00197 Recall@20: 0.00263 NDCG@10: 0.00177 NDCG@20: 0.00198 
09/05/2026,02:07:26: Epoch [119/1000]
09/05/2026,02:07:26: Negative sampling...
09/05/2026,02:07:28: Model's personal time...
09/05/2026,02:07:28: Training...
09/05/2026,02:07:31: Evaluating...
09/05/2026,02:07:32: 	Train Loss: 836859.6875 (base: 1839.3220, kd: 8350.2031), Elapsed: train 5.07 test 0.41
09/05/2026,02:07:32: 	Recall@10: 0.00258 Recall@20: 0.00284 NDCG@10: 0.00276 NDCG@20: 0.00279 
09/05/2026,02:07:32: 	Recall@10: 0.00222 Recall@20: 0.00314 NDCG@10: 0.00177 NDCG@20: 0.00203 
09/05/2026,02:07:32: Epoch [120/1000]
09/05/2026,02:07:32: Negative sampling...
09/05/2026,02:07:33: Model's personal time...
09/05/2026,02:07:33: Training...
09/05/2026,02:07:37: Evaluating...
09/05/2026,02:07:38: 	Train Loss: 836710.6875 (base: 1828.3762, kd: 8348.8223), Elapsed: train 5.35 test 0.44
09/05/2026,02:07:38: 	Recall@10: 0.00251 Recall@20: 0.00320 NDCG@10: 0.00274 NDCG@20: 0.00291 
09/05/2026,02:07:38: 	Recall@10: 0.00207 Recall@20: 0.00298 NDCG@10: 0.00163 NDCG@20: 0.00192 
09/05/2026,02:07:38: Epoch [121/1000]
09/05/2026,02:07:38: Negative sampling...
09/05/2026,02:07:39: Model's personal time...
09/05/2026,02:07:39: Training...
09/05/2026,02:07:43: Evaluating...
09/05/2026,02:07:43: 	Train Loss: 836483.7500 (base: 1799.4727, kd: 8346.8428), Elapsed: train 5.18 test 0.43 *
09/05/2026,02:07:43: 	Recall@10: 0.00272 Recall@20: 0.00312 NDCG@10: 0.00297 NDCG@20: 0.00306 
09/05/2026,02:07:43: 	Recall@10: 0.00194 Recall@20: 0.00287 NDCG@10: 0.00173 NDCG@20: 0.00203 
09/05/2026,02:07:43: Epoch [122/1000]
09/05/2026,02:07:43: Negative sampling...
09/05/2026,02:07:45: Model's personal time...
09/05/2026,02:07:45: Training...
09/05/2026,02:07:48: Evaluating...
09/05/2026,02:07:49: 	Train Loss: 836882.1250 (base: 1789.5876, kd: 8350.9248), Elapsed: train 5.11 test 0.47 *
09/05/2026,02:07:49: 	Recall@10: 0.00277 Recall@20: 0.00350 NDCG@10: 0.00310 NDCG@20: 0.00326 
09/05/2026,02:07:49: 	Recall@10: 0.00243 Recall@20: 0.00300 NDCG@10: 0.00184 NDCG@20: 0.00203 
09/05/2026,02:07:49: Epoch [123/1000]
09/05/2026,02:07:49: Negative sampling...
09/05/2026,02:07:50: Model's personal time...
09/05/2026,02:07:50: Training...
09/05/2026,02:07:54: Evaluating...
09/05/2026,02:07:54: 	Train Loss: 836439.5000 (base: 1755.7200, kd: 8346.8369), Elapsed: train 5.18 test 0.42
09/05/2026,02:07:54: 	Recall@10: 0.00261 Recall@20: 0.00305 NDCG@10: 0.00308 NDCG@20: 0.00318 
09/05/2026,02:07:54: 	Recall@10: 0.00191 Recall@20: 0.00274 NDCG@10: 0.00156 NDCG@20: 0.00183 
09/05/2026,02:07:54: Epoch [124/1000]
09/05/2026,02:07:54: Negative sampling...
09/05/2026,02:07:56: Model's personal time...
09/05/2026,02:07:56: Training...
09/05/2026,02:08:00: Evaluating...
09/05/2026,02:08:00: 	Train Loss: 836699.5625 (base: 1770.6492, kd: 8349.2891), Elapsed: train 5.11 test 0.41
09/05/2026,02:08:00: 	Recall@10: 0.00279 Recall@20: 0.00332 NDCG@10: 0.00312 NDCG@20: 0.00323 
09/05/2026,02:08:00: 	Recall@10: 0.00203 Recall@20: 0.00354 NDCG@10: 0.00154 NDCG@20: 0.00198 
09/05/2026,02:08:00: Epoch [125/1000]
09/05/2026,02:08:00: Negative sampling...
09/05/2026,02:08:01: Model's personal time...
09/05/2026,02:08:01: Training...
09/05/2026,02:08:05: Evaluating...
09/05/2026,02:08:06: 	Train Loss: 836619.2500 (base: 1730.4949, kd: 8348.8877), Elapsed: train 5.12 test 0.49
09/05/2026,02:08:06: 	Recall@10: 0.00267 Recall@20: 0.00358 NDCG@10: 0.00303 NDCG@20: 0.00322 
09/05/2026,02:08:06: 	Recall@10: 0.00190 Recall@20: 0.00279 NDCG@10: 0.00148 NDCG@20: 0.00176 
09/05/2026,02:08:06: Epoch [126/1000]
09/05/2026,02:08:06: Negative sampling...
09/05/2026,02:08:07: Model's personal time...
09/05/2026,02:08:07: Training...
09/05/2026,02:08:11: Evaluating...
09/05/2026,02:08:11: 	Train Loss: 836488.5000 (base: 1752.6256, kd: 8347.3584), Elapsed: train 5.21 test 0.43 *
09/05/2026,02:08:11: 	Recall@10: 0.00310 Recall@20: 0.00399 NDCG@10: 0.00332 NDCG@20: 0.00351 
09/05/2026,02:08:11: 	Recall@10: 0.00220 Recall@20: 0.00324 NDCG@10: 0.00159 NDCG@20: 0.00189 
09/05/2026,02:08:11: Epoch [127/1000]
09/05/2026,02:08:11: Negative sampling...
09/05/2026,02:08:13: Model's personal time...
09/05/2026,02:08:13: Training...
09/05/2026,02:08:16: Evaluating...
09/05/2026,02:08:17: 	Train Loss: 836095.8750 (base: 1715.3152, kd: 8343.8057), Elapsed: train 5.16 test 0.41
09/05/2026,02:08:17: 	Recall@10: 0.00311 Recall@20: 0.00349 NDCG@10: 0.00333 NDCG@20: 0.00339 
09/05/2026,02:08:17: 	Recall@10: 0.00245 Recall@20: 0.00297 NDCG@10: 0.00185 NDCG@20: 0.00203 
09/05/2026,02:08:17: Epoch [128/1000]
09/05/2026,02:08:17: Negative sampling...
09/05/2026,02:08:18: Model's personal time...
09/05/2026,02:08:18: Training...
09/05/2026,02:08:22: Evaluating...
09/05/2026,02:08:22: 	Train Loss: 836539.0625 (base: 1718.9276, kd: 8348.2021), Elapsed: train 5.06 test 0.42
09/05/2026,02:08:22: 	Recall@10: 0.00278 Recall@20: 0.00326 NDCG@10: 0.00322 NDCG@20: 0.00330 
09/05/2026,02:08:22: 	Recall@10: 0.00230 Recall@20: 0.00296 NDCG@10: 0.00185 NDCG@20: 0.00209 
09/05/2026,02:08:22: Epoch [129/1000]
09/05/2026,02:08:22: Negative sampling...
09/05/2026,02:08:24: Model's personal time...
09/05/2026,02:08:24: Training...
09/05/2026,02:08:27: Evaluating...
09/05/2026,02:08:28: 	Train Loss: 835987.0625 (base: 1688.2305, kd: 8342.9883), Elapsed: train 5.10 test 0.43
09/05/2026,02:08:28: 	Recall@10: 0.00323 Recall@20: 0.00375 NDCG@10: 0.00337 NDCG@20: 0.00347 
09/05/2026,02:08:28: 	Recall@10: 0.00238 Recall@20: 0.00320 NDCG@10: 0.00185 NDCG@20: 0.00215 
09/05/2026,02:08:28: Epoch [130/1000]
09/05/2026,02:08:28: Negative sampling...
09/05/2026,02:08:29: Model's personal time...
09/05/2026,02:08:29: Training...
09/05/2026,02:08:33: Evaluating...
09/05/2026,02:08:33: 	Train Loss: 836010.1250 (base: 1674.2465, kd: 8343.3584), Elapsed: train 5.08 test 0.43
09/05/2026,02:08:33: 	Recall@10: 0.00309 Recall@20: 0.00342 NDCG@10: 0.00336 NDCG@20: 0.00339 
09/05/2026,02:08:33: 	Recall@10: 0.00214 Recall@20: 0.00297 NDCG@10: 0.00152 NDCG@20: 0.00180 
09/05/2026,02:08:33: Epoch [131/1000]
09/05/2026,02:08:33: Negative sampling...
09/05/2026,02:08:35: Model's personal time...
09/05/2026,02:08:35: Training...
09/05/2026,02:08:38: Evaluating...
09/05/2026,02:08:39: 	Train Loss: 836274.4375 (base: 1653.3352, kd: 8346.2109), Elapsed: train 5.13 test 0.43
09/05/2026,02:08:39: 	Recall@10: 0.00278 Recall@20: 0.00346 NDCG@10: 0.00319 NDCG@20: 0.00332 
09/05/2026,02:08:39: 	Recall@10: 0.00221 Recall@20: 0.00312 NDCG@10: 0.00176 NDCG@20: 0.00207 
09/05/2026,02:08:39: Epoch [132/1000]
09/05/2026,02:08:39: Negative sampling...
09/05/2026,02:08:40: Model's personal time...
09/05/2026,02:08:40: Training...
09/05/2026,02:08:44: Evaluating...
09/05/2026,02:08:45: 	Train Loss: 836208.1250 (base: 1640.0485, kd: 8345.6807), Elapsed: train 5.34 test 0.43
09/05/2026,02:08:45: 	Recall@10: 0.00286 Recall@20: 0.00324 NDCG@10: 0.00325 NDCG@20: 0.00331 
09/05/2026,02:08:45: 	Recall@10: 0.00193 Recall@20: 0.00261 NDCG@10: 0.00160 NDCG@20: 0.00180 
09/05/2026,02:08:45: Epoch [133/1000]
09/05/2026,02:08:45: Negative sampling...
09/05/2026,02:08:46: Model's personal time...
09/05/2026,02:08:46: Training...
09/05/2026,02:08:50: Evaluating...
09/05/2026,02:08:50: 	Train Loss: 836348.5625 (base: 1626.3901, kd: 8347.2217), Elapsed: train 5.28 test 0.43
09/05/2026,02:08:50: 	Recall@10: 0.00281 Recall@20: 0.00347 NDCG@10: 0.00325 NDCG@20: 0.00338 
09/05/2026,02:08:50: 	Recall@10: 0.00215 Recall@20: 0.00307 NDCG@10: 0.00173 NDCG@20: 0.00201 
09/05/2026,02:08:50: Epoch [134/1000]
09/05/2026,02:08:50: Negative sampling...
09/05/2026,02:08:52: Model's personal time...
09/05/2026,02:08:52: Training...
09/05/2026,02:08:56: Evaluating...
09/05/2026,02:08:56: 	Train Loss: 836192.5000 (base: 1621.8105, kd: 8345.7061), Elapsed: train 5.42 test 0.44
09/05/2026,02:08:56: 	Recall@10: 0.00285 Recall@20: 0.00321 NDCG@10: 0.00327 NDCG@20: 0.00331 
09/05/2026,02:08:56: 	Recall@10: 0.00199 Recall@20: 0.00308 NDCG@10: 0.00155 NDCG@20: 0.00188 
09/05/2026,02:08:56: Epoch [135/1000]
09/05/2026,02:08:56: Negative sampling...
09/05/2026,02:08:58: Model's personal time...
09/05/2026,02:08:58: Training...
09/05/2026,02:09:01: Evaluating...
09/05/2026,02:09:02: 	Train Loss: 835943.4375 (base: 1592.3351, kd: 8343.5117), Elapsed: train 5.16 test 0.41
09/05/2026,02:09:02: 	Recall@10: 0.00295 Recall@20: 0.00334 NDCG@10: 0.00317 NDCG@20: 0.00323 
09/05/2026,02:09:02: 	Recall@10: 0.00202 Recall@20: 0.00273 NDCG@10: 0.00163 NDCG@20: 0.00186 
09/05/2026,02:09:02: Epoch [136/1000]
09/05/2026,02:09:02: Negative sampling...
09/05/2026,02:09:03: Model's personal time...
09/05/2026,02:09:03: Training...
09/05/2026,02:09:07: Evaluating...
09/05/2026,02:09:07: 	Train Loss: 836478.8125 (base: 1601.2148, kd: 8348.7764), Elapsed: train 5.09 test 0.41
09/05/2026,02:09:07: 	Recall@10: 0.00283 Recall@20: 0.00350 NDCG@10: 0.00320 NDCG@20: 0.00334 
09/05/2026,02:09:07: 	Recall@10: 0.00220 Recall@20: 0.00318 NDCG@10: 0.00167 NDCG@20: 0.00197 
09/05/2026,02:09:07: Epoch [137/1000]
09/05/2026,02:09:07: Negative sampling...
09/05/2026,02:09:09: Model's personal time...
09/05/2026,02:09:09: Training...
09/05/2026,02:09:12: Evaluating...
09/05/2026,02:09:13: 	Train Loss: 836287.7500 (base: 1584.3411, kd: 8347.0342), Elapsed: train 5.11 test 0.44
09/05/2026,02:09:13: 	Recall@10: 0.00281 Recall@20: 0.00346 NDCG@10: 0.00325 NDCG@20: 0.00337 
09/05/2026,02:09:13: 	Recall@10: 0.00196 Recall@20: 0.00300 NDCG@10: 0.00168 NDCG@20: 0.00202 
09/05/2026,02:09:13: Epoch [138/1000]
09/05/2026,02:09:13: Negative sampling...
09/05/2026,02:09:14: Model's personal time...
09/05/2026,02:09:14: Training...
09/05/2026,02:09:18: Evaluating...
09/05/2026,02:09:18: 	Train Loss: 835958.1250 (base: 1563.4064, kd: 8343.9473), Elapsed: train 5.17 test 0.42
09/05/2026,02:09:18: 	Recall@10: 0.00287 Recall@20: 0.00337 NDCG@10: 0.00325 NDCG@20: 0.00335 
09/05/2026,02:09:18: 	Recall@10: 0.00187 Recall@20: 0.00304 NDCG@10: 0.00160 NDCG@20: 0.00196 
09/05/2026,02:09:18: Epoch [139/1000]
09/05/2026,02:09:18: Negative sampling...
09/05/2026,02:09:20: Model's personal time...
09/05/2026,02:09:20: Training...
09/05/2026,02:09:24: Evaluating...
09/05/2026,02:09:24: 	Train Loss: 836047.3125 (base: 1561.0659, kd: 8344.8623), Elapsed: train 5.14 test 0.41
09/05/2026,02:09:24: 	Recall@10: 0.00294 Recall@20: 0.00363 NDCG@10: 0.00329 NDCG@20: 0.00344 
09/05/2026,02:09:24: 	Recall@10: 0.00198 Recall@20: 0.00273 NDCG@10: 0.00166 NDCG@20: 0.00191 
09/05/2026,02:09:24: Epoch [140/1000]
09/05/2026,02:09:24: Negative sampling...
09/05/2026,02:09:25: Model's personal time...
09/05/2026,02:09:25: Training...
09/05/2026,02:09:29: Evaluating...
09/05/2026,02:09:30: 	Train Loss: 835811.0625 (base: 1549.0708, kd: 8342.6201), Elapsed: train 5.11 test 0.45
09/05/2026,02:09:30: 	Recall@10: 0.00274 Recall@20: 0.00355 NDCG@10: 0.00329 NDCG@20: 0.00345 
09/05/2026,02:09:30: 	Recall@10: 0.00191 Recall@20: 0.00332 NDCG@10: 0.00163 NDCG@20: 0.00206 
09/05/2026,02:09:30: Epoch [141/1000]
09/05/2026,02:09:30: Negative sampling...
09/05/2026,02:09:31: Model's personal time...
09/05/2026,02:09:31: Training...
09/05/2026,02:09:35: Evaluating...
09/05/2026,02:09:35: 	Train Loss: 835815.0625 (base: 1509.5698, kd: 8343.0547), Elapsed: train 5.18 test 0.44 *
09/05/2026,02:09:35: 	Recall@10: 0.00326 Recall@20: 0.00388 NDCG@10: 0.00357 NDCG@20: 0.00370 
09/05/2026,02:09:35: 	Recall@10: 0.00215 Recall@20: 0.00289 NDCG@10: 0.00177 NDCG@20: 0.00203 
09/05/2026,02:09:35: Epoch [142/1000]
09/05/2026,02:09:35: Negative sampling...
09/05/2026,02:09:36: Model's personal time...
09/05/2026,02:09:37: Training...
09/05/2026,02:09:40: Evaluating...
09/05/2026,02:09:41: 	Train Loss: 835608.1250 (base: 1502.0886, kd: 8341.0596), Elapsed: train 5.09 test 0.42
09/05/2026,02:09:41: 	Recall@10: 0.00287 Recall@20: 0.00358 NDCG@10: 0.00325 NDCG@20: 0.00345 
09/05/2026,02:09:41: 	Recall@10: 0.00177 Recall@20: 0.00317 NDCG@10: 0.00148 NDCG@20: 0.00191 
09/05/2026,02:09:41: Epoch [143/1000]
09/05/2026,02:09:41: Negative sampling...
09/05/2026,02:09:42: Model's personal time...
09/05/2026,02:09:42: Training...
09/05/2026,02:09:46: Evaluating...
09/05/2026,02:09:46: 	Train Loss: 835934.0000 (base: 1523.7917, kd: 8344.1016), Elapsed: train 5.22 test 0.43 *
09/05/2026,02:09:46: 	Recall@10: 0.00336 Recall@20: 0.00411 NDCG@10: 0.00352 NDCG@20: 0.00370 
09/05/2026,02:09:46: 	Recall@10: 0.00249 Recall@20: 0.00275 NDCG@10: 0.00200 NDCG@20: 0.00212 
09/05/2026,02:09:46: Epoch [144/1000]
09/05/2026,02:09:46: Negative sampling...
09/05/2026,02:09:48: Model's personal time...
09/05/2026,02:09:48: Training...
09/05/2026,02:09:51: Evaluating...
09/05/2026,02:09:52: 	Train Loss: 835778.5000 (base: 1507.6216, kd: 8342.7090), Elapsed: train 5.12 test 0.41
09/05/2026,02:09:52: 	Recall@10: 0.00289 Recall@20: 0.00356 NDCG@10: 0.00336 NDCG@20: 0.00351 
09/05/2026,02:09:52: 	Recall@10: 0.00210 Recall@20: 0.00269 NDCG@10: 0.00178 NDCG@20: 0.00202 
09/05/2026,02:09:52: Epoch [145/1000]
09/05/2026,02:09:52: Negative sampling...
09/05/2026,02:09:53: Model's personal time...
09/05/2026,02:09:53: Training...
09/05/2026,02:09:57: Evaluating...
09/05/2026,02:09:57: 	Train Loss: 835977.7500 (base: 1499.7266, kd: 8344.7812), Elapsed: train 5.06 test 0.41
09/05/2026,02:09:57: 	Recall@10: 0.00325 Recall@20: 0.00378 NDCG@10: 0.00351 NDCG@20: 0.00362 
09/05/2026,02:09:57: 	Recall@10: 0.00232 Recall@20: 0.00299 NDCG@10: 0.00182 NDCG@20: 0.00208 
09/05/2026,02:09:57: Epoch [146/1000]
09/05/2026,02:09:57: Negative sampling...
09/05/2026,02:09:59: Model's personal time...
09/05/2026,02:09:59: Training...
09/05/2026,02:10:02: Evaluating...
09/05/2026,02:10:03: 	Train Loss: 835737.7500 (base: 1465.2769, kd: 8342.7246), Elapsed: train 5.13 test 0.41
09/05/2026,02:10:03: 	Recall@10: 0.00308 Recall@20: 0.00387 NDCG@10: 0.00342 NDCG@20: 0.00360 
09/05/2026,02:10:03: 	Recall@10: 0.00178 Recall@20: 0.00256 NDCG@10: 0.00150 NDCG@20: 0.00176 
09/05/2026,02:10:03: Epoch [147/1000]
09/05/2026,02:10:03: Negative sampling...
09/05/2026,02:10:04: Model's personal time...
09/05/2026,02:10:04: Training...
09/05/2026,02:10:08: Evaluating...
09/05/2026,02:10:09: 	Train Loss: 835861.4375 (base: 1470.5198, kd: 8343.9092), Elapsed: train 5.16 test 0.53 *
09/05/2026,02:10:09: 	Recall@10: 0.00312 Recall@20: 0.00425 NDCG@10: 0.00355 NDCG@20: 0.00384 
09/05/2026,02:10:09: 	Recall@10: 0.00223 Recall@20: 0.00298 NDCG@10: 0.00167 NDCG@20: 0.00190 
09/05/2026,02:10:09: Epoch [148/1000]
09/05/2026,02:10:09: Negative sampling...
09/05/2026,02:10:10: Model's personal time...
09/05/2026,02:10:10: Training...
09/05/2026,02:10:14: Evaluating...
09/05/2026,02:10:14: 	Train Loss: 835776.1250 (base: 1468.7657, kd: 8343.0732), Elapsed: train 5.30 test 0.48
09/05/2026,02:10:14: 	Recall@10: 0.00341 Recall@20: 0.00400 NDCG@10: 0.00368 NDCG@20: 0.00381 
09/05/2026,02:10:14: 	Recall@10: 0.00243 Recall@20: 0.00333 NDCG@10: 0.00192 NDCG@20: 0.00220 
09/05/2026,02:10:14: Epoch [149/1000]
09/05/2026,02:10:14: Negative sampling...
09/05/2026,02:10:16: Model's personal time...
09/05/2026,02:10:16: Training...
09/05/2026,02:10:19: Evaluating...
09/05/2026,02:10:20: 	Train Loss: 835455.0625 (base: 1427.7617, kd: 8340.2744), Elapsed: train 5.20 test 0.45
09/05/2026,02:10:20: 	Recall@10: 0.00324 Recall@20: 0.00436 NDCG@10: 0.00352 NDCG@20: 0.00381 
09/05/2026,02:10:20: 	Recall@10: 0.00247 Recall@20: 0.00322 NDCG@10: 0.00202 NDCG@20: 0.00227 
09/05/2026,02:10:20: Epoch [150/1000]
09/05/2026,02:10:20: Negative sampling...
09/05/2026,02:10:21: Model's personal time...
09/05/2026,02:10:21: Training...
09/05/2026,02:10:25: Evaluating...
09/05/2026,02:10:26: 	Train Loss: 835625.4375 (base: 1420.8340, kd: 8342.0459), Elapsed: train 5.22 test 0.42
09/05/2026,02:10:26: 	Recall@10: 0.00328 Recall@20: 0.00425 NDCG@10: 0.00360 NDCG@20: 0.00383 
09/05/2026,02:10:26: 	Recall@10: 0.00246 Recall@20: 0.00348 NDCG@10: 0.00197 NDCG@20: 0.00230 
09/05/2026,02:10:26: Epoch [151/1000]
09/05/2026,02:10:26: Negative sampling...
09/05/2026,02:10:27: Model's personal time...
09/05/2026,02:10:27: Training...
09/05/2026,02:10:31: Evaluating...
09/05/2026,02:10:31: 	Train Loss: 835385.6250 (base: 1427.1095, kd: 8339.5850), Elapsed: train 5.07 test 0.43
09/05/2026,02:10:31: 	Recall@10: 0.00305 Recall@20: 0.00396 NDCG@10: 0.00348 NDCG@20: 0.00370 
09/05/2026,02:10:31: 	Recall@10: 0.00298 Recall@20: 0.00409 NDCG@10: 0.00221 NDCG@20: 0.00258 
09/05/2026,02:10:31: Epoch [152/1000]
09/05/2026,02:10:31: Negative sampling...
09/05/2026,02:10:32: Model's personal time...
09/05/2026,02:10:33: Training...
09/05/2026,02:10:36: Evaluating...
09/05/2026,02:10:37: 	Train Loss: 835288.6875 (base: 1410.8502, kd: 8338.7783), Elapsed: train 5.09 test 0.43
09/05/2026,02:10:37: 	Recall@10: 0.00300 Recall@20: 0.00413 NDCG@10: 0.00343 NDCG@20: 0.00373 
09/05/2026,02:10:37: 	Recall@10: 0.00256 Recall@20: 0.00335 NDCG@10: 0.00204 NDCG@20: 0.00232 
09/05/2026,02:10:37: Epoch [153/1000]
09/05/2026,02:10:37: Negative sampling...
09/05/2026,02:10:38: Model's personal time...
09/05/2026,02:10:38: Training...
09/05/2026,02:10:42: Evaluating...
09/05/2026,02:10:42: 	Train Loss: 835324.8750 (base: 1417.3265, kd: 8339.0762), Elapsed: train 5.12 test 0.41
09/05/2026,02:10:42: 	Recall@10: 0.00289 Recall@20: 0.00370 NDCG@10: 0.00336 NDCG@20: 0.00357 
09/05/2026,02:10:42: 	Recall@10: 0.00272 Recall@20: 0.00355 NDCG@10: 0.00196 NDCG@20: 0.00223 
09/05/2026,02:10:42: Epoch [154/1000]
09/05/2026,02:10:42: Negative sampling...
09/05/2026,02:10:44: Model's personal time...
09/05/2026,02:10:44: Training...
09/05/2026,02:10:47: Evaluating...
09/05/2026,02:10:48: 	Train Loss: 834924.8125 (base: 1401.2031, kd: 8335.2354), Elapsed: train 5.17 test 0.49
09/05/2026,02:10:48: 	Recall@10: 0.00313 Recall@20: 0.00423 NDCG@10: 0.00348 NDCG@20: 0.00377 
09/05/2026,02:10:48: 	Recall@10: 0.00334 Recall@20: 0.00415 NDCG@10: 0.00251 NDCG@20: 0.00276 
09/05/2026,02:10:48: Epoch [155/1000]
09/05/2026,02:10:48: Negative sampling...
09/05/2026,02:10:49: Model's personal time...
09/05/2026,02:10:49: Training...
09/05/2026,02:10:53: Evaluating...
09/05/2026,02:10:54: 	Train Loss: 835598.4375 (base: 1400.7708, kd: 8341.9756), Elapsed: train 5.24 test 0.52
09/05/2026,02:10:54: 	Recall@10: 0.00308 Recall@20: 0.00408 NDCG@10: 0.00332 NDCG@20: 0.00359 
09/05/2026,02:10:54: 	Recall@10: 0.00269 Recall@20: 0.00341 NDCG@10: 0.00220 NDCG@20: 0.00245 
09/05/2026,02:10:54: Epoch [156/1000]
09/05/2026,02:10:54: Negative sampling...
09/05/2026,02:10:55: Model's personal time...
09/05/2026,02:10:55: Training...
09/05/2026,02:10:59: Evaluating...
09/05/2026,02:10:59: 	Train Loss: 835129.6250 (base: 1368.5521, kd: 8337.6104), Elapsed: train 5.21 test 0.43
09/05/2026,02:10:59: 	Recall@10: 0.00304 Recall@20: 0.00367 NDCG@10: 0.00343 NDCG@20: 0.00358 
09/05/2026,02:10:59: 	Recall@10: 0.00294 Recall@20: 0.00344 NDCG@10: 0.00230 NDCG@20: 0.00248 
09/05/2026,02:10:59: Epoch [157/1000]
09/05/2026,02:10:59: Negative sampling...
09/05/2026,02:11:01: Model's personal time...
09/05/2026,02:11:01: Training...
09/05/2026,02:11:04: Evaluating...
09/05/2026,02:11:05: 	Train Loss: 835272.8125 (base: 1377.0483, kd: 8338.9570), Elapsed: train 5.17 test 0.44
09/05/2026,02:11:05: 	Recall@10: 0.00308 Recall@20: 0.00371 NDCG@10: 0.00347 NDCG@20: 0.00363 
09/05/2026,02:11:05: 	Recall@10: 0.00245 Recall@20: 0.00331 NDCG@10: 0.00209 NDCG@20: 0.00234 
09/05/2026,02:11:05: Epoch [158/1000]
09/05/2026,02:11:05: Negative sampling...
09/05/2026,02:11:06: Model's personal time...
09/05/2026,02:11:06: Training...
09/05/2026,02:11:10: Evaluating...
09/05/2026,02:11:10: 	Train Loss: 835403.2500 (base: 1337.1631, kd: 8340.6602), Elapsed: train 5.21 test 0.43
09/05/2026,02:11:10: 	Recall@10: 0.00293 Recall@20: 0.00394 NDCG@10: 0.00340 NDCG@20: 0.00366 
09/05/2026,02:11:10: 	Recall@10: 0.00284 Recall@20: 0.00404 NDCG@10: 0.00235 NDCG@20: 0.00271 
09/05/2026,02:11:10: Epoch [159/1000]
09/05/2026,02:11:10: Negative sampling...
09/05/2026,02:11:12: Model's personal time...
09/05/2026,02:11:12: Training...
09/05/2026,02:11:16: Evaluating...
09/05/2026,02:11:16: 	Train Loss: 835316.6875 (base: 1356.9115, kd: 8339.5977), Elapsed: train 5.17 test 0.44
09/05/2026,02:11:16: 	Recall@10: 0.00344 Recall@20: 0.00385 NDCG@10: 0.00364 NDCG@20: 0.00373 
09/05/2026,02:11:16: 	Recall@10: 0.00263 Recall@20: 0.00340 NDCG@10: 0.00226 NDCG@20: 0.00252 
09/05/2026,02:11:16: Epoch [160/1000]
09/05/2026,02:11:16: Negative sampling...
09/05/2026,02:11:17: Model's personal time...
09/05/2026,02:11:18: Training...
09/05/2026,02:11:21: Evaluating...
09/05/2026,02:11:22: 	Train Loss: 834971.3125 (base: 1333.0255, kd: 8336.3828), Elapsed: train 5.21 test 0.43
09/05/2026,02:11:22: 	Recall@10: 0.00299 Recall@20: 0.00380 NDCG@10: 0.00340 NDCG@20: 0.00360 
09/05/2026,02:11:22: 	Recall@10: 0.00218 Recall@20: 0.00360 NDCG@10: 0.00201 NDCG@20: 0.00241 
09/05/2026,02:11:22: Epoch [161/1000]
09/05/2026,02:11:22: Negative sampling...
09/05/2026,02:11:23: Model's personal time...
09/05/2026,02:11:23: Training...
09/05/2026,02:11:27: Evaluating...
09/05/2026,02:11:27: 	Train Loss: 834930.6250 (base: 1336.1062, kd: 8335.9453), Elapsed: train 5.15 test 0.42 *
09/05/2026,02:11:27: 	Recall@10: 0.00333 Recall@20: 0.00424 NDCG@10: 0.00366 NDCG@20: 0.00388 
09/05/2026,02:11:27: 	Recall@10: 0.00282 Recall@20: 0.00349 NDCG@10: 0.00225 NDCG@20: 0.00248 
09/05/2026,02:11:27: Epoch [162/1000]
09/05/2026,02:11:27: Negative sampling...
09/05/2026,02:11:29: Model's personal time...
09/05/2026,02:11:29: Training...
09/05/2026,02:11:33: Evaluating...
09/05/2026,02:11:33: 	Train Loss: 834816.1250 (base: 1315.2085, kd: 8335.0098), Elapsed: train 5.36 test 0.45
09/05/2026,02:11:33: 	Recall@10: 0.00305 Recall@20: 0.00440 NDCG@10: 0.00344 NDCG@20: 0.00378 
09/05/2026,02:11:33: 	Recall@10: 0.00227 Recall@20: 0.00353 NDCG@10: 0.00192 NDCG@20: 0.00231 
09/05/2026,02:11:33: Epoch [163/1000]
09/05/2026,02:11:33: Negative sampling...
09/05/2026,02:11:34: Model's personal time...
09/05/2026,02:11:35: Training...
09/05/2026,02:11:38: Evaluating...
09/05/2026,02:11:39: 	Train Loss: 835092.3750 (base: 1309.5918, kd: 8337.8271), Elapsed: train 5.19 test 0.43
09/05/2026,02:11:39: 	Recall@10: 0.00301 Recall@20: 0.00384 NDCG@10: 0.00344 NDCG@20: 0.00366 
09/05/2026,02:11:39: 	Recall@10: 0.00237 Recall@20: 0.00300 NDCG@10: 0.00205 NDCG@20: 0.00224 
09/05/2026,02:11:39: Epoch [164/1000]
09/05/2026,02:11:39: Negative sampling...
09/05/2026,02:11:40: Model's personal time...
09/05/2026,02:11:40: Training...
09/05/2026,02:11:44: Evaluating...
09/05/2026,02:11:44: 	Train Loss: 834871.0625 (base: 1299.3752, kd: 8335.7168), Elapsed: train 5.20 test 0.41
09/05/2026,02:11:44: 	Recall@10: 0.00314 Recall@20: 0.00377 NDCG@10: 0.00345 NDCG@20: 0.00361 
09/05/2026,02:11:44: 	Recall@10: 0.00303 Recall@20: 0.00377 NDCG@10: 0.00233 NDCG@20: 0.00256 
09/05/2026,02:11:44: Epoch [165/1000]
09/05/2026,02:11:44: Negative sampling...
09/05/2026,02:11:46: Model's personal time...
09/05/2026,02:11:46: Training...
09/05/2026,02:11:50: Evaluating...
09/05/2026,02:11:50: 	Train Loss: 835326.1875 (base: 1305.0408, kd: 8340.2109), Elapsed: train 5.19 test 0.42
09/05/2026,02:11:50: 	Recall@10: 0.00300 Recall@20: 0.00352 NDCG@10: 0.00348 NDCG@20: 0.00362 
09/05/2026,02:11:50: 	Recall@10: 0.00264 Recall@20: 0.00344 NDCG@10: 0.00203 NDCG@20: 0.00225 
09/05/2026,02:11:50: Epoch [166/1000]
09/05/2026,02:11:50: Negative sampling...
09/05/2026,02:11:51: Model's personal time...
09/05/2026,02:11:51: Training...
09/05/2026,02:11:55: Evaluating...
09/05/2026,02:11:56: 	Train Loss: 834717.5625 (base: 1292.5984, kd: 8334.2500), Elapsed: train 5.15 test 0.41
09/05/2026,02:11:56: 	Recall@10: 0.00303 Recall@20: 0.00376 NDCG@10: 0.00340 NDCG@20: 0.00358 
09/05/2026,02:11:56: 	Recall@10: 0.00241 Recall@20: 0.00296 NDCG@10: 0.00207 NDCG@20: 0.00227 
09/05/2026,02:11:56: Epoch [167/1000]
09/05/2026,02:11:56: Negative sampling...
09/05/2026,02:11:57: Model's personal time...
09/05/2026,02:11:57: Training...
09/05/2026,02:12:01: Evaluating...
09/05/2026,02:12:01: 	Train Loss: 834752.8125 (base: 1269.2054, kd: 8334.8359), Elapsed: train 5.15 test 0.44
09/05/2026,02:12:01: 	Recall@10: 0.00332 Recall@20: 0.00374 NDCG@10: 0.00352 NDCG@20: 0.00359 
09/05/2026,02:12:01: 	Recall@10: 0.00213 Recall@20: 0.00270 NDCG@10: 0.00177 NDCG@20: 0.00198 
09/05/2026,02:12:01: Epoch [168/1000]
09/05/2026,02:12:01: Negative sampling...
09/05/2026,02:12:02: Model's personal time...
09/05/2026,02:12:03: Training...
09/05/2026,02:12:06: Evaluating...
09/05/2026,02:12:07: 	Train Loss: 834738.6250 (base: 1276.0814, kd: 8334.6250), Elapsed: train 5.17 test 0.41
09/05/2026,02:12:07: 	Recall@10: 0.00305 Recall@20: 0.00351 NDCG@10: 0.00340 NDCG@20: 0.00348 
09/05/2026,02:12:07: 	Recall@10: 0.00248 Recall@20: 0.00410 NDCG@10: 0.00208 NDCG@20: 0.00253 
09/05/2026,02:12:07: Epoch [169/1000]
09/05/2026,02:12:07: Negative sampling...
09/05/2026,02:12:08: Model's personal time...
09/05/2026,02:12:08: Training...
09/05/2026,02:12:12: Evaluating...
09/05/2026,02:12:12: 	Train Loss: 834653.5625 (base: 1262.1051, kd: 8333.9141), Elapsed: train 5.12 test 0.44
09/05/2026,02:12:12: 	Recall@10: 0.00316 Recall@20: 0.00419 NDCG@10: 0.00339 NDCG@20: 0.00366 
09/05/2026,02:12:12: 	Recall@10: 0.00243 Recall@20: 0.00316 NDCG@10: 0.00213 NDCG@20: 0.00235 
09/05/2026,02:12:12: Epoch [170/1000]
09/05/2026,02:12:12: Negative sampling...
09/05/2026,02:12:14: Model's personal time...
09/05/2026,02:12:14: Training...
09/05/2026,02:12:18: Evaluating...
09/05/2026,02:12:18: 	Train Loss: 834941.6875 (base: 1253.0360, kd: 8336.8867), Elapsed: train 5.52 test 0.52
09/05/2026,02:12:18: 	Recall@10: 0.00322 Recall@20: 0.00374 NDCG@10: 0.00347 NDCG@20: 0.00358 
09/05/2026,02:12:18: 	Recall@10: 0.00246 Recall@20: 0.00264 NDCG@10: 0.00187 NDCG@20: 0.00194 
09/05/2026,02:12:18: Epoch [171/1000]
09/05/2026,02:12:18: Negative sampling...
09/05/2026,02:12:20: Model's personal time...
09/05/2026,02:12:20: Training...
09/05/2026,02:12:24: Evaluating...
09/05/2026,02:12:24: 	Train Loss: 835044.1250 (base: 1267.4153, kd: 8337.7676), Elapsed: train 5.29 test 0.43
09/05/2026,02:12:24: 	Recall@10: 0.00287 Recall@20: 0.00360 NDCG@10: 0.00303 NDCG@20: 0.00321 
09/05/2026,02:12:24: 	Recall@10: 0.00302 Recall@20: 0.00381 NDCG@10: 0.00213 NDCG@20: 0.00234 
09/05/2026,02:12:24: Epoch [172/1000]
09/05/2026,02:12:24: Negative sampling...
09/05/2026,02:12:25: Model's personal time...
09/05/2026,02:12:25: Training...
09/05/2026,02:12:29: Evaluating...
09/05/2026,02:12:30: 	Train Loss: 834521.7500 (base: 1240.0112, kd: 8332.8174), Elapsed: train 5.12 test 0.44
09/05/2026,02:12:30: 	Recall@10: 0.00302 Recall@20: 0.00389 NDCG@10: 0.00339 NDCG@20: 0.00360 
09/05/2026,02:12:30: 	Recall@10: 0.00281 Recall@20: 0.00324 NDCG@10: 0.00226 NDCG@20: 0.00244 
09/05/2026,02:12:30: Epoch [173/1000]
09/05/2026,02:12:30: Negative sampling...
09/05/2026,02:12:31: Model's personal time...
09/05/2026,02:12:31: Training...
09/05/2026,02:12:35: Evaluating...
09/05/2026,02:12:35: 	Train Loss: 834655.7500 (base: 1242.5945, kd: 8334.1309), Elapsed: train 5.06 test 0.43
09/05/2026,02:12:35: 	Recall@10: 0.00314 Recall@20: 0.00389 NDCG@10: 0.00344 NDCG@20: 0.00360 
09/05/2026,02:12:35: 	Recall@10: 0.00216 Recall@20: 0.00406 NDCG@10: 0.00189 NDCG@20: 0.00244 
09/05/2026,02:12:35: Epoch [174/1000]
09/05/2026,02:12:35: Negative sampling...
09/05/2026,02:12:36: Model's personal time...
09/05/2026,02:12:37: Training...
09/05/2026,02:12:40: Evaluating...
09/05/2026,02:12:41: 	Train Loss: 834927.3125 (base: 1216.9568, kd: 8337.1035), Elapsed: train 5.07 test 0.41
09/05/2026,02:12:41: 	Recall@10: 0.00306 Recall@20: 0.00388 NDCG@10: 0.00334 NDCG@20: 0.00353 
09/05/2026,02:12:41: 	Recall@10: 0.00235 Recall@20: 0.00364 NDCG@10: 0.00205 NDCG@20: 0.00246 
09/05/2026,02:12:41: Epoch [175/1000]
09/05/2026,02:12:41: Negative sampling...
09/05/2026,02:12:42: Model's personal time...
09/05/2026,02:12:42: Training...
09/05/2026,02:12:46: Evaluating...
09/05/2026,02:12:46: 	Train Loss: 834762.1250 (base: 1206.3698, kd: 8335.5576), Elapsed: train 5.09 test 0.41
09/05/2026,02:12:46: 	Recall@10: 0.00343 Recall@20: 0.00426 NDCG@10: 0.00346 NDCG@20: 0.00364 
09/05/2026,02:12:46: 	Recall@10: 0.00249 Recall@20: 0.00370 NDCG@10: 0.00201 NDCG@20: 0.00238 
09/05/2026,02:12:46: Epoch [176/1000]
09/05/2026,02:12:46: Negative sampling...
09/05/2026,02:12:47: Model's personal time...
09/05/2026,02:12:48: Training...
09/05/2026,02:12:51: Evaluating...
09/05/2026,02:12:52: 	Train Loss: 834934.1875 (base: 1215.3477, kd: 8337.1875), Elapsed: train 5.07 test 0.45
09/05/2026,02:12:52: 	Recall@10: 0.00313 Recall@20: 0.00366 NDCG@10: 0.00335 NDCG@20: 0.00342 
09/05/2026,02:12:52: 	Recall@10: 0.00277 Recall@20: 0.00407 NDCG@10: 0.00234 NDCG@20: 0.00271 
09/05/2026,02:12:52: Epoch [177/1000]
09/05/2026,02:12:52: Negative sampling...
09/05/2026,02:12:53: Model's personal time...
09/05/2026,02:12:53: Training...
09/05/2026,02:12:57: Evaluating...
09/05/2026,02:12:57: 	Train Loss: 834565.4375 (base: 1199.6814, kd: 8333.6562), Elapsed: train 5.08 test 0.41
09/05/2026,02:12:57: 	Recall@10: 0.00331 Recall@20: 0.00432 NDCG@10: 0.00342 NDCG@20: 0.00364 
09/05/2026,02:12:57: 	Recall@10: 0.00282 Recall@20: 0.00386 NDCG@10: 0.00214 NDCG@20: 0.00245 
09/05/2026,02:12:57: Epoch [178/1000]
09/05/2026,02:12:57: Negative sampling...
09/05/2026,02:12:58: Model's personal time...
09/05/2026,02:12:59: Training...
09/05/2026,02:13:02: Evaluating...
09/05/2026,02:13:03: 	Train Loss: 834616.8125 (base: 1218.5936, kd: 8333.9824), Elapsed: train 5.08 test 0.40
09/05/2026,02:13:03: 	Recall@10: 0.00299 Recall@20: 0.00422 NDCG@10: 0.00331 NDCG@20: 0.00361 
09/05/2026,02:13:03: 	Recall@10: 0.00295 Recall@20: 0.00418 NDCG@10: 0.00216 NDCG@20: 0.00256 
09/05/2026,02:13:03: Epoch [179/1000]
09/05/2026,02:13:03: Negative sampling...
09/05/2026,02:13:04: Model's personal time...
09/05/2026,02:13:04: Training...
09/05/2026,02:13:08: Evaluating...
09/05/2026,02:13:08: 	Train Loss: 834533.7500 (base: 1188.5077, kd: 8333.4521), Elapsed: train 5.05 test 0.43
09/05/2026,02:13:08: 	Recall@10: 0.00316 Recall@20: 0.00391 NDCG@10: 0.00334 NDCG@20: 0.00350 
09/05/2026,02:13:08: 	Recall@10: 0.00285 Recall@20: 0.00415 NDCG@10: 0.00216 NDCG@20: 0.00256 
09/05/2026,02:13:08: Epoch [180/1000]
09/05/2026,02:13:08: Negative sampling...
09/05/2026,02:13:09: Model's personal time...
09/05/2026,02:13:10: Training...
09/05/2026,02:13:13: Evaluating...
09/05/2026,02:13:14: 	Train Loss: 834562.1250 (base: 1186.7196, kd: 8333.7539), Elapsed: train 5.16 test 0.41
09/05/2026,02:13:14: 	Recall@10: 0.00333 Recall@20: 0.00417 NDCG@10: 0.00335 NDCG@20: 0.00353 
09/05/2026,02:13:14: 	Recall@10: 0.00255 Recall@20: 0.00380 NDCG@10: 0.00209 NDCG@20: 0.00247 
09/05/2026,02:13:14: Epoch [181/1000]
09/05/2026,02:13:14: Negative sampling...
09/05/2026,02:13:15: Model's personal time...
09/05/2026,02:13:15: Training...
09/05/2026,02:13:19: Evaluating...
09/05/2026,02:13:19: 	Train Loss: 834601.3125 (base: 1177.3540, kd: 8334.2383), Elapsed: train 5.13 test 0.42
09/05/2026,02:13:19: 	Recall@10: 0.00329 Recall@20: 0.00389 NDCG@10: 0.00358 NDCG@20: 0.00370 
09/05/2026,02:13:19: 	Recall@10: 0.00320 Recall@20: 0.00420 NDCG@10: 0.00230 NDCG@20: 0.00260 
09/05/2026,02:13:19: Epoch [182/1000]
09/05/2026,02:13:19: Negative sampling...
09/05/2026,02:13:20: Model's personal time...
09/05/2026,02:13:21: Training...
09/05/2026,02:13:24: Evaluating...
09/05/2026,02:13:25: 	Train Loss: 834355.0000 (base: 1173.6066, kd: 8331.8145), Elapsed: train 5.08 test 0.41
09/05/2026,02:13:25: 	Recall@10: 0.00355 Recall@20: 0.00402 NDCG@10: 0.00368 NDCG@20: 0.00377 
09/05/2026,02:13:25: 	Recall@10: 0.00284 Recall@20: 0.00347 NDCG@10: 0.00231 NDCG@20: 0.00251 
09/05/2026,02:13:25: Epoch [183/1000]
09/05/2026,02:13:25: Negative sampling...
09/05/2026,02:13:26: Model's personal time...
09/05/2026,02:13:26: Training...
09/05/2026,02:13:30: Evaluating...
09/05/2026,02:13:30: 	Train Loss: 834637.7500 (base: 1155.8442, kd: 8334.8193), Elapsed: train 5.16 test 0.44
09/05/2026,02:13:30: 	Recall@10: 0.00339 Recall@20: 0.00413 NDCG@10: 0.00345 NDCG@20: 0.00360 
09/05/2026,02:13:30: 	Recall@10: 0.00251 Recall@20: 0.00393 NDCG@10: 0.00221 NDCG@20: 0.00263 
09/05/2026,02:13:30: Epoch [184/1000]
09/05/2026,02:13:30: Negative sampling...
09/05/2026,02:13:32: Model's personal time...
09/05/2026,02:13:32: Training...
09/05/2026,02:13:35: Evaluating...
09/05/2026,02:13:36: 	Train Loss: 834640.0000 (base: 1151.8436, kd: 8334.8818), Elapsed: train 5.08 test 0.44
09/05/2026,02:13:36: 	Recall@10: 0.00344 Recall@20: 0.00413 NDCG@10: 0.00362 NDCG@20: 0.00376 
09/05/2026,02:13:36: 	Recall@10: 0.00256 Recall@20: 0.00326 NDCG@10: 0.00194 NDCG@20: 0.00213 
09/05/2026,02:13:36: Epoch [185/1000]
09/05/2026,02:13:36: Negative sampling...
09/05/2026,02:13:37: Model's personal time...
09/05/2026,02:13:37: Training...
09/05/2026,02:13:41: Evaluating...
09/05/2026,02:13:42: 	Train Loss: 834625.1250 (base: 1155.4177, kd: 8334.6963), Elapsed: train 5.40 test 0.43
09/05/2026,02:13:42: 	Recall@10: 0.00354 Recall@20: 0.00436 NDCG@10: 0.00366 NDCG@20: 0.00385 
09/05/2026,02:13:42: 	Recall@10: 0.00248 Recall@20: 0.00353 NDCG@10: 0.00213 NDCG@20: 0.00247 
09/05/2026,02:13:42: Epoch [186/1000]
09/05/2026,02:13:42: Negative sampling...
09/05/2026,02:13:43: Model's personal time...
09/05/2026,02:13:43: Training...
09/05/2026,02:13:47: Evaluating...
09/05/2026,02:13:47: 	Train Loss: 834571.2500 (base: 1121.8999, kd: 8334.4932), Elapsed: train 5.24 test 0.43
09/05/2026,02:13:47: 	Recall@10: 0.00309 Recall@20: 0.00404 NDCG@10: 0.00345 NDCG@20: 0.00367 
09/05/2026,02:13:47: 	Recall@10: 0.00254 Recall@20: 0.00307 NDCG@10: 0.00216 NDCG@20: 0.00235 
09/05/2026,02:13:47: Epoch [187/1000]
09/05/2026,02:13:47: Negative sampling...
09/05/2026,02:13:49: Model's personal time...
09/05/2026,02:13:49: Training...
09/05/2026,02:13:52: Evaluating...
09/05/2026,02:13:53: 	Train Loss: 834659.8750 (base: 1151.3423, kd: 8335.0850), Elapsed: train 5.15 test 0.43
09/05/2026,02:13:53: 	Recall@10: 0.00345 Recall@20: 0.00410 NDCG@10: 0.00370 NDCG@20: 0.00384 
09/05/2026,02:13:53: 	Recall@10: 0.00260 Recall@20: 0.00360 NDCG@10: 0.00207 NDCG@20: 0.00234 
09/05/2026,02:13:53: Epoch [188/1000]
09/05/2026,02:13:53: Negative sampling...
09/05/2026,02:13:54: Model's personal time...
09/05/2026,02:13:54: Training...
09/05/2026,02:13:58: Evaluating...
09/05/2026,02:13:58: 	Train Loss: 834242.2500 (base: 1130.8927, kd: 8331.1143), Elapsed: train 5.10 test 0.45
09/05/2026,02:13:58: 	Recall@10: 0.00304 Recall@20: 0.00357 NDCG@10: 0.00343 NDCG@20: 0.00353 
09/05/2026,02:13:58: 	Recall@10: 0.00308 Recall@20: 0.00361 NDCG@10: 0.00237 NDCG@20: 0.00251 
09/05/2026,02:13:58: Epoch [189/1000]
09/05/2026,02:13:58: Negative sampling...
09/05/2026,02:14:00: Model's personal time...
09/05/2026,02:14:00: Training...
09/05/2026,02:14:04: Evaluating...
09/05/2026,02:14:04: 	Train Loss: 834596.8750 (base: 1131.8480, kd: 8334.6504), Elapsed: train 5.20 test 0.46
09/05/2026,02:14:04: 	Recall@10: 0.00293 Recall@20: 0.00377 NDCG@10: 0.00319 NDCG@20: 0.00336 
09/05/2026,02:14:04: 	Recall@10: 0.00240 Recall@20: 0.00316 NDCG@10: 0.00201 NDCG@20: 0.00224 
09/05/2026,02:14:04: Epoch [190/1000]
09/05/2026,02:14:04: Negative sampling...
09/05/2026,02:14:05: Model's personal time...
09/05/2026,02:14:06: Training...
09/05/2026,02:14:09: Evaluating...
09/05/2026,02:14:10: 	Train Loss: 834453.6250 (base: 1106.3634, kd: 8333.4727), Elapsed: train 5.29 test 0.44
09/05/2026,02:14:10: 	Recall@10: 0.00301 Recall@20: 0.00371 NDCG@10: 0.00332 NDCG@20: 0.00348 
09/05/2026,02:14:10: 	Recall@10: 0.00255 Recall@20: 0.00304 NDCG@10: 0.00210 NDCG@20: 0.00226 
09/05/2026,02:14:10: Epoch [191/1000]
09/05/2026,02:14:10: Negative sampling...
09/05/2026,02:14:11: Model's personal time...
09/05/2026,02:14:11: Training...
09/05/2026,02:14:15: Evaluating...
09/05/2026,02:14:15: 	Train Loss: 834152.1250 (base: 1131.4476, kd: 8330.2070), Elapsed: train 5.15 test 0.41
09/05/2026,02:14:15: 	Recall@10: 0.00330 Recall@20: 0.00397 NDCG@10: 0.00326 NDCG@20: 0.00340 
09/05/2026,02:14:15: 	Recall@10: 0.00273 Recall@20: 0.00388 NDCG@10: 0.00228 NDCG@20: 0.00260 
09/05/2026,02:14:15: ------------------------------
09/05/2026,02:14:15: valid Recall@10: 0.00333 Recall@20: 0.00424 NDCG@10: 0.00366 NDCG@20: 0.00388
09/05/2026,02:14:15: test Recall@10: 0.00282 Recall@20: 0.00349 NDCG@10: 0.00225 NDCG@20: 0.00248
