----------------------------------------TEACHER----------------------------------------
init_std                                 0.01
embedding_dim                            400
----------------------------------------TEACHER----------------------------------------
----------------------------------------STUDENT----------------------------------------
init_std                                 0.01
embedding_dim                            20
----------------------------------------STUDENT----------------------------------------
----------------------------------------ARGUMENTS----------------------------------------
run_all                                  False
seed                                     0
gpu_id                                   0
no_log                                   False
no_save                                  False
suffix                                   a_no_uniform_seed0_es20
verbose                                  False
ablation                                 False
task                                     rec
dataset                                  citeulike
batch_size                               2048
num_ns                                   1
neg_sampling_on_all                      False
T_backbone                               bpr
S_backbone                               bpr
model                                    srcekd
preload                                  False
postsave                                 False
train_teacher                            False
ckpt_interval                            -1
epochs                                   1000
lr                                       0.001
wd                                       1e-05
lmbda                                    500
srce_alpha                               1
srce_s                                   20
srce_eta                                 0
srce_Lu                                  0
eval_period                              1
K_list                                   [10, 20]
early_stop_metric                        NDCG
early_stop_K                             20
early_stop_patience                      30
LOG_DIR                                  logs/
CONFIG_DIR                               configs/
DATA_DIR                                 data/
CKPT_DIR                                 checkpoints/
CRAFT_DIR                                crafts/
mkd_tau                                  1
mkd_K                                    50
mkd_L                                    50
mkd_T                                    10
mkd_mxK                                  200
----------------------------------------ARGUMENTS----------------------------------------
----------------------------------------Teacher----------------------------------------
09/04/2026,18:37:57: ------------------------------
09/04/2026,18:37:57: valid Recall@10: 0.06778 Recall@20: 0.10315 NDCG@10: 0.04052 NDCG@20: 0.05027
09/04/2026,18:37:57: test Recall@10: 0.02747 Recall@20: 0.04385 NDCG@10: 0.01551 NDCG@20: 0.02003
----------------------------------------------------------------------------------------
09/04/2026,18:37:57: Epoch [1/1000]
09/04/2026,18:37:57: Negative sampling...
09/04/2026,18:37:58: Model's personal time...
09/04/2026,18:37:58: Training...
09/04/2026,18:38:00: Evaluating...
09/04/2026,18:38:00: 	Train Loss: 4938003.0000 (base: 1390.6844, kd: 9873.2246), Elapsed: train 2.81 test 0.44 *
09/04/2026,18:38:00: 	Recall@10: 0.02208 Recall@20: 0.03292 NDCG@10: 0.01336 NDCG@20: 0.01627 
09/04/2026,18:38:00: 	Recall@10: 0.00831 Recall@20: 0.01251 NDCG@10: 0.00516 NDCG@20: 0.00633 
09/04/2026,18:38:00: Epoch [2/1000]
09/04/2026,18:38:00: Negative sampling...
09/04/2026,18:38:01: Model's personal time...
09/04/2026,18:38:02: Training...
09/04/2026,18:38:03: Evaluating...
09/04/2026,18:38:03: 	Train Loss: 4756760.0000 (base: 1379.5146, kd: 9510.7617), Elapsed: train 2.78 test 0.44 *
09/04/2026,18:38:03: 	Recall@10: 0.04150 Recall@20: 0.05808 NDCG@10: 0.02595 NDCG@20: 0.03062 
09/04/2026,18:38:03: 	Recall@10: 0.01778 Recall@20: 0.02744 NDCG@10: 0.01022 NDCG@20: 0.01287 
09/04/2026,18:38:03: Epoch [3/1000]
09/04/2026,18:38:03: Negative sampling...
09/04/2026,18:38:05: Model's personal time...
09/04/2026,18:38:05: Training...
09/04/2026,18:38:06: Evaluating...
09/04/2026,18:38:06: 	Train Loss: 4686139.5000 (base: 1360.7992, kd: 9369.5566), Elapsed: train 2.46 test 0.44
09/04/2026,18:38:06: 	Recall@10: 0.03987 Recall@20: 0.05545 NDCG@10: 0.02599 NDCG@20: 0.03013 
09/04/2026,18:38:06: 	Recall@10: 0.01547 Recall@20: 0.02310 NDCG@10: 0.00910 NDCG@20: 0.01113 
09/04/2026,18:38:06: Epoch [4/1000]
09/04/2026,18:38:06: Negative sampling...
09/04/2026,18:38:07: Model's personal time...
09/04/2026,18:38:08: Training...
09/04/2026,18:38:09: Evaluating...
09/04/2026,18:38:09: 	Train Loss: 4644840.5000 (base: 1339.0898, kd: 9287.0020), Elapsed: train 2.53 test 0.49 *
09/04/2026,18:38:09: 	Recall@10: 0.04130 Recall@20: 0.06031 NDCG@10: 0.02602 NDCG@20: 0.03126 
09/04/2026,18:38:09: 	Recall@10: 0.01635 Recall@20: 0.02535 NDCG@10: 0.00918 NDCG@20: 0.01168 
09/04/2026,18:38:09: Epoch [5/1000]
09/04/2026,18:38:09: Negative sampling...
09/04/2026,18:38:10: Model's personal time...
09/04/2026,18:38:11: Training...
09/04/2026,18:38:12: Evaluating...
09/04/2026,18:38:12: 	Train Loss: 4570192.0000 (base: 1313.2023, kd: 9137.7578), Elapsed: train 2.56 test 0.45 *
09/04/2026,18:38:12: 	Recall@10: 0.04282 Recall@20: 0.06122 NDCG@10: 0.02680 NDCG@20: 0.03178 
09/04/2026,18:38:12: 	Recall@10: 0.01566 Recall@20: 0.02469 NDCG@10: 0.00903 NDCG@20: 0.01158 
09/04/2026,18:38:12: Epoch [6/1000]
09/04/2026,18:38:12: Negative sampling...
09/04/2026,18:38:13: Model's personal time...
09/04/2026,18:38:14: Training...
09/04/2026,18:38:15: Evaluating...
09/04/2026,18:38:15: 	Train Loss: 4506664.5000 (base: 1283.9115, kd: 9010.7617), Elapsed: train 2.55 test 0.44
09/04/2026,18:38:15: 	Recall@10: 0.04169 Recall@20: 0.06116 NDCG@10: 0.02622 NDCG@20: 0.03159 
09/04/2026,18:38:15: 	Recall@10: 0.01571 Recall@20: 0.02582 NDCG@10: 0.00931 NDCG@20: 0.01216 
09/04/2026,18:38:15: Epoch [7/1000]
09/04/2026,18:38:15: Negative sampling...
09/04/2026,18:38:16: Model's personal time...
09/04/2026,18:38:17: Training...
09/04/2026,18:38:18: Evaluating...
09/04/2026,18:38:18: 	Train Loss: 4441239.0000 (base: 1250.8119, kd: 8879.9766), Elapsed: train 2.68 test 0.43
09/04/2026,18:38:18: 	Recall@10: 0.04158 Recall@20: 0.06294 NDCG@10: 0.02583 NDCG@20: 0.03162 
09/04/2026,18:38:18: 	Recall@10: 0.01586 Recall@20: 0.02557 NDCG@10: 0.00884 NDCG@20: 0.01150 
09/04/2026,18:38:18: Epoch [8/1000]
09/04/2026,18:38:18: Negative sampling...
09/04/2026,18:38:20: Model's personal time...
09/04/2026,18:38:20: Training...
09/04/2026,18:38:21: Evaluating...
09/04/2026,18:38:21: 	Train Loss: 4387967.5000 (base: 1216.6647, kd: 8773.5000), Elapsed: train 2.56 test 0.44 *
09/04/2026,18:38:21: 	Recall@10: 0.04552 Recall@20: 0.06456 NDCG@10: 0.02729 NDCG@20: 0.03259 
09/04/2026,18:38:21: 	Recall@10: 0.01837 Recall@20: 0.02774 NDCG@10: 0.00977 NDCG@20: 0.01236 
09/04/2026,18:38:21: Epoch [9/1000]
09/04/2026,18:38:21: Negative sampling...
09/04/2026,18:38:23: Model's personal time...
09/04/2026,18:38:23: Training...
09/04/2026,18:38:24: Evaluating...
09/04/2026,18:38:24: 	Train Loss: 4343126.0000 (base: 1180.5682, kd: 8683.8906), Elapsed: train 2.41 test 0.44 *
09/04/2026,18:38:24: 	Recall@10: 0.04426 Recall@20: 0.06834 NDCG@10: 0.02692 NDCG@20: 0.03345 
09/04/2026,18:38:24: 	Recall@10: 0.01673 Recall@20: 0.02880 NDCG@10: 0.00932 NDCG@20: 0.01256 
09/04/2026,18:38:24: Epoch [10/1000]
09/04/2026,18:38:24: Negative sampling...
09/04/2026,18:38:25: Model's personal time...
09/04/2026,18:38:26: Training...
09/04/2026,18:38:27: Evaluating...
09/04/2026,18:38:27: 	Train Loss: 4301841.5000 (base: 1143.2089, kd: 8601.3965), Elapsed: train 2.67 test 0.47 *
09/04/2026,18:38:27: 	Recall@10: 0.04736 Recall@20: 0.06957 NDCG@10: 0.02820 NDCG@20: 0.03436 
09/04/2026,18:38:27: 	Recall@10: 0.01777 Recall@20: 0.02927 NDCG@10: 0.00984 NDCG@20: 0.01299 
09/04/2026,18:38:27: Epoch [11/1000]
09/04/2026,18:38:27: Negative sampling...
09/04/2026,18:38:29: Model's personal time...
09/04/2026,18:38:29: Training...
09/04/2026,18:38:30: Evaluating...
09/04/2026,18:38:30: 	Train Loss: 4264978.0000 (base: 1107.2423, kd: 8527.7422), Elapsed: train 2.60 test 0.47 *
09/04/2026,18:38:30: 	Recall@10: 0.04708 Recall@20: 0.06984 NDCG@10: 0.02833 NDCG@20: 0.03464 
09/04/2026,18:38:30: 	Recall@10: 0.01865 Recall@20: 0.02946 NDCG@10: 0.01008 NDCG@20: 0.01303 
09/04/2026,18:38:30: Epoch [12/1000]
09/04/2026,18:38:30: Negative sampling...
09/04/2026,18:38:32: Model's personal time...
09/04/2026,18:38:32: Training...
09/04/2026,18:38:33: Evaluating...
09/04/2026,18:38:33: 	Train Loss: 4236958.0000 (base: 1070.9727, kd: 8471.7744), Elapsed: train 2.60 test 0.44 *
09/04/2026,18:38:33: 	Recall@10: 0.04907 Recall@20: 0.07241 NDCG@10: 0.02962 NDCG@20: 0.03607 
09/04/2026,18:38:33: 	Recall@10: 0.01861 Recall@20: 0.02862 NDCG@10: 0.01029 NDCG@20: 0.01299 
09/04/2026,18:38:33: Epoch [13/1000]
09/04/2026,18:38:33: Negative sampling...
09/04/2026,18:38:35: Model's personal time...
09/04/2026,18:38:35: Training...
09/04/2026,18:38:36: Evaluating...
09/04/2026,18:38:36: 	Train Loss: 4210377.5000 (base: 1035.7140, kd: 8418.6836), Elapsed: train 2.45 test 0.42 *
09/04/2026,18:38:36: 	Recall@10: 0.05113 Recall@20: 0.07450 NDCG@10: 0.03077 NDCG@20: 0.03724 
09/04/2026,18:38:36: 	Recall@10: 0.01934 Recall@20: 0.03047 NDCG@10: 0.01070 NDCG@20: 0.01370 
09/04/2026,18:38:36: Epoch [14/1000]
09/04/2026,18:38:36: Negative sampling...
09/04/2026,18:38:38: Model's personal time...
09/04/2026,18:38:38: Training...
09/04/2026,18:38:39: Evaluating...
09/04/2026,18:38:39: 	Train Loss: 4186608.2500 (base: 1001.7393, kd: 8371.2129), Elapsed: train 2.57 test 0.44 *
09/04/2026,18:38:39: 	Recall@10: 0.05068 Recall@20: 0.07865 NDCG@10: 0.03041 NDCG@20: 0.03804 
09/04/2026,18:38:39: 	Recall@10: 0.02023 Recall@20: 0.03059 NDCG@10: 0.01101 NDCG@20: 0.01380 
09/04/2026,18:38:39: Epoch [15/1000]
09/04/2026,18:38:39: Negative sampling...
09/04/2026,18:38:41: Model's personal time...
09/04/2026,18:38:41: Training...
09/04/2026,18:38:42: Evaluating...
09/04/2026,18:38:42: 	Train Loss: 4165620.7500 (base: 967.8668, kd: 8329.3076), Elapsed: train 2.49 test 0.43 *
09/04/2026,18:38:42: 	Recall@10: 0.05445 Recall@20: 0.07814 NDCG@10: 0.03251 NDCG@20: 0.03896 
09/04/2026,18:38:42: 	Recall@10: 0.02056 Recall@20: 0.03176 NDCG@10: 0.01141 NDCG@20: 0.01442 
09/04/2026,18:38:42: Epoch [16/1000]
09/04/2026,18:38:42: Negative sampling...
09/04/2026,18:38:44: Model's personal time...
09/04/2026,18:38:44: Training...
09/04/2026,18:38:45: Evaluating...
09/04/2026,18:38:45: 	Train Loss: 4146485.2500 (base: 935.5122, kd: 8291.0986), Elapsed: train 2.39 test 0.42 *
09/04/2026,18:38:45: 	Recall@10: 0.05421 Recall@20: 0.07906 NDCG@10: 0.03246 NDCG@20: 0.03927 
09/04/2026,18:38:45: 	Recall@10: 0.02033 Recall@20: 0.03215 NDCG@10: 0.01134 NDCG@20: 0.01457 
09/04/2026,18:38:45: Epoch [17/1000]
09/04/2026,18:38:45: Negative sampling...
09/04/2026,18:38:46: Model's personal time...
09/04/2026,18:38:46: Training...
09/04/2026,18:38:48: Evaluating...
09/04/2026,18:38:48: 	Train Loss: 4129366.7500 (base: 905.1334, kd: 8256.9229), Elapsed: train 2.57 test 0.43 *
09/04/2026,18:38:48: 	Recall@10: 0.05431 Recall@20: 0.08131 NDCG@10: 0.03235 NDCG@20: 0.03968 
09/04/2026,18:38:48: 	Recall@10: 0.02145 Recall@20: 0.03404 NDCG@10: 0.01181 NDCG@20: 0.01520 
09/04/2026,18:38:48: Epoch [18/1000]
09/04/2026,18:38:48: Negative sampling...
09/04/2026,18:38:49: Model's personal time...
09/04/2026,18:38:50: Training...
09/04/2026,18:38:51: Evaluating...
09/04/2026,18:38:51: 	Train Loss: 4113316.7500 (base: 876.9875, kd: 8224.8789), Elapsed: train 2.80 test 0.53 *
09/04/2026,18:38:51: 	Recall@10: 0.05396 Recall@20: 0.08069 NDCG@10: 0.03296 NDCG@20: 0.04027 
09/04/2026,18:38:51: 	Recall@10: 0.02077 Recall@20: 0.03273 NDCG@10: 0.01155 NDCG@20: 0.01478 
09/04/2026,18:38:51: Epoch [19/1000]
09/04/2026,18:38:51: Negative sampling...
09/04/2026,18:38:53: Model's personal time...
09/04/2026,18:38:53: Training...
09/04/2026,18:38:54: Evaluating...
09/04/2026,18:38:54: 	Train Loss: 4099982.2500 (base: 847.7889, kd: 8198.2686), Elapsed: train 2.66 test 0.45 *
09/04/2026,18:38:54: 	Recall@10: 0.05558 Recall@20: 0.08220 NDCG@10: 0.03347 NDCG@20: 0.04077 
09/04/2026,18:38:54: 	Recall@10: 0.02138 Recall@20: 0.03402 NDCG@10: 0.01173 NDCG@20: 0.01512 
09/04/2026,18:38:54: Epoch [20/1000]
09/04/2026,18:38:54: Negative sampling...
09/04/2026,18:38:56: Model's personal time...
09/04/2026,18:38:56: Training...
09/04/2026,18:38:57: Evaluating...
09/04/2026,18:38:58: 	Train Loss: 4086459.2500 (base: 820.7422, kd: 8171.2769), Elapsed: train 2.80 test 0.45 *
09/04/2026,18:38:58: 	Recall@10: 0.05574 Recall@20: 0.08321 NDCG@10: 0.03367 NDCG@20: 0.04112 
09/04/2026,18:38:58: 	Recall@10: 0.02188 Recall@20: 0.03464 NDCG@10: 0.01203 NDCG@20: 0.01545 
09/04/2026,18:38:58: Epoch [21/1000]
09/04/2026,18:38:58: Negative sampling...
09/04/2026,18:38:59: Model's personal time...
09/04/2026,18:38:59: Training...
09/04/2026,18:39:00: Evaluating...
09/04/2026,18:39:01: 	Train Loss: 4073591.7500 (base: 796.3260, kd: 8145.5903), Elapsed: train 2.53 test 0.45 *
09/04/2026,18:39:01: 	Recall@10: 0.05541 Recall@20: 0.08492 NDCG@10: 0.03342 NDCG@20: 0.04149 
09/04/2026,18:39:01: 	Recall@10: 0.02165 Recall@20: 0.03453 NDCG@10: 0.01203 NDCG@20: 0.01550 
09/04/2026,18:39:01: Epoch [22/1000]
09/04/2026,18:39:01: Negative sampling...
09/04/2026,18:39:02: Model's personal time...
09/04/2026,18:39:02: Training...
09/04/2026,18:39:03: Evaluating...
09/04/2026,18:39:04: 	Train Loss: 4063303.7500 (base: 772.9530, kd: 8125.0615), Elapsed: train 2.59 test 0.53 *
09/04/2026,18:39:04: 	Recall@10: 0.05669 Recall@20: 0.08619 NDCG@10: 0.03422 NDCG@20: 0.04217 
09/04/2026,18:39:04: 	Recall@10: 0.02181 Recall@20: 0.03555 NDCG@10: 0.01225 NDCG@20: 0.01602 
09/04/2026,18:39:04: Epoch [23/1000]
09/04/2026,18:39:04: Negative sampling...
09/04/2026,18:39:05: Model's personal time...
09/04/2026,18:39:05: Training...
09/04/2026,18:39:07: Evaluating...
09/04/2026,18:39:07: 	Train Loss: 4052153.0000 (base: 749.3935, kd: 8102.8066), Elapsed: train 2.80 test 0.52
09/04/2026,18:39:07: 	Recall@10: 0.05628 Recall@20: 0.08550 NDCG@10: 0.03416 NDCG@20: 0.04204 
09/04/2026,18:39:07: 	Recall@10: 0.02296 Recall@20: 0.03648 NDCG@10: 0.01241 NDCG@20: 0.01609 
09/04/2026,18:39:07: Epoch [24/1000]
09/04/2026,18:39:07: Negative sampling...
09/04/2026,18:39:09: Model's personal time...
09/04/2026,18:39:09: Training...
09/04/2026,18:39:10: Evaluating...
09/04/2026,18:39:10: 	Train Loss: 4042138.0000 (base: 727.9759, kd: 8082.8193), Elapsed: train 2.70 test 0.44 *
09/04/2026,18:39:10: 	Recall@10: 0.05821 Recall@20: 0.08635 NDCG@10: 0.03500 NDCG@20: 0.04267 
09/04/2026,18:39:10: 	Recall@10: 0.02276 Recall@20: 0.03589 NDCG@10: 0.01251 NDCG@20: 0.01609 
09/04/2026,18:39:10: Epoch [25/1000]
09/04/2026,18:39:10: Negative sampling...
09/04/2026,18:39:12: Model's personal time...
09/04/2026,18:39:12: Training...
09/04/2026,18:39:13: Evaluating...
09/04/2026,18:39:13: 	Train Loss: 4031885.0000 (base: 706.6074, kd: 8062.3574), Elapsed: train 2.55 test 0.45
09/04/2026,18:39:13: 	Recall@10: 0.05795 Recall@20: 0.08567 NDCG@10: 0.03493 NDCG@20: 0.04246 
09/04/2026,18:39:13: 	Recall@10: 0.02263 Recall@20: 0.03603 NDCG@10: 0.01262 NDCG@20: 0.01627 
09/04/2026,18:39:13: Epoch [26/1000]
09/04/2026,18:39:13: Negative sampling...
09/04/2026,18:39:15: Model's personal time...
09/04/2026,18:39:15: Training...
09/04/2026,18:39:16: Evaluating...
09/04/2026,18:39:16: 	Train Loss: 4023838.2500 (base: 686.0063, kd: 8046.3042), Elapsed: train 2.61 test 0.45 *
09/04/2026,18:39:16: 	Recall@10: 0.05927 Recall@20: 0.08706 NDCG@10: 0.03550 NDCG@20: 0.04309 
09/04/2026,18:39:16: 	Recall@10: 0.02386 Recall@20: 0.03823 NDCG@10: 0.01287 NDCG@20: 0.01679 
09/04/2026,18:39:16: Epoch [27/1000]
09/04/2026,18:39:16: Negative sampling...
09/04/2026,18:39:18: Model's personal time...
09/04/2026,18:39:18: Training...
09/04/2026,18:39:19: Evaluating...
09/04/2026,18:39:19: 	Train Loss: 4016264.5000 (base: 666.0071, kd: 8031.1963), Elapsed: train 2.55 test 0.43 *
09/04/2026,18:39:19: 	Recall@10: 0.05910 Recall@20: 0.08801 NDCG@10: 0.03551 NDCG@20: 0.04338 
09/04/2026,18:39:19: 	Recall@10: 0.02307 Recall@20: 0.03712 NDCG@10: 0.01247 NDCG@20: 0.01632 
09/04/2026,18:39:19: Epoch [28/1000]
09/04/2026,18:39:19: Negative sampling...
09/04/2026,18:39:21: Model's personal time...
09/04/2026,18:39:21: Training...
09/04/2026,18:39:22: Evaluating...
09/04/2026,18:39:22: 	Train Loss: 4008337.2500 (base: 647.4310, kd: 8015.3799), Elapsed: train 2.63 test 0.44 *
09/04/2026,18:39:22: 	Recall@10: 0.05911 Recall@20: 0.08859 NDCG@10: 0.03558 NDCG@20: 0.04360 
09/04/2026,18:39:22: 	Recall@10: 0.02288 Recall@20: 0.03794 NDCG@10: 0.01255 NDCG@20: 0.01665 
09/04/2026,18:39:22: Epoch [29/1000]
09/04/2026,18:39:22: Negative sampling...
09/04/2026,18:39:24: Model's personal time...
09/04/2026,18:39:24: Training...
09/04/2026,18:39:25: Evaluating...
09/04/2026,18:39:25: 	Train Loss: 4001383.0000 (base: 631.4819, kd: 8001.5029), Elapsed: train 2.61 test 0.44 *
09/04/2026,18:39:25: 	Recall@10: 0.06091 Recall@20: 0.08885 NDCG@10: 0.03607 NDCG@20: 0.04369 
09/04/2026,18:39:25: 	Recall@10: 0.02323 Recall@20: 0.03761 NDCG@10: 0.01269 NDCG@20: 0.01659 
09/04/2026,18:39:25: Epoch [30/1000]
09/04/2026,18:39:25: Negative sampling...
09/04/2026,18:39:27: Model's personal time...
09/04/2026,18:39:27: Training...
09/04/2026,18:39:28: Evaluating...
09/04/2026,18:39:28: 	Train Loss: 3993753.0000 (base: 614.3275, kd: 7986.2778), Elapsed: train 2.58 test 0.44 *
09/04/2026,18:39:28: 	Recall@10: 0.06191 Recall@20: 0.08796 NDCG@10: 0.03668 NDCG@20: 0.04377 
09/04/2026,18:39:28: 	Recall@10: 0.02298 Recall@20: 0.03794 NDCG@10: 0.01290 NDCG@20: 0.01698 
09/04/2026,18:39:28: Epoch [31/1000]
09/04/2026,18:39:28: Negative sampling...
09/04/2026,18:39:30: Model's personal time...
09/04/2026,18:39:30: Training...
09/04/2026,18:39:31: Evaluating...
09/04/2026,18:39:31: 	Train Loss: 3988235.7500 (base: 598.8024, kd: 7975.2739), Elapsed: train 2.58 test 0.45 *
09/04/2026,18:39:31: 	Recall@10: 0.06165 Recall@20: 0.08842 NDCG@10: 0.03677 NDCG@20: 0.04400 
09/04/2026,18:39:31: 	Recall@10: 0.02372 Recall@20: 0.03783 NDCG@10: 0.01297 NDCG@20: 0.01684 
09/04/2026,18:39:31: Epoch [32/1000]
09/04/2026,18:39:31: Negative sampling...
09/04/2026,18:39:33: Model's personal time...
09/04/2026,18:39:33: Training...
09/04/2026,18:39:34: Evaluating...
09/04/2026,18:39:35: 	Train Loss: 3981441.2500 (base: 582.8586, kd: 7961.7168), Elapsed: train 2.64 test 0.46 *
09/04/2026,18:39:35: 	Recall@10: 0.06117 Recall@20: 0.08883 NDCG@10: 0.03689 NDCG@20: 0.04436 
09/04/2026,18:39:35: 	Recall@10: 0.02347 Recall@20: 0.03800 NDCG@10: 0.01300 NDCG@20: 0.01698 
09/04/2026,18:39:35: Epoch [33/1000]
09/04/2026,18:39:35: Negative sampling...
09/04/2026,18:39:36: Model's personal time...
09/04/2026,18:39:36: Training...
09/04/2026,18:39:37: Evaluating...
09/04/2026,18:39:38: 	Train Loss: 3974651.2500 (base: 570.4280, kd: 7948.1616), Elapsed: train 2.60 test 0.42 *
09/04/2026,18:39:38: 	Recall@10: 0.06172 Recall@20: 0.09027 NDCG@10: 0.03694 NDCG@20: 0.04477 
09/04/2026,18:39:38: 	Recall@10: 0.02433 Recall@20: 0.03833 NDCG@10: 0.01330 NDCG@20: 0.01715 
09/04/2026,18:39:38: Epoch [34/1000]
09/04/2026,18:39:38: Negative sampling...
09/04/2026,18:39:39: Model's personal time...
09/04/2026,18:39:39: Training...
09/04/2026,18:39:40: Evaluating...
09/04/2026,18:39:41: 	Train Loss: 3970092.2500 (base: 556.9992, kd: 7939.0708), Elapsed: train 2.54 test 0.44 *
09/04/2026,18:39:41: 	Recall@10: 0.06201 Recall@20: 0.09178 NDCG@10: 0.03709 NDCG@20: 0.04502 
09/04/2026,18:39:41: 	Recall@10: 0.02425 Recall@20: 0.03830 NDCG@10: 0.01317 NDCG@20: 0.01698 
09/04/2026,18:39:41: Epoch [35/1000]
09/04/2026,18:39:41: Negative sampling...
09/04/2026,18:39:42: Model's personal time...
09/04/2026,18:39:42: Training...
09/04/2026,18:39:43: Evaluating...
09/04/2026,18:39:44: 	Train Loss: 3964742.5000 (base: 543.5275, kd: 7928.3979), Elapsed: train 2.90 test 0.51
09/04/2026,18:39:44: 	Recall@10: 0.06096 Recall@20: 0.09051 NDCG@10: 0.03672 NDCG@20: 0.04475 
09/04/2026,18:39:44: 	Recall@10: 0.02424 Recall@20: 0.03821 NDCG@10: 0.01319 NDCG@20: 0.01704 
09/04/2026,18:39:44: Epoch [36/1000]
09/04/2026,18:39:44: Negative sampling...
09/04/2026,18:39:45: Model's personal time...
09/04/2026,18:39:46: Training...
09/04/2026,18:39:47: Evaluating...
09/04/2026,18:39:47: 	Train Loss: 3959919.0000 (base: 531.6958, kd: 7918.7749), Elapsed: train 2.75 test 0.47 *
09/04/2026,18:39:47: 	Recall@10: 0.06197 Recall@20: 0.09342 NDCG@10: 0.03716 NDCG@20: 0.04557 
09/04/2026,18:39:47: 	Recall@10: 0.02420 Recall@20: 0.03874 NDCG@10: 0.01333 NDCG@20: 0.01731 
09/04/2026,18:39:47: Epoch [37/1000]
09/04/2026,18:39:47: Negative sampling...
09/04/2026,18:39:49: Model's personal time...
09/04/2026,18:39:49: Training...
09/04/2026,18:39:50: Evaluating...
09/04/2026,18:39:50: 	Train Loss: 3954347.7500 (base: 519.2209, kd: 7907.6567), Elapsed: train 2.53 test 0.47
09/04/2026,18:39:50: 	Recall@10: 0.06246 Recall@20: 0.09177 NDCG@10: 0.03766 NDCG@20: 0.04554 
09/04/2026,18:39:50: 	Recall@10: 0.02412 Recall@20: 0.03944 NDCG@10: 0.01330 NDCG@20: 0.01747 
09/04/2026,18:39:50: Epoch [38/1000]
09/04/2026,18:39:50: Negative sampling...
09/04/2026,18:39:52: Model's personal time...
09/04/2026,18:39:52: Training...
09/04/2026,18:39:53: Evaluating...
09/04/2026,18:39:53: 	Train Loss: 3949813.5000 (base: 508.1476, kd: 7898.6108), Elapsed: train 2.63 test 0.52 *
09/04/2026,18:39:53: 	Recall@10: 0.06285 Recall@20: 0.09270 NDCG@10: 0.03769 NDCG@20: 0.04573 
09/04/2026,18:39:53: 	Recall@10: 0.02479 Recall@20: 0.03959 NDCG@10: 0.01342 NDCG@20: 0.01746 
09/04/2026,18:39:53: Epoch [39/1000]
09/04/2026,18:39:53: Negative sampling...
09/04/2026,18:39:55: Model's personal time...
09/04/2026,18:39:55: Training...
09/04/2026,18:39:56: Evaluating...
09/04/2026,18:39:57: 	Train Loss: 3945547.0000 (base: 497.5296, kd: 7890.0991), Elapsed: train 2.94 test 0.45
09/04/2026,18:39:57: 	Recall@10: 0.06237 Recall@20: 0.09173 NDCG@10: 0.03770 NDCG@20: 0.04566 
09/04/2026,18:39:57: 	Recall@10: 0.02492 Recall@20: 0.04014 NDCG@10: 0.01359 NDCG@20: 0.01773 
09/04/2026,18:39:57: Epoch [40/1000]
09/04/2026,18:39:57: Negative sampling...
09/04/2026,18:39:58: Model's personal time...
09/04/2026,18:39:58: Training...
09/04/2026,18:39:59: Evaluating...
09/04/2026,18:40:00: 	Train Loss: 3941659.7500 (base: 488.0774, kd: 7882.3428), Elapsed: train 2.65 test 0.44
09/04/2026,18:40:00: 	Recall@10: 0.06171 Recall@20: 0.09189 NDCG@10: 0.03755 NDCG@20: 0.04572 
09/04/2026,18:40:00: 	Recall@10: 0.02474 Recall@20: 0.03910 NDCG@10: 0.01364 NDCG@20: 0.01758 
09/04/2026,18:40:00: Epoch [41/1000]
09/04/2026,18:40:00: Negative sampling...
09/04/2026,18:40:01: Model's personal time...
09/04/2026,18:40:01: Training...
09/04/2026,18:40:02: Evaluating...
09/04/2026,18:40:03: 	Train Loss: 3936742.5000 (base: 478.4718, kd: 7872.5278), Elapsed: train 2.62 test 0.54 *
09/04/2026,18:40:03: 	Recall@10: 0.06205 Recall@20: 0.09265 NDCG@10: 0.03784 NDCG@20: 0.04607 
09/04/2026,18:40:03: 	Recall@10: 0.02486 Recall@20: 0.03929 NDCG@10: 0.01368 NDCG@20: 0.01766 
09/04/2026,18:40:03: Epoch [42/1000]
09/04/2026,18:40:03: Negative sampling...
09/04/2026,18:40:04: Model's personal time...
09/04/2026,18:40:05: Training...
09/04/2026,18:40:06: Evaluating...
09/04/2026,18:40:06: 	Train Loss: 3932453.5000 (base: 468.8582, kd: 7863.9692), Elapsed: train 3.01 test 0.46 *
09/04/2026,18:40:06: 	Recall@10: 0.06160 Recall@20: 0.09417 NDCG@10: 0.03743 NDCG@20: 0.04619 
09/04/2026,18:40:06: 	Recall@10: 0.02540 Recall@20: 0.03953 NDCG@10: 0.01388 NDCG@20: 0.01773 
09/04/2026,18:40:06: Epoch [43/1000]
09/04/2026,18:40:06: Negative sampling...
09/04/2026,18:40:08: Model's personal time...
09/04/2026,18:40:08: Training...
09/04/2026,18:40:09: Evaluating...
09/04/2026,18:40:10: 	Train Loss: 3928739.7500 (base: 459.9124, kd: 7856.5596), Elapsed: train 2.69 test 0.52 *
09/04/2026,18:40:10: 	Recall@10: 0.06275 Recall@20: 0.09396 NDCG@10: 0.03787 NDCG@20: 0.04626 
09/04/2026,18:40:10: 	Recall@10: 0.02490 Recall@20: 0.04019 NDCG@10: 0.01373 NDCG@20: 0.01789 
09/04/2026,18:40:10: Epoch [44/1000]
09/04/2026,18:40:10: Negative sampling...
09/04/2026,18:40:11: Model's personal time...
09/04/2026,18:40:12: Training...
09/04/2026,18:40:13: Evaluating...
09/04/2026,18:40:13: 	Train Loss: 3924214.5000 (base: 450.0515, kd: 7847.5283), Elapsed: train 3.09 test 0.43 *
09/04/2026,18:40:13: 	Recall@10: 0.06268 Recall@20: 0.09566 NDCG@10: 0.03814 NDCG@20: 0.04704 
09/04/2026,18:40:13: 	Recall@10: 0.02531 Recall@20: 0.03967 NDCG@10: 0.01374 NDCG@20: 0.01765 
09/04/2026,18:40:13: Epoch [45/1000]
09/04/2026,18:40:13: Negative sampling...
09/04/2026,18:40:15: Model's personal time...
09/04/2026,18:40:15: Training...
09/04/2026,18:40:16: Evaluating...
09/04/2026,18:40:16: 	Train Loss: 3920814.2500 (base: 441.6545, kd: 7840.7446), Elapsed: train 2.55 test 0.44
09/04/2026,18:40:16: 	Recall@10: 0.06212 Recall@20: 0.09309 NDCG@10: 0.03786 NDCG@20: 0.04628 
09/04/2026,18:40:16: 	Recall@10: 0.02566 Recall@20: 0.04032 NDCG@10: 0.01392 NDCG@20: 0.01792 
09/04/2026,18:40:16: Epoch [46/1000]
09/04/2026,18:40:16: Negative sampling...
09/04/2026,18:40:17: Model's personal time...
09/04/2026,18:40:18: Training...
09/04/2026,18:40:19: Evaluating...
09/04/2026,18:40:19: 	Train Loss: 3918859.2500 (base: 434.5954, kd: 7836.8491), Elapsed: train 2.51 test 0.44
09/04/2026,18:40:19: 	Recall@10: 0.06146 Recall@20: 0.09457 NDCG@10: 0.03783 NDCG@20: 0.04679 
09/04/2026,18:40:19: 	Recall@10: 0.02571 Recall@20: 0.04008 NDCG@10: 0.01391 NDCG@20: 0.01785 
09/04/2026,18:40:19: Epoch [47/1000]
09/04/2026,18:40:19: Negative sampling...
09/04/2026,18:40:20: Model's personal time...
09/04/2026,18:40:21: Training...
09/04/2026,18:40:22: Evaluating...
09/04/2026,18:40:22: 	Train Loss: 3915427.5000 (base: 425.7287, kd: 7830.0039), Elapsed: train 2.51 test 0.42
09/04/2026,18:40:22: 	Recall@10: 0.06195 Recall@20: 0.09396 NDCG@10: 0.03798 NDCG@20: 0.04675 
09/04/2026,18:40:22: 	Recall@10: 0.02572 Recall@20: 0.04066 NDCG@10: 0.01386 NDCG@20: 0.01793 
09/04/2026,18:40:22: Epoch [48/1000]
09/04/2026,18:40:22: Negative sampling...
09/04/2026,18:40:23: Model's personal time...
09/04/2026,18:40:24: Training...
09/04/2026,18:40:25: Evaluating...
09/04/2026,18:40:25: 	Train Loss: 3911501.0000 (base: 420.4117, kd: 7822.1616), Elapsed: train 2.51 test 0.44
09/04/2026,18:40:25: 	Recall@10: 0.06232 Recall@20: 0.09347 NDCG@10: 0.03811 NDCG@20: 0.04657 
09/04/2026,18:40:25: 	Recall@10: 0.02606 Recall@20: 0.04056 NDCG@10: 0.01389 NDCG@20: 0.01787 
09/04/2026,18:40:25: Epoch [49/1000]
09/04/2026,18:40:25: Negative sampling...
09/04/2026,18:40:26: Model's personal time...
09/04/2026,18:40:26: Training...
09/04/2026,18:40:28: Evaluating...
09/04/2026,18:40:28: 	Train Loss: 3907915.7500 (base: 412.3072, kd: 7815.0063), Elapsed: train 2.55 test 0.43
09/04/2026,18:40:28: 	Recall@10: 0.06279 Recall@20: 0.09574 NDCG@10: 0.03802 NDCG@20: 0.04700 
09/04/2026,18:40:28: 	Recall@10: 0.02540 Recall@20: 0.04015 NDCG@10: 0.01379 NDCG@20: 0.01781 
09/04/2026,18:40:28: Epoch [50/1000]
09/04/2026,18:40:28: Negative sampling...
09/04/2026,18:40:29: Model's personal time...
09/04/2026,18:40:29: Training...
09/04/2026,18:40:31: Evaluating...
09/04/2026,18:40:31: 	Train Loss: 3905722.2500 (base: 406.7818, kd: 7810.6313), Elapsed: train 2.60 test 0.45 *
09/04/2026,18:40:31: 	Recall@10: 0.06298 Recall@20: 0.09567 NDCG@10: 0.03838 NDCG@20: 0.04720 
09/04/2026,18:40:31: 	Recall@10: 0.02564 Recall@20: 0.04088 NDCG@10: 0.01402 NDCG@20: 0.01819 
09/04/2026,18:40:31: Epoch [51/1000]
09/04/2026,18:40:31: Negative sampling...
09/04/2026,18:40:32: Model's personal time...
09/04/2026,18:40:33: Training...
09/04/2026,18:40:34: Evaluating...
09/04/2026,18:40:34: 	Train Loss: 3903754.7500 (base: 399.7462, kd: 7806.7104), Elapsed: train 2.61 test 0.43
09/04/2026,18:40:34: 	Recall@10: 0.06218 Recall@20: 0.09439 NDCG@10: 0.03808 NDCG@20: 0.04682 
09/04/2026,18:40:34: 	Recall@10: 0.02617 Recall@20: 0.04028 NDCG@10: 0.01408 NDCG@20: 0.01793 
09/04/2026,18:40:34: Epoch [52/1000]
09/04/2026,18:40:34: Negative sampling...
09/04/2026,18:40:35: Model's personal time...
09/04/2026,18:40:36: Training...
09/04/2026,18:40:37: Evaluating...
09/04/2026,18:40:37: 	Train Loss: 3899998.5000 (base: 394.0296, kd: 7799.2090), Elapsed: train 2.56 test 0.43 *
09/04/2026,18:40:37: 	Recall@10: 0.06224 Recall@20: 0.09593 NDCG@10: 0.03815 NDCG@20: 0.04731 
09/04/2026,18:40:37: 	Recall@10: 0.02585 Recall@20: 0.04012 NDCG@10: 0.01401 NDCG@20: 0.01795 
09/04/2026,18:40:37: Epoch [53/1000]
09/04/2026,18:40:37: Negative sampling...
09/04/2026,18:40:38: Model's personal time...
09/04/2026,18:40:39: Training...
09/04/2026,18:40:40: Evaluating...
09/04/2026,18:40:40: 	Train Loss: 3898067.7500 (base: 388.1371, kd: 7795.3594), Elapsed: train 2.64 test 0.44
09/04/2026,18:40:40: 	Recall@10: 0.06143 Recall@20: 0.09462 NDCG@10: 0.03797 NDCG@20: 0.04703 
09/04/2026,18:40:40: 	Recall@10: 0.02653 Recall@20: 0.03993 NDCG@10: 0.01431 NDCG@20: 0.01805 
09/04/2026,18:40:40: Epoch [54/1000]
09/04/2026,18:40:40: Negative sampling...
09/04/2026,18:40:42: Model's personal time...
09/04/2026,18:40:42: Training...
09/04/2026,18:40:43: Evaluating...
09/04/2026,18:40:43: 	Train Loss: 3893842.0000 (base: 384.1875, kd: 7786.9146), Elapsed: train 2.56 test 0.42
09/04/2026,18:40:43: 	Recall@10: 0.06283 Recall@20: 0.09474 NDCG@10: 0.03825 NDCG@20: 0.04691 
09/04/2026,18:40:43: 	Recall@10: 0.02638 Recall@20: 0.03995 NDCG@10: 0.01406 NDCG@20: 0.01782 
09/04/2026,18:40:43: Epoch [55/1000]
09/04/2026,18:40:43: Negative sampling...
09/04/2026,18:40:44: Model's personal time...
09/04/2026,18:40:45: Training...
09/04/2026,18:40:46: Evaluating...
09/04/2026,18:40:46: 	Train Loss: 3892363.2500 (base: 378.3368, kd: 7783.9707), Elapsed: train 2.49 test 0.42 *
09/04/2026,18:40:46: 	Recall@10: 0.06468 Recall@20: 0.09653 NDCG@10: 0.03908 NDCG@20: 0.04769 
09/04/2026,18:40:46: 	Recall@10: 0.02679 Recall@20: 0.04012 NDCG@10: 0.01429 NDCG@20: 0.01796 
09/04/2026,18:40:46: Epoch [56/1000]
09/04/2026,18:40:46: Negative sampling...
09/04/2026,18:40:47: Model's personal time...
09/04/2026,18:40:48: Training...
09/04/2026,18:40:49: Evaluating...
09/04/2026,18:40:49: 	Train Loss: 3889824.2500 (base: 371.9170, kd: 7778.9043), Elapsed: train 2.66 test 0.44
09/04/2026,18:40:49: 	Recall@10: 0.06256 Recall@20: 0.09516 NDCG@10: 0.03827 NDCG@20: 0.04711 
09/04/2026,18:40:49: 	Recall@10: 0.02635 Recall@20: 0.03975 NDCG@10: 0.01419 NDCG@20: 0.01788 
09/04/2026,18:40:49: Epoch [57/1000]
09/04/2026,18:40:49: Negative sampling...
09/04/2026,18:40:50: Model's personal time...
09/04/2026,18:40:51: Training...
09/04/2026,18:40:52: Evaluating...
09/04/2026,18:40:52: 	Train Loss: 3889203.5000 (base: 367.6487, kd: 7777.6719), Elapsed: train 2.66 test 0.42
09/04/2026,18:40:52: 	Recall@10: 0.06366 Recall@20: 0.09515 NDCG@10: 0.03883 NDCG@20: 0.04733 
09/04/2026,18:40:52: 	Recall@10: 0.02676 Recall@20: 0.04042 NDCG@10: 0.01432 NDCG@20: 0.01805 
09/04/2026,18:40:52: Epoch [58/1000]
09/04/2026,18:40:52: Negative sampling...
09/04/2026,18:40:54: Model's personal time...
09/04/2026,18:40:54: Training...
09/04/2026,18:40:55: Evaluating...
09/04/2026,18:40:55: 	Train Loss: 3886199.5000 (base: 364.6093, kd: 7771.6699), Elapsed: train 2.55 test 0.44
09/04/2026,18:40:55: 	Recall@10: 0.06301 Recall@20: 0.09462 NDCG@10: 0.03864 NDCG@20: 0.04716 
09/04/2026,18:40:55: 	Recall@10: 0.02552 Recall@20: 0.03930 NDCG@10: 0.01394 NDCG@20: 0.01776 
09/04/2026,18:40:55: Epoch [59/1000]
09/04/2026,18:40:55: Negative sampling...
09/04/2026,18:40:57: Model's personal time...
09/04/2026,18:40:57: Training...
09/04/2026,18:40:58: Evaluating...
09/04/2026,18:40:58: 	Train Loss: 3882048.2500 (base: 358.5968, kd: 7763.3794), Elapsed: train 2.48 test 0.44
09/04/2026,18:40:58: 	Recall@10: 0.06290 Recall@20: 0.09554 NDCG@10: 0.03856 NDCG@20: 0.04738 
09/04/2026,18:40:58: 	Recall@10: 0.02609 Recall@20: 0.04016 NDCG@10: 0.01420 NDCG@20: 0.01808 
09/04/2026,18:40:58: Epoch [60/1000]
09/04/2026,18:40:58: Negative sampling...
09/04/2026,18:40:59: Model's personal time...
09/04/2026,18:41:00: Training...
09/04/2026,18:41:01: Evaluating...
09/04/2026,18:41:01: 	Train Loss: 3880625.2500 (base: 353.7889, kd: 7760.5430), Elapsed: train 2.52 test 0.43
09/04/2026,18:41:01: 	Recall@10: 0.06299 Recall@20: 0.09522 NDCG@10: 0.03874 NDCG@20: 0.04741 
09/04/2026,18:41:01: 	Recall@10: 0.02638 Recall@20: 0.03949 NDCG@10: 0.01443 NDCG@20: 0.01806 
09/04/2026,18:41:01: Epoch [61/1000]
09/04/2026,18:41:01: Negative sampling...
09/04/2026,18:41:02: Model's personal time...
09/04/2026,18:41:03: Training...
09/04/2026,18:41:04: Evaluating...
09/04/2026,18:41:04: 	Train Loss: 3877631.5000 (base: 349.4451, kd: 7754.5649), Elapsed: train 2.50 test 0.42
09/04/2026,18:41:04: 	Recall@10: 0.06395 Recall@20: 0.09596 NDCG@10: 0.03886 NDCG@20: 0.04753 
09/04/2026,18:41:04: 	Recall@10: 0.02651 Recall@20: 0.03902 NDCG@10: 0.01432 NDCG@20: 0.01782 
09/04/2026,18:41:04: Epoch [62/1000]
09/04/2026,18:41:04: Negative sampling...
09/04/2026,18:41:05: Model's personal time...
09/04/2026,18:41:05: Training...
09/04/2026,18:41:06: Evaluating...
09/04/2026,18:41:07: 	Train Loss: 3877272.7500 (base: 343.9997, kd: 7753.8569), Elapsed: train 2.46 test 0.42
09/04/2026,18:41:07: 	Recall@10: 0.06341 Recall@20: 0.09453 NDCG@10: 0.03903 NDCG@20: 0.04750 
09/04/2026,18:41:07: 	Recall@10: 0.02546 Recall@20: 0.03980 NDCG@10: 0.01389 NDCG@20: 0.01789 
09/04/2026,18:41:07: Epoch [63/1000]
09/04/2026,18:41:07: Negative sampling...
09/04/2026,18:41:08: Model's personal time...
09/04/2026,18:41:08: Training...
09/04/2026,18:41:09: Evaluating...
09/04/2026,18:41:10: 	Train Loss: 3876075.0000 (base: 342.0945, kd: 7751.4658), Elapsed: train 2.47 test 0.42
09/04/2026,18:41:10: 	Recall@10: 0.06359 Recall@20: 0.09541 NDCG@10: 0.03871 NDCG@20: 0.04734 
09/04/2026,18:41:10: 	Recall@10: 0.02656 Recall@20: 0.03945 NDCG@10: 0.01423 NDCG@20: 0.01784 
09/04/2026,18:41:10: Epoch [64/1000]
09/04/2026,18:41:10: Negative sampling...
09/04/2026,18:41:11: Model's personal time...
09/04/2026,18:41:11: Training...
09/04/2026,18:41:12: Evaluating...
09/04/2026,18:41:13: 	Train Loss: 3873221.5000 (base: 334.9650, kd: 7745.7734), Elapsed: train 2.67 test 0.44
09/04/2026,18:41:13: 	Recall@10: 0.06375 Recall@20: 0.09511 NDCG@10: 0.03892 NDCG@20: 0.04745 
09/04/2026,18:41:13: 	Recall@10: 0.02614 Recall@20: 0.04001 NDCG@10: 0.01424 NDCG@20: 0.01810 
09/04/2026,18:41:13: Epoch [65/1000]
09/04/2026,18:41:13: Negative sampling...
09/04/2026,18:41:14: Model's personal time...
09/04/2026,18:41:14: Training...
09/04/2026,18:41:15: Evaluating...
09/04/2026,18:41:16: 	Train Loss: 3871629.7500 (base: 332.4793, kd: 7742.5942), Elapsed: train 2.57 test 0.46
09/04/2026,18:41:16: 	Recall@10: 0.06455 Recall@20: 0.09582 NDCG@10: 0.03895 NDCG@20: 0.04743 
09/04/2026,18:41:16: 	Recall@10: 0.02606 Recall@20: 0.04024 NDCG@10: 0.01414 NDCG@20: 0.01810 
09/04/2026,18:41:16: Epoch [66/1000]
09/04/2026,18:41:16: Negative sampling...
09/04/2026,18:41:17: Model's personal time...
09/04/2026,18:41:17: Training...
09/04/2026,18:41:18: Evaluating...
09/04/2026,18:41:19: 	Train Loss: 3869996.2500 (base: 330.7914, kd: 7739.3315), Elapsed: train 2.54 test 0.42
09/04/2026,18:41:19: 	Recall@10: 0.06399 Recall@20: 0.09504 NDCG@10: 0.03915 NDCG@20: 0.04758 
09/04/2026,18:41:19: 	Recall@10: 0.02609 Recall@20: 0.03984 NDCG@10: 0.01424 NDCG@20: 0.01804 
09/04/2026,18:41:19: Epoch [67/1000]
09/04/2026,18:41:19: Negative sampling...
09/04/2026,18:41:20: Model's personal time...
09/04/2026,18:41:20: Training...
09/04/2026,18:41:21: Evaluating...
09/04/2026,18:41:22: 	Train Loss: 3867785.7500 (base: 326.4461, kd: 7734.9180), Elapsed: train 2.55 test 0.43
09/04/2026,18:41:22: 	Recall@10: 0.06418 Recall@20: 0.09607 NDCG@10: 0.03899 NDCG@20: 0.04762 
09/04/2026,18:41:22: 	Recall@10: 0.02624 Recall@20: 0.03979 NDCG@10: 0.01426 NDCG@20: 0.01802 
09/04/2026,18:41:22: Epoch [68/1000]
09/04/2026,18:41:22: Negative sampling...
09/04/2026,18:41:23: Model's personal time...
09/04/2026,18:41:23: Training...
09/04/2026,18:41:24: Evaluating...
09/04/2026,18:41:25: 	Train Loss: 3865695.2500 (base: 324.4185, kd: 7730.7422), Elapsed: train 2.52 test 0.43
09/04/2026,18:41:25: 	Recall@10: 0.06327 Recall@20: 0.09409 NDCG@10: 0.03873 NDCG@20: 0.04718 
09/04/2026,18:41:25: 	Recall@10: 0.02641 Recall@20: 0.04032 NDCG@10: 0.01437 NDCG@20: 0.01821 
09/04/2026,18:41:25: Epoch [69/1000]
09/04/2026,18:41:25: Negative sampling...
09/04/2026,18:41:26: Model's personal time...
09/04/2026,18:41:26: Training...
09/04/2026,18:41:27: Evaluating...
09/04/2026,18:41:28: 	Train Loss: 3864209.0000 (base: 320.0230, kd: 7727.7778), Elapsed: train 2.55 test 0.42 *
09/04/2026,18:41:28: 	Recall@10: 0.06463 Recall@20: 0.09554 NDCG@10: 0.03937 NDCG@20: 0.04782 
09/04/2026,18:41:28: 	Recall@10: 0.02654 Recall@20: 0.04024 NDCG@10: 0.01448 NDCG@20: 0.01829 
09/04/2026,18:41:28: Epoch [70/1000]
09/04/2026,18:41:28: Negative sampling...
09/04/2026,18:41:29: Model's personal time...
09/04/2026,18:41:29: Training...
09/04/2026,18:41:30: Evaluating...
09/04/2026,18:41:31: 	Train Loss: 3862683.0000 (base: 315.3275, kd: 7724.7358), Elapsed: train 2.56 test 0.42 *
09/04/2026,18:41:31: 	Recall@10: 0.06449 Recall@20: 0.09567 NDCG@10: 0.03940 NDCG@20: 0.04794 
09/04/2026,18:41:31: 	Recall@10: 0.02619 Recall@20: 0.04002 NDCG@10: 0.01438 NDCG@20: 0.01822 
09/04/2026,18:41:31: Epoch [71/1000]
09/04/2026,18:41:31: Negative sampling...
09/04/2026,18:41:32: Model's personal time...
09/04/2026,18:41:32: Training...
09/04/2026,18:41:33: Evaluating...
09/04/2026,18:41:34: 	Train Loss: 3860014.2500 (base: 310.1159, kd: 7719.4087), Elapsed: train 2.48 test 0.44
09/04/2026,18:41:34: 	Recall@10: 0.06479 Recall@20: 0.09578 NDCG@10: 0.03930 NDCG@20: 0.04773 
09/04/2026,18:41:34: 	Recall@10: 0.02632 Recall@20: 0.04011 NDCG@10: 0.01433 NDCG@20: 0.01817 
09/04/2026,18:41:34: Epoch [72/1000]
09/04/2026,18:41:34: Negative sampling...
09/04/2026,18:41:35: Model's personal time...
09/04/2026,18:41:35: Training...
09/04/2026,18:41:36: Evaluating...
09/04/2026,18:41:37: 	Train Loss: 3859135.0000 (base: 311.3497, kd: 7717.6470), Elapsed: train 2.50 test 0.43
09/04/2026,18:41:37: 	Recall@10: 0.06335 Recall@20: 0.09359 NDCG@10: 0.03883 NDCG@20: 0.04715 
09/04/2026,18:41:37: 	Recall@10: 0.02723 Recall@20: 0.04029 NDCG@10: 0.01460 NDCG@20: 0.01823 
09/04/2026,18:41:37: Epoch [73/1000]
09/04/2026,18:41:37: Negative sampling...
09/04/2026,18:41:38: Model's personal time...
09/04/2026,18:41:38: Training...
09/04/2026,18:41:39: Evaluating...
09/04/2026,18:41:40: 	Train Loss: 3858135.5000 (base: 306.6734, kd: 7715.6582), Elapsed: train 2.59 test 0.44
09/04/2026,18:41:40: 	Recall@10: 0.06414 Recall@20: 0.09648 NDCG@10: 0.03873 NDCG@20: 0.04760 
09/04/2026,18:41:40: 	Recall@10: 0.02657 Recall@20: 0.04073 NDCG@10: 0.01441 NDCG@20: 0.01832 
09/04/2026,18:41:40: Epoch [74/1000]
09/04/2026,18:41:40: Negative sampling...
09/04/2026,18:41:41: Model's personal time...
09/04/2026,18:41:41: Training...
09/04/2026,18:41:42: Evaluating...
09/04/2026,18:41:43: 	Train Loss: 3857239.5000 (base: 306.9922, kd: 7713.8652), Elapsed: train 2.55 test 0.45
09/04/2026,18:41:43: 	Recall@10: 0.06348 Recall@20: 0.09358 NDCG@10: 0.03867 NDCG@20: 0.04694 
09/04/2026,18:41:43: 	Recall@10: 0.02668 Recall@20: 0.04120 NDCG@10: 0.01439 NDCG@20: 0.01841 
09/04/2026,18:41:43: Epoch [75/1000]
09/04/2026,18:41:43: Negative sampling...
09/04/2026,18:41:44: Model's personal time...
09/04/2026,18:41:44: Training...
09/04/2026,18:41:45: Evaluating...
09/04/2026,18:41:46: 	Train Loss: 3854701.7500 (base: 301.3388, kd: 7708.8008), Elapsed: train 2.78 test 0.43
09/04/2026,18:41:46: 	Recall@10: 0.06381 Recall@20: 0.09629 NDCG@10: 0.03897 NDCG@20: 0.04780 
09/04/2026,18:41:46: 	Recall@10: 0.02771 Recall@20: 0.04027 NDCG@10: 0.01466 NDCG@20: 0.01816 
09/04/2026,18:41:46: Epoch [76/1000]
09/04/2026,18:41:46: Negative sampling...
09/04/2026,18:41:47: Model's personal time...
09/04/2026,18:41:47: Training...
09/04/2026,18:41:49: Evaluating...
09/04/2026,18:41:49: 	Train Loss: 3853335.5000 (base: 299.6832, kd: 7706.0713), Elapsed: train 2.69 test 0.42
09/04/2026,18:41:49: 	Recall@10: 0.06466 Recall@20: 0.09466 NDCG@10: 0.03933 NDCG@20: 0.04756 
09/04/2026,18:41:49: 	Recall@10: 0.02684 Recall@20: 0.04083 NDCG@10: 0.01446 NDCG@20: 0.01835 
09/04/2026,18:41:49: Epoch [77/1000]
09/04/2026,18:41:49: Negative sampling...
09/04/2026,18:41:50: Model's personal time...
09/04/2026,18:41:50: Training...
09/04/2026,18:41:51: Evaluating...
09/04/2026,18:41:52: 	Train Loss: 3852291.7500 (base: 297.1911, kd: 7703.9897), Elapsed: train 2.55 test 0.44
09/04/2026,18:41:52: 	Recall@10: 0.06470 Recall@20: 0.09465 NDCG@10: 0.03946 NDCG@20: 0.04765 
09/04/2026,18:41:52: 	Recall@10: 0.02694 Recall@20: 0.04064 NDCG@10: 0.01441 NDCG@20: 0.01823 
09/04/2026,18:41:52: Epoch [78/1000]
09/04/2026,18:41:52: Negative sampling...
09/04/2026,18:41:53: Model's personal time...
09/04/2026,18:41:53: Training...
09/04/2026,18:41:54: Evaluating...
09/04/2026,18:41:55: 	Train Loss: 3850962.0000 (base: 294.9154, kd: 7701.3340), Elapsed: train 2.56 test 0.48
09/04/2026,18:41:55: 	Recall@10: 0.06355 Recall@20: 0.09544 NDCG@10: 0.03901 NDCG@20: 0.04775 
09/04/2026,18:41:55: 	Recall@10: 0.02697 Recall@20: 0.04090 NDCG@10: 0.01441 NDCG@20: 0.01828 
09/04/2026,18:41:55: Epoch [79/1000]
09/04/2026,18:41:55: Negative sampling...
09/04/2026,18:41:56: Model's personal time...
09/04/2026,18:41:57: Training...
09/04/2026,18:41:58: Evaluating...
09/04/2026,18:41:58: 	Train Loss: 3849286.5000 (base: 291.7903, kd: 7697.9897), Elapsed: train 2.54 test 0.43
09/04/2026,18:41:58: 	Recall@10: 0.06306 Recall@20: 0.09448 NDCG@10: 0.03893 NDCG@20: 0.04753 
09/04/2026,18:41:58: 	Recall@10: 0.02720 Recall@20: 0.04085 NDCG@10: 0.01456 NDCG@20: 0.01836 
09/04/2026,18:41:58: Epoch [80/1000]
09/04/2026,18:41:58: Negative sampling...
09/04/2026,18:41:59: Model's personal time...
09/04/2026,18:41:59: Training...
09/04/2026,18:42:00: Evaluating...
09/04/2026,18:42:01: 	Train Loss: 3849277.2500 (base: 290.4192, kd: 7697.9741), Elapsed: train 2.54 test 0.43
09/04/2026,18:42:01: 	Recall@10: 0.06450 Recall@20: 0.09561 NDCG@10: 0.03879 NDCG@20: 0.04732 
09/04/2026,18:42:01: 	Recall@10: 0.02794 Recall@20: 0.04080 NDCG@10: 0.01472 NDCG@20: 0.01831 
09/04/2026,18:42:01: Epoch [81/1000]
09/04/2026,18:42:01: Negative sampling...
09/04/2026,18:42:02: Model's personal time...
09/04/2026,18:42:02: Training...
09/04/2026,18:42:03: Evaluating...
09/04/2026,18:42:04: 	Train Loss: 3847003.2500 (base: 284.6370, kd: 7693.4375), Elapsed: train 2.57 test 0.44
09/04/2026,18:42:04: 	Recall@10: 0.06448 Recall@20: 0.09497 NDCG@10: 0.03921 NDCG@20: 0.04752 
09/04/2026,18:42:04: 	Recall@10: 0.02707 Recall@20: 0.04079 NDCG@10: 0.01454 NDCG@20: 0.01840 
09/04/2026,18:42:04: Epoch [82/1000]
09/04/2026,18:42:04: Negative sampling...
09/04/2026,18:42:05: Model's personal time...
09/04/2026,18:42:05: Training...
09/04/2026,18:42:07: Evaluating...
09/04/2026,18:42:07: 	Train Loss: 3845502.0000 (base: 283.9491, kd: 7690.4360), Elapsed: train 2.62 test 0.51
09/04/2026,18:42:07: 	Recall@10: 0.06229 Recall@20: 0.09475 NDCG@10: 0.03809 NDCG@20: 0.04691 
09/04/2026,18:42:07: 	Recall@10: 0.02705 Recall@20: 0.04017 NDCG@10: 0.01453 NDCG@20: 0.01821 
09/04/2026,18:42:07: Epoch [83/1000]
09/04/2026,18:42:07: Negative sampling...
09/04/2026,18:42:08: Model's personal time...
09/04/2026,18:42:09: Training...
09/04/2026,18:42:10: Evaluating...
09/04/2026,18:42:10: 	Train Loss: 3843844.5000 (base: 283.1770, kd: 7687.1221), Elapsed: train 2.63 test 0.44
09/04/2026,18:42:10: 	Recall@10: 0.06382 Recall@20: 0.09506 NDCG@10: 0.03891 NDCG@20: 0.04742 
09/04/2026,18:42:10: 	Recall@10: 0.02740 Recall@20: 0.04063 NDCG@10: 0.01465 NDCG@20: 0.01834 
09/04/2026,18:42:10: Epoch [84/1000]
09/04/2026,18:42:10: Negative sampling...
09/04/2026,18:42:12: Model's personal time...
09/04/2026,18:42:12: Training...
09/04/2026,18:42:13: Evaluating...
09/04/2026,18:42:13: 	Train Loss: 3844017.0000 (base: 279.7926, kd: 7687.4741), Elapsed: train 2.57 test 0.43
09/04/2026,18:42:13: 	Recall@10: 0.06323 Recall@20: 0.09372 NDCG@10: 0.03840 NDCG@20: 0.04674 
09/04/2026,18:42:13: 	Recall@10: 0.02619 Recall@20: 0.04056 NDCG@10: 0.01425 NDCG@20: 0.01827 
09/04/2026,18:42:13: Epoch [85/1000]
09/04/2026,18:42:13: Negative sampling...
09/04/2026,18:42:15: Model's personal time...
09/04/2026,18:42:15: Training...
09/04/2026,18:42:16: Evaluating...
09/04/2026,18:42:16: 	Train Loss: 3842399.5000 (base: 279.4984, kd: 7684.2402), Elapsed: train 2.67 test 0.45
09/04/2026,18:42:16: 	Recall@10: 0.06365 Recall@20: 0.09552 NDCG@10: 0.03902 NDCG@20: 0.04772 
09/04/2026,18:42:16: 	Recall@10: 0.02695 Recall@20: 0.04006 NDCG@10: 0.01458 NDCG@20: 0.01825 
09/04/2026,18:42:16: Epoch [86/1000]
09/04/2026,18:42:16: Negative sampling...
09/04/2026,18:42:18: Model's personal time...
09/04/2026,18:42:18: Training...
09/04/2026,18:42:19: Evaluating...
09/04/2026,18:42:19: 	Train Loss: 3841962.2500 (base: 277.6364, kd: 7683.3696), Elapsed: train 2.75 test 0.42
09/04/2026,18:42:19: 	Recall@10: 0.06366 Recall@20: 0.09413 NDCG@10: 0.03869 NDCG@20: 0.04704 
09/04/2026,18:42:19: 	Recall@10: 0.02650 Recall@20: 0.04095 NDCG@10: 0.01454 NDCG@20: 0.01855 
09/04/2026,18:42:19: Epoch [87/1000]
09/04/2026,18:42:19: Negative sampling...
09/04/2026,18:42:21: Model's personal time...
09/04/2026,18:42:21: Training...
09/04/2026,18:42:22: Evaluating...
09/04/2026,18:42:23: 	Train Loss: 3840299.7500 (base: 273.8026, kd: 7680.0522), Elapsed: train 2.83 test 0.46
09/04/2026,18:42:23: 	Recall@10: 0.06422 Recall@20: 0.09518 NDCG@10: 0.03912 NDCG@20: 0.04765 
09/04/2026,18:42:23: 	Recall@10: 0.02689 Recall@20: 0.03982 NDCG@10: 0.01462 NDCG@20: 0.01824 
09/04/2026,18:42:23: Epoch [88/1000]
09/04/2026,18:42:23: Negative sampling...
09/04/2026,18:42:24: Model's personal time...
09/04/2026,18:42:24: Training...
09/04/2026,18:42:25: Evaluating...
09/04/2026,18:42:26: 	Train Loss: 3838714.0000 (base: 272.2525, kd: 7676.8823), Elapsed: train 2.72 test 0.45
09/04/2026,18:42:26: 	Recall@10: 0.06339 Recall@20: 0.09610 NDCG@10: 0.03855 NDCG@20: 0.04739 
09/04/2026,18:42:26: 	Recall@10: 0.02702 Recall@20: 0.04116 NDCG@10: 0.01449 NDCG@20: 0.01844 
09/04/2026,18:42:26: Epoch [89/1000]
09/04/2026,18:42:26: Negative sampling...
09/04/2026,18:42:27: Model's personal time...
09/04/2026,18:42:27: Training...
09/04/2026,18:42:29: Evaluating...
09/04/2026,18:42:29: 	Train Loss: 3836908.0000 (base: 269.0252, kd: 7673.2778), Elapsed: train 2.68 test 0.44
09/04/2026,18:42:29: 	Recall@10: 0.06345 Recall@20: 0.09537 NDCG@10: 0.03897 NDCG@20: 0.04771 
09/04/2026,18:42:29: 	Recall@10: 0.02765 Recall@20: 0.04007 NDCG@10: 0.01475 NDCG@20: 0.01824 
09/04/2026,18:42:29: Epoch [90/1000]
09/04/2026,18:42:29: Negative sampling...
09/04/2026,18:42:30: Model's personal time...
09/04/2026,18:42:31: Training...
09/04/2026,18:42:32: Evaluating...
09/04/2026,18:42:32: 	Train Loss: 3836987.2500 (base: 268.0981, kd: 7673.4385), Elapsed: train 2.61 test 0.43
09/04/2026,18:42:32: 	Recall@10: 0.06321 Recall@20: 0.09570 NDCG@10: 0.03889 NDCG@20: 0.04777 
09/04/2026,18:42:32: 	Recall@10: 0.02695 Recall@20: 0.04105 NDCG@10: 0.01453 NDCG@20: 0.01847 
09/04/2026,18:42:32: Epoch [91/1000]
09/04/2026,18:42:32: Negative sampling...
09/04/2026,18:42:33: Model's personal time...
09/04/2026,18:42:34: Training...
09/04/2026,18:42:35: Evaluating...
09/04/2026,18:42:35: 	Train Loss: 3836022.5000 (base: 265.3184, kd: 7671.5137), Elapsed: train 2.57 test 0.50
09/04/2026,18:42:35: 	Recall@10: 0.06321 Recall@20: 0.09467 NDCG@10: 0.03872 NDCG@20: 0.04729 
09/04/2026,18:42:35: 	Recall@10: 0.02718 Recall@20: 0.04022 NDCG@10: 0.01456 NDCG@20: 0.01821 
09/04/2026,18:42:35: Epoch [92/1000]
09/04/2026,18:42:35: Negative sampling...
09/04/2026,18:42:37: Model's personal time...
09/04/2026,18:42:37: Training...
09/04/2026,18:42:38: Evaluating...
09/04/2026,18:42:38: 	Train Loss: 3835320.7500 (base: 269.6037, kd: 7670.1021), Elapsed: train 2.56 test 0.42 *
09/04/2026,18:42:38: 	Recall@10: 0.06349 Recall@20: 0.09681 NDCG@10: 0.03903 NDCG@20: 0.04805 
09/04/2026,18:42:38: 	Recall@10: 0.02692 Recall@20: 0.04111 NDCG@10: 0.01449 NDCG@20: 0.01845 
09/04/2026,18:42:38: Epoch [93/1000]
09/04/2026,18:42:38: Negative sampling...
09/04/2026,18:42:40: Model's personal time...
09/04/2026,18:42:40: Training...
09/04/2026,18:42:41: Evaluating...
09/04/2026,18:42:41: 	Train Loss: 3833702.5000 (base: 262.2400, kd: 7666.8799), Elapsed: train 2.59 test 0.55
09/04/2026,18:42:41: 	Recall@10: 0.06355 Recall@20: 0.09553 NDCG@10: 0.03885 NDCG@20: 0.04755 
09/04/2026,18:42:41: 	Recall@10: 0.02688 Recall@20: 0.04013 NDCG@10: 0.01439 NDCG@20: 0.01811 
09/04/2026,18:42:41: Epoch [94/1000]
09/04/2026,18:42:41: Negative sampling...
09/04/2026,18:42:43: Model's personal time...
09/04/2026,18:42:43: Training...
09/04/2026,18:42:44: Evaluating...
09/04/2026,18:42:44: 	Train Loss: 3832924.0000 (base: 261.0260, kd: 7665.3252), Elapsed: train 2.63 test 0.45
09/04/2026,18:42:44: 	Recall@10: 0.06376 Recall@20: 0.09591 NDCG@10: 0.03898 NDCG@20: 0.04776 
09/04/2026,18:42:44: 	Recall@10: 0.02756 Recall@20: 0.04121 NDCG@10: 0.01465 NDCG@20: 0.01846 
09/04/2026,18:42:44: Epoch [95/1000]
09/04/2026,18:42:44: Negative sampling...
09/04/2026,18:42:46: Model's personal time...
09/04/2026,18:42:46: Training...
09/04/2026,18:42:47: Evaluating...
09/04/2026,18:42:47: 	Train Loss: 3832039.5000 (base: 261.3372, kd: 7663.5562), Elapsed: train 2.65 test 0.43
09/04/2026,18:42:47: 	Recall@10: 0.06443 Recall@20: 0.09496 NDCG@10: 0.03934 NDCG@20: 0.04762 
09/04/2026,18:42:47: 	Recall@10: 0.02746 Recall@20: 0.04007 NDCG@10: 0.01460 NDCG@20: 0.01813 
09/04/2026,18:42:47: Epoch [96/1000]
09/04/2026,18:42:47: Negative sampling...
09/04/2026,18:42:49: Model's personal time...
09/04/2026,18:42:49: Training...
09/04/2026,18:42:50: Evaluating...
09/04/2026,18:42:50: 	Train Loss: 3831746.5000 (base: 258.5851, kd: 7662.9756), Elapsed: train 2.57 test 0.42
09/04/2026,18:42:50: 	Recall@10: 0.06382 Recall@20: 0.09556 NDCG@10: 0.03923 NDCG@20: 0.04787 
09/04/2026,18:42:50: 	Recall@10: 0.02730 Recall@20: 0.04150 NDCG@10: 0.01470 NDCG@20: 0.01864 
09/04/2026,18:42:50: Epoch [97/1000]
09/04/2026,18:42:50: Negative sampling...
09/04/2026,18:42:52: Model's personal time...
09/04/2026,18:42:52: Training...
09/04/2026,18:42:53: Evaluating...
09/04/2026,18:42:53: 	Train Loss: 3830723.2500 (base: 257.5105, kd: 7660.9316), Elapsed: train 2.56 test 0.46
09/04/2026,18:42:53: 	Recall@10: 0.06400 Recall@20: 0.09535 NDCG@10: 0.03922 NDCG@20: 0.04772 
09/04/2026,18:42:53: 	Recall@10: 0.02788 Recall@20: 0.04086 NDCG@10: 0.01492 NDCG@20: 0.01852 
09/04/2026,18:42:53: Epoch [98/1000]
09/04/2026,18:42:53: Negative sampling...
09/04/2026,18:42:55: Model's personal time...
09/04/2026,18:42:55: Training...
09/04/2026,18:42:56: Evaluating...
09/04/2026,18:42:56: 	Train Loss: 3828251.0000 (base: 256.3008, kd: 7655.9888), Elapsed: train 2.52 test 0.45
09/04/2026,18:42:56: 	Recall@10: 0.06406 Recall@20: 0.09568 NDCG@10: 0.03908 NDCG@20: 0.04776 
09/04/2026,18:42:56: 	Recall@10: 0.02794 Recall@20: 0.04054 NDCG@10: 0.01497 NDCG@20: 0.01848 
09/04/2026,18:42:56: Epoch [99/1000]
09/04/2026,18:42:56: Negative sampling...
09/04/2026,18:42:58: Model's personal time...
09/04/2026,18:42:58: Training...
09/04/2026,18:42:59: Evaluating...
09/04/2026,18:42:59: 	Train Loss: 3827832.0000 (base: 252.7713, kd: 7655.1587), Elapsed: train 2.55 test 0.49
09/04/2026,18:42:59: 	Recall@10: 0.06484 Recall@20: 0.09699 NDCG@10: 0.03931 NDCG@20: 0.04795 
09/04/2026,18:42:59: 	Recall@10: 0.02737 Recall@20: 0.04002 NDCG@10: 0.01463 NDCG@20: 0.01818 
09/04/2026,18:42:59: Epoch [100/1000]
09/04/2026,18:42:59: Negative sampling...
09/04/2026,18:43:01: Model's personal time...
09/04/2026,18:43:01: Training...
09/04/2026,18:43:02: Evaluating...
09/04/2026,18:43:03: 	Train Loss: 3827044.5000 (base: 250.5057, kd: 7653.5879), Elapsed: train 2.94 test 0.44
09/04/2026,18:43:03: 	Recall@10: 0.06397 Recall@20: 0.09612 NDCG@10: 0.03921 NDCG@20: 0.04798 
09/04/2026,18:43:03: 	Recall@10: 0.02711 Recall@20: 0.04189 NDCG@10: 0.01473 NDCG@20: 0.01883 
09/04/2026,18:43:03: Epoch [101/1000]
09/04/2026,18:43:03: Negative sampling...
09/04/2026,18:43:04: Model's personal time...
09/04/2026,18:43:04: Training...
09/04/2026,18:43:05: Evaluating...
09/04/2026,18:43:06: 	Train Loss: 3827085.7500 (base: 250.3175, kd: 7653.6709), Elapsed: train 2.59 test 0.43
09/04/2026,18:43:06: 	Recall@10: 0.06441 Recall@20: 0.09593 NDCG@10: 0.03921 NDCG@20: 0.04779 
09/04/2026,18:43:06: 	Recall@10: 0.02764 Recall@20: 0.04061 NDCG@10: 0.01475 NDCG@20: 0.01841 
09/04/2026,18:43:06: Epoch [102/1000]
09/04/2026,18:43:06: Negative sampling...
09/04/2026,18:43:07: Model's personal time...
09/04/2026,18:43:07: Training...
09/04/2026,18:43:09: Evaluating...
09/04/2026,18:43:09: 	Train Loss: 3825476.7500 (base: 251.9306, kd: 7650.4502), Elapsed: train 2.68 test 0.42
09/04/2026,18:43:09: 	Recall@10: 0.06417 Recall@20: 0.09471 NDCG@10: 0.03915 NDCG@20: 0.04744 
09/04/2026,18:43:09: 	Recall@10: 0.02848 Recall@20: 0.04067 NDCG@10: 0.01500 NDCG@20: 0.01844 
09/04/2026,18:43:09: Epoch [103/1000]
09/04/2026,18:43:09: Negative sampling...
09/04/2026,18:43:10: Model's personal time...
09/04/2026,18:43:10: Training...
09/04/2026,18:43:12: Evaluating...
09/04/2026,18:43:12: 	Train Loss: 3825759.5000 (base: 249.5926, kd: 7651.0200), Elapsed: train 2.55 test 0.47
09/04/2026,18:43:12: 	Recall@10: 0.06520 Recall@20: 0.09536 NDCG@10: 0.03934 NDCG@20: 0.04760 
09/04/2026,18:43:12: 	Recall@10: 0.02746 Recall@20: 0.04029 NDCG@10: 0.01466 NDCG@20: 0.01829 
09/04/2026,18:43:12: Epoch [104/1000]
09/04/2026,18:43:12: Negative sampling...
09/04/2026,18:43:13: Model's personal time...
09/04/2026,18:43:14: Training...
09/04/2026,18:43:15: Evaluating...
09/04/2026,18:43:15: 	Train Loss: 3824405.5000 (base: 248.2787, kd: 7648.3145), Elapsed: train 2.60 test 0.46
09/04/2026,18:43:15: 	Recall@10: 0.06539 Recall@20: 0.09674 NDCG@10: 0.03929 NDCG@20: 0.04781 
09/04/2026,18:43:15: 	Recall@10: 0.02755 Recall@20: 0.04127 NDCG@10: 0.01468 NDCG@20: 0.01852 
09/04/2026,18:43:15: Epoch [105/1000]
09/04/2026,18:43:15: Negative sampling...
09/04/2026,18:43:16: Model's personal time...
09/04/2026,18:43:17: Training...
09/04/2026,18:43:18: Evaluating...
09/04/2026,18:43:18: 	Train Loss: 3823723.2500 (base: 246.1440, kd: 7646.9541), Elapsed: train 2.88 test 0.46
09/04/2026,18:43:18: 	Recall@10: 0.06431 Recall@20: 0.09475 NDCG@10: 0.03868 NDCG@20: 0.04699 
09/04/2026,18:43:18: 	Recall@10: 0.02710 Recall@20: 0.04059 NDCG@10: 0.01470 NDCG@20: 0.01851 
09/04/2026,18:43:18: Epoch [106/1000]
09/04/2026,18:43:18: Negative sampling...
09/04/2026,18:43:20: Model's personal time...
09/04/2026,18:43:20: Training...
09/04/2026,18:43:21: Evaluating...
09/04/2026,18:43:21: 	Train Loss: 3822692.7500 (base: 243.5483, kd: 7644.8989), Elapsed: train 2.64 test 0.44
09/04/2026,18:43:21: 	Recall@10: 0.06513 Recall@20: 0.09595 NDCG@10: 0.03926 NDCG@20: 0.04766 
09/04/2026,18:43:21: 	Recall@10: 0.02723 Recall@20: 0.04062 NDCG@10: 0.01475 NDCG@20: 0.01852 
09/04/2026,18:43:21: Epoch [107/1000]
09/04/2026,18:43:21: Negative sampling...
09/04/2026,18:43:23: Model's personal time...
09/04/2026,18:43:23: Training...
09/04/2026,18:43:24: Evaluating...
09/04/2026,18:43:25: 	Train Loss: 3822384.0000 (base: 243.9057, kd: 7644.2803), Elapsed: train 2.70 test 0.52
09/04/2026,18:43:25: 	Recall@10: 0.06424 Recall@20: 0.09531 NDCG@10: 0.03902 NDCG@20: 0.04747 
09/04/2026,18:43:25: 	Recall@10: 0.02764 Recall@20: 0.04102 NDCG@10: 0.01471 NDCG@20: 0.01849 
09/04/2026,18:43:25: Epoch [108/1000]
09/04/2026,18:43:25: Negative sampling...
09/04/2026,18:43:26: Model's personal time...
09/04/2026,18:43:26: Training...
09/04/2026,18:43:27: Evaluating...
09/04/2026,18:43:28: 	Train Loss: 3820761.7500 (base: 243.2071, kd: 7641.0366), Elapsed: train 2.73 test 0.49
09/04/2026,18:43:28: 	Recall@10: 0.06440 Recall@20: 0.09643 NDCG@10: 0.03916 NDCG@20: 0.04785 
09/04/2026,18:43:28: 	Recall@10: 0.02714 Recall@20: 0.04101 NDCG@10: 0.01457 NDCG@20: 0.01840 
09/04/2026,18:43:28: Epoch [109/1000]
09/04/2026,18:43:28: Negative sampling...
09/04/2026,18:43:29: Model's personal time...
09/04/2026,18:43:29: Training...
09/04/2026,18:43:30: Evaluating...
09/04/2026,18:43:31: 	Train Loss: 3820514.0000 (base: 239.8296, kd: 7640.5479), Elapsed: train 2.56 test 0.44
09/04/2026,18:43:31: 	Recall@10: 0.06490 Recall@20: 0.09561 NDCG@10: 0.03925 NDCG@20: 0.04754 
09/04/2026,18:43:31: 	Recall@10: 0.02826 Recall@20: 0.04096 NDCG@10: 0.01507 NDCG@20: 0.01864 
09/04/2026,18:43:31: Epoch [110/1000]
09/04/2026,18:43:31: Negative sampling...
09/04/2026,18:43:32: Model's personal time...
09/04/2026,18:43:32: Training...
09/04/2026,18:43:34: Evaluating...
09/04/2026,18:43:34: 	Train Loss: 3819595.7500 (base: 243.2170, kd: 7638.7051), Elapsed: train 2.68 test 0.47 *
09/04/2026,18:43:34: 	Recall@10: 0.06394 Recall@20: 0.09637 NDCG@10: 0.03938 NDCG@20: 0.04821 
09/04/2026,18:43:34: 	Recall@10: 0.02717 Recall@20: 0.04157 NDCG@10: 0.01474 NDCG@20: 0.01869 
09/04/2026,18:43:34: Epoch [111/1000]
09/04/2026,18:43:34: Negative sampling...
09/04/2026,18:43:35: Model's personal time...
09/04/2026,18:43:36: Training...
09/04/2026,18:43:37: Evaluating...
09/04/2026,18:43:37: 	Train Loss: 3819595.2500 (base: 239.6509, kd: 7638.7114), Elapsed: train 2.59 test 0.45
09/04/2026,18:43:37: 	Recall@10: 0.06481 Recall@20: 0.09516 NDCG@10: 0.03928 NDCG@20: 0.04751 
09/04/2026,18:43:37: 	Recall@10: 0.02765 Recall@20: 0.04051 NDCG@10: 0.01489 NDCG@20: 0.01853 
09/04/2026,18:43:37: Epoch [112/1000]
09/04/2026,18:43:37: Negative sampling...
09/04/2026,18:43:39: Model's personal time...
09/04/2026,18:43:39: Training...
09/04/2026,18:43:40: Evaluating...
09/04/2026,18:43:40: 	Train Loss: 3818252.7500 (base: 241.3571, kd: 7636.0229), Elapsed: train 2.58 test 0.44
09/04/2026,18:43:40: 	Recall@10: 0.06593 Recall@20: 0.09548 NDCG@10: 0.03949 NDCG@20: 0.04750 
09/04/2026,18:43:40: 	Recall@10: 0.02743 Recall@20: 0.04093 NDCG@10: 0.01484 NDCG@20: 0.01862 
09/04/2026,18:43:40: Epoch [113/1000]
09/04/2026,18:43:40: Negative sampling...
09/04/2026,18:43:42: Model's personal time...
09/04/2026,18:43:42: Training...
09/04/2026,18:43:43: Evaluating...
09/04/2026,18:43:43: 	Train Loss: 3817188.5000 (base: 238.8844, kd: 7633.8989), Elapsed: train 2.72 test 0.44
09/04/2026,18:43:43: 	Recall@10: 0.06505 Recall@20: 0.09604 NDCG@10: 0.03943 NDCG@20: 0.04782 
09/04/2026,18:43:43: 	Recall@10: 0.02752 Recall@20: 0.04073 NDCG@10: 0.01476 NDCG@20: 0.01849 
09/04/2026,18:43:43: Epoch [114/1000]
09/04/2026,18:43:43: Negative sampling...
09/04/2026,18:43:45: Model's personal time...
09/04/2026,18:43:45: Training...
09/04/2026,18:43:46: Evaluating...
09/04/2026,18:43:46: 	Train Loss: 3818040.5000 (base: 239.4372, kd: 7635.6021), Elapsed: train 2.71 test 0.46
09/04/2026,18:43:46: 	Recall@10: 0.06548 Recall@20: 0.09565 NDCG@10: 0.03967 NDCG@20: 0.04784 
09/04/2026,18:43:46: 	Recall@10: 0.02721 Recall@20: 0.04095 NDCG@10: 0.01473 NDCG@20: 0.01855 
09/04/2026,18:43:46: Epoch [115/1000]
09/04/2026,18:43:46: Negative sampling...
09/04/2026,18:43:48: Model's personal time...
09/04/2026,18:43:48: Training...
09/04/2026,18:43:49: Evaluating...
09/04/2026,18:43:49: 	Train Loss: 3817393.2500 (base: 236.9232, kd: 7634.3130), Elapsed: train 2.55 test 0.47
09/04/2026,18:43:49: 	Recall@10: 0.06498 Recall@20: 0.09500 NDCG@10: 0.03957 NDCG@20: 0.04778 
09/04/2026,18:43:49: 	Recall@10: 0.02743 Recall@20: 0.04153 NDCG@10: 0.01487 NDCG@20: 0.01878 
09/04/2026,18:43:49: Epoch [116/1000]
09/04/2026,18:43:49: Negative sampling...
09/04/2026,18:43:51: Model's personal time...
09/04/2026,18:43:51: Training...
09/04/2026,18:43:52: Evaluating...
09/04/2026,18:43:53: 	Train Loss: 3816225.2500 (base: 231.8411, kd: 7631.9873), Elapsed: train 2.57 test 0.47
09/04/2026,18:43:53: 	Recall@10: 0.06536 Recall@20: 0.09492 NDCG@10: 0.03973 NDCG@20: 0.04769 
09/04/2026,18:43:53: 	Recall@10: 0.02710 Recall@20: 0.04048 NDCG@10: 0.01475 NDCG@20: 0.01848 
09/04/2026,18:43:53: Epoch [117/1000]
09/04/2026,18:43:53: Negative sampling...
09/04/2026,18:43:54: Model's personal time...
09/04/2026,18:43:54: Training...
09/04/2026,18:43:55: Evaluating...
09/04/2026,18:43:56: 	Train Loss: 3815057.0000 (base: 231.4320, kd: 7629.6519), Elapsed: train 2.65 test 0.43
09/04/2026,18:43:56: 	Recall@10: 0.06487 Recall@20: 0.09558 NDCG@10: 0.03928 NDCG@20: 0.04766 
09/04/2026,18:43:56: 	Recall@10: 0.02730 Recall@20: 0.04044 NDCG@10: 0.01489 NDCG@20: 0.01855 
09/04/2026,18:43:56: Epoch [118/1000]
09/04/2026,18:43:56: Negative sampling...
09/04/2026,18:43:57: Model's personal time...
09/04/2026,18:43:57: Training...
09/04/2026,18:43:58: Evaluating...
09/04/2026,18:43:59: 	Train Loss: 3814380.2500 (base: 233.1319, kd: 7628.2944), Elapsed: train 2.53 test 0.43
09/04/2026,18:43:59: 	Recall@10: 0.06537 Recall@20: 0.09557 NDCG@10: 0.03956 NDCG@20: 0.04775 
09/04/2026,18:43:59: 	Recall@10: 0.02688 Recall@20: 0.04082 NDCG@10: 0.01464 NDCG@20: 0.01856 
09/04/2026,18:43:59: Epoch [119/1000]
09/04/2026,18:43:59: Negative sampling...
09/04/2026,18:44:00: Model's personal time...
09/04/2026,18:44:00: Training...
09/04/2026,18:44:01: Evaluating...
09/04/2026,18:44:02: 	Train Loss: 3813634.0000 (base: 231.4656, kd: 7626.8047), Elapsed: train 2.57 test 0.43
09/04/2026,18:44:02: 	Recall@10: 0.06493 Recall@20: 0.09523 NDCG@10: 0.03936 NDCG@20: 0.04767 
09/04/2026,18:44:02: 	Recall@10: 0.02720 Recall@20: 0.04054 NDCG@10: 0.01484 NDCG@20: 0.01857 
09/04/2026,18:44:02: Epoch [120/1000]
09/04/2026,18:44:02: Negative sampling...
09/04/2026,18:44:03: Model's personal time...
09/04/2026,18:44:03: Training...
09/04/2026,18:44:04: Evaluating...
09/04/2026,18:44:05: 	Train Loss: 3814379.2500 (base: 227.7691, kd: 7628.3027), Elapsed: train 2.55 test 0.42
09/04/2026,18:44:05: 	Recall@10: 0.06527 Recall@20: 0.09625 NDCG@10: 0.03948 NDCG@20: 0.04785 
09/04/2026,18:44:05: 	Recall@10: 0.02780 Recall@20: 0.04061 NDCG@10: 0.01511 NDCG@20: 0.01870 
09/04/2026,18:44:05: Epoch [121/1000]
09/04/2026,18:44:05: Negative sampling...
09/04/2026,18:44:06: Model's personal time...
09/04/2026,18:44:06: Training...
09/04/2026,18:44:07: Evaluating...
09/04/2026,18:44:08: 	Train Loss: 3813357.0000 (base: 230.3908, kd: 7626.2529), Elapsed: train 2.55 test 0.45
09/04/2026,18:44:08: 	Recall@10: 0.06505 Recall@20: 0.09687 NDCG@10: 0.03930 NDCG@20: 0.04799 
09/04/2026,18:44:08: 	Recall@10: 0.02688 Recall@20: 0.04082 NDCG@10: 0.01479 NDCG@20: 0.01865 
09/04/2026,18:44:08: Epoch [122/1000]
09/04/2026,18:44:08: Negative sampling...
09/04/2026,18:44:09: Model's personal time...
09/04/2026,18:44:09: Training...
09/04/2026,18:44:10: Evaluating...
09/04/2026,18:44:11: 	Train Loss: 3812205.7500 (base: 228.8825, kd: 7623.9526), Elapsed: train 2.55 test 0.43
09/04/2026,18:44:11: 	Recall@10: 0.06552 Recall@20: 0.09689 NDCG@10: 0.03967 NDCG@20: 0.04807 
09/04/2026,18:44:11: 	Recall@10: 0.02781 Recall@20: 0.04102 NDCG@10: 0.01510 NDCG@20: 0.01878 
09/04/2026,18:44:11: Epoch [123/1000]
09/04/2026,18:44:11: Negative sampling...
09/04/2026,18:44:12: Model's personal time...
09/04/2026,18:44:12: Training...
09/04/2026,18:44:13: Evaluating...
09/04/2026,18:44:14: 	Train Loss: 3811352.5000 (base: 226.6983, kd: 7622.2510), Elapsed: train 2.67 test 0.50
09/04/2026,18:44:14: 	Recall@10: 0.06539 Recall@20: 0.09489 NDCG@10: 0.03971 NDCG@20: 0.04770 
09/04/2026,18:44:14: 	Recall@10: 0.02755 Recall@20: 0.04102 NDCG@10: 0.01504 NDCG@20: 0.01880 
09/04/2026,18:44:14: Epoch [124/1000]
09/04/2026,18:44:14: Negative sampling...
09/04/2026,18:44:15: Model's personal time...
09/04/2026,18:44:15: Training...
09/04/2026,18:44:16: Evaluating...
09/04/2026,18:44:17: 	Train Loss: 3811734.2500 (base: 223.8964, kd: 7623.0200), Elapsed: train 2.69 test 0.46
09/04/2026,18:44:17: 	Recall@10: 0.06465 Recall@20: 0.09542 NDCG@10: 0.03926 NDCG@20: 0.04762 
09/04/2026,18:44:17: 	Recall@10: 0.02713 Recall@20: 0.03980 NDCG@10: 0.01513 NDCG@20: 0.01869 
09/04/2026,18:44:17: Epoch [125/1000]
09/04/2026,18:44:17: Negative sampling...
09/04/2026,18:44:18: Model's personal time...
09/04/2026,18:44:18: Training...
09/04/2026,18:44:20: Evaluating...
09/04/2026,18:44:20: 	Train Loss: 3809701.7500 (base: 224.2623, kd: 7618.9546), Elapsed: train 2.97 test 0.49
09/04/2026,18:44:20: 	Recall@10: 0.06527 Recall@20: 0.09670 NDCG@10: 0.03955 NDCG@20: 0.04805 
09/04/2026,18:44:20: 	Recall@10: 0.02743 Recall@20: 0.04173 NDCG@10: 0.01486 NDCG@20: 0.01885 
09/04/2026,18:44:20: Epoch [126/1000]
09/04/2026,18:44:20: Negative sampling...
09/04/2026,18:44:22: Model's personal time...
09/04/2026,18:44:22: Training...
09/04/2026,18:44:23: Evaluating...
09/04/2026,18:44:24: 	Train Loss: 3811257.0000 (base: 226.8601, kd: 7622.0596), Elapsed: train 2.99 test 0.52
09/04/2026,18:44:24: 	Recall@10: 0.06544 Recall@20: 0.09613 NDCG@10: 0.03940 NDCG@20: 0.04768 
09/04/2026,18:44:24: 	Recall@10: 0.02746 Recall@20: 0.04098 NDCG@10: 0.01508 NDCG@20: 0.01882 
09/04/2026,18:44:24: Epoch [127/1000]
09/04/2026,18:44:24: Negative sampling...
09/04/2026,18:44:26: Model's personal time...
09/04/2026,18:44:26: Training...
09/04/2026,18:44:27: Evaluating...
09/04/2026,18:44:27: 	Train Loss: 3809492.7500 (base: 227.8261, kd: 7618.5298), Elapsed: train 3.12 test 0.45 *
09/04/2026,18:44:27: 	Recall@10: 0.06541 Recall@20: 0.09774 NDCG@10: 0.03968 NDCG@20: 0.04842 
09/04/2026,18:44:27: 	Recall@10: 0.02707 Recall@20: 0.04113 NDCG@10: 0.01493 NDCG@20: 0.01885 
09/04/2026,18:44:27: Epoch [128/1000]
09/04/2026,18:44:27: Negative sampling...
09/04/2026,18:44:29: Model's personal time...
09/04/2026,18:44:29: Training...
09/04/2026,18:44:30: Evaluating...
09/04/2026,18:44:31: 	Train Loss: 3808796.2500 (base: 226.4353, kd: 7617.1401), Elapsed: train 2.61 test 0.53
09/04/2026,18:44:31: 	Recall@10: 0.06500 Recall@20: 0.09705 NDCG@10: 0.03937 NDCG@20: 0.04809 
09/04/2026,18:44:31: 	Recall@10: 0.02726 Recall@20: 0.04105 NDCG@10: 0.01505 NDCG@20: 0.01894 
09/04/2026,18:44:31: Epoch [129/1000]
09/04/2026,18:44:31: Negative sampling...
09/04/2026,18:44:32: Model's personal time...
09/04/2026,18:44:32: Training...
09/04/2026,18:44:33: Evaluating...
09/04/2026,18:44:34: 	Train Loss: 3807960.0000 (base: 223.9413, kd: 7615.4717), Elapsed: train 2.62 test 0.48
09/04/2026,18:44:34: 	Recall@10: 0.06471 Recall@20: 0.09703 NDCG@10: 0.03928 NDCG@20: 0.04807 
09/04/2026,18:44:34: 	Recall@10: 0.02650 Recall@20: 0.04021 NDCG@10: 0.01478 NDCG@20: 0.01858 
09/04/2026,18:44:34: Epoch [130/1000]
09/04/2026,18:44:34: Negative sampling...
09/04/2026,18:44:35: Model's personal time...
09/04/2026,18:44:35: Training...
09/04/2026,18:44:36: Evaluating...
09/04/2026,18:44:37: 	Train Loss: 3807192.0000 (base: 222.9801, kd: 7613.9375), Elapsed: train 2.86 test 0.43
09/04/2026,18:44:37: 	Recall@10: 0.06592 Recall@20: 0.09695 NDCG@10: 0.03966 NDCG@20: 0.04809 
09/04/2026,18:44:37: 	Recall@10: 0.02761 Recall@20: 0.04082 NDCG@10: 0.01526 NDCG@20: 0.01896 
09/04/2026,18:44:37: Epoch [131/1000]
09/04/2026,18:44:37: Negative sampling...
09/04/2026,18:44:38: Model's personal time...
09/04/2026,18:44:38: Training...
09/04/2026,18:44:40: Evaluating...
09/04/2026,18:44:40: 	Train Loss: 3806977.2500 (base: 225.3104, kd: 7613.5039), Elapsed: train 2.77 test 0.47
09/04/2026,18:44:40: 	Recall@10: 0.06508 Recall@20: 0.09626 NDCG@10: 0.03957 NDCG@20: 0.04805 
09/04/2026,18:44:40: 	Recall@10: 0.02722 Recall@20: 0.03998 NDCG@10: 0.01497 NDCG@20: 0.01855 
09/04/2026,18:44:40: Epoch [132/1000]
09/04/2026,18:44:40: Negative sampling...
09/04/2026,18:44:42: Model's personal time...
09/04/2026,18:44:42: Training...
09/04/2026,18:44:43: Evaluating...
09/04/2026,18:44:43: 	Train Loss: 3807584.0000 (base: 220.8270, kd: 7614.7261), Elapsed: train 2.74 test 0.48
09/04/2026,18:44:43: 	Recall@10: 0.06517 Recall@20: 0.09787 NDCG@10: 0.03935 NDCG@20: 0.04822 
09/04/2026,18:44:43: 	Recall@10: 0.02645 Recall@20: 0.04070 NDCG@10: 0.01455 NDCG@20: 0.01855 
09/04/2026,18:44:43: Epoch [133/1000]
09/04/2026,18:44:43: Negative sampling...
09/04/2026,18:44:45: Model's personal time...
09/04/2026,18:44:45: Training...
09/04/2026,18:44:46: Evaluating...
09/04/2026,18:44:46: 	Train Loss: 3804916.7500 (base: 217.0275, kd: 7609.3999), Elapsed: train 2.67 test 0.44
09/04/2026,18:44:46: 	Recall@10: 0.06566 Recall@20: 0.09693 NDCG@10: 0.03944 NDCG@20: 0.04799 
09/04/2026,18:44:46: 	Recall@10: 0.02770 Recall@20: 0.04044 NDCG@10: 0.01504 NDCG@20: 0.01860 
09/04/2026,18:44:46: Epoch [134/1000]
09/04/2026,18:44:46: Negative sampling...
09/04/2026,18:44:48: Model's personal time...
09/04/2026,18:44:48: Training...
09/04/2026,18:44:49: Evaluating...
09/04/2026,18:44:50: 	Train Loss: 3806602.2500 (base: 218.7569, kd: 7612.7671), Elapsed: train 2.75 test 0.46
09/04/2026,18:44:50: 	Recall@10: 0.06557 Recall@20: 0.09688 NDCG@10: 0.03927 NDCG@20: 0.04777 
09/04/2026,18:44:50: 	Recall@10: 0.02634 Recall@20: 0.04025 NDCG@10: 0.01460 NDCG@20: 0.01851 
09/04/2026,18:44:50: Epoch [135/1000]
09/04/2026,18:44:50: Negative sampling...
09/04/2026,18:44:51: Model's personal time...
09/04/2026,18:44:51: Training...
09/04/2026,18:44:52: Evaluating...
09/04/2026,18:44:53: 	Train Loss: 3805131.7500 (base: 219.2875, kd: 7609.8242), Elapsed: train 2.68 test 0.46
09/04/2026,18:44:53: 	Recall@10: 0.06584 Recall@20: 0.09741 NDCG@10: 0.03963 NDCG@20: 0.04820 
09/04/2026,18:44:53: 	Recall@10: 0.02737 Recall@20: 0.04023 NDCG@10: 0.01486 NDCG@20: 0.01848 
09/04/2026,18:44:53: Epoch [136/1000]
09/04/2026,18:44:53: Negative sampling...
09/04/2026,18:44:54: Model's personal time...
09/04/2026,18:44:54: Training...
09/04/2026,18:44:56: Evaluating...
09/04/2026,18:44:56: 	Train Loss: 3805807.5000 (base: 219.1784, kd: 7611.1763), Elapsed: train 2.76 test 0.46
09/04/2026,18:44:56: 	Recall@10: 0.06521 Recall@20: 0.09687 NDCG@10: 0.03935 NDCG@20: 0.04799 
09/04/2026,18:44:56: 	Recall@10: 0.02659 Recall@20: 0.04090 NDCG@10: 0.01476 NDCG@20: 0.01873 
09/04/2026,18:44:56: Epoch [137/1000]
09/04/2026,18:44:56: Negative sampling...
09/04/2026,18:44:57: Model's personal time...
09/04/2026,18:44:58: Training...
09/04/2026,18:44:59: Evaluating...
09/04/2026,18:44:59: 	Train Loss: 3804450.7500 (base: 218.3321, kd: 7608.4653), Elapsed: train 2.60 test 0.45
09/04/2026,18:44:59: 	Recall@10: 0.06584 Recall@20: 0.09726 NDCG@10: 0.03974 NDCG@20: 0.04828 
09/04/2026,18:44:59: 	Recall@10: 0.02693 Recall@20: 0.04012 NDCG@10: 0.01482 NDCG@20: 0.01850 
09/04/2026,18:44:59: Epoch [138/1000]
09/04/2026,18:44:59: Negative sampling...
09/04/2026,18:45:00: Model's personal time...
09/04/2026,18:45:01: Training...
09/04/2026,18:45:02: Evaluating...
09/04/2026,18:45:02: 	Train Loss: 3804464.0000 (base: 216.2276, kd: 7608.4956), Elapsed: train 2.62 test 0.43
09/04/2026,18:45:02: 	Recall@10: 0.06574 Recall@20: 0.09575 NDCG@10: 0.03953 NDCG@20: 0.04767 
09/04/2026,18:45:02: 	Recall@10: 0.02693 Recall@20: 0.03933 NDCG@10: 0.01480 NDCG@20: 0.01830 
09/04/2026,18:45:02: Epoch [139/1000]
09/04/2026,18:45:02: Negative sampling...
09/04/2026,18:45:04: Model's personal time...
09/04/2026,18:45:04: Training...
09/04/2026,18:45:05: Evaluating...
09/04/2026,18:45:05: 	Train Loss: 3803226.2500 (base: 214.3023, kd: 7606.0239), Elapsed: train 2.60 test 0.42
09/04/2026,18:45:05: 	Recall@10: 0.06560 Recall@20: 0.09752 NDCG@10: 0.03941 NDCG@20: 0.04806 
09/04/2026,18:45:05: 	Recall@10: 0.02710 Recall@20: 0.04054 NDCG@10: 0.01503 NDCG@20: 0.01879 
09/04/2026,18:45:05: Epoch [140/1000]
09/04/2026,18:45:05: Negative sampling...
09/04/2026,18:45:07: Model's personal time...
09/04/2026,18:45:07: Training...
09/04/2026,18:45:08: Evaluating...
09/04/2026,18:45:08: 	Train Loss: 3802664.0000 (base: 215.0039, kd: 7604.8979), Elapsed: train 2.59 test 0.45
09/04/2026,18:45:08: 	Recall@10: 0.06521 Recall@20: 0.09781 NDCG@10: 0.03933 NDCG@20: 0.04806 
09/04/2026,18:45:08: 	Recall@10: 0.02696 Recall@20: 0.03974 NDCG@10: 0.01471 NDCG@20: 0.01829 
09/04/2026,18:45:08: Epoch [141/1000]
09/04/2026,18:45:08: Negative sampling...
09/04/2026,18:45:10: Model's personal time...
09/04/2026,18:45:10: Training...
09/04/2026,18:45:11: Evaluating...
09/04/2026,18:45:11: 	Train Loss: 3803574.2500 (base: 211.5079, kd: 7606.7251), Elapsed: train 2.66 test 0.46 *
09/04/2026,18:45:11: 	Recall@10: 0.06504 Recall@20: 0.09861 NDCG@10: 0.03945 NDCG@20: 0.04862 
09/04/2026,18:45:11: 	Recall@10: 0.02685 Recall@20: 0.04078 NDCG@10: 0.01492 NDCG@20: 0.01878 
09/04/2026,18:45:11: Epoch [142/1000]
09/04/2026,18:45:11: Negative sampling...
09/04/2026,18:45:13: Model's personal time...
09/04/2026,18:45:13: Training...
09/04/2026,18:45:14: Evaluating...
09/04/2026,18:45:14: 	Train Loss: 3802481.5000 (base: 211.7079, kd: 7604.5396), Elapsed: train 2.55 test 0.46
09/04/2026,18:45:14: 	Recall@10: 0.06531 Recall@20: 0.09748 NDCG@10: 0.03923 NDCG@20: 0.04799 
09/04/2026,18:45:14: 	Recall@10: 0.02712 Recall@20: 0.04111 NDCG@10: 0.01472 NDCG@20: 0.01858 
09/04/2026,18:45:14: Epoch [143/1000]
09/04/2026,18:45:14: Negative sampling...
09/04/2026,18:45:16: Model's personal time...
09/04/2026,18:45:16: Training...
09/04/2026,18:45:17: Evaluating...
09/04/2026,18:45:17: 	Train Loss: 3802317.7500 (base: 213.1191, kd: 7604.2090), Elapsed: train 2.58 test 0.45
09/04/2026,18:45:17: 	Recall@10: 0.06518 Recall@20: 0.09795 NDCG@10: 0.03958 NDCG@20: 0.04849 
09/04/2026,18:45:17: 	Recall@10: 0.02605 Recall@20: 0.04074 NDCG@10: 0.01456 NDCG@20: 0.01865 
09/04/2026,18:45:17: Epoch [144/1000]
09/04/2026,18:45:17: Negative sampling...
09/04/2026,18:45:19: Model's personal time...
09/04/2026,18:45:19: Training...
09/04/2026,18:45:20: Evaluating...
09/04/2026,18:45:21: 	Train Loss: 3801388.7500 (base: 212.9442, kd: 7602.3521), Elapsed: train 3.01 test 0.43
09/04/2026,18:45:21: 	Recall@10: 0.06573 Recall@20: 0.09757 NDCG@10: 0.03938 NDCG@20: 0.04803 
09/04/2026,18:45:21: 	Recall@10: 0.02759 Recall@20: 0.04008 NDCG@10: 0.01505 NDCG@20: 0.01854 
09/04/2026,18:45:21: Epoch [145/1000]
09/04/2026,18:45:21: Negative sampling...
09/04/2026,18:45:22: Model's personal time...
09/04/2026,18:45:22: Training...
09/04/2026,18:45:24: Evaluating...
09/04/2026,18:45:24: 	Train Loss: 3801506.5000 (base: 209.1311, kd: 7602.5947), Elapsed: train 2.70 test 0.43
09/04/2026,18:45:24: 	Recall@10: 0.06553 Recall@20: 0.09647 NDCG@10: 0.03966 NDCG@20: 0.04805 
09/04/2026,18:45:24: 	Recall@10: 0.02715 Recall@20: 0.04039 NDCG@10: 0.01487 NDCG@20: 0.01855 
09/04/2026,18:45:24: Epoch [146/1000]
09/04/2026,18:45:24: Negative sampling...
09/04/2026,18:45:25: Model's personal time...
09/04/2026,18:45:26: Training...
09/04/2026,18:45:27: Evaluating...
09/04/2026,18:45:27: 	Train Loss: 3799887.0000 (base: 206.5448, kd: 7599.3608), Elapsed: train 2.87 test 0.52
09/04/2026,18:45:27: 	Recall@10: 0.06642 Recall@20: 0.09775 NDCG@10: 0.03961 NDCG@20: 0.04809 
09/04/2026,18:45:27: 	Recall@10: 0.02741 Recall@20: 0.04026 NDCG@10: 0.01493 NDCG@20: 0.01853 
09/04/2026,18:45:27: Epoch [147/1000]
09/04/2026,18:45:27: Negative sampling...
09/04/2026,18:45:29: Model's personal time...
09/04/2026,18:45:29: Training...
09/04/2026,18:45:30: Evaluating...
09/04/2026,18:45:31: 	Train Loss: 3801201.5000 (base: 207.8828, kd: 7601.9878), Elapsed: train 2.94 test 0.47
09/04/2026,18:45:31: 	Recall@10: 0.06615 Recall@20: 0.09611 NDCG@10: 0.03968 NDCG@20: 0.04779 
09/04/2026,18:45:31: 	Recall@10: 0.02736 Recall@20: 0.04055 NDCG@10: 0.01499 NDCG@20: 0.01867 
09/04/2026,18:45:31: Epoch [148/1000]
09/04/2026,18:45:31: Negative sampling...
09/04/2026,18:45:32: Model's personal time...
09/04/2026,18:45:32: Training...
09/04/2026,18:45:34: Evaluating...
09/04/2026,18:45:34: 	Train Loss: 3799032.0000 (base: 201.9220, kd: 7597.6606), Elapsed: train 2.86 test 0.46
09/04/2026,18:45:34: 	Recall@10: 0.06486 Recall@20: 0.09709 NDCG@10: 0.03945 NDCG@20: 0.04822 
09/04/2026,18:45:34: 	Recall@10: 0.02730 Recall@20: 0.04059 NDCG@10: 0.01488 NDCG@20: 0.01859 
09/04/2026,18:45:34: Epoch [149/1000]
09/04/2026,18:45:34: Negative sampling...
09/04/2026,18:45:36: Model's personal time...
09/04/2026,18:45:36: Training...
09/04/2026,18:45:37: Evaluating...
09/04/2026,18:45:37: 	Train Loss: 3798677.5000 (base: 206.2510, kd: 7596.9424), Elapsed: train 2.77 test 0.46
09/04/2026,18:45:37: 	Recall@10: 0.06576 Recall@20: 0.09576 NDCG@10: 0.03968 NDCG@20: 0.04784 
09/04/2026,18:45:37: 	Recall@10: 0.02656 Recall@20: 0.04034 NDCG@10: 0.01504 NDCG@20: 0.01889 
09/04/2026,18:45:37: Epoch [150/1000]
09/04/2026,18:45:37: Negative sampling...
09/04/2026,18:45:39: Model's personal time...
09/04/2026,18:45:39: Training...
09/04/2026,18:45:40: Evaluating...
09/04/2026,18:45:40: 	Train Loss: 3799616.5000 (base: 204.3049, kd: 7598.8242), Elapsed: train 2.57 test 0.46
09/04/2026,18:45:40: 	Recall@10: 0.06560 Recall@20: 0.09660 NDCG@10: 0.03972 NDCG@20: 0.04814 
09/04/2026,18:45:40: 	Recall@10: 0.02663 Recall@20: 0.04112 NDCG@10: 0.01475 NDCG@20: 0.01879 
09/04/2026,18:45:40: Epoch [151/1000]
09/04/2026,18:45:40: Negative sampling...
09/04/2026,18:45:42: Model's personal time...
09/04/2026,18:45:42: Training...
09/04/2026,18:45:43: Evaluating...
09/04/2026,18:45:43: 	Train Loss: 3800134.5000 (base: 204.1040, kd: 7599.8604), Elapsed: train 2.62 test 0.43
09/04/2026,18:45:43: 	Recall@10: 0.06452 Recall@20: 0.09618 NDCG@10: 0.03909 NDCG@20: 0.04766 
09/04/2026,18:45:43: 	Recall@10: 0.02663 Recall@20: 0.04037 NDCG@10: 0.01489 NDCG@20: 0.01870 
09/04/2026,18:45:43: Epoch [152/1000]
09/04/2026,18:45:43: Negative sampling...
09/04/2026,18:45:45: Model's personal time...
09/04/2026,18:45:45: Training...
09/04/2026,18:45:46: Evaluating...
09/04/2026,18:45:46: 	Train Loss: 3798577.5000 (base: 202.0552, kd: 7596.7510), Elapsed: train 2.60 test 0.43
09/04/2026,18:45:46: 	Recall@10: 0.06513 Recall@20: 0.09623 NDCG@10: 0.03950 NDCG@20: 0.04797 
09/04/2026,18:45:46: 	Recall@10: 0.02666 Recall@20: 0.04111 NDCG@10: 0.01469 NDCG@20: 0.01867 
09/04/2026,18:45:46: Epoch [153/1000]
09/04/2026,18:45:46: Negative sampling...
09/04/2026,18:45:48: Model's personal time...
09/04/2026,18:45:48: Training...
09/04/2026,18:45:49: Evaluating...
09/04/2026,18:45:49: 	Train Loss: 3798570.2500 (base: 203.8939, kd: 7596.7334), Elapsed: train 2.55 test 0.46
09/04/2026,18:45:49: 	Recall@10: 0.06623 Recall@20: 0.09665 NDCG@10: 0.03976 NDCG@20: 0.04805 
09/04/2026,18:45:49: 	Recall@10: 0.02669 Recall@20: 0.03982 NDCG@10: 0.01490 NDCG@20: 0.01856 
09/04/2026,18:45:49: Epoch [154/1000]
09/04/2026,18:45:49: Negative sampling...
09/04/2026,18:45:51: Model's personal time...
09/04/2026,18:45:51: Training...
09/04/2026,18:45:52: Evaluating...
09/04/2026,18:45:52: 	Train Loss: 3797976.7500 (base: 209.9716, kd: 7595.5337), Elapsed: train 2.57 test 0.43
09/04/2026,18:45:52: 	Recall@10: 0.06558 Recall@20: 0.09741 NDCG@10: 0.03973 NDCG@20: 0.04830 
09/04/2026,18:45:52: 	Recall@10: 0.02621 Recall@20: 0.03987 NDCG@10: 0.01446 NDCG@20: 0.01831 
09/04/2026,18:45:52: Epoch [155/1000]
09/04/2026,18:45:52: Negative sampling...
09/04/2026,18:45:54: Model's personal time...
09/04/2026,18:45:54: Training...
09/04/2026,18:45:55: Evaluating...
09/04/2026,18:45:55: 	Train Loss: 3797146.7500 (base: 215.6434, kd: 7593.8623), Elapsed: train 2.57 test 0.43
09/04/2026,18:45:55: 	Recall@10: 0.06425 Recall@20: 0.09670 NDCG@10: 0.03918 NDCG@20: 0.04797 
09/04/2026,18:45:55: 	Recall@10: 0.02718 Recall@20: 0.03922 NDCG@10: 0.01495 NDCG@20: 0.01835 
09/04/2026,18:45:55: Epoch [156/1000]
09/04/2026,18:45:55: Negative sampling...
09/04/2026,18:45:57: Model's personal time...
09/04/2026,18:45:57: Training...
09/04/2026,18:45:58: Evaluating...
09/04/2026,18:45:58: 	Train Loss: 3797309.0000 (base: 213.5967, kd: 7594.1914), Elapsed: train 2.54 test 0.49
09/04/2026,18:45:58: 	Recall@10: 0.06537 Recall@20: 0.09662 NDCG@10: 0.03954 NDCG@20: 0.04802 
09/04/2026,18:45:58: 	Recall@10: 0.02730 Recall@20: 0.03950 NDCG@10: 0.01523 NDCG@20: 0.01865 
09/04/2026,18:45:58: Epoch [157/1000]
09/04/2026,18:45:58: Negative sampling...
09/04/2026,18:46:00: Model's personal time...
09/04/2026,18:46:00: Training...
09/04/2026,18:46:01: Evaluating...
09/04/2026,18:46:01: 	Train Loss: 3796301.7500 (base: 222.0233, kd: 7592.1592), Elapsed: train 2.55 test 0.43
09/04/2026,18:46:01: 	Recall@10: 0.06535 Recall@20: 0.09558 NDCG@10: 0.03932 NDCG@20: 0.04753 
09/04/2026,18:46:01: 	Recall@10: 0.02683 Recall@20: 0.03988 NDCG@10: 0.01484 NDCG@20: 0.01847 
09/04/2026,18:46:01: Epoch [158/1000]
09/04/2026,18:46:01: Negative sampling...
09/04/2026,18:46:03: Model's personal time...
09/04/2026,18:46:03: Training...
09/04/2026,18:46:04: Evaluating...
09/04/2026,18:46:04: 	Train Loss: 3796304.2500 (base: 211.2378, kd: 7592.1855), Elapsed: train 2.56 test 0.43
09/04/2026,18:46:04: 	Recall@10: 0.06535 Recall@20: 0.09729 NDCG@10: 0.03976 NDCG@20: 0.04843 
09/04/2026,18:46:04: 	Recall@10: 0.02760 Recall@20: 0.03991 NDCG@10: 0.01519 NDCG@20: 0.01862 
09/04/2026,18:46:04: Epoch [159/1000]
09/04/2026,18:46:04: Negative sampling...
09/04/2026,18:46:06: Model's personal time...
09/04/2026,18:46:06: Training...
09/04/2026,18:46:07: Evaluating...
09/04/2026,18:46:07: 	Train Loss: 3795225.5000 (base: 214.1710, kd: 7590.0220), Elapsed: train 2.54 test 0.43
09/04/2026,18:46:07: 	Recall@10: 0.06584 Recall@20: 0.09692 NDCG@10: 0.03967 NDCG@20: 0.04810 
09/04/2026,18:46:07: 	Recall@10: 0.02592 Recall@20: 0.04067 NDCG@10: 0.01463 NDCG@20: 0.01874 
09/04/2026,18:46:07: Epoch [160/1000]
09/04/2026,18:46:07: Negative sampling...
09/04/2026,18:46:09: Model's personal time...
09/04/2026,18:46:09: Training...
09/04/2026,18:46:10: Evaluating...
09/04/2026,18:46:10: 	Train Loss: 3795963.0000 (base: 210.6349, kd: 7591.5044), Elapsed: train 2.58 test 0.44
09/04/2026,18:46:10: 	Recall@10: 0.06501 Recall@20: 0.09610 NDCG@10: 0.03959 NDCG@20: 0.04800 
09/04/2026,18:46:10: 	Recall@10: 0.02659 Recall@20: 0.04058 NDCG@10: 0.01485 NDCG@20: 0.01874 
09/04/2026,18:46:10: Epoch [161/1000]
09/04/2026,18:46:10: Negative sampling...
09/04/2026,18:46:12: Model's personal time...
09/04/2026,18:46:12: Training...
09/04/2026,18:46:13: Evaluating...
09/04/2026,18:46:13: 	Train Loss: 3795461.5000 (base: 209.8115, kd: 7590.5039), Elapsed: train 2.49 test 0.43
09/04/2026,18:46:13: 	Recall@10: 0.06476 Recall@20: 0.09647 NDCG@10: 0.03939 NDCG@20: 0.04804 
09/04/2026,18:46:13: 	Recall@10: 0.02628 Recall@20: 0.04052 NDCG@10: 0.01476 NDCG@20: 0.01871 
09/04/2026,18:46:13: Epoch [162/1000]
09/04/2026,18:46:13: Negative sampling...
09/04/2026,18:46:15: Model's personal time...
09/04/2026,18:46:15: Training...
09/04/2026,18:46:16: Evaluating...
09/04/2026,18:46:16: 	Train Loss: 3794771.5000 (base: 208.6110, kd: 7589.1255), Elapsed: train 2.71 test 0.41
09/04/2026,18:46:16: 	Recall@10: 0.06617 Recall@20: 0.09688 NDCG@10: 0.04006 NDCG@20: 0.04836 
09/04/2026,18:46:16: 	Recall@10: 0.02700 Recall@20: 0.04031 NDCG@10: 0.01491 NDCG@20: 0.01861 
09/04/2026,18:46:16: Epoch [163/1000]
09/04/2026,18:46:16: Negative sampling...
09/04/2026,18:46:18: Model's personal time...
09/04/2026,18:46:18: Training...
09/04/2026,18:46:19: Evaluating...
09/04/2026,18:46:20: 	Train Loss: 3794076.0000 (base: 213.9415, kd: 7587.7241), Elapsed: train 2.56 test 0.53
09/04/2026,18:46:20: 	Recall@10: 0.06473 Recall@20: 0.09666 NDCG@10: 0.03927 NDCG@20: 0.04794 
09/04/2026,18:46:20: 	Recall@10: 0.02614 Recall@20: 0.04039 NDCG@10: 0.01460 NDCG@20: 0.01859 
09/04/2026,18:46:20: Epoch [164/1000]
09/04/2026,18:46:20: Negative sampling...
09/04/2026,18:46:21: Model's personal time...
09/04/2026,18:46:21: Training...
09/04/2026,18:46:23: Evaluating...
09/04/2026,18:46:23: 	Train Loss: 3793749.5000 (base: 208.0057, kd: 7587.0825), Elapsed: train 2.95 test 0.42
09/04/2026,18:46:23: 	Recall@10: 0.06486 Recall@20: 0.09741 NDCG@10: 0.03920 NDCG@20: 0.04801 
09/04/2026,18:46:23: 	Recall@10: 0.02649 Recall@20: 0.04030 NDCG@10: 0.01493 NDCG@20: 0.01874 
09/04/2026,18:46:23: Epoch [165/1000]
09/04/2026,18:46:23: Negative sampling...
09/04/2026,18:46:24: Model's personal time...
09/04/2026,18:46:24: Training...
09/04/2026,18:46:26: Evaluating...
09/04/2026,18:46:26: 	Train Loss: 3794039.5000 (base: 213.7477, kd: 7587.6509), Elapsed: train 2.66 test 0.42
09/04/2026,18:46:26: 	Recall@10: 0.06535 Recall@20: 0.09695 NDCG@10: 0.03961 NDCG@20: 0.04823 
09/04/2026,18:46:26: 	Recall@10: 0.02654 Recall@20: 0.04011 NDCG@10: 0.01475 NDCG@20: 0.01851 
09/04/2026,18:46:26: Epoch [166/1000]
09/04/2026,18:46:26: Negative sampling...
09/04/2026,18:46:28: Model's personal time...
09/04/2026,18:46:28: Training...
09/04/2026,18:46:29: Evaluating...
09/04/2026,18:46:29: 	Train Loss: 3793708.2500 (base: 207.1444, kd: 7587.0024), Elapsed: train 2.82 test 0.47
09/04/2026,18:46:29: 	Recall@10: 0.06621 Recall@20: 0.09721 NDCG@10: 0.03998 NDCG@20: 0.04835 
09/04/2026,18:46:29: 	Recall@10: 0.02667 Recall@20: 0.04051 NDCG@10: 0.01488 NDCG@20: 0.01874 
09/04/2026,18:46:29: Epoch [167/1000]
09/04/2026,18:46:29: Negative sampling...
09/04/2026,18:46:31: Model's personal time...
09/04/2026,18:46:31: Training...
09/04/2026,18:46:32: Evaluating...
09/04/2026,18:46:33: 	Train Loss: 3793112.7500 (base: 205.4862, kd: 7585.8149), Elapsed: train 2.82 test 0.52
09/04/2026,18:46:33: 	Recall@10: 0.06548 Recall@20: 0.09600 NDCG@10: 0.03989 NDCG@20: 0.04810 
09/04/2026,18:46:33: 	Recall@10: 0.02621 Recall@20: 0.04082 NDCG@10: 0.01461 NDCG@20: 0.01866 
09/04/2026,18:46:33: Epoch [168/1000]
09/04/2026,18:46:33: Negative sampling...
09/04/2026,18:46:34: Model's personal time...
09/04/2026,18:46:34: Training...
09/04/2026,18:46:36: Evaluating...
09/04/2026,18:46:36: 	Train Loss: 3794089.0000 (base: 204.5803, kd: 7587.7690), Elapsed: train 2.87 test 0.45
09/04/2026,18:46:36: 	Recall@10: 0.06629 Recall@20: 0.09649 NDCG@10: 0.04007 NDCG@20: 0.04826 
09/04/2026,18:46:36: 	Recall@10: 0.02705 Recall@20: 0.04062 NDCG@10: 0.01506 NDCG@20: 0.01884 
09/04/2026,18:46:36: Epoch [169/1000]
09/04/2026,18:46:36: Negative sampling...
09/04/2026,18:46:37: Model's personal time...
09/04/2026,18:46:38: Training...
09/04/2026,18:46:39: Evaluating...
09/04/2026,18:46:39: 	Train Loss: 3793139.2500 (base: 205.3115, kd: 7585.8677), Elapsed: train 2.56 test 0.53
09/04/2026,18:46:39: 	Recall@10: 0.06530 Recall@20: 0.09645 NDCG@10: 0.03975 NDCG@20: 0.04813 
09/04/2026,18:46:39: 	Recall@10: 0.02718 Recall@20: 0.03933 NDCG@10: 0.01509 NDCG@20: 0.01849 
09/04/2026,18:46:39: Epoch [170/1000]
09/04/2026,18:46:39: Negative sampling...
09/04/2026,18:46:40: Model's personal time...
09/04/2026,18:46:41: Training...
09/04/2026,18:46:42: Evaluating...
09/04/2026,18:46:42: 	Train Loss: 3793161.7500 (base: 214.1559, kd: 7585.8950), Elapsed: train 2.71 test 0.50
09/04/2026,18:46:42: 	Recall@10: 0.06654 Recall@20: 0.09648 NDCG@10: 0.04018 NDCG@20: 0.04829 
09/04/2026,18:46:42: 	Recall@10: 0.02694 Recall@20: 0.04016 NDCG@10: 0.01504 NDCG@20: 0.01874 
09/04/2026,18:46:42: Epoch [171/1000]
09/04/2026,18:46:42: Negative sampling...
09/04/2026,18:46:44: Model's personal time...
09/04/2026,18:46:44: Training...
09/04/2026,18:46:45: Evaluating...
09/04/2026,18:46:46: 	Train Loss: 3791332.2500 (base: 203.8734, kd: 7582.2563), Elapsed: train 2.72 test 0.52
09/04/2026,18:46:46: 	Recall@10: 0.06583 Recall@20: 0.09661 NDCG@10: 0.03945 NDCG@20: 0.04780 
09/04/2026,18:46:46: 	Recall@10: 0.02648 Recall@20: 0.03956 NDCG@10: 0.01487 NDCG@20: 0.01853 
09/04/2026,18:46:46: ------------------------------
09/04/2026,18:46:46: valid Recall@10: 0.06504 Recall@20: 0.09861 NDCG@10: 0.03945 NDCG@20: 0.04862
09/04/2026,18:46:46: test Recall@10: 0.02685 Recall@20: 0.04078 NDCG@10: 0.01492 NDCG@20: 0.01878
