----------------------------------------TEACHER----------------------------------------
init_std                                 0.01
embedding_dim                            400
----------------------------------------TEACHER----------------------------------------
----------------------------------------STUDENT----------------------------------------
init_std                                 0.01
embedding_dim                            20
----------------------------------------STUDENT----------------------------------------
----------------------------------------ARGUMENTS----------------------------------------
run_all                                  False
seed                                     0
gpu_id                                   0
no_log                                   False
no_save                                  False
suffix                                   aneg2_seed0_es20
verbose                                  False
ablation                                 False
task                                     rec
dataset                                  citeulike
batch_size                               2048
num_ns                                   1
neg_sampling_on_all                      False
T_backbone                               bpr
S_backbone                               bpr
model                                    srcekd
preload                                  False
postsave                                 False
train_teacher                            False
ckpt_interval                            -1
epochs                                   1000
lr                                       0.001
wd                                       1e-05
lmbda                                    500
srce_alpha                               -0.5
srce_s                                   20
srce_eta                                 0
srce_Lu                                  20
eval_period                              1
K_list                                   [10, 20]
early_stop_metric                        NDCG
early_stop_K                             20
early_stop_patience                      30
LOG_DIR                                  logs/
CONFIG_DIR                               configs/
DATA_DIR                                 data/
CKPT_DIR                                 checkpoints/
CRAFT_DIR                                crafts/
mkd_tau                                  1
mkd_K                                    50
mkd_L                                    50
mkd_T                                    10
mkd_mxK                                  200
----------------------------------------ARGUMENTS----------------------------------------
----------------------------------------Teacher----------------------------------------
09/04/2026,22:07:38: ------------------------------
09/04/2026,22:07:38: valid Recall@10: 0.06778 Recall@20: 0.10315 NDCG@10: 0.04052 NDCG@20: 0.05027
09/04/2026,22:07:38: test Recall@10: 0.02747 Recall@20: 0.04385 NDCG@10: 0.01551 NDCG@20: 0.02003
----------------------------------------------------------------------------------------
09/04/2026,22:07:38: Epoch [1/1000]
09/04/2026,22:07:38: Negative sampling...
09/04/2026,22:07:39: Model's personal time...
09/04/2026,22:07:40: Training...
09/04/2026,22:07:41: Evaluating...
09/04/2026,22:07:41: 	Train Loss: 5073429.5000 (base: 1390.5085, kd: 10144.0771), Elapsed: train 3.06 test 0.48 *
09/04/2026,22:07:41: 	Recall@10: 0.02012 Recall@20: 0.03054 NDCG@10: 0.01239 NDCG@20: 0.01521 
09/04/2026,22:07:41: 	Recall@10: 0.00877 Recall@20: 0.01340 NDCG@10: 0.00515 NDCG@20: 0.00645 
09/04/2026,22:07:41: Epoch [2/1000]
09/04/2026,22:07:41: Negative sampling...
09/04/2026,22:07:43: Model's personal time...
09/04/2026,22:07:43: Training...
09/04/2026,22:07:44: Evaluating...
09/04/2026,22:07:45: 	Train Loss: 4894158.5000 (base: 1377.2148, kd: 9785.5635), Elapsed: train 2.88 test 0.48 *
09/04/2026,22:07:45: 	Recall@10: 0.03228 Recall@20: 0.04974 NDCG@10: 0.02041 NDCG@20: 0.02511 
09/04/2026,22:07:45: 	Recall@10: 0.01405 Recall@20: 0.02348 NDCG@10: 0.00816 NDCG@20: 0.01075 
09/04/2026,22:07:45: Epoch [3/1000]
09/04/2026,22:07:45: Negative sampling...
09/04/2026,22:07:46: Model's personal time...
09/04/2026,22:07:46: Training...
09/04/2026,22:07:47: Evaluating...
09/04/2026,22:07:48: 	Train Loss: 4827681.0000 (base: 1351.1791, kd: 9652.6602), Elapsed: train 2.57 test 0.44 *
09/04/2026,22:07:48: 	Recall@10: 0.03590 Recall@20: 0.05474 NDCG@10: 0.02290 NDCG@20: 0.02805 
09/04/2026,22:07:48: 	Recall@10: 0.01401 Recall@20: 0.02391 NDCG@10: 0.00847 NDCG@20: 0.01113 
09/04/2026,22:07:48: Epoch [4/1000]
09/04/2026,22:07:48: Negative sampling...
09/04/2026,22:07:49: Model's personal time...
09/04/2026,22:07:49: Training...
09/04/2026,22:07:50: Evaluating...
09/04/2026,22:07:51: 	Train Loss: 4735644.0000 (base: 1315.6685, kd: 9468.6562), Elapsed: train 2.58 test 0.44 *
09/04/2026,22:07:51: 	Recall@10: 0.03898 Recall@20: 0.05665 NDCG@10: 0.02418 NDCG@20: 0.02901 
09/04/2026,22:07:51: 	Recall@10: 0.01448 Recall@20: 0.02523 NDCG@10: 0.00908 NDCG@20: 0.01203 
09/04/2026,22:07:51: Epoch [5/1000]
09/04/2026,22:07:51: Negative sampling...
09/04/2026,22:07:52: Model's personal time...
09/04/2026,22:07:52: Training...
09/04/2026,22:07:53: Evaluating...
09/04/2026,22:07:54: 	Train Loss: 4623618.0000 (base: 1269.5382, kd: 9244.6963), Elapsed: train 2.62 test 0.43 *
09/04/2026,22:07:54: 	Recall@10: 0.03905 Recall@20: 0.05864 NDCG@10: 0.02467 NDCG@20: 0.03004 
09/04/2026,22:07:54: 	Recall@10: 0.01571 Recall@20: 0.02558 NDCG@10: 0.00916 NDCG@20: 0.01191 
09/04/2026,22:07:54: Epoch [6/1000]
09/04/2026,22:07:54: Negative sampling...
09/04/2026,22:07:55: Model's personal time...
09/04/2026,22:07:55: Training...
09/04/2026,22:07:57: Evaluating...
09/04/2026,22:07:57: 	Train Loss: 4507289.0000 (base: 1217.7205, kd: 9012.1426), Elapsed: train 2.79 test 0.43 *
09/04/2026,22:07:57: 	Recall@10: 0.03956 Recall@20: 0.06041 NDCG@10: 0.02491 NDCG@20: 0.03060 
09/04/2026,22:07:57: 	Recall@10: 0.01528 Recall@20: 0.02640 NDCG@10: 0.00899 NDCG@20: 0.01205 
09/04/2026,22:07:57: Epoch [7/1000]
09/04/2026,22:07:57: Negative sampling...
09/04/2026,22:07:58: Model's personal time...
09/04/2026,22:07:59: Training...
09/04/2026,22:08:00: Evaluating...
09/04/2026,22:08:00: 	Train Loss: 4399670.0000 (base: 1160.7299, kd: 8797.0186), Elapsed: train 2.64 test 0.43 *
09/04/2026,22:08:00: 	Recall@10: 0.04179 Recall@20: 0.06316 NDCG@10: 0.02615 NDCG@20: 0.03195 
09/04/2026,22:08:00: 	Recall@10: 0.01644 Recall@20: 0.02738 NDCG@10: 0.00939 NDCG@20: 0.01240 
09/04/2026,22:08:00: Epoch [8/1000]
09/04/2026,22:08:00: Negative sampling...
09/04/2026,22:08:01: Model's personal time...
09/04/2026,22:08:02: Training...
09/04/2026,22:08:03: Evaluating...
09/04/2026,22:08:03: 	Train Loss: 4304922.0000 (base: 1102.3674, kd: 8607.6396), Elapsed: train 2.57 test 0.42 *
09/04/2026,22:08:03: 	Recall@10: 0.04369 Recall@20: 0.06342 NDCG@10: 0.02692 NDCG@20: 0.03231 
09/04/2026,22:08:03: 	Recall@10: 0.01612 Recall@20: 0.02801 NDCG@10: 0.00928 NDCG@20: 0.01256 
09/04/2026,22:08:03: Epoch [9/1000]
09/04/2026,22:08:03: Negative sampling...
09/04/2026,22:08:04: Model's personal time...
09/04/2026,22:08:05: Training...
09/04/2026,22:08:06: Evaluating...
09/04/2026,22:08:06: 	Train Loss: 4232458.0000 (base: 1045.0529, kd: 8462.8262), Elapsed: train 2.44 test 0.44 *
09/04/2026,22:08:06: 	Recall@10: 0.04556 Recall@20: 0.06479 NDCG@10: 0.02806 NDCG@20: 0.03329 
09/04/2026,22:08:06: 	Recall@10: 0.01852 Recall@20: 0.02796 NDCG@10: 0.01007 NDCG@20: 0.01270 
09/04/2026,22:08:06: Epoch [10/1000]
09/04/2026,22:08:06: Negative sampling...
09/04/2026,22:08:07: Model's personal time...
09/04/2026,22:08:08: Training...
09/04/2026,22:08:09: Evaluating...
09/04/2026,22:08:09: 	Train Loss: 4172765.2500 (base: 987.0267, kd: 8343.5566), Elapsed: train 2.60 test 0.42 *
09/04/2026,22:08:09: 	Recall@10: 0.04647 Recall@20: 0.06678 NDCG@10: 0.02863 NDCG@20: 0.03411 
09/04/2026,22:08:09: 	Recall@10: 0.01830 Recall@20: 0.02844 NDCG@10: 0.01009 NDCG@20: 0.01290 
09/04/2026,22:08:09: Epoch [11/1000]
09/04/2026,22:08:09: Negative sampling...
09/04/2026,22:08:10: Model's personal time...
09/04/2026,22:08:11: Training...
09/04/2026,22:08:12: Evaluating...
09/04/2026,22:08:12: 	Train Loss: 4126768.2500 (base: 935.3853, kd: 8251.6650), Elapsed: train 2.61 test 0.43 *
09/04/2026,22:08:12: 	Recall@10: 0.04750 Recall@20: 0.06942 NDCG@10: 0.02938 NDCG@20: 0.03533 
09/04/2026,22:08:12: 	Recall@10: 0.01923 Recall@20: 0.03005 NDCG@10: 0.01065 NDCG@20: 0.01364 
09/04/2026,22:08:12: Epoch [12/1000]
09/04/2026,22:08:12: Negative sampling...
09/04/2026,22:08:13: Model's personal time...
09/04/2026,22:08:14: Training...
09/04/2026,22:08:15: Evaluating...
09/04/2026,22:08:15: 	Train Loss: 4089344.0000 (base: 886.2935, kd: 8176.9150), Elapsed: train 2.53 test 0.45 *
09/04/2026,22:08:15: 	Recall@10: 0.04734 Recall@20: 0.07109 NDCG@10: 0.02943 NDCG@20: 0.03590 
09/04/2026,22:08:15: 	Recall@10: 0.01986 Recall@20: 0.03042 NDCG@10: 0.01073 NDCG@20: 0.01366 
09/04/2026,22:08:15: Epoch [13/1000]
09/04/2026,22:08:15: Negative sampling...
09/04/2026,22:08:16: Model's personal time...
09/04/2026,22:08:17: Training...
09/04/2026,22:08:18: Evaluating...
09/04/2026,22:08:18: 	Train Loss: 4057802.2500 (base: 843.1974, kd: 8113.9180), Elapsed: train 2.51 test 0.44 *
09/04/2026,22:08:18: 	Recall@10: 0.04967 Recall@20: 0.07197 NDCG@10: 0.03044 NDCG@20: 0.03660 
09/04/2026,22:08:18: 	Recall@10: 0.02036 Recall@20: 0.03077 NDCG@10: 0.01098 NDCG@20: 0.01386 
09/04/2026,22:08:18: Epoch [14/1000]
09/04/2026,22:08:18: Negative sampling...
09/04/2026,22:08:19: Model's personal time...
09/04/2026,22:08:20: Training...
09/04/2026,22:08:21: Evaluating...
09/04/2026,22:08:21: 	Train Loss: 4030366.0000 (base: 800.6385, kd: 8059.1313), Elapsed: train 2.62 test 0.44 *
09/04/2026,22:08:21: 	Recall@10: 0.05022 Recall@20: 0.07381 NDCG@10: 0.03115 NDCG@20: 0.03762 
09/04/2026,22:08:21: 	Recall@10: 0.02067 Recall@20: 0.03151 NDCG@10: 0.01140 NDCG@20: 0.01438 
09/04/2026,22:08:21: Epoch [15/1000]
09/04/2026,22:08:21: Negative sampling...
09/04/2026,22:08:22: Model's personal time...
09/04/2026,22:08:23: Training...
09/04/2026,22:08:24: Evaluating...
09/04/2026,22:08:24: 	Train Loss: 4006511.2500 (base: 762.7750, kd: 8011.4971), Elapsed: train 2.51 test 0.44 *
09/04/2026,22:08:24: 	Recall@10: 0.05007 Recall@20: 0.07481 NDCG@10: 0.03109 NDCG@20: 0.03787 
09/04/2026,22:08:24: 	Recall@10: 0.02111 Recall@20: 0.03188 NDCG@10: 0.01171 NDCG@20: 0.01468 
09/04/2026,22:08:24: Epoch [16/1000]
09/04/2026,22:08:24: Negative sampling...
09/04/2026,22:08:25: Model's personal time...
09/04/2026,22:08:25: Training...
09/04/2026,22:08:26: Evaluating...
09/04/2026,22:08:27: 	Train Loss: 3984897.2500 (base: 728.0936, kd: 7968.3394), Elapsed: train 2.46 test 0.50 *
09/04/2026,22:08:27: 	Recall@10: 0.05073 Recall@20: 0.07622 NDCG@10: 0.03148 NDCG@20: 0.03841 
09/04/2026,22:08:27: 	Recall@10: 0.02168 Recall@20: 0.03165 NDCG@10: 0.01215 NDCG@20: 0.01492 
09/04/2026,22:08:27: Epoch [17/1000]
09/04/2026,22:08:27: Negative sampling...
09/04/2026,22:08:28: Model's personal time...
09/04/2026,22:08:29: Training...
09/04/2026,22:08:30: Evaluating...
09/04/2026,22:08:30: 	Train Loss: 3966943.2500 (base: 698.7276, kd: 7932.4888), Elapsed: train 2.99 test 0.45 *
09/04/2026,22:08:30: 	Recall@10: 0.05072 Recall@20: 0.07850 NDCG@10: 0.03185 NDCG@20: 0.03945 
09/04/2026,22:08:30: 	Recall@10: 0.02161 Recall@20: 0.03218 NDCG@10: 0.01207 NDCG@20: 0.01497 
09/04/2026,22:08:30: Epoch [18/1000]
09/04/2026,22:08:30: Negative sampling...
09/04/2026,22:08:32: Model's personal time...
09/04/2026,22:08:32: Training...
09/04/2026,22:08:33: Evaluating...
09/04/2026,22:08:33: 	Train Loss: 3948697.5000 (base: 670.5264, kd: 7896.0532), Elapsed: train 2.61 test 0.42 *
09/04/2026,22:08:33: 	Recall@10: 0.05218 Recall@20: 0.07936 NDCG@10: 0.03248 NDCG@20: 0.03991 
09/04/2026,22:08:33: 	Recall@10: 0.02218 Recall@20: 0.03272 NDCG@10: 0.01227 NDCG@20: 0.01518 
09/04/2026,22:08:33: Epoch [19/1000]
09/04/2026,22:08:33: Negative sampling...
09/04/2026,22:08:35: Model's personal time...
09/04/2026,22:08:35: Training...
09/04/2026,22:08:36: Evaluating...
09/04/2026,22:08:36: 	Train Loss: 3934725.7500 (base: 644.4888, kd: 7868.1626), Elapsed: train 2.41 test 0.47 *
09/04/2026,22:08:36: 	Recall@10: 0.05310 Recall@20: 0.08047 NDCG@10: 0.03315 NDCG@20: 0.04068 
09/04/2026,22:08:36: 	Recall@10: 0.02257 Recall@20: 0.03384 NDCG@10: 0.01255 NDCG@20: 0.01563 
09/04/2026,22:08:36: Epoch [20/1000]
09/04/2026,22:08:36: Negative sampling...
09/04/2026,22:08:38: Model's personal time...
09/04/2026,22:08:38: Training...
09/04/2026,22:08:39: Evaluating...
09/04/2026,22:08:39: 	Train Loss: 3920814.2500 (base: 620.2413, kd: 7840.3887), Elapsed: train 2.69 test 0.42 *
09/04/2026,22:08:39: 	Recall@10: 0.05454 Recall@20: 0.08128 NDCG@10: 0.03332 NDCG@20: 0.04069 
09/04/2026,22:08:39: 	Recall@10: 0.02252 Recall@20: 0.03449 NDCG@10: 0.01262 NDCG@20: 0.01590 
09/04/2026,22:08:39: Epoch [21/1000]
09/04/2026,22:08:39: Negative sampling...
09/04/2026,22:08:41: Model's personal time...
09/04/2026,22:08:41: Training...
09/04/2026,22:08:42: Evaluating...
09/04/2026,22:08:42: 	Train Loss: 3907498.2500 (base: 597.7056, kd: 7813.8008), Elapsed: train 2.52 test 0.41 *
09/04/2026,22:08:42: 	Recall@10: 0.05606 Recall@20: 0.08167 NDCG@10: 0.03396 NDCG@20: 0.04104 
09/04/2026,22:08:42: 	Recall@10: 0.02253 Recall@20: 0.03456 NDCG@10: 0.01254 NDCG@20: 0.01590 
09/04/2026,22:08:42: Epoch [22/1000]
09/04/2026,22:08:42: Negative sampling...
09/04/2026,22:08:44: Model's personal time...
09/04/2026,22:08:44: Training...
09/04/2026,22:08:45: Evaluating...
09/04/2026,22:08:45: 	Train Loss: 3896259.7500 (base: 578.5653, kd: 7791.3623), Elapsed: train 2.35 test 0.43 *
09/04/2026,22:08:45: 	Recall@10: 0.05570 Recall@20: 0.08275 NDCG@10: 0.03416 NDCG@20: 0.04166 
09/04/2026,22:08:45: 	Recall@10: 0.02301 Recall@20: 0.03545 NDCG@10: 0.01280 NDCG@20: 0.01623 
09/04/2026,22:08:45: Epoch [23/1000]
09/04/2026,22:08:45: Negative sampling...
09/04/2026,22:08:47: Model's personal time...
09/04/2026,22:08:47: Training...
09/04/2026,22:08:48: Evaluating...
09/04/2026,22:08:48: 	Train Loss: 3885824.0000 (base: 559.5093, kd: 7770.5293), Elapsed: train 2.62 test 0.42 *
09/04/2026,22:08:48: 	Recall@10: 0.05649 Recall@20: 0.08326 NDCG@10: 0.03449 NDCG@20: 0.04191 
09/04/2026,22:08:48: 	Recall@10: 0.02339 Recall@20: 0.03631 NDCG@10: 0.01300 NDCG@20: 0.01652 
09/04/2026,22:08:48: Epoch [24/1000]
09/04/2026,22:08:48: Negative sampling...
09/04/2026,22:08:50: Model's personal time...
09/04/2026,22:08:50: Training...
09/04/2026,22:08:51: Evaluating...
09/04/2026,22:08:51: 	Train Loss: 3875761.5000 (base: 541.0442, kd: 7750.4414), Elapsed: train 2.55 test 0.42 *
09/04/2026,22:08:51: 	Recall@10: 0.05788 Recall@20: 0.08481 NDCG@10: 0.03497 NDCG@20: 0.04242 
09/04/2026,22:08:51: 	Recall@10: 0.02376 Recall@20: 0.03624 NDCG@10: 0.01312 NDCG@20: 0.01649 
09/04/2026,22:08:51: Epoch [25/1000]
09/04/2026,22:08:51: Negative sampling...
09/04/2026,22:08:52: Model's personal time...
09/04/2026,22:08:53: Training...
09/04/2026,22:08:54: Evaluating...
09/04/2026,22:08:54: 	Train Loss: 3866738.0000 (base: 525.4934, kd: 7732.4248), Elapsed: train 2.56 test 0.42 *
09/04/2026,22:08:54: 	Recall@10: 0.05816 Recall@20: 0.08490 NDCG@10: 0.03532 NDCG@20: 0.04271 
09/04/2026,22:08:54: 	Recall@10: 0.02427 Recall@20: 0.03699 NDCG@10: 0.01330 NDCG@20: 0.01673 
09/04/2026,22:08:54: Epoch [26/1000]
09/04/2026,22:08:54: Negative sampling...
09/04/2026,22:08:55: Model's personal time...
09/04/2026,22:08:56: Training...
09/04/2026,22:08:57: Evaluating...
09/04/2026,22:08:57: 	Train Loss: 3858493.0000 (base: 510.8744, kd: 7715.9644), Elapsed: train 2.57 test 0.47 *
09/04/2026,22:08:57: 	Recall@10: 0.05869 Recall@20: 0.08621 NDCG@10: 0.03541 NDCG@20: 0.04298 
09/04/2026,22:08:57: 	Recall@10: 0.02417 Recall@20: 0.03709 NDCG@10: 0.01330 NDCG@20: 0.01683 
09/04/2026,22:08:57: Epoch [27/1000]
09/04/2026,22:08:57: Negative sampling...
09/04/2026,22:08:59: Model's personal time...
09/04/2026,22:08:59: Training...
09/04/2026,22:09:00: Evaluating...
09/04/2026,22:09:00: 	Train Loss: 3850362.0000 (base: 496.1913, kd: 7699.7305), Elapsed: train 2.47 test 0.42 *
09/04/2026,22:09:00: 	Recall@10: 0.05971 Recall@20: 0.08704 NDCG@10: 0.03606 NDCG@20: 0.04356 
09/04/2026,22:09:00: 	Recall@10: 0.02486 Recall@20: 0.03854 NDCG@10: 0.01366 NDCG@20: 0.01735 
09/04/2026,22:09:00: Epoch [28/1000]
09/04/2026,22:09:00: Negative sampling...
09/04/2026,22:09:01: Model's personal time...
09/04/2026,22:09:02: Training...
09/04/2026,22:09:03: Evaluating...
09/04/2026,22:09:03: 	Train Loss: 3844349.0000 (base: 481.4854, kd: 7687.7358), Elapsed: train 2.54 test 0.45 *
09/04/2026,22:09:03: 	Recall@10: 0.05980 Recall@20: 0.08926 NDCG@10: 0.03604 NDCG@20: 0.04403 
09/04/2026,22:09:03: 	Recall@10: 0.02544 Recall@20: 0.03816 NDCG@10: 0.01402 NDCG@20: 0.01752 
09/04/2026,22:09:03: Epoch [29/1000]
09/04/2026,22:09:03: Negative sampling...
09/04/2026,22:09:04: Model's personal time...
09/04/2026,22:09:05: Training...
09/04/2026,22:09:06: Evaluating...
09/04/2026,22:09:06: 	Train Loss: 3836268.2500 (base: 471.7697, kd: 7671.5938), Elapsed: train 2.54 test 0.42 *
09/04/2026,22:09:06: 	Recall@10: 0.06010 Recall@20: 0.08906 NDCG@10: 0.03620 NDCG@20: 0.04415 
09/04/2026,22:09:06: 	Recall@10: 0.02581 Recall@20: 0.03878 NDCG@10: 0.01415 NDCG@20: 0.01768 
09/04/2026,22:09:06: Epoch [30/1000]
09/04/2026,22:09:06: Negative sampling...
09/04/2026,22:09:07: Model's personal time...
09/04/2026,22:09:07: Training...
09/04/2026,22:09:08: Evaluating...
09/04/2026,22:09:09: 	Train Loss: 3829506.2500 (base: 459.6703, kd: 7658.0928), Elapsed: train 2.48 test 0.43 *
09/04/2026,22:09:09: 	Recall@10: 0.06180 Recall@20: 0.09039 NDCG@10: 0.03681 NDCG@20: 0.04460 
09/04/2026,22:09:09: 	Recall@10: 0.02584 Recall@20: 0.03885 NDCG@10: 0.01425 NDCG@20: 0.01781 
09/04/2026,22:09:09: Epoch [31/1000]
09/04/2026,22:09:09: Negative sampling...
09/04/2026,22:09:10: Model's personal time...
09/04/2026,22:09:10: Training...
09/04/2026,22:09:12: Evaluating...
09/04/2026,22:09:12: 	Train Loss: 3824078.5000 (base: 447.7895, kd: 7647.2612), Elapsed: train 2.62 test 0.44
09/04/2026,22:09:12: 	Recall@10: 0.06152 Recall@20: 0.08973 NDCG@10: 0.03682 NDCG@20: 0.04448 
09/04/2026,22:09:12: 	Recall@10: 0.02584 Recall@20: 0.03910 NDCG@10: 0.01427 NDCG@20: 0.01792 
09/04/2026,22:09:12: Epoch [32/1000]
09/04/2026,22:09:12: Negative sampling...
09/04/2026,22:09:13: Model's personal time...
09/04/2026,22:09:13: Training...
09/04/2026,22:09:15: Evaluating...
09/04/2026,22:09:15: 	Train Loss: 3819984.2500 (base: 439.7363, kd: 7639.0894), Elapsed: train 2.54 test 0.45 *
09/04/2026,22:09:15: 	Recall@10: 0.06204 Recall@20: 0.09060 NDCG@10: 0.03686 NDCG@20: 0.04465 
09/04/2026,22:09:15: 	Recall@10: 0.02582 Recall@20: 0.03864 NDCG@10: 0.01425 NDCG@20: 0.01780 
09/04/2026,22:09:15: Epoch [33/1000]
09/04/2026,22:09:15: Negative sampling...
09/04/2026,22:09:16: Model's personal time...
09/04/2026,22:09:17: Training...
09/04/2026,22:09:18: Evaluating...
09/04/2026,22:09:18: 	Train Loss: 3812557.0000 (base: 427.4145, kd: 7624.2588), Elapsed: train 2.60 test 0.43 *
09/04/2026,22:09:18: 	Recall@10: 0.06259 Recall@20: 0.09122 NDCG@10: 0.03729 NDCG@20: 0.04507 
09/04/2026,22:09:18: 	Recall@10: 0.02559 Recall@20: 0.03913 NDCG@10: 0.01420 NDCG@20: 0.01794 
09/04/2026,22:09:18: Epoch [34/1000]
09/04/2026,22:09:18: Negative sampling...
09/04/2026,22:09:19: Model's personal time...
09/04/2026,22:09:20: Training...
09/04/2026,22:09:21: Evaluating...
09/04/2026,22:09:21: 	Train Loss: 3808334.2500 (base: 422.6753, kd: 7615.8232), Elapsed: train 2.67 test 0.45
09/04/2026,22:09:21: 	Recall@10: 0.06295 Recall@20: 0.09065 NDCG@10: 0.03750 NDCG@20: 0.04507 
09/04/2026,22:09:21: 	Recall@10: 0.02585 Recall@20: 0.03939 NDCG@10: 0.01436 NDCG@20: 0.01811 
09/04/2026,22:09:21: Epoch [35/1000]
09/04/2026,22:09:21: Negative sampling...
09/04/2026,22:09:23: Model's personal time...
09/04/2026,22:09:23: Training...
09/04/2026,22:09:24: Evaluating...
09/04/2026,22:09:24: 	Train Loss: 3803150.5000 (base: 410.8174, kd: 7605.4795), Elapsed: train 2.64 test 0.46 *
09/04/2026,22:09:24: 	Recall@10: 0.06334 Recall@20: 0.09117 NDCG@10: 0.03759 NDCG@20: 0.04514 
09/04/2026,22:09:24: 	Recall@10: 0.02665 Recall@20: 0.03988 NDCG@10: 0.01463 NDCG@20: 0.01826 
09/04/2026,22:09:24: Epoch [36/1000]
09/04/2026,22:09:24: Negative sampling...
09/04/2026,22:09:26: Model's personal time...
09/04/2026,22:09:26: Training...
09/04/2026,22:09:27: Evaluating...
09/04/2026,22:09:28: 	Train Loss: 3799765.7500 (base: 401.9201, kd: 7598.7275), Elapsed: train 2.97 test 0.40 *
09/04/2026,22:09:28: 	Recall@10: 0.06347 Recall@20: 0.09111 NDCG@10: 0.03774 NDCG@20: 0.04528 
09/04/2026,22:09:28: 	Recall@10: 0.02671 Recall@20: 0.03940 NDCG@10: 0.01466 NDCG@20: 0.01818 
09/04/2026,22:09:28: Epoch [37/1000]
09/04/2026,22:09:28: Negative sampling...
09/04/2026,22:09:29: Model's personal time...
09/04/2026,22:09:29: Training...
09/04/2026,22:09:31: Evaluating...
09/04/2026,22:09:31: 	Train Loss: 3795453.2500 (base: 395.9064, kd: 7590.1147), Elapsed: train 2.88 test 0.42 *
09/04/2026,22:09:31: 	Recall@10: 0.06454 Recall@20: 0.09206 NDCG@10: 0.03812 NDCG@20: 0.04560 
09/04/2026,22:09:31: 	Recall@10: 0.02672 Recall@20: 0.04043 NDCG@10: 0.01463 NDCG@20: 0.01841 
09/04/2026,22:09:31: Epoch [38/1000]
09/04/2026,22:09:31: Negative sampling...
09/04/2026,22:09:32: Model's personal time...
09/04/2026,22:09:32: Training...
09/04/2026,22:09:34: Evaluating...
09/04/2026,22:09:34: 	Train Loss: 3791633.0000 (base: 388.3215, kd: 7582.4888), Elapsed: train 2.72 test 0.47 *
09/04/2026,22:09:34: 	Recall@10: 0.06448 Recall@20: 0.09098 NDCG@10: 0.03849 NDCG@20: 0.04571 
09/04/2026,22:09:34: 	Recall@10: 0.02668 Recall@20: 0.04048 NDCG@10: 0.01466 NDCG@20: 0.01848 
09/04/2026,22:09:34: Epoch [39/1000]
09/04/2026,22:09:34: Negative sampling...
09/04/2026,22:09:36: Model's personal time...
09/04/2026,22:09:36: Training...
09/04/2026,22:09:37: Evaluating...
09/04/2026,22:09:38: 	Train Loss: 3788099.5000 (base: 381.5644, kd: 7575.4360), Elapsed: train 3.02 test 0.45 *
09/04/2026,22:09:38: 	Recall@10: 0.06425 Recall@20: 0.09181 NDCG@10: 0.03842 NDCG@20: 0.04604 
09/04/2026,22:09:38: 	Recall@10: 0.02645 Recall@20: 0.04089 NDCG@10: 0.01462 NDCG@20: 0.01858 
09/04/2026,22:09:38: Epoch [40/1000]
09/04/2026,22:09:38: Negative sampling...
09/04/2026,22:09:39: Model's personal time...
09/04/2026,22:09:39: Training...
09/04/2026,22:09:40: Evaluating...
09/04/2026,22:09:41: 	Train Loss: 3785093.2500 (base: 377.3904, kd: 7569.4316), Elapsed: train 2.74 test 0.43
09/04/2026,22:09:41: 	Recall@10: 0.06447 Recall@20: 0.09171 NDCG@10: 0.03844 NDCG@20: 0.04588 
09/04/2026,22:09:41: 	Recall@10: 0.02645 Recall@20: 0.04096 NDCG@10: 0.01460 NDCG@20: 0.01858 
09/04/2026,22:09:41: Epoch [41/1000]
09/04/2026,22:09:41: Negative sampling...
09/04/2026,22:09:42: Model's personal time...
09/04/2026,22:09:42: Training...
09/04/2026,22:09:43: Evaluating...
09/04/2026,22:09:44: 	Train Loss: 3780573.0000 (base: 369.5339, kd: 7560.4067), Elapsed: train 2.63 test 0.40
09/04/2026,22:09:44: 	Recall@10: 0.06467 Recall@20: 0.09082 NDCG@10: 0.03873 NDCG@20: 0.04589 
09/04/2026,22:09:44: 	Recall@10: 0.02620 Recall@20: 0.04077 NDCG@10: 0.01444 NDCG@20: 0.01845 
09/04/2026,22:09:44: Epoch [42/1000]
09/04/2026,22:09:44: Negative sampling...
09/04/2026,22:09:45: Model's personal time...
09/04/2026,22:09:45: Training...
09/04/2026,22:09:47: Evaluating...
09/04/2026,22:09:47: 	Train Loss: 3778403.7500 (base: 363.0270, kd: 7556.0815), Elapsed: train 2.81 test 0.44 *
09/04/2026,22:09:47: 	Recall@10: 0.06452 Recall@20: 0.09300 NDCG@10: 0.03886 NDCG@20: 0.04663 
09/04/2026,22:09:47: 	Recall@10: 0.02630 Recall@20: 0.04074 NDCG@10: 0.01461 NDCG@20: 0.01863 
09/04/2026,22:09:47: Epoch [43/1000]
09/04/2026,22:09:47: Negative sampling...
09/04/2026,22:09:48: Model's personal time...
09/04/2026,22:09:49: Training...
09/04/2026,22:09:50: Evaluating...
09/04/2026,22:09:50: 	Train Loss: 3775840.2500 (base: 360.1879, kd: 7550.9604), Elapsed: train 2.70 test 0.44 *
09/04/2026,22:09:50: 	Recall@10: 0.06495 Recall@20: 0.09270 NDCG@10: 0.03917 NDCG@20: 0.04678 
09/04/2026,22:09:50: 	Recall@10: 0.02645 Recall@20: 0.04113 NDCG@10: 0.01459 NDCG@20: 0.01863 
09/04/2026,22:09:50: Epoch [44/1000]
09/04/2026,22:09:50: Negative sampling...
09/04/2026,22:09:52: Model's personal time...
09/04/2026,22:09:52: Training...
09/04/2026,22:09:53: Evaluating...
09/04/2026,22:09:53: 	Train Loss: 3772404.2500 (base: 352.9231, kd: 7544.1025), Elapsed: train 2.82 test 0.51 *
09/04/2026,22:09:53: 	Recall@10: 0.06519 Recall@20: 0.09265 NDCG@10: 0.03943 NDCG@20: 0.04688 
09/04/2026,22:09:53: 	Recall@10: 0.02709 Recall@20: 0.04176 NDCG@10: 0.01476 NDCG@20: 0.01878 
09/04/2026,22:09:53: Epoch [45/1000]
09/04/2026,22:09:53: Negative sampling...
09/04/2026,22:09:55: Model's personal time...
09/04/2026,22:09:55: Training...
09/04/2026,22:09:56: Evaluating...
09/04/2026,22:09:57: 	Train Loss: 3769987.2500 (base: 344.7249, kd: 7539.2856), Elapsed: train 2.65 test 0.52 *
09/04/2026,22:09:57: 	Recall@10: 0.06504 Recall@20: 0.09324 NDCG@10: 0.03917 NDCG@20: 0.04692 
09/04/2026,22:09:57: 	Recall@10: 0.02696 Recall@20: 0.04222 NDCG@10: 0.01477 NDCG@20: 0.01890 
09/04/2026,22:09:57: Epoch [46/1000]
09/04/2026,22:09:57: Negative sampling...
09/04/2026,22:09:58: Model's personal time...
09/04/2026,22:09:58: Training...
09/04/2026,22:09:59: Evaluating...
09/04/2026,22:10:00: 	Train Loss: 3768749.7500 (base: 343.4667, kd: 7536.8115), Elapsed: train 2.77 test 0.41 *
09/04/2026,22:10:00: 	Recall@10: 0.06479 Recall@20: 0.09310 NDCG@10: 0.03913 NDCG@20: 0.04692 
09/04/2026,22:10:00: 	Recall@10: 0.02693 Recall@20: 0.04271 NDCG@10: 0.01479 NDCG@20: 0.01912 
09/04/2026,22:10:00: Epoch [47/1000]
09/04/2026,22:10:00: Negative sampling...
09/04/2026,22:10:01: Model's personal time...
09/04/2026,22:10:01: Training...
09/04/2026,22:10:03: Evaluating...
09/04/2026,22:10:03: 	Train Loss: 3764690.5000 (base: 335.5344, kd: 7528.7095), Elapsed: train 2.72 test 0.41
09/04/2026,22:10:03: 	Recall@10: 0.06446 Recall@20: 0.09321 NDCG@10: 0.03875 NDCG@20: 0.04670 
09/04/2026,22:10:03: 	Recall@10: 0.02713 Recall@20: 0.04236 NDCG@10: 0.01484 NDCG@20: 0.01898 
09/04/2026,22:10:03: Epoch [48/1000]
09/04/2026,22:10:03: Negative sampling...
09/04/2026,22:10:04: Model's personal time...
09/04/2026,22:10:04: Training...
09/04/2026,22:10:06: Evaluating...
09/04/2026,22:10:06: 	Train Loss: 3762861.0000 (base: 334.2360, kd: 7525.0532), Elapsed: train 2.63 test 0.41 *
09/04/2026,22:10:06: 	Recall@10: 0.06439 Recall@20: 0.09383 NDCG@10: 0.03885 NDCG@20: 0.04699 
09/04/2026,22:10:06: 	Recall@10: 0.02743 Recall@20: 0.04213 NDCG@10: 0.01511 NDCG@20: 0.01911 
09/04/2026,22:10:06: Epoch [49/1000]
09/04/2026,22:10:06: Negative sampling...
09/04/2026,22:10:07: Model's personal time...
09/04/2026,22:10:07: Training...
09/04/2026,22:10:08: Evaluating...
09/04/2026,22:10:09: 	Train Loss: 3760332.0000 (base: 328.4651, kd: 7520.0068), Elapsed: train 2.47 test 0.39
09/04/2026,22:10:09: 	Recall@10: 0.06526 Recall@20: 0.09364 NDCG@10: 0.03902 NDCG@20: 0.04683 
09/04/2026,22:10:09: 	Recall@10: 0.02706 Recall@20: 0.04258 NDCG@10: 0.01488 NDCG@20: 0.01908 
09/04/2026,22:10:09: Epoch [50/1000]
09/04/2026,22:10:09: Negative sampling...
09/04/2026,22:10:10: Model's personal time...
09/04/2026,22:10:10: Training...
09/04/2026,22:10:11: Evaluating...
09/04/2026,22:10:12: 	Train Loss: 3759081.7500 (base: 324.3439, kd: 7517.5151), Elapsed: train 2.47 test 0.40
09/04/2026,22:10:12: 	Recall@10: 0.06524 Recall@20: 0.09402 NDCG@10: 0.03900 NDCG@20: 0.04694 
09/04/2026,22:10:12: 	Recall@10: 0.02731 Recall@20: 0.04284 NDCG@10: 0.01501 NDCG@20: 0.01920 
09/04/2026,22:10:12: Epoch [51/1000]
09/04/2026,22:10:12: Negative sampling...
09/04/2026,22:10:13: Model's personal time...
09/04/2026,22:10:13: Training...
09/04/2026,22:10:14: Evaluating...
09/04/2026,22:10:15: 	Train Loss: 3757125.2500 (base: 321.1855, kd: 7513.6084), Elapsed: train 2.47 test 0.39
09/04/2026,22:10:15: 	Recall@10: 0.06511 Recall@20: 0.09377 NDCG@10: 0.03893 NDCG@20: 0.04679 
09/04/2026,22:10:15: 	Recall@10: 0.02683 Recall@20: 0.04305 NDCG@10: 0.01496 NDCG@20: 0.01930 
09/04/2026,22:10:15: Epoch [52/1000]
09/04/2026,22:10:15: Negative sampling...
09/04/2026,22:10:16: Model's personal time...
09/04/2026,22:10:16: Training...
09/04/2026,22:10:17: Evaluating...
09/04/2026,22:10:18: 	Train Loss: 3755114.0000 (base: 317.1197, kd: 7509.5942), Elapsed: train 2.55 test 0.42
09/04/2026,22:10:18: 	Recall@10: 0.06513 Recall@20: 0.09378 NDCG@10: 0.03891 NDCG@20: 0.04673 
09/04/2026,22:10:18: 	Recall@10: 0.02712 Recall@20: 0.04209 NDCG@10: 0.01494 NDCG@20: 0.01901 
09/04/2026,22:10:18: Epoch [53/1000]
09/04/2026,22:10:18: Negative sampling...
09/04/2026,22:10:19: Model's personal time...
09/04/2026,22:10:19: Training...
09/04/2026,22:10:20: Evaluating...
09/04/2026,22:10:21: 	Train Loss: 3754042.0000 (base: 314.1935, kd: 7507.4561), Elapsed: train 2.60 test 0.45
09/04/2026,22:10:21: 	Recall@10: 0.06549 Recall@20: 0.09280 NDCG@10: 0.03918 NDCG@20: 0.04672 
09/04/2026,22:10:21: 	Recall@10: 0.02731 Recall@20: 0.04213 NDCG@10: 0.01519 NDCG@20: 0.01919 
09/04/2026,22:10:21: Epoch [54/1000]
09/04/2026,22:10:21: Negative sampling...
09/04/2026,22:10:22: Model's personal time...
09/04/2026,22:10:22: Training...
09/04/2026,22:10:23: Evaluating...
09/04/2026,22:10:24: 	Train Loss: 3751348.7500 (base: 308.8705, kd: 7502.0801), Elapsed: train 2.58 test 0.43
09/04/2026,22:10:24: 	Recall@10: 0.06532 Recall@20: 0.09417 NDCG@10: 0.03890 NDCG@20: 0.04686 
09/04/2026,22:10:24: 	Recall@10: 0.02712 Recall@20: 0.04261 NDCG@10: 0.01499 NDCG@20: 0.01917 
09/04/2026,22:10:24: Epoch [55/1000]
09/04/2026,22:10:24: Negative sampling...
09/04/2026,22:10:25: Model's personal time...
09/04/2026,22:10:25: Training...
09/04/2026,22:10:26: Evaluating...
09/04/2026,22:10:27: 	Train Loss: 3750395.0000 (base: 302.7573, kd: 7500.1846), Elapsed: train 2.79 test 0.46
09/04/2026,22:10:27: 	Recall@10: 0.06504 Recall@20: 0.09370 NDCG@10: 0.03881 NDCG@20: 0.04670 
09/04/2026,22:10:27: 	Recall@10: 0.02717 Recall@20: 0.04223 NDCG@10: 0.01491 NDCG@20: 0.01900 
09/04/2026,22:10:27: Epoch [56/1000]
09/04/2026,22:10:27: Negative sampling...
09/04/2026,22:10:28: Model's personal time...
09/04/2026,22:10:28: Training...
09/04/2026,22:10:29: Evaluating...
09/04/2026,22:10:30: 	Train Loss: 3749091.5000 (base: 299.3497, kd: 7497.5840), Elapsed: train 2.52 test 0.42
09/04/2026,22:10:30: 	Recall@10: 0.06496 Recall@20: 0.09340 NDCG@10: 0.03867 NDCG@20: 0.04649 
09/04/2026,22:10:30: 	Recall@10: 0.02731 Recall@20: 0.04273 NDCG@10: 0.01502 NDCG@20: 0.01918 
09/04/2026,22:10:30: Epoch [57/1000]
09/04/2026,22:10:30: Negative sampling...
09/04/2026,22:10:31: Model's personal time...
09/04/2026,22:10:31: Training...
09/04/2026,22:10:32: Evaluating...
09/04/2026,22:10:33: 	Train Loss: 3747529.0000 (base: 299.8699, kd: 7494.4585), Elapsed: train 2.51 test 0.48
09/04/2026,22:10:33: 	Recall@10: 0.06457 Recall@20: 0.09453 NDCG@10: 0.03865 NDCG@20: 0.04692 
09/04/2026,22:10:33: 	Recall@10: 0.02693 Recall@20: 0.04239 NDCG@10: 0.01486 NDCG@20: 0.01904 
09/04/2026,22:10:33: Epoch [58/1000]
09/04/2026,22:10:33: Negative sampling...
09/04/2026,22:10:34: Model's personal time...
09/04/2026,22:10:35: Training...
09/04/2026,22:10:36: Evaluating...
09/04/2026,22:10:36: 	Train Loss: 3746526.0000 (base: 294.6137, kd: 7492.4629), Elapsed: train 2.83 test 0.41
09/04/2026,22:10:36: 	Recall@10: 0.06467 Recall@20: 0.09380 NDCG@10: 0.03877 NDCG@20: 0.04678 
09/04/2026,22:10:36: 	Recall@10: 0.02715 Recall@20: 0.04242 NDCG@10: 0.01489 NDCG@20: 0.01901 
09/04/2026,22:10:36: Epoch [59/1000]
09/04/2026,22:10:36: Negative sampling...
09/04/2026,22:10:37: Model's personal time...
09/04/2026,22:10:38: Training...
09/04/2026,22:10:39: Evaluating...
09/04/2026,22:10:39: 	Train Loss: 3743707.0000 (base: 288.8512, kd: 7486.8364), Elapsed: train 2.50 test 0.43
09/04/2026,22:10:39: 	Recall@10: 0.06541 Recall@20: 0.09343 NDCG@10: 0.03876 NDCG@20: 0.04649 
09/04/2026,22:10:39: 	Recall@10: 0.02611 Recall@20: 0.04276 NDCG@10: 0.01465 NDCG@20: 0.01914 
09/04/2026,22:10:39: Epoch [60/1000]
09/04/2026,22:10:39: Negative sampling...
09/04/2026,22:10:40: Model's personal time...
09/04/2026,22:10:40: Training...
09/04/2026,22:10:42: Evaluating...
09/04/2026,22:10:42: 	Train Loss: 3742784.0000 (base: 287.7198, kd: 7484.9927), Elapsed: train 2.56 test 0.40
09/04/2026,22:10:42: 	Recall@10: 0.06558 Recall@20: 0.09251 NDCG@10: 0.03903 NDCG@20: 0.04651 
09/04/2026,22:10:42: 	Recall@10: 0.02664 Recall@20: 0.04309 NDCG@10: 0.01486 NDCG@20: 0.01928 
09/04/2026,22:10:42: Epoch [61/1000]
09/04/2026,22:10:42: Negative sampling...
09/04/2026,22:10:43: Model's personal time...
09/04/2026,22:10:43: Training...
09/04/2026,22:10:45: Evaluating...
09/04/2026,22:10:45: 	Train Loss: 3740874.2500 (base: 280.4644, kd: 7481.1885), Elapsed: train 2.55 test 0.45
09/04/2026,22:10:45: 	Recall@10: 0.06476 Recall@20: 0.09302 NDCG@10: 0.03881 NDCG@20: 0.04668 
09/04/2026,22:10:45: 	Recall@10: 0.02648 Recall@20: 0.04284 NDCG@10: 0.01480 NDCG@20: 0.01922 
09/04/2026,22:10:45: Epoch [62/1000]
09/04/2026,22:10:45: Negative sampling...
09/04/2026,22:10:46: Model's personal time...
09/04/2026,22:10:46: Training...
09/04/2026,22:10:48: Evaluating...
09/04/2026,22:10:48: 	Train Loss: 3740143.2500 (base: 278.6202, kd: 7479.7295), Elapsed: train 2.57 test 0.50
09/04/2026,22:10:48: 	Recall@10: 0.06410 Recall@20: 0.09347 NDCG@10: 0.03871 NDCG@20: 0.04680 
09/04/2026,22:10:48: 	Recall@10: 0.02667 Recall@20: 0.04324 NDCG@10: 0.01482 NDCG@20: 0.01931 
09/04/2026,22:10:48: Epoch [63/1000]
09/04/2026,22:10:48: Negative sampling...
09/04/2026,22:10:49: Model's personal time...
09/04/2026,22:10:50: Training...
09/04/2026,22:10:51: Evaluating...
09/04/2026,22:10:51: 	Train Loss: 3738859.0000 (base: 277.0463, kd: 7477.1646), Elapsed: train 2.71 test 0.40
09/04/2026,22:10:51: 	Recall@10: 0.06471 Recall@20: 0.09364 NDCG@10: 0.03887 NDCG@20: 0.04687 
09/04/2026,22:10:51: 	Recall@10: 0.02639 Recall@20: 0.04295 NDCG@10: 0.01468 NDCG@20: 0.01919 
09/04/2026,22:10:51: Epoch [64/1000]
09/04/2026,22:10:51: Negative sampling...
09/04/2026,22:10:53: Model's personal time...
09/04/2026,22:10:53: Training...
09/04/2026,22:10:54: Evaluating...
09/04/2026,22:10:55: 	Train Loss: 3738785.2500 (base: 271.8003, kd: 7477.0273), Elapsed: train 2.96 test 0.49
09/04/2026,22:10:55: 	Recall@10: 0.06488 Recall@20: 0.09367 NDCG@10: 0.03890 NDCG@20: 0.04689 
09/04/2026,22:10:55: 	Recall@10: 0.02639 Recall@20: 0.04250 NDCG@10: 0.01467 NDCG@20: 0.01903 
09/04/2026,22:10:55: Epoch [65/1000]
09/04/2026,22:10:55: Negative sampling...
09/04/2026,22:10:56: Model's personal time...
09/04/2026,22:10:56: Training...
09/04/2026,22:10:57: Evaluating...
09/04/2026,22:10:58: 	Train Loss: 3736225.2500 (base: 270.9977, kd: 7471.9087), Elapsed: train 2.55 test 0.47
09/04/2026,22:10:58: 	Recall@10: 0.06468 Recall@20: 0.09347 NDCG@10: 0.03884 NDCG@20: 0.04680 
09/04/2026,22:10:58: 	Recall@10: 0.02658 Recall@20: 0.04294 NDCG@10: 0.01468 NDCG@20: 0.01911 
09/04/2026,22:10:58: Epoch [66/1000]
09/04/2026,22:10:58: Negative sampling...
09/04/2026,22:10:59: Model's personal time...
09/04/2026,22:10:59: Training...
09/04/2026,22:11:00: Evaluating...
09/04/2026,22:11:01: 	Train Loss: 3735481.7500 (base: 266.2789, kd: 7470.4312), Elapsed: train 2.61 test 0.50
09/04/2026,22:11:01: 	Recall@10: 0.06520 Recall@20: 0.09332 NDCG@10: 0.03896 NDCG@20: 0.04673 
09/04/2026,22:11:01: 	Recall@10: 0.02619 Recall@20: 0.04277 NDCG@10: 0.01460 NDCG@20: 0.01909 
09/04/2026,22:11:01: Epoch [67/1000]
09/04/2026,22:11:01: Negative sampling...
09/04/2026,22:11:02: Model's personal time...
09/04/2026,22:11:02: Training...
09/04/2026,22:11:03: Evaluating...
09/04/2026,22:11:04: 	Train Loss: 3735070.5000 (base: 264.2034, kd: 7469.6123), Elapsed: train 2.77 test 0.53
09/04/2026,22:11:04: 	Recall@10: 0.06544 Recall@20: 0.09333 NDCG@10: 0.03911 NDCG@20: 0.04683 
09/04/2026,22:11:04: 	Recall@10: 0.02639 Recall@20: 0.04202 NDCG@10: 0.01459 NDCG@20: 0.01885 
09/04/2026,22:11:04: Epoch [68/1000]
09/04/2026,22:11:04: Negative sampling...
09/04/2026,22:11:05: Model's personal time...
09/04/2026,22:11:06: Training...
09/04/2026,22:11:07: Evaluating...
09/04/2026,22:11:07: 	Train Loss: 3733329.5000 (base: 262.0366, kd: 7466.1353), Elapsed: train 2.80 test 0.50
09/04/2026,22:11:07: 	Recall@10: 0.06577 Recall@20: 0.09360 NDCG@10: 0.03927 NDCG@20: 0.04696 
09/04/2026,22:11:07: 	Recall@10: 0.02677 Recall@20: 0.04293 NDCG@10: 0.01471 NDCG@20: 0.01910 
09/04/2026,22:11:07: Epoch [69/1000]
09/04/2026,22:11:07: Negative sampling...
09/04/2026,22:11:09: Model's personal time...
09/04/2026,22:11:09: Training...
09/04/2026,22:11:10: Evaluating...
09/04/2026,22:11:10: 	Train Loss: 3733678.2500 (base: 260.2325, kd: 7466.8359), Elapsed: train 2.70 test 0.43 *
09/04/2026,22:11:10: 	Recall@10: 0.06554 Recall@20: 0.09338 NDCG@10: 0.03926 NDCG@20: 0.04701 
09/04/2026,22:11:10: 	Recall@10: 0.02645 Recall@20: 0.04328 NDCG@10: 0.01483 NDCG@20: 0.01938 
09/04/2026,22:11:10: Epoch [70/1000]
09/04/2026,22:11:10: Negative sampling...
09/04/2026,22:11:12: Model's personal time...
09/04/2026,22:11:12: Training...
09/04/2026,22:11:13: Evaluating...
09/04/2026,22:11:13: 	Train Loss: 3731694.2500 (base: 257.8369, kd: 7462.8721), Elapsed: train 2.50 test 0.46 *
09/04/2026,22:11:13: 	Recall@10: 0.06585 Recall@20: 0.09359 NDCG@10: 0.03936 NDCG@20: 0.04703 
09/04/2026,22:11:13: 	Recall@10: 0.02735 Recall@20: 0.04285 NDCG@10: 0.01499 NDCG@20: 0.01916 
09/04/2026,22:11:13: Epoch [71/1000]
09/04/2026,22:11:13: Negative sampling...
09/04/2026,22:11:15: Model's personal time...
09/04/2026,22:11:15: Training...
09/04/2026,22:11:16: Evaluating...
09/04/2026,22:11:17: 	Train Loss: 3730693.5000 (base: 254.5218, kd: 7460.8774), Elapsed: train 2.69 test 0.40 *
09/04/2026,22:11:17: 	Recall@10: 0.06629 Recall@20: 0.09447 NDCG@10: 0.03950 NDCG@20: 0.04729 
09/04/2026,22:11:17: 	Recall@10: 0.02697 Recall@20: 0.04333 NDCG@10: 0.01494 NDCG@20: 0.01934 
09/04/2026,22:11:17: Epoch [72/1000]
09/04/2026,22:11:17: Negative sampling...
09/04/2026,22:11:18: Model's personal time...
09/04/2026,22:11:18: Training...
09/04/2026,22:11:19: Evaluating...
09/04/2026,22:11:20: 	Train Loss: 3730727.7500 (base: 254.7201, kd: 7460.9458), Elapsed: train 2.59 test 0.41 *
09/04/2026,22:11:20: 	Recall@10: 0.06568 Recall@20: 0.09406 NDCG@10: 0.03956 NDCG@20: 0.04738 
09/04/2026,22:11:20: 	Recall@10: 0.02716 Recall@20: 0.04325 NDCG@10: 0.01501 NDCG@20: 0.01935 
09/04/2026,22:11:20: Epoch [73/1000]
09/04/2026,22:11:20: Negative sampling...
09/04/2026,22:11:21: Model's personal time...
09/04/2026,22:11:21: Training...
09/04/2026,22:11:22: Evaluating...
09/04/2026,22:11:23: 	Train Loss: 3729748.2500 (base: 251.1918, kd: 7458.9941), Elapsed: train 2.77 test 0.49
09/04/2026,22:11:23: 	Recall@10: 0.06561 Recall@20: 0.09376 NDCG@10: 0.03953 NDCG@20: 0.04726 
09/04/2026,22:11:23: 	Recall@10: 0.02671 Recall@20: 0.04308 NDCG@10: 0.01491 NDCG@20: 0.01934 
09/04/2026,22:11:23: Epoch [74/1000]
09/04/2026,22:11:23: Negative sampling...
09/04/2026,22:11:24: Model's personal time...
09/04/2026,22:11:24: Training...
09/04/2026,22:11:25: Evaluating...
09/04/2026,22:11:26: 	Train Loss: 3728199.7500 (base: 249.1120, kd: 7455.9009), Elapsed: train 2.56 test 0.45
09/04/2026,22:11:26: 	Recall@10: 0.06590 Recall@20: 0.09344 NDCG@10: 0.03942 NDCG@20: 0.04701 
09/04/2026,22:11:26: 	Recall@10: 0.02735 Recall@20: 0.04269 NDCG@10: 0.01509 NDCG@20: 0.01925 
09/04/2026,22:11:26: Epoch [75/1000]
09/04/2026,22:11:26: Negative sampling...
09/04/2026,22:11:27: Model's personal time...
09/04/2026,22:11:27: Training...
09/04/2026,22:11:28: Evaluating...
09/04/2026,22:11:29: 	Train Loss: 3727122.5000 (base: 245.1289, kd: 7453.7549), Elapsed: train 2.66 test 0.45
09/04/2026,22:11:29: 	Recall@10: 0.06642 Recall@20: 0.09284 NDCG@10: 0.03982 NDCG@20: 0.04715 
09/04/2026,22:11:29: 	Recall@10: 0.02734 Recall@20: 0.04273 NDCG@10: 0.01499 NDCG@20: 0.01918 
09/04/2026,22:11:29: Epoch [76/1000]
09/04/2026,22:11:29: Negative sampling...
09/04/2026,22:11:30: Model's personal time...
09/04/2026,22:11:30: Training...
09/04/2026,22:11:32: Evaluating...
09/04/2026,22:11:32: 	Train Loss: 3726882.0000 (base: 245.1942, kd: 7453.2739), Elapsed: train 2.71 test 0.39
09/04/2026,22:11:32: 	Recall@10: 0.06525 Recall@20: 0.09330 NDCG@10: 0.03929 NDCG@20: 0.04705 
09/04/2026,22:11:32: 	Recall@10: 0.02601 Recall@20: 0.04233 NDCG@10: 0.01468 NDCG@20: 0.01914 
09/04/2026,22:11:32: Epoch [77/1000]
09/04/2026,22:11:32: Negative sampling...
09/04/2026,22:11:33: Model's personal time...
09/04/2026,22:11:33: Training...
09/04/2026,22:11:35: Evaluating...
09/04/2026,22:11:35: 	Train Loss: 3726056.0000 (base: 242.6723, kd: 7451.6274), Elapsed: train 2.52 test 0.50
09/04/2026,22:11:35: 	Recall@10: 0.06521 Recall@20: 0.09465 NDCG@10: 0.03907 NDCG@20: 0.04710 
09/04/2026,22:11:35: 	Recall@10: 0.02673 Recall@20: 0.04271 NDCG@10: 0.01487 NDCG@20: 0.01920 
09/04/2026,22:11:35: Epoch [78/1000]
09/04/2026,22:11:35: Negative sampling...
09/04/2026,22:11:36: Model's personal time...
09/04/2026,22:11:37: Training...
09/04/2026,22:11:38: Evaluating...
09/04/2026,22:11:38: 	Train Loss: 3726485.5000 (base: 239.7646, kd: 7452.4907), Elapsed: train 2.61 test 0.50
09/04/2026,22:11:38: 	Recall@10: 0.06625 Recall@20: 0.09398 NDCG@10: 0.03971 NDCG@20: 0.04731 
09/04/2026,22:11:38: 	Recall@10: 0.02630 Recall@20: 0.04348 NDCG@10: 0.01480 NDCG@20: 0.01941 
09/04/2026,22:11:38: Epoch [79/1000]
09/04/2026,22:11:38: Negative sampling...
09/04/2026,22:11:40: Model's personal time...
09/04/2026,22:11:40: Training...
09/04/2026,22:11:41: Evaluating...
09/04/2026,22:11:41: 	Train Loss: 3724957.0000 (base: 238.0567, kd: 7449.4380), Elapsed: train 2.87 test 0.43
09/04/2026,22:11:41: 	Recall@10: 0.06563 Recall@20: 0.09413 NDCG@10: 0.03939 NDCG@20: 0.04725 
09/04/2026,22:11:41: 	Recall@10: 0.02635 Recall@20: 0.04213 NDCG@10: 0.01477 NDCG@20: 0.01906 
09/04/2026,22:11:41: Epoch [80/1000]
09/04/2026,22:11:41: Negative sampling...
09/04/2026,22:11:43: Model's personal time...
09/04/2026,22:11:43: Training...
09/04/2026,22:11:45: Evaluating...
09/04/2026,22:11:45: 	Train Loss: 3725278.0000 (base: 234.8643, kd: 7450.0864), Elapsed: train 3.11 test 0.50
09/04/2026,22:11:45: 	Recall@10: 0.06617 Recall@20: 0.09414 NDCG@10: 0.03950 NDCG@20: 0.04716 
09/04/2026,22:11:45: 	Recall@10: 0.02616 Recall@20: 0.04252 NDCG@10: 0.01473 NDCG@20: 0.01915 
09/04/2026,22:11:45: Epoch [81/1000]
09/04/2026,22:11:45: Negative sampling...
09/04/2026,22:11:46: Model's personal time...
09/04/2026,22:11:47: Training...
09/04/2026,22:11:48: Evaluating...
09/04/2026,22:11:48: 	Train Loss: 3723701.5000 (base: 233.4990, kd: 7446.9360), Elapsed: train 2.70 test 0.42 *
09/04/2026,22:11:48: 	Recall@10: 0.06486 Recall@20: 0.09462 NDCG@10: 0.03928 NDCG@20: 0.04747 
09/04/2026,22:11:48: 	Recall@10: 0.02625 Recall@20: 0.04280 NDCG@10: 0.01473 NDCG@20: 0.01919 
09/04/2026,22:11:48: Epoch [82/1000]
09/04/2026,22:11:48: Negative sampling...
09/04/2026,22:11:50: Model's personal time...
09/04/2026,22:11:50: Training...
09/04/2026,22:11:51: Evaluating...
09/04/2026,22:11:51: 	Train Loss: 3722125.0000 (base: 232.0914, kd: 7443.7856), Elapsed: train 2.64 test 0.46
09/04/2026,22:11:51: 	Recall@10: 0.06452 Recall@20: 0.09474 NDCG@10: 0.03910 NDCG@20: 0.04737 
09/04/2026,22:11:51: 	Recall@10: 0.02654 Recall@20: 0.04255 NDCG@10: 0.01484 NDCG@20: 0.01916 
09/04/2026,22:11:51: Epoch [83/1000]
09/04/2026,22:11:51: Negative sampling...
09/04/2026,22:11:53: Model's personal time...
09/04/2026,22:11:53: Training...
09/04/2026,22:11:54: Evaluating...
09/04/2026,22:11:54: 	Train Loss: 3721923.2500 (base: 229.4711, kd: 7443.3877), Elapsed: train 2.74 test 0.51
09/04/2026,22:11:54: 	Recall@10: 0.06489 Recall@20: 0.09479 NDCG@10: 0.03901 NDCG@20: 0.04722 
09/04/2026,22:11:54: 	Recall@10: 0.02634 Recall@20: 0.04223 NDCG@10: 0.01475 NDCG@20: 0.01908 
09/04/2026,22:11:54: Epoch [84/1000]
09/04/2026,22:11:54: Negative sampling...
09/04/2026,22:11:56: Model's personal time...
09/04/2026,22:11:56: Training...
09/04/2026,22:11:57: Evaluating...
09/04/2026,22:11:58: 	Train Loss: 3721829.7500 (base: 225.5283, kd: 7443.2085), Elapsed: train 2.76 test 0.48 *
09/04/2026,22:11:58: 	Recall@10: 0.06528 Recall@20: 0.09479 NDCG@10: 0.03944 NDCG@20: 0.04751 
09/04/2026,22:11:58: 	Recall@10: 0.02684 Recall@20: 0.04306 NDCG@10: 0.01488 NDCG@20: 0.01925 
09/04/2026,22:11:58: Epoch [85/1000]
09/04/2026,22:11:58: Negative sampling...
09/04/2026,22:11:59: Model's personal time...
09/04/2026,22:11:59: Training...
09/04/2026,22:12:00: Evaluating...
09/04/2026,22:12:01: 	Train Loss: 3721691.7500 (base: 224.1047, kd: 7442.9355), Elapsed: train 2.71 test 0.46
09/04/2026,22:12:01: 	Recall@10: 0.06567 Recall@20: 0.09454 NDCG@10: 0.03955 NDCG@20: 0.04741 
09/04/2026,22:12:01: 	Recall@10: 0.02651 Recall@20: 0.04264 NDCG@10: 0.01488 NDCG@20: 0.01923 
09/04/2026,22:12:01: Epoch [86/1000]
09/04/2026,22:12:01: Negative sampling...
09/04/2026,22:12:02: Model's personal time...
09/04/2026,22:12:02: Training...
09/04/2026,22:12:04: Evaluating...
09/04/2026,22:12:04: 	Train Loss: 3720134.5000 (base: 221.7912, kd: 7439.8262), Elapsed: train 2.82 test 0.52
09/04/2026,22:12:04: 	Recall@10: 0.06619 Recall@20: 0.09473 NDCG@10: 0.03964 NDCG@20: 0.04743 
09/04/2026,22:12:04: 	Recall@10: 0.02591 Recall@20: 0.04255 NDCG@10: 0.01464 NDCG@20: 0.01920 
09/04/2026,22:12:04: Epoch [87/1000]
09/04/2026,22:12:04: Negative sampling...
09/04/2026,22:12:06: Model's personal time...
09/04/2026,22:12:06: Training...
09/04/2026,22:12:07: Evaluating...
09/04/2026,22:12:08: 	Train Loss: 3721069.0000 (base: 220.1862, kd: 7441.6982), Elapsed: train 3.09 test 0.41
09/04/2026,22:12:08: 	Recall@10: 0.06615 Recall@20: 0.09489 NDCG@10: 0.03957 NDCG@20: 0.04739 
09/04/2026,22:12:08: 	Recall@10: 0.02615 Recall@20: 0.04230 NDCG@10: 0.01476 NDCG@20: 0.01916 
09/04/2026,22:12:08: Epoch [88/1000]
09/04/2026,22:12:08: Negative sampling...
09/04/2026,22:12:09: Model's personal time...
09/04/2026,22:12:09: Training...
09/04/2026,22:12:10: Evaluating...
09/04/2026,22:12:11: 	Train Loss: 3720242.5000 (base: 222.8918, kd: 7440.0396), Elapsed: train 2.65 test 0.50 *
09/04/2026,22:12:11: 	Recall@10: 0.06522 Recall@20: 0.09481 NDCG@10: 0.03947 NDCG@20: 0.04757 
09/04/2026,22:12:11: 	Recall@10: 0.02588 Recall@20: 0.04266 NDCG@10: 0.01476 NDCG@20: 0.01928 
09/04/2026,22:12:11: Epoch [89/1000]
09/04/2026,22:12:11: Negative sampling...
09/04/2026,22:12:12: Model's personal time...
09/04/2026,22:12:13: Training...
09/04/2026,22:12:14: Evaluating...
09/04/2026,22:12:14: 	Train Loss: 3718122.0000 (base: 220.5167, kd: 7435.8032), Elapsed: train 2.80 test 0.53
09/04/2026,22:12:14: 	Recall@10: 0.06637 Recall@20: 0.09501 NDCG@10: 0.03970 NDCG@20: 0.04748 
09/04/2026,22:12:14: 	Recall@10: 0.02659 Recall@20: 0.04336 NDCG@10: 0.01478 NDCG@20: 0.01927 
09/04/2026,22:12:14: Epoch [90/1000]
09/04/2026,22:12:14: Negative sampling...
09/04/2026,22:12:16: Model's personal time...
09/04/2026,22:12:16: Training...
09/04/2026,22:12:17: Evaluating...
09/04/2026,22:12:18: 	Train Loss: 3718326.2500 (base: 216.0133, kd: 7436.2207), Elapsed: train 3.00 test 0.49
09/04/2026,22:12:18: 	Recall@10: 0.06523 Recall@20: 0.09418 NDCG@10: 0.03950 NDCG@20: 0.04745 
09/04/2026,22:12:18: 	Recall@10: 0.02607 Recall@20: 0.04330 NDCG@10: 0.01467 NDCG@20: 0.01933 
09/04/2026,22:12:18: Epoch [91/1000]
09/04/2026,22:12:18: Negative sampling...
09/04/2026,22:12:19: Model's personal time...
09/04/2026,22:12:19: Training...
09/04/2026,22:12:20: Evaluating...
09/04/2026,22:12:21: 	Train Loss: 3718914.0000 (base: 216.6524, kd: 7437.3945), Elapsed: train 2.73 test 0.54
09/04/2026,22:12:21: 	Recall@10: 0.06522 Recall@20: 0.09439 NDCG@10: 0.03917 NDCG@20: 0.04721 
09/04/2026,22:12:21: 	Recall@10: 0.02620 Recall@20: 0.04292 NDCG@10: 0.01481 NDCG@20: 0.01931 
09/04/2026,22:12:21: Epoch [92/1000]
09/04/2026,22:12:21: Negative sampling...
09/04/2026,22:12:22: Model's personal time...
09/04/2026,22:12:23: Training...
09/04/2026,22:12:24: Evaluating...
09/04/2026,22:12:24: 	Train Loss: 3717854.0000 (base: 214.4489, kd: 7435.2793), Elapsed: train 2.76 test 0.46
09/04/2026,22:12:24: 	Recall@10: 0.06521 Recall@20: 0.09484 NDCG@10: 0.03932 NDCG@20: 0.04741 
09/04/2026,22:12:24: 	Recall@10: 0.02644 Recall@20: 0.04266 NDCG@10: 0.01487 NDCG@20: 0.01923 
09/04/2026,22:12:24: Epoch [93/1000]
09/04/2026,22:12:24: Negative sampling...
09/04/2026,22:12:26: Model's personal time...
09/04/2026,22:12:26: Training...
09/04/2026,22:12:27: Evaluating...
09/04/2026,22:12:27: 	Train Loss: 3717373.7500 (base: 209.2229, kd: 7434.3291), Elapsed: train 2.65 test 0.55 *
09/04/2026,22:12:27: 	Recall@10: 0.06574 Recall@20: 0.09546 NDCG@10: 0.03961 NDCG@20: 0.04772 
09/04/2026,22:12:27: 	Recall@10: 0.02611 Recall@20: 0.04250 NDCG@10: 0.01480 NDCG@20: 0.01923 
09/04/2026,22:12:27: Epoch [94/1000]
09/04/2026,22:12:27: Negative sampling...
09/04/2026,22:12:29: Model's personal time...
09/04/2026,22:12:29: Training...
09/04/2026,22:12:30: Evaluating...
09/04/2026,22:12:30: 	Train Loss: 3716850.5000 (base: 209.1559, kd: 7433.2832), Elapsed: train 2.61 test 0.40 *
09/04/2026,22:12:30: 	Recall@10: 0.06607 Recall@20: 0.09555 NDCG@10: 0.03986 NDCG@20: 0.04790 
09/04/2026,22:12:30: 	Recall@10: 0.02659 Recall@20: 0.04269 NDCG@10: 0.01500 NDCG@20: 0.01936 
09/04/2026,22:12:30: Epoch [95/1000]
09/04/2026,22:12:30: Negative sampling...
09/04/2026,22:12:32: Model's personal time...
09/04/2026,22:12:32: Training...
09/04/2026,22:12:33: Evaluating...
09/04/2026,22:12:34: 	Train Loss: 3715508.2500 (base: 207.9868, kd: 7430.6001), Elapsed: train 2.73 test 0.41
09/04/2026,22:12:34: 	Recall@10: 0.06477 Recall@20: 0.09528 NDCG@10: 0.03934 NDCG@20: 0.04770 
09/04/2026,22:12:34: 	Recall@10: 0.02706 Recall@20: 0.04219 NDCG@10: 0.01507 NDCG@20: 0.01918 
09/04/2026,22:12:34: Epoch [96/1000]
09/04/2026,22:12:34: Negative sampling...
09/04/2026,22:12:35: Model's personal time...
09/04/2026,22:12:35: Training...
09/04/2026,22:12:36: Evaluating...
09/04/2026,22:12:36: 	Train Loss: 3715586.0000 (base: 203.6638, kd: 7430.7646), Elapsed: train 2.51 test 0.40
09/04/2026,22:12:36: 	Recall@10: 0.06550 Recall@20: 0.09514 NDCG@10: 0.03933 NDCG@20: 0.04742 
09/04/2026,22:12:36: 	Recall@10: 0.02674 Recall@20: 0.04276 NDCG@10: 0.01502 NDCG@20: 0.01936 
09/04/2026,22:12:36: Epoch [97/1000]
09/04/2026,22:12:36: Negative sampling...
09/04/2026,22:12:38: Model's personal time...
09/04/2026,22:12:38: Training...
09/04/2026,22:12:39: Evaluating...
09/04/2026,22:12:40: 	Train Loss: 3716364.2500 (base: 208.0322, kd: 7432.3130), Elapsed: train 2.95 test 0.47
09/04/2026,22:12:40: 	Recall@10: 0.06557 Recall@20: 0.09539 NDCG@10: 0.03941 NDCG@20: 0.04755 
09/04/2026,22:12:40: 	Recall@10: 0.02684 Recall@20: 0.04283 NDCG@10: 0.01504 NDCG@20: 0.01937 
09/04/2026,22:12:40: Epoch [98/1000]
09/04/2026,22:12:40: Negative sampling...
09/04/2026,22:12:41: Model's personal time...
09/04/2026,22:12:41: Training...
09/04/2026,22:12:43: Evaluating...
09/04/2026,22:12:43: 	Train Loss: 3715296.5000 (base: 206.4695, kd: 7430.1802), Elapsed: train 2.68 test 0.41
09/04/2026,22:12:43: 	Recall@10: 0.06554 Recall@20: 0.09583 NDCG@10: 0.03939 NDCG@20: 0.04769 
09/04/2026,22:12:43: 	Recall@10: 0.02702 Recall@20: 0.04202 NDCG@10: 0.01512 NDCG@20: 0.01918 
09/04/2026,22:12:43: Epoch [99/1000]
09/04/2026,22:12:43: Negative sampling...
09/04/2026,22:12:44: Model's personal time...
09/04/2026,22:12:44: Training...
09/04/2026,22:12:46: Evaluating...
09/04/2026,22:12:46: 	Train Loss: 3713841.0000 (base: 202.5765, kd: 7427.2773), Elapsed: train 2.51 test 0.40
09/04/2026,22:12:46: 	Recall@10: 0.06491 Recall@20: 0.09512 NDCG@10: 0.03926 NDCG@20: 0.04759 
09/04/2026,22:12:46: 	Recall@10: 0.02674 Recall@20: 0.04228 NDCG@10: 0.01510 NDCG@20: 0.01933 
09/04/2026,22:12:46: Epoch [100/1000]
09/04/2026,22:12:46: Negative sampling...
09/04/2026,22:12:47: Model's personal time...
09/04/2026,22:12:47: Training...
09/04/2026,22:12:48: Evaluating...
09/04/2026,22:12:49: 	Train Loss: 3714360.0000 (base: 201.4535, kd: 7428.3174), Elapsed: train 2.52 test 0.48
09/04/2026,22:12:49: 	Recall@10: 0.06542 Recall@20: 0.09529 NDCG@10: 0.03943 NDCG@20: 0.04767 
09/04/2026,22:12:49: 	Recall@10: 0.02679 Recall@20: 0.04250 NDCG@10: 0.01513 NDCG@20: 0.01937 
09/04/2026,22:12:49: Epoch [101/1000]
09/04/2026,22:12:49: Negative sampling...
09/04/2026,22:12:51: Model's personal time...
09/04/2026,22:12:51: Training...
09/04/2026,22:12:52: Evaluating...
09/04/2026,22:12:52: 	Train Loss: 3714901.2500 (base: 199.2098, kd: 7429.4033), Elapsed: train 2.79 test 0.42
09/04/2026,22:12:52: 	Recall@10: 0.06512 Recall@20: 0.09506 NDCG@10: 0.03928 NDCG@20: 0.04754 
09/04/2026,22:12:52: 	Recall@10: 0.02727 Recall@20: 0.04205 NDCG@10: 0.01528 NDCG@20: 0.01929 
09/04/2026,22:12:52: Epoch [102/1000]
09/04/2026,22:12:52: Negative sampling...
09/04/2026,22:12:54: Model's personal time...
09/04/2026,22:12:54: Training...
09/04/2026,22:12:55: Evaluating...
09/04/2026,22:12:55: 	Train Loss: 3713103.2500 (base: 202.4723, kd: 7425.8013), Elapsed: train 2.84 test 0.41
09/04/2026,22:12:55: 	Recall@10: 0.06438 Recall@20: 0.09525 NDCG@10: 0.03909 NDCG@20: 0.04758 
09/04/2026,22:12:55: 	Recall@10: 0.02690 Recall@20: 0.04238 NDCG@10: 0.01510 NDCG@20: 0.01931 
09/04/2026,22:12:55: Epoch [103/1000]
09/04/2026,22:12:55: Negative sampling...
09/04/2026,22:12:57: Model's personal time...
09/04/2026,22:12:57: Training...
09/04/2026,22:12:58: Evaluating...
09/04/2026,22:12:58: 	Train Loss: 3714509.0000 (base: 200.0371, kd: 7428.6187), Elapsed: train 2.49 test 0.41
09/04/2026,22:12:58: 	Recall@10: 0.06453 Recall@20: 0.09594 NDCG@10: 0.03904 NDCG@20: 0.04770 
09/04/2026,22:12:58: 	Recall@10: 0.02693 Recall@20: 0.04272 NDCG@10: 0.01512 NDCG@20: 0.01939 
09/04/2026,22:12:58: Epoch [104/1000]
09/04/2026,22:12:58: Negative sampling...
09/04/2026,22:13:00: Model's personal time...
09/04/2026,22:13:00: Training...
09/04/2026,22:13:01: Evaluating...
09/04/2026,22:13:01: 	Train Loss: 3712754.7500 (base: 194.9504, kd: 7425.1196), Elapsed: train 2.45 test 0.40
09/04/2026,22:13:01: 	Recall@10: 0.06541 Recall@20: 0.09574 NDCG@10: 0.03929 NDCG@20: 0.04766 
09/04/2026,22:13:01: 	Recall@10: 0.02687 Recall@20: 0.04192 NDCG@10: 0.01499 NDCG@20: 0.01909 
09/04/2026,22:13:01: Epoch [105/1000]
09/04/2026,22:13:01: Negative sampling...
09/04/2026,22:13:02: Model's personal time...
09/04/2026,22:13:03: Training...
09/04/2026,22:13:04: Evaluating...
09/04/2026,22:13:04: 	Train Loss: 3712713.5000 (base: 194.1248, kd: 7425.0381), Elapsed: train 2.45 test 0.41
09/04/2026,22:13:04: 	Recall@10: 0.06544 Recall@20: 0.09559 NDCG@10: 0.03909 NDCG@20: 0.04743 
09/04/2026,22:13:04: 	Recall@10: 0.02725 Recall@20: 0.04230 NDCG@10: 0.01527 NDCG@20: 0.01932 
09/04/2026,22:13:04: Epoch [106/1000]
09/04/2026,22:13:04: Negative sampling...
09/04/2026,22:13:05: Model's personal time...
09/04/2026,22:13:05: Training...
09/04/2026,22:13:07: Evaluating...
09/04/2026,22:13:07: 	Train Loss: 3713295.2500 (base: 195.3762, kd: 7426.2002), Elapsed: train 2.51 test 0.41
09/04/2026,22:13:07: 	Recall@10: 0.06563 Recall@20: 0.09627 NDCG@10: 0.03923 NDCG@20: 0.04763 
09/04/2026,22:13:07: 	Recall@10: 0.02698 Recall@20: 0.04185 NDCG@10: 0.01519 NDCG@20: 0.01920 
09/04/2026,22:13:07: Epoch [107/1000]
09/04/2026,22:13:07: Negative sampling...
09/04/2026,22:13:08: Model's personal time...
09/04/2026,22:13:08: Training...
09/04/2026,22:13:09: Evaluating...
09/04/2026,22:13:10: 	Train Loss: 3711834.0000 (base: 194.9896, kd: 7423.2778), Elapsed: train 2.48 test 0.44
09/04/2026,22:13:10: 	Recall@10: 0.06564 Recall@20: 0.09535 NDCG@10: 0.03915 NDCG@20: 0.04738 
09/04/2026,22:13:10: 	Recall@10: 0.02654 Recall@20: 0.04217 NDCG@10: 0.01502 NDCG@20: 0.01924 
09/04/2026,22:13:10: Epoch [108/1000]
09/04/2026,22:13:10: Negative sampling...
09/04/2026,22:13:11: Model's personal time...
09/04/2026,22:13:11: Training...
09/04/2026,22:13:13: Evaluating...
09/04/2026,22:13:13: 	Train Loss: 3712170.0000 (base: 195.9297, kd: 7423.9487), Elapsed: train 2.75 test 0.51
09/04/2026,22:13:13: 	Recall@10: 0.06549 Recall@20: 0.09570 NDCG@10: 0.03923 NDCG@20: 0.04758 
09/04/2026,22:13:13: 	Recall@10: 0.02650 Recall@20: 0.04195 NDCG@10: 0.01511 NDCG@20: 0.01928 
09/04/2026,22:13:13: Epoch [109/1000]
09/04/2026,22:13:13: Negative sampling...
09/04/2026,22:13:15: Model's personal time...
09/04/2026,22:13:15: Training...
09/04/2026,22:13:16: Evaluating...
09/04/2026,22:13:17: 	Train Loss: 3712394.7500 (base: 191.4893, kd: 7424.4062), Elapsed: train 2.97 test 0.46
09/04/2026,22:13:17: 	Recall@10: 0.06570 Recall@20: 0.09631 NDCG@10: 0.03941 NDCG@20: 0.04783 
09/04/2026,22:13:17: 	Recall@10: 0.02701 Recall@20: 0.04207 NDCG@10: 0.01522 NDCG@20: 0.01927 
09/04/2026,22:13:17: Epoch [110/1000]
09/04/2026,22:13:17: Negative sampling...
09/04/2026,22:13:18: Model's personal time...
09/04/2026,22:13:18: Training...
09/04/2026,22:13:19: Evaluating...
09/04/2026,22:13:20: 	Train Loss: 3710898.7500 (base: 192.7435, kd: 7421.4126), Elapsed: train 2.66 test 0.44
09/04/2026,22:13:20: 	Recall@10: 0.06542 Recall@20: 0.09677 NDCG@10: 0.03918 NDCG@20: 0.04781 
09/04/2026,22:13:20: 	Recall@10: 0.02663 Recall@20: 0.04226 NDCG@10: 0.01512 NDCG@20: 0.01936 
09/04/2026,22:13:20: Epoch [111/1000]
09/04/2026,22:13:20: Negative sampling...
09/04/2026,22:13:21: Model's personal time...
09/04/2026,22:13:21: Training...
09/04/2026,22:13:22: Evaluating...
09/04/2026,22:13:23: 	Train Loss: 3710770.2500 (base: 191.3809, kd: 7421.1582), Elapsed: train 2.56 test 0.40
09/04/2026,22:13:23: 	Recall@10: 0.06584 Recall@20: 0.09684 NDCG@10: 0.03913 NDCG@20: 0.04770 
09/04/2026,22:13:23: 	Recall@10: 0.02663 Recall@20: 0.04237 NDCG@10: 0.01506 NDCG@20: 0.01931 
09/04/2026,22:13:23: Epoch [112/1000]
09/04/2026,22:13:23: Negative sampling...
09/04/2026,22:13:24: Model's personal time...
09/04/2026,22:13:24: Training...
09/04/2026,22:13:25: Evaluating...
09/04/2026,22:13:26: 	Train Loss: 3710842.7500 (base: 189.5963, kd: 7421.3062), Elapsed: train 2.70 test 0.40
09/04/2026,22:13:26: 	Recall@10: 0.06589 Recall@20: 0.09613 NDCG@10: 0.03928 NDCG@20: 0.04763 
09/04/2026,22:13:26: 	Recall@10: 0.02708 Recall@20: 0.04263 NDCG@10: 0.01513 NDCG@20: 0.01929 
09/04/2026,22:13:26: Epoch [113/1000]
09/04/2026,22:13:26: Negative sampling...
09/04/2026,22:13:27: Model's personal time...
09/04/2026,22:13:27: Training...
09/04/2026,22:13:28: Evaluating...
09/04/2026,22:13:29: 	Train Loss: 3709303.5000 (base: 187.7670, kd: 7418.2319), Elapsed: train 2.74 test 0.46
09/04/2026,22:13:29: 	Recall@10: 0.06697 Recall@20: 0.09573 NDCG@10: 0.03956 NDCG@20: 0.04749 
09/04/2026,22:13:29: 	Recall@10: 0.02698 Recall@20: 0.04287 NDCG@10: 0.01509 NDCG@20: 0.01939 
09/04/2026,22:13:29: Epoch [114/1000]
09/04/2026,22:13:29: Negative sampling...
09/04/2026,22:13:30: Model's personal time...
09/04/2026,22:13:30: Training...
09/04/2026,22:13:32: Evaluating...
09/04/2026,22:13:32: 	Train Loss: 3710353.5000 (base: 191.7002, kd: 7420.3237), Elapsed: train 2.62 test 0.42
09/04/2026,22:13:32: 	Recall@10: 0.06568 Recall@20: 0.09552 NDCG@10: 0.03928 NDCG@20: 0.04752 
09/04/2026,22:13:32: 	Recall@10: 0.02716 Recall@20: 0.04280 NDCG@10: 0.01510 NDCG@20: 0.01933 
09/04/2026,22:13:32: Epoch [115/1000]
09/04/2026,22:13:32: Negative sampling...
09/04/2026,22:13:33: Model's personal time...
09/04/2026,22:13:33: Training...
09/04/2026,22:13:35: Evaluating...
09/04/2026,22:13:35: 	Train Loss: 3709565.0000 (base: 187.5130, kd: 7418.7549), Elapsed: train 2.68 test 0.43
09/04/2026,22:13:35: 	Recall@10: 0.06596 Recall@20: 0.09598 NDCG@10: 0.03906 NDCG@20: 0.04733 
09/04/2026,22:13:35: 	Recall@10: 0.02716 Recall@20: 0.04300 NDCG@10: 0.01524 NDCG@20: 0.01952 
09/04/2026,22:13:35: Epoch [116/1000]
09/04/2026,22:13:35: Negative sampling...
09/04/2026,22:13:36: Model's personal time...
09/04/2026,22:13:37: Training...
09/04/2026,22:13:38: Evaluating...
09/04/2026,22:13:38: 	Train Loss: 3709954.5000 (base: 183.2550, kd: 7419.5425), Elapsed: train 2.64 test 0.45
09/04/2026,22:13:38: 	Recall@10: 0.06599 Recall@20: 0.09663 NDCG@10: 0.03921 NDCG@20: 0.04760 
09/04/2026,22:13:38: 	Recall@10: 0.02663 Recall@20: 0.04316 NDCG@10: 0.01497 NDCG@20: 0.01944 
09/04/2026,22:13:38: Epoch [117/1000]
09/04/2026,22:13:38: Negative sampling...
09/04/2026,22:13:40: Model's personal time...
09/04/2026,22:13:40: Training...
09/04/2026,22:13:41: Evaluating...
09/04/2026,22:13:41: 	Train Loss: 3709468.0000 (base: 184.8097, kd: 7418.5664), Elapsed: train 2.81 test 0.50
09/04/2026,22:13:41: 	Recall@10: 0.06621 Recall@20: 0.09628 NDCG@10: 0.03904 NDCG@20: 0.04731 
09/04/2026,22:13:41: 	Recall@10: 0.02698 Recall@20: 0.04329 NDCG@10: 0.01518 NDCG@20: 0.01959 
09/04/2026,22:13:41: Epoch [118/1000]
09/04/2026,22:13:41: Negative sampling...
09/04/2026,22:13:43: Model's personal time...
09/04/2026,22:13:43: Training...
09/04/2026,22:13:44: Evaluating...
09/04/2026,22:13:45: 	Train Loss: 3709124.7500 (base: 184.3263, kd: 7417.8813), Elapsed: train 2.69 test 0.41
09/04/2026,22:13:45: 	Recall@10: 0.06610 Recall@20: 0.09556 NDCG@10: 0.03933 NDCG@20: 0.04751 
09/04/2026,22:13:45: 	Recall@10: 0.02698 Recall@20: 0.04268 NDCG@10: 0.01520 NDCG@20: 0.01943 
09/04/2026,22:13:45: Epoch [119/1000]
09/04/2026,22:13:45: Negative sampling...
09/04/2026,22:13:46: Model's personal time...
09/04/2026,22:13:46: Training...
09/04/2026,22:13:47: Evaluating...
09/04/2026,22:13:48: 	Train Loss: 3708780.7500 (base: 179.1999, kd: 7417.2026), Elapsed: train 2.58 test 0.44
09/04/2026,22:13:48: 	Recall@10: 0.06594 Recall@20: 0.09667 NDCG@10: 0.03922 NDCG@20: 0.04773 
09/04/2026,22:13:48: 	Recall@10: 0.02677 Recall@20: 0.04319 NDCG@10: 0.01502 NDCG@20: 0.01943 
09/04/2026,22:13:48: Epoch [120/1000]
09/04/2026,22:13:48: Negative sampling...
09/04/2026,22:13:49: Model's personal time...
09/04/2026,22:13:49: Training...
09/04/2026,22:13:50: Evaluating...
09/04/2026,22:13:51: 	Train Loss: 3709650.2500 (base: 177.6170, kd: 7418.9448), Elapsed: train 2.60 test 0.46
09/04/2026,22:13:51: 	Recall@10: 0.06519 Recall@20: 0.09667 NDCG@10: 0.03914 NDCG@20: 0.04781 
09/04/2026,22:13:51: 	Recall@10: 0.02655 Recall@20: 0.04329 NDCG@10: 0.01501 NDCG@20: 0.01951 
09/04/2026,22:13:51: Epoch [121/1000]
09/04/2026,22:13:51: Negative sampling...
09/04/2026,22:13:52: Model's personal time...
09/04/2026,22:13:52: Training...
09/04/2026,22:13:53: Evaluating...
09/04/2026,22:13:54: 	Train Loss: 3709246.0000 (base: 180.4873, kd: 7418.1313), Elapsed: train 2.69 test 0.41
09/04/2026,22:13:54: 	Recall@10: 0.06553 Recall@20: 0.09673 NDCG@10: 0.03901 NDCG@20: 0.04760 
09/04/2026,22:13:54: 	Recall@10: 0.02650 Recall@20: 0.04301 NDCG@10: 0.01496 NDCG@20: 0.01943 
09/04/2026,22:13:54: Epoch [122/1000]
09/04/2026,22:13:54: Negative sampling...
09/04/2026,22:13:55: Model's personal time...
09/04/2026,22:13:55: Training...
09/04/2026,22:13:56: Evaluating...
09/04/2026,22:13:57: 	Train Loss: 3707331.5000 (base: 178.7679, kd: 7414.3062), Elapsed: train 2.55 test 0.42
09/04/2026,22:13:57: 	Recall@10: 0.06580 Recall@20: 0.09688 NDCG@10: 0.03918 NDCG@20: 0.04775 
09/04/2026,22:13:57: 	Recall@10: 0.02713 Recall@20: 0.04328 NDCG@10: 0.01526 NDCG@20: 0.01957 
09/04/2026,22:13:57: Epoch [123/1000]
09/04/2026,22:13:57: Negative sampling...
09/04/2026,22:13:58: Model's personal time...
09/04/2026,22:13:58: Training...
09/04/2026,22:13:59: Evaluating...
09/04/2026,22:14:00: 	Train Loss: 3708268.2500 (base: 176.8760, kd: 7416.1831), Elapsed: train 2.75 test 0.52
09/04/2026,22:14:00: 	Recall@10: 0.06599 Recall@20: 0.09665 NDCG@10: 0.03930 NDCG@20: 0.04775 
09/04/2026,22:14:00: 	Recall@10: 0.02785 Recall@20: 0.04323 NDCG@10: 0.01551 NDCG@20: 0.01961 
09/04/2026,22:14:00: Epoch [124/1000]
09/04/2026,22:14:00: Negative sampling...
09/04/2026,22:14:01: Model's personal time...
09/04/2026,22:14:01: Training...
09/04/2026,22:14:02: Evaluating...
09/04/2026,22:14:03: 	Train Loss: 3708407.0000 (base: 176.6084, kd: 7416.4614), Elapsed: train 2.50 test 0.42
09/04/2026,22:14:03: 	Recall@10: 0.06578 Recall@20: 0.09644 NDCG@10: 0.03922 NDCG@20: 0.04764 
09/04/2026,22:14:03: 	Recall@10: 0.02725 Recall@20: 0.04304 NDCG@10: 0.01522 NDCG@20: 0.01944 
09/04/2026,22:14:03: ------------------------------
09/04/2026,22:14:03: valid Recall@10: 0.06607 Recall@20: 0.09555 NDCG@10: 0.03986 NDCG@20: 0.04790
09/04/2026,22:14:03: test Recall@10: 0.02659 Recall@20: 0.04269 NDCG@10: 0.01500 NDCG@20: 0.01936
